[2026-03-19T06:33:20.252+0000] {taskinstance.py:1956} INFO - Dependencies all met for dep_context=non-requeueable deps ti=<TaskInstance: saleFinancial_risk_assessment_to_dw.run_etl manual__2026-03-19T06:32:27.931674+00:00 [queued]>
[2026-03-19T06:33:20.270+0000] {taskinstance.py:1956} INFO - Dependencies all met for dep_context=requeueable deps ti=<TaskInstance: saleFinancial_risk_assessment_to_dw.run_etl manual__2026-03-19T06:32:27.931674+00:00 [queued]>
[2026-03-19T06:33:20.272+0000] {taskinstance.py:2170} INFO - Starting attempt 3 of 3
[2026-03-19T06:33:20.293+0000] {taskinstance.py:2191} INFO - Executing <Task(BashOperator): run_etl> on 2026-03-19 06:32:27.931674+00:00
[2026-03-19T06:33:20.301+0000] {standard_task_runner.py:60} INFO - Started process 225 to run task
[2026-03-19T06:33:20.306+0000] {standard_task_runner.py:87} INFO - Running: ['airflow', 'tasks', 'run', 'saleFinancial_risk_assessment_to_dw', 'run_etl', 'manual__2026-03-19T06:32:27.931674+00:00', '--job-id', '4', '--raw', '--subdir', 'DAGS_FOLDER/etl_dags.py', '--cfg-path', '/tmp/tmpf83063vk']
[2026-03-19T06:33:20.309+0000] {standard_task_runner.py:88} INFO - Job 4: Subtask run_etl
[2026-03-19T06:33:20.396+0000] {task_command.py:423} INFO - Running <TaskInstance: saleFinancial_risk_assessment_to_dw.run_etl manual__2026-03-19T06:32:27.931674+00:00 [running]> on host 5ef6224975b6
[2026-03-19T06:33:20.475+0000] {taskinstance.py:2480} INFO - Exporting env vars: AIRFLOW_CTX_DAG_OWNER='hieubtt' AIRFLOW_CTX_DAG_ID='saleFinancial_risk_assessment_to_dw' AIRFLOW_CTX_TASK_ID='run_etl' AIRFLOW_CTX_EXECUTION_DATE='2026-03-19T06:32:27.931674+00:00' AIRFLOW_CTX_TRY_NUMBER='3' AIRFLOW_CTX_DAG_RUN_ID='manual__2026-03-19T06:32:27.931674+00:00'
[2026-03-19T06:33:20.476+0000] {subprocess.py:63} INFO - Tmp dir root location: /tmp
[2026-03-19T06:33:20.477+0000] {subprocess.py:75} INFO - Running command: ['/usr/bin/bash', '-c', 'python /opt/airflow/scripts/extract_fin_risk_csv.py']
[2026-03-19T06:33:20.487+0000] {subprocess.py:86} INFO - Output:
[2026-03-19T06:33:23.642+0000] {subprocess.py:93} INFO - Đã chạy được lần 1 1000 dòng dữ liệu và hiện đang tiếp tục ...
[2026-03-19T06:33:23.644+0000] {subprocess.py:93} INFO - Đã chạy được lần 2 1000 dòng dữ liệu và hiện đang tiếp tục ...
[2026-03-19T06:33:23.644+0000] {subprocess.py:93} INFO - Đã chạy được lần 3 1000 dòng dữ liệu và hiện đang tiếp tục ...
[2026-03-19T06:33:23.645+0000] {subprocess.py:93} INFO - Đã chạy được lần 4 1000 dòng dữ liệu và hiện đang tiếp tục ...
[2026-03-19T06:33:23.646+0000] {subprocess.py:93} INFO - Đã chạy được lần 5 1000 dòng dữ liệu và hiện đang tiếp tục ...
[2026-03-19T06:33:23.646+0000] {subprocess.py:93} INFO - Đã chạy được lần 6 1000 dòng dữ liệu và hiện đang tiếp tục ...
[2026-03-19T06:33:23.646+0000] {subprocess.py:93} INFO - Đã chạy được lần 7 1000 dòng dữ liệu và hiện đang tiếp tục ...
[2026-03-19T06:33:23.647+0000] {subprocess.py:93} INFO - Đã chạy được lần 8 1000 dòng dữ liệu và hiện đang tiếp tục ...
[2026-03-19T06:33:23.647+0000] {subprocess.py:93} INFO - Đã chạy được lần 9 1000 dòng dữ liệu và hiện đang tiếp tục ...
[2026-03-19T06:33:23.648+0000] {subprocess.py:93} INFO - Đã chạy được lần 10 1000 dòng dữ liệu và hiện đang tiếp tục ...
[2026-03-19T06:33:23.648+0000] {subprocess.py:93} INFO - Đã chạy được lần 11 1000 dòng dữ liệu và hiện đang tiếp tục ...
[2026-03-19T06:33:23.648+0000] {subprocess.py:93} INFO - Đã chạy được lần 12 1000 dòng dữ liệu và hiện đang tiếp tục ...
[2026-03-19T06:33:23.649+0000] {subprocess.py:93} INFO - Đã chạy được lần 13 1000 dòng dữ liệu và hiện đang tiếp tục ...
[2026-03-19T06:33:23.649+0000] {subprocess.py:93} INFO - Đã chạy được lần 14 1000 dòng dữ liệu và hiện đang tiếp tục ...
[2026-03-19T06:33:23.650+0000] {subprocess.py:93} INFO - Đã chạy được lần 15 1000 dòng dữ liệu và hiện đang tiếp tục ...
[2026-03-19T06:33:23.650+0000] {subprocess.py:93} INFO - Traceback (most recent call last):
[2026-03-19T06:33:23.651+0000] {subprocess.py:93} INFO -   File "/opt/airflow/scripts/extract_fin_risk_csv.py", line 182, in <module>
[2026-03-19T06:33:23.651+0000] {subprocess.py:93} INFO -     main()
[2026-03-19T06:33:23.652+0000] {subprocess.py:93} INFO -   File "/opt/airflow/scripts/extract_fin_risk_csv.py", line 124, in main
[2026-03-19T06:33:23.652+0000] {subprocess.py:93} INFO -     conn = psycopg2.connect(
[2026-03-19T06:33:23.652+0000] {subprocess.py:93} INFO -   File "/home/airflow/.local/lib/python3.8/site-packages/psycopg2/__init__.py", line 122, in connect
[2026-03-19T06:33:23.653+0000] {subprocess.py:93} INFO -     conn = _connect(dsn, connection_factory=connection_factory, **kwasync)
[2026-03-19T06:33:23.654+0000] {subprocess.py:93} INFO - psycopg2.OperationalError: connection to server at "postgres_airflow" (172.20.0.2), port 5436 failed: Connection refused
[2026-03-19T06:33:23.654+0000] {subprocess.py:93} INFO - 	Is the server running on that host and accepting TCP/IP connections?
[2026-03-19T06:33:23.655+0000] {subprocess.py:93} INFO - 
[2026-03-19T06:33:23.719+0000] {subprocess.py:97} INFO - Command exited with return code 1
[2026-03-19T06:33:23.730+0000] {taskinstance.py:2698} ERROR - Task failed with exception
Traceback (most recent call last):
  File "/home/airflow/.local/lib/python3.8/site-packages/airflow/models/taskinstance.py", line 433, in _execute_task
    result = execute_callable(context=context, **execute_callable_kwargs)
  File "/home/airflow/.local/lib/python3.8/site-packages/airflow/operators/bash.py", line 212, in execute
    raise AirflowException(
airflow.exceptions.AirflowException: Bash command failed. The command returned a non-zero exit code 1.
[2026-03-19T06:33:23.734+0000] {taskinstance.py:1138} INFO - Marking task as FAILED. dag_id=saleFinancial_risk_assessment_to_dw, task_id=run_etl, execution_date=20260319T063227, start_date=20260319T063320, end_date=20260319T063323
[2026-03-19T06:33:23.748+0000] {standard_task_runner.py:107} ERROR - Failed to execute job 4 for task run_etl (Bash command failed. The command returned a non-zero exit code 1.; 225)
[2026-03-19T06:33:23.782+0000] {local_task_job_runner.py:234} INFO - Task exited with return code 1
[2026-03-19T06:33:23.800+0000] {taskinstance.py:3280} INFO - 0 downstream tasks scheduled from follow-on schedule check
