[2026-03-23T02:35:36.088+0000] {taskinstance.py:1956} INFO - Dependencies all met for dep_context=non-requeueable deps ti=<TaskInstance: saleFinancial_risk_assessment_to_dw.run_clean_data manual__2026-03-23T02:35:24.559400+00:00 [queued]>
[2026-03-23T02:35:36.101+0000] {taskinstance.py:1956} INFO - Dependencies all met for dep_context=requeueable deps ti=<TaskInstance: saleFinancial_risk_assessment_to_dw.run_clean_data manual__2026-03-23T02:35:24.559400+00:00 [queued]>
[2026-03-23T02:35:36.102+0000] {taskinstance.py:2170} INFO - Starting attempt 1 of 3
[2026-03-23T02:35:36.121+0000] {taskinstance.py:2191} INFO - Executing <Task(BashOperator): run_clean_data> on 2026-03-23 02:35:24.559400+00:00
[2026-03-23T02:35:36.131+0000] {standard_task_runner.py:60} INFO - Started process 313 to run task
[2026-03-23T02:35:36.137+0000] {standard_task_runner.py:87} INFO - Running: ['airflow', 'tasks', 'run', 'saleFinancial_risk_assessment_to_dw', 'run_clean_data', 'manual__2026-03-23T02:35:24.559400+00:00', '--job-id', '6', '--raw', '--subdir', 'DAGS_FOLDER/etl_dags.py', '--cfg-path', '/tmp/tmp_3fpt5_t']
[2026-03-23T02:35:36.140+0000] {standard_task_runner.py:88} INFO - Job 6: Subtask run_clean_data
[2026-03-23T02:35:36.313+0000] {task_command.py:423} INFO - Running <TaskInstance: saleFinancial_risk_assessment_to_dw.run_clean_data manual__2026-03-23T02:35:24.559400+00:00 [running]> on host cec9e692a8e8
[2026-03-23T02:35:36.485+0000] {taskinstance.py:2480} INFO - Exporting env vars: AIRFLOW_CTX_DAG_OWNER='hieubtt' AIRFLOW_CTX_DAG_ID='saleFinancial_risk_assessment_to_dw' AIRFLOW_CTX_TASK_ID='run_clean_data' AIRFLOW_CTX_EXECUTION_DATE='2026-03-23T02:35:24.559400+00:00' AIRFLOW_CTX_TRY_NUMBER='1' AIRFLOW_CTX_DAG_RUN_ID='manual__2026-03-23T02:35:24.559400+00:00'
[2026-03-23T02:35:36.488+0000] {subprocess.py:63} INFO - Tmp dir root location: /tmp
[2026-03-23T02:35:36.489+0000] {subprocess.py:75} INFO - Running command: ['/usr/bin/bash', '-c', 'python /opt/airflow/scripts/clean_data_fin.py']
[2026-03-23T02:35:36.502+0000] {subprocess.py:86} INFO - Output:
[2026-03-23T02:35:51.298+0000] {subprocess.py:93} INFO - /opt/airflow/scripts/clean_data_fin.py:32: UserWarning: pandas only supports SQLAlchemy connectable (engine/connection) or database string URI or sqlite3 DBAPI2 connection. Other DBAPI2 objects are not tested. Please consider using SQLAlchemy.
[2026-03-23T02:35:51.299+0000] {subprocess.py:93} INFO -   df_errors = pd.read_sql(SQL_NULL_DATA, conn)
[2026-03-23T02:35:51.300+0000] {subprocess.py:93} INFO - Số dòng cần xử lý: 4136
[2026-03-23T02:35:51.300+0000] {subprocess.py:93} INFO - ETL PASSED | RUN_ID=RUN_7d4bf73f
[2026-03-23T02:35:51.301+0000] {subprocess.py:93} INFO - Đã cập nhật thành công 4136 dòng về giá trị 0.
[2026-03-23T02:35:51.393+0000] {subprocess.py:97} INFO - Command exited with return code 0
[2026-03-23T02:35:51.420+0000] {taskinstance.py:1138} INFO - Marking task as SUCCESS. dag_id=saleFinancial_risk_assessment_to_dw, task_id=run_clean_data, execution_date=20260323T023524, start_date=20260323T023536, end_date=20260323T023551
[2026-03-23T02:35:51.471+0000] {local_task_job_runner.py:234} INFO - Task exited with return code 0
[2026-03-23T02:35:51.486+0000] {taskinstance.py:3280} INFO - 0 downstream tasks scheduled from follow-on schedule check
