[2026-04-06T09:09:44.644+0000] {taskinstance.py:1956} INFO - Dependencies all met for dep_context=non-requeueable deps ti=<TaskInstance: Financial_risk_assessment_to_dw.run_mail_risk_data manual__2026-04-06T08:44:36.317404+00:00 [queued]>
[2026-04-06T09:09:44.684+0000] {taskinstance.py:1956} INFO - Dependencies all met for dep_context=requeueable deps ti=<TaskInstance: Financial_risk_assessment_to_dw.run_mail_risk_data manual__2026-04-06T08:44:36.317404+00:00 [queued]>
[2026-04-06T09:09:44.693+0000] {taskinstance.py:2170} INFO - Starting attempt 3 of 3
[2026-04-06T09:09:44.790+0000] {taskinstance.py:2191} INFO - Executing <Task(BashOperator): run_mail_risk_data> on 2026-04-06 08:44:36.317404+00:00
[2026-04-06T09:09:44.812+0000] {standard_task_runner.py:60} INFO - Started process 446 to run task
[2026-04-06T09:09:44.829+0000] {standard_task_runner.py:87} INFO - Running: ['airflow', 'tasks', 'run', 'Financial_risk_assessment_to_dw', 'run_mail_risk_data', 'manual__2026-04-06T08:44:36.317404+00:00', '--job-id', '8', '--raw', '--subdir', 'DAGS_FOLDER/etl_dags.py', '--cfg-path', '/tmp/tmppd324nmt']
[2026-04-06T09:09:44.840+0000] {standard_task_runner.py:88} INFO - Job 8: Subtask run_mail_risk_data
[2026-04-06T09:09:45.090+0000] {task_command.py:423} INFO - Running <TaskInstance: Financial_risk_assessment_to_dw.run_mail_risk_data manual__2026-04-06T08:44:36.317404+00:00 [running]> on host 65ed2eabf3dd
[2026-04-06T09:09:45.309+0000] {taskinstance.py:2480} INFO - Exporting env vars: AIRFLOW_CTX_DAG_OWNER='hieubtt' AIRFLOW_CTX_DAG_ID='Financial_risk_assessment_to_dw' AIRFLOW_CTX_TASK_ID='run_mail_risk_data' AIRFLOW_CTX_EXECUTION_DATE='2026-04-06T08:44:36.317404+00:00' AIRFLOW_CTX_TRY_NUMBER='3' AIRFLOW_CTX_DAG_RUN_ID='manual__2026-04-06T08:44:36.317404+00:00'
[2026-04-06T09:09:45.312+0000] {subprocess.py:63} INFO - Tmp dir root location: /tmp
[2026-04-06T09:09:45.314+0000] {subprocess.py:75} INFO - Running command: ['/usr/bin/bash', '-c', 'python /opt/airflow/scripts/Mail_Risk_Score.py']
[2026-04-06T09:09:45.341+0000] {subprocess.py:86} INFO - Output:
[2026-04-06T09:09:48.606+0000] {subprocess.py:93} INFO - --- Bắt đầu tiến trình kết nối Database ---
[2026-04-06T09:09:48.607+0000] {subprocess.py:93} INFO - --- Đang thực thi query: SELECT DISTINCT ON (risk_score) id, risk_score FROM public.fin_risk_ml_result ORDER BY risk_score DESC LIMIT 10 ---
[2026-04-06T09:09:48.615+0000] {subprocess.py:93} INFO - Traceback (most recent call last):
[2026-04-06T09:09:48.616+0000] {subprocess.py:93} INFO -   File "/opt/airflow/scripts/Mail_Risk_Score.py", line 123, in <module>
[2026-04-06T09:09:48.617+0000] {subprocess.py:93} INFO -     export_and_email_risk_report()
[2026-04-06T09:09:48.617+0000] {subprocess.py:93} INFO -   File "/opt/airflow/scripts/Mail_Risk_Score.py", line 93, in export_and_email_risk_report
[2026-04-06T09:09:48.618+0000] {subprocess.py:93} INFO -     raise ValueError("!!! LỖI: Container không có biến EMAIL_USER. Kiểm tra lại docker-compose và .env")
[2026-04-06T09:09:48.618+0000] {subprocess.py:93} INFO - ValueError: !!! LỖI: Container không có biến EMAIL_USER. Kiểm tra lại docker-compose và .env
[2026-04-06T09:09:49.115+0000] {subprocess.py:97} INFO - Command exited with return code 1
[2026-04-06T09:09:49.134+0000] {taskinstance.py:2698} ERROR - Task failed with exception
Traceback (most recent call last):
  File "/home/airflow/.local/lib/python3.8/site-packages/airflow/models/taskinstance.py", line 433, in _execute_task
    result = execute_callable(context=context, **execute_callable_kwargs)
  File "/home/airflow/.local/lib/python3.8/site-packages/airflow/operators/bash.py", line 212, in execute
    raise AirflowException(
airflow.exceptions.AirflowException: Bash command failed. The command returned a non-zero exit code 1.
[2026-04-06T09:09:49.140+0000] {taskinstance.py:1138} INFO - Marking task as FAILED. dag_id=Financial_risk_assessment_to_dw, task_id=run_mail_risk_data, execution_date=20260406T084436, start_date=20260406T090944, end_date=20260406T090949
[2026-04-06T09:09:49.164+0000] {standard_task_runner.py:107} ERROR - Failed to execute job 8 for task run_mail_risk_data (Bash command failed. The command returned a non-zero exit code 1.; 446)
[2026-04-06T09:09:49.209+0000] {local_task_job_runner.py:234} INFO - Task exited with return code 1
[2026-04-06T09:09:49.247+0000] {taskinstance.py:3280} INFO - 0 downstream tasks scheduled from follow-on schedule check
