[2026-03-18T10:53:08.238+0000] {taskinstance.py:1956} INFO - Dependencies all met for dep_context=non-requeueable deps ti=<TaskInstance: saleFinancial_risk_assessment_to_dw.run_etl manual__2026-03-18T10:51:55.393965+00:00 [queued]>
[2026-03-18T10:53:08.253+0000] {taskinstance.py:1956} INFO - Dependencies all met for dep_context=requeueable deps ti=<TaskInstance: saleFinancial_risk_assessment_to_dw.run_etl manual__2026-03-18T10:51:55.393965+00:00 [queued]>
[2026-03-18T10:53:08.254+0000] {taskinstance.py:2170} INFO - Starting attempt 3 of 3
[2026-03-18T10:53:08.271+0000] {taskinstance.py:2191} INFO - Executing <Task(BashOperator): run_etl> on 2026-03-18 10:51:55.393965+00:00
[2026-03-18T10:53:08.278+0000] {standard_task_runner.py:60} INFO - Started process 871 to run task
[2026-03-18T10:53:08.282+0000] {standard_task_runner.py:87} INFO - Running: ['airflow', 'tasks', 'run', 'saleFinancial_risk_assessment_to_dw', 'run_etl', 'manual__2026-03-18T10:51:55.393965+00:00', '--job-id', '7', '--raw', '--subdir', 'DAGS_FOLDER/etl_dags.py', '--cfg-path', '/tmp/tmpifisr9kw']
[2026-03-18T10:53:08.285+0000] {standard_task_runner.py:88} INFO - Job 7: Subtask run_etl
[2026-03-18T10:53:08.383+0000] {task_command.py:423} INFO - Running <TaskInstance: saleFinancial_risk_assessment_to_dw.run_etl manual__2026-03-18T10:51:55.393965+00:00 [running]> on host ed30a893bff4
[2026-03-18T10:53:08.474+0000] {taskinstance.py:2480} INFO - Exporting env vars: AIRFLOW_CTX_DAG_OWNER='hieubtt' AIRFLOW_CTX_DAG_ID='saleFinancial_risk_assessment_to_dw' AIRFLOW_CTX_TASK_ID='run_etl' AIRFLOW_CTX_EXECUTION_DATE='2026-03-18T10:51:55.393965+00:00' AIRFLOW_CTX_TRY_NUMBER='3' AIRFLOW_CTX_DAG_RUN_ID='manual__2026-03-18T10:51:55.393965+00:00'
[2026-03-18T10:53:08.475+0000] {subprocess.py:63} INFO - Tmp dir root location: /tmp
[2026-03-18T10:53:08.476+0000] {subprocess.py:75} INFO - Running command: ['/usr/bin/bash', '-c', 'python /opt/airflow/scripts/extract_fin_risk_csv.py']
[2026-03-18T10:53:08.486+0000] {subprocess.py:86} INFO - Output:
[2026-03-18T10:53:13.034+0000] {subprocess.py:93} INFO - Đã chạy được lần 1 1000 dòng dữ liệu và hiện đang tiếp tục ...
[2026-03-18T10:53:13.035+0000] {subprocess.py:93} INFO - Đã chạy được lần 2 1000 dòng dữ liệu và hiện đang tiếp tục ...
[2026-03-18T10:53:13.036+0000] {subprocess.py:93} INFO - Đã chạy được lần 3 1000 dòng dữ liệu và hiện đang tiếp tục ...
[2026-03-18T10:53:13.036+0000] {subprocess.py:93} INFO - Đã chạy được lần 4 1000 dòng dữ liệu và hiện đang tiếp tục ...
[2026-03-18T10:53:13.037+0000] {subprocess.py:93} INFO - Đã chạy được lần 5 1000 dòng dữ liệu và hiện đang tiếp tục ...
[2026-03-18T10:53:13.037+0000] {subprocess.py:93} INFO - Đã chạy được lần 6 1000 dòng dữ liệu và hiện đang tiếp tục ...
[2026-03-18T10:53:13.037+0000] {subprocess.py:93} INFO - Đã chạy được lần 7 1000 dòng dữ liệu và hiện đang tiếp tục ...
[2026-03-18T10:53:13.038+0000] {subprocess.py:93} INFO - Đã chạy được lần 8 1000 dòng dữ liệu và hiện đang tiếp tục ...
[2026-03-18T10:53:13.038+0000] {subprocess.py:93} INFO - Đã chạy được lần 9 1000 dòng dữ liệu và hiện đang tiếp tục ...
[2026-03-18T10:53:13.038+0000] {subprocess.py:93} INFO - Đã chạy được lần 10 1000 dòng dữ liệu và hiện đang tiếp tục ...
[2026-03-18T10:53:13.039+0000] {subprocess.py:93} INFO - Đã chạy được lần 11 1000 dòng dữ liệu và hiện đang tiếp tục ...
[2026-03-18T10:53:13.039+0000] {subprocess.py:93} INFO - Đã chạy được lần 12 1000 dòng dữ liệu và hiện đang tiếp tục ...
[2026-03-18T10:53:13.039+0000] {subprocess.py:93} INFO - Đã chạy được lần 13 1000 dòng dữ liệu và hiện đang tiếp tục ...
[2026-03-18T10:53:13.040+0000] {subprocess.py:93} INFO - Đã chạy được lần 14 1000 dòng dữ liệu và hiện đang tiếp tục ...
[2026-03-18T10:53:13.040+0000] {subprocess.py:93} INFO - Đã chạy được lần 15 1000 dòng dữ liệu và hiện đang tiếp tục ...
[2026-03-18T10:53:13.040+0000] {subprocess.py:93} INFO - Traceback (most recent call last):
[2026-03-18T10:53:13.041+0000] {subprocess.py:93} INFO -   File "/opt/airflow/scripts/extract_fin_risk_csv.py", line 171, in <module>
[2026-03-18T10:53:13.041+0000] {subprocess.py:93} INFO -     main()
[2026-03-18T10:53:13.041+0000] {subprocess.py:93} INFO -   File "/opt/airflow/scripts/extract_fin_risk_csv.py", line 120, in main
[2026-03-18T10:53:13.041+0000] {subprocess.py:93} INFO -     conn = psycopg2.connect(**DB)
[2026-03-18T10:53:13.042+0000] {subprocess.py:93} INFO -   File "/home/airflow/.local/lib/python3.8/site-packages/psycopg2/__init__.py", line 122, in connect
[2026-03-18T10:53:13.042+0000] {subprocess.py:93} INFO -     conn = _connect(dsn, connection_factory=connection_factory, **kwasync)
[2026-03-18T10:53:13.042+0000] {subprocess.py:93} INFO - psycopg2.OperationalError: connection to server at "postgres_airflow" (172.20.0.2), port 5432 failed: FATAL:  database "etl_fin_db" does not exist
[2026-03-18T10:53:13.042+0000] {subprocess.py:93} INFO - 
[2026-03-18T10:29:53.784+0000] {subprocess.py:97} INFO - Command exited with return code 1
[2026-03-18T10:29:53.798+0000] {taskinstance.py:2698} ERROR - Task failed with exception
Traceback (most recent call last):
  File "/home/airflow/.local/lib/python3.8/site-packages/airflow/models/taskinstance.py", line 433, in _execute_task
    result = execute_callable(context=context, **execute_callable_kwargs)
  File "/home/airflow/.local/lib/python3.8/site-packages/airflow/operators/bash.py", line 212, in execute
    raise AirflowException(
airflow.exceptions.AirflowException: Bash command failed. The command returned a non-zero exit code 1.
[2026-03-18T10:29:54.192+0000] {taskinstance.py:1138} INFO - Marking task as FAILED. dag_id=saleFinancial_risk_assessment_to_dw, task_id=run_etl, execution_date=20260318T105155, start_date=20260318T105308, end_date=20260318T102954
[2026-03-18T10:29:54.202+0000] {standard_task_runner.py:107} ERROR - Failed to execute job 7 for task run_etl (Bash command failed. The command returned a non-zero exit code 1.; 871)
[2026-03-18T10:32:50.628+0000] {local_task_job_runner.py:121} ERROR - Received SIGTERM. Terminating subprocesses
[2026-03-18T10:32:50.632+0000] {local_task_job_runner.py:234} INFO - Task exited with return code 143
[2026-03-18T10:32:50.662+0000] {taskinstance.py:3280} INFO - 0 downstream tasks scheduled from follow-on schedule check
