[2026-03-24T08:33:58.386+0000] {taskinstance.py:1956} INFO - Dependencies all met for dep_context=non-requeueable deps ti=<TaskInstance: Financial_risk_assessment_to_dw.run_clean_data manual__2026-03-24T08:33:48.009364+00:00 [queued]>
[2026-03-24T08:33:58.394+0000] {taskinstance.py:1956} INFO - Dependencies all met for dep_context=requeueable deps ti=<TaskInstance: Financial_risk_assessment_to_dw.run_clean_data manual__2026-03-24T08:33:48.009364+00:00 [queued]>
[2026-03-24T08:33:58.395+0000] {taskinstance.py:2170} INFO - Starting attempt 1 of 3
[2026-03-24T08:33:58.409+0000] {taskinstance.py:2191} INFO - Executing <Task(BashOperator): run_clean_data> on 2026-03-24 08:33:48.009364+00:00
[2026-03-24T08:33:58.414+0000] {standard_task_runner.py:60} INFO - Started process 216 to run task
[2026-03-24T08:33:58.417+0000] {standard_task_runner.py:87} INFO - Running: ['airflow', 'tasks', 'run', 'Financial_risk_assessment_to_dw', 'run_clean_data', 'manual__2026-03-24T08:33:48.009364+00:00', '--job-id', '3', '--raw', '--subdir', 'DAGS_FOLDER/etl_dags.py', '--cfg-path', '/tmp/tmp175221fo']
[2026-03-24T08:33:58.419+0000] {standard_task_runner.py:88} INFO - Job 3: Subtask run_clean_data
[2026-03-24T08:33:58.478+0000] {task_command.py:423} INFO - Running <TaskInstance: Financial_risk_assessment_to_dw.run_clean_data manual__2026-03-24T08:33:48.009364+00:00 [running]> on host bc950e99a605
[2026-03-24T08:33:58.555+0000] {taskinstance.py:2480} INFO - Exporting env vars: AIRFLOW_CTX_DAG_OWNER='hieubtt' AIRFLOW_CTX_DAG_ID='Financial_risk_assessment_to_dw' AIRFLOW_CTX_TASK_ID='run_clean_data' AIRFLOW_CTX_EXECUTION_DATE='2026-03-24T08:33:48.009364+00:00' AIRFLOW_CTX_TRY_NUMBER='1' AIRFLOW_CTX_DAG_RUN_ID='manual__2026-03-24T08:33:48.009364+00:00'
[2026-03-24T08:33:58.556+0000] {subprocess.py:63} INFO - Tmp dir root location: /tmp
[2026-03-24T08:33:58.558+0000] {subprocess.py:75} INFO - Running command: ['/usr/bin/bash', '-c', 'python /opt/airflow/scripts/clean_data_fin.py']
[2026-03-24T08:33:58.569+0000] {subprocess.py:86} INFO - Output:
[2026-03-24T08:33:59.161+0000] {subprocess.py:93} INFO - /opt/airflow/scripts/clean_data_fin.py:32: UserWarning: pandas only supports SQLAlchemy connectable (engine/connection) or database string URI or sqlite3 DBAPI2 connection. Other DBAPI2 objects are not tested. Please consider using SQLAlchemy.
[2026-03-24T08:33:59.162+0000] {subprocess.py:93} INFO -   df_errors = pd.read_sql(SQL_NULL_DATA, conn)
[2026-03-24T08:33:59.163+0000] {subprocess.py:93} INFO - Lỗi: Execution failed on sql '
[2026-03-24T08:33:59.163+0000] {subprocess.py:93} INFO -     select credit_score,loan_amount,id from fin_risk_assessment
[2026-03-24T08:33:59.164+0000] {subprocess.py:93} INFO -     where credit_score IS NULL OR loan_amount IS NULL
[2026-03-24T08:33:59.164+0000] {subprocess.py:93} INFO -     OR credit_score = 'NaN' OR loan_amount = 'NaN'
[2026-03-24T08:33:59.165+0000] {subprocess.py:93} INFO - ': relation "fin_risk_assessment" does not exist
[2026-03-24T08:33:59.165+0000] {subprocess.py:93} INFO - LINE 2:     select credit_score,loan_amount,id from fin_risk_assessm...
[2026-03-24T08:33:59.166+0000] {subprocess.py:93} INFO -                                                     ^
[2026-03-24T08:33:59.166+0000] {subprocess.py:93} INFO - 
[2026-03-24T08:33:59.167+0000] {subprocess.py:93} INFO - ETL FAILED | RUN_ID=RUN_07d37ac5 | ERROR=Execution failed on sql '
[2026-03-24T08:33:59.167+0000] {subprocess.py:93} INFO -     select credit_score,loan_amount,id from fin_risk_assessment
[2026-03-24T08:33:59.167+0000] {subprocess.py:93} INFO -     where credit_score IS NULL OR loan_amount IS NULL
[2026-03-24T08:33:59.168+0000] {subprocess.py:93} INFO -     OR credit_score = 'NaN' OR loan_amount = 'NaN'
[2026-03-24T08:33:59.168+0000] {subprocess.py:93} INFO - ': relation "fin_risk_assessment" does not exist
[2026-03-24T08:33:59.169+0000] {subprocess.py:93} INFO - LINE 2:     select credit_score,loan_amount,id from fin_risk_assessm...
[2026-03-24T08:33:59.169+0000] {subprocess.py:93} INFO -                                                     ^
[2026-03-24T08:33:59.170+0000] {subprocess.py:93} INFO - 
[2026-03-24T08:33:59.307+0000] {subprocess.py:97} INFO - Command exited with return code 0
[2026-03-24T08:33:59.344+0000] {taskinstance.py:1138} INFO - Marking task as SUCCESS. dag_id=Financial_risk_assessment_to_dw, task_id=run_clean_data, execution_date=20260324T083348, start_date=20260324T083358, end_date=20260324T083359
[2026-03-24T08:33:59.398+0000] {local_task_job_runner.py:234} INFO - Task exited with return code 0
[2026-03-24T08:33:59.466+0000] {taskinstance.py:3280} INFO - 0 downstream tasks scheduled from follow-on schedule check
