[2026-03-20T10:08:06.872+0000] {taskinstance.py:1956} INFO - Dependencies all met for dep_context=non-requeueable deps ti=<TaskInstance: saleFinancial_risk_assessment_to_dw.run_clean_data manual__2026-03-20T10:07:56.316474+00:00 [queued]>
[2026-03-20T10:08:06.880+0000] {taskinstance.py:1956} INFO - Dependencies all met for dep_context=requeueable deps ti=<TaskInstance: saleFinancial_risk_assessment_to_dw.run_clean_data manual__2026-03-20T10:07:56.316474+00:00 [queued]>
[2026-03-20T10:08:06.880+0000] {taskinstance.py:2170} INFO - Starting attempt 1 of 3
[2026-03-20T10:08:06.891+0000] {taskinstance.py:2191} INFO - Executing <Task(BashOperator): run_clean_data> on 2026-03-20 10:07:56.316474+00:00
[2026-03-20T10:08:06.896+0000] {standard_task_runner.py:60} INFO - Started process 213 to run task
[2026-03-20T10:08:06.899+0000] {standard_task_runner.py:87} INFO - Running: ['airflow', 'tasks', 'run', 'saleFinancial_risk_assessment_to_dw', 'run_clean_data', 'manual__2026-03-20T10:07:56.316474+00:00', '--job-id', '3', '--raw', '--subdir', 'DAGS_FOLDER/etl_dags.py', '--cfg-path', '/tmp/tmpv0kmxwln']
[2026-03-20T10:08:06.901+0000] {standard_task_runner.py:88} INFO - Job 3: Subtask run_clean_data
[2026-03-20T10:31:29.288+0000] {task_command.py:423} INFO - Running <TaskInstance: saleFinancial_risk_assessment_to_dw.run_clean_data manual__2026-03-20T10:07:56.316474+00:00 [running]> on host 7f7957472e4e
[2026-03-20T10:31:29.393+0000] {taskinstance.py:2480} INFO - Exporting env vars: AIRFLOW_CTX_DAG_OWNER='hieubtt' AIRFLOW_CTX_DAG_ID='saleFinancial_risk_assessment_to_dw' AIRFLOW_CTX_TASK_ID='run_clean_data' AIRFLOW_CTX_EXECUTION_DATE='2026-03-20T10:07:56.316474+00:00' AIRFLOW_CTX_TRY_NUMBER='1' AIRFLOW_CTX_DAG_RUN_ID='manual__2026-03-20T10:07:56.316474+00:00'
[2026-03-20T10:31:29.395+0000] {subprocess.py:63} INFO - Tmp dir root location: /tmp
[2026-03-20T10:31:29.397+0000] {subprocess.py:75} INFO - Running command: ['/usr/bin/bash', '-c', 'python /opt/airflow/scripts/clean_data_fin.py']
[2026-03-20T10:31:29.415+0000] {subprocess.py:86} INFO - Output:
[2026-03-20T10:08:07.922+0000] {subprocess.py:93} INFO - /opt/airflow/scripts/clean_data_fin.py:32: UserWarning: pandas only supports SQLAlchemy connectable (engine/connection) or database string URI or sqlite3 DBAPI2 connection. Other DBAPI2 objects are not tested. Please consider using SQLAlchemy.
[2026-03-20T10:08:07.924+0000] {subprocess.py:93} INFO -   df_errors = pd.read_sql(SQL_NULL_DATA, conn)
[2026-03-20T10:08:07.925+0000] {subprocess.py:93} INFO - Số dòng cần xử lý: 4136
[2026-03-20T10:08:07.926+0000] {subprocess.py:93} INFO - Lỗi: 'id'
[2026-03-20T10:08:07.927+0000] {subprocess.py:93} INFO - ETL FAILED | RUN_ID=RUN_b7b98f2f | ERROR='id'
[2026-03-20T10:08:08.034+0000] {subprocess.py:97} INFO - Command exited with return code 0
[2026-03-20T10:08:08.061+0000] {taskinstance.py:1138} INFO - Marking task as SUCCESS. dag_id=saleFinancial_risk_assessment_to_dw, task_id=run_clean_data, execution_date=20260320T100756, start_date=20260320T100806, end_date=20260320T100808
[2026-03-20T10:08:08.089+0000] {local_task_job_runner.py:234} INFO - Task exited with return code 0
[2026-03-20T10:08:08.106+0000] {taskinstance.py:3280} INFO - 0 downstream tasks scheduled from follow-on schedule check
