[2026-03-19T06:34:42.948+0000] {taskinstance.py:1956} INFO - Dependencies all met for dep_context=non-requeueable deps ti=<TaskInstance: saleFinancial_risk_assessment_to_dw.run_etl manual__2026-03-19T06:33:36.306132+00:00 [queued]>
[2026-03-19T06:34:42.957+0000] {taskinstance.py:1956} INFO - Dependencies all met for dep_context=requeueable deps ti=<TaskInstance: saleFinancial_risk_assessment_to_dw.run_etl manual__2026-03-19T06:33:36.306132+00:00 [queued]>
[2026-03-19T06:34:42.958+0000] {taskinstance.py:2170} INFO - Starting attempt 2 of 3
[2026-03-19T06:34:42.974+0000] {taskinstance.py:2191} INFO - Executing <Task(BashOperator): run_etl> on 2026-03-19 06:33:36.306132+00:00
[2026-03-19T06:34:42.979+0000] {standard_task_runner.py:60} INFO - Started process 280 to run task
[2026-03-19T06:34:42.983+0000] {standard_task_runner.py:87} INFO - Running: ['airflow', 'tasks', 'run', 'saleFinancial_risk_assessment_to_dw', 'run_etl', 'manual__2026-03-19T06:33:36.306132+00:00', '--job-id', '6', '--raw', '--subdir', 'DAGS_FOLDER/etl_dags.py', '--cfg-path', '/tmp/tmpnvansgff']
[2026-03-19T06:34:42.985+0000] {standard_task_runner.py:88} INFO - Job 6: Subtask run_etl
[2026-03-19T06:34:43.064+0000] {task_command.py:423} INFO - Running <TaskInstance: saleFinancial_risk_assessment_to_dw.run_etl manual__2026-03-19T06:33:36.306132+00:00 [running]> on host 5ef6224975b6
[2026-03-19T06:34:43.143+0000] {taskinstance.py:2480} INFO - Exporting env vars: AIRFLOW_CTX_DAG_OWNER='hieubtt' AIRFLOW_CTX_DAG_ID='saleFinancial_risk_assessment_to_dw' AIRFLOW_CTX_TASK_ID='run_etl' AIRFLOW_CTX_EXECUTION_DATE='2026-03-19T06:33:36.306132+00:00' AIRFLOW_CTX_TRY_NUMBER='2' AIRFLOW_CTX_DAG_RUN_ID='manual__2026-03-19T06:33:36.306132+00:00'
[2026-03-19T06:34:43.144+0000] {subprocess.py:63} INFO - Tmp dir root location: /tmp
[2026-03-19T06:34:43.145+0000] {subprocess.py:75} INFO - Running command: ['/usr/bin/bash', '-c', 'python /opt/airflow/scripts/extract_fin_risk_csv.py']
[2026-03-19T06:34:43.154+0000] {subprocess.py:86} INFO - Output:
[2026-03-19T06:34:46.073+0000] {subprocess.py:93} INFO - Đã chạy được lần 1 1000 dòng dữ liệu và hiện đang tiếp tục ...
[2026-03-19T06:34:46.074+0000] {subprocess.py:93} INFO - Đã chạy được lần 2 1000 dòng dữ liệu và hiện đang tiếp tục ...
[2026-03-19T06:34:46.075+0000] {subprocess.py:93} INFO - Đã chạy được lần 3 1000 dòng dữ liệu và hiện đang tiếp tục ...
[2026-03-19T06:34:46.075+0000] {subprocess.py:93} INFO - Đã chạy được lần 4 1000 dòng dữ liệu và hiện đang tiếp tục ...
[2026-03-19T06:34:46.076+0000] {subprocess.py:93} INFO - Đã chạy được lần 5 1000 dòng dữ liệu và hiện đang tiếp tục ...
[2026-03-19T06:34:46.076+0000] {subprocess.py:93} INFO - Đã chạy được lần 6 1000 dòng dữ liệu và hiện đang tiếp tục ...
[2026-03-19T06:34:46.077+0000] {subprocess.py:93} INFO - Đã chạy được lần 7 1000 dòng dữ liệu và hiện đang tiếp tục ...
[2026-03-19T06:34:46.077+0000] {subprocess.py:93} INFO - Đã chạy được lần 8 1000 dòng dữ liệu và hiện đang tiếp tục ...
[2026-03-19T06:34:46.077+0000] {subprocess.py:93} INFO - Đã chạy được lần 9 1000 dòng dữ liệu và hiện đang tiếp tục ...
[2026-03-19T06:34:46.078+0000] {subprocess.py:93} INFO - Đã chạy được lần 10 1000 dòng dữ liệu và hiện đang tiếp tục ...
[2026-03-19T06:34:46.078+0000] {subprocess.py:93} INFO - Đã chạy được lần 11 1000 dòng dữ liệu và hiện đang tiếp tục ...
[2026-03-19T06:34:46.084+0000] {subprocess.py:93} INFO - Đã chạy được lần 12 1000 dòng dữ liệu và hiện đang tiếp tục ...
[2026-03-19T06:34:46.085+0000] {subprocess.py:93} INFO - Đã chạy được lần 13 1000 dòng dữ liệu và hiện đang tiếp tục ...
[2026-03-19T06:34:46.086+0000] {subprocess.py:93} INFO - Đã chạy được lần 14 1000 dòng dữ liệu và hiện đang tiếp tục ...
[2026-03-19T06:34:46.086+0000] {subprocess.py:93} INFO - Đã chạy được lần 15 1000 dòng dữ liệu và hiện đang tiếp tục ...
[2026-03-19T06:34:46.086+0000] {subprocess.py:93} INFO - Traceback (most recent call last):
[2026-03-19T06:34:46.087+0000] {subprocess.py:93} INFO -   File "/opt/airflow/scripts/extract_fin_risk_csv.py", line 182, in <module>
[2026-03-19T06:34:46.087+0000] {subprocess.py:93} INFO -     main()
[2026-03-19T06:34:46.087+0000] {subprocess.py:93} INFO -   File "/opt/airflow/scripts/extract_fin_risk_csv.py", line 124, in main
[2026-03-19T06:34:46.088+0000] {subprocess.py:93} INFO -     conn = psycopg2.connect(
[2026-03-19T06:34:46.089+0000] {subprocess.py:93} INFO -   File "/home/airflow/.local/lib/python3.8/site-packages/psycopg2/__init__.py", line 122, in connect
[2026-03-19T06:34:46.089+0000] {subprocess.py:93} INFO -     conn = _connect(dsn, connection_factory=connection_factory, **kwasync)
[2026-03-19T06:34:46.089+0000] {subprocess.py:93} INFO - psycopg2.OperationalError: connection to server at "postgres_airflow" (172.20.0.2), port 5432 failed: FATAL:  database "fin_etl_db" does not exist
[2026-03-19T06:34:46.090+0000] {subprocess.py:93} INFO - 
[2026-03-19T06:34:46.150+0000] {subprocess.py:97} INFO - Command exited with return code 1
[2026-03-19T06:34:46.162+0000] {taskinstance.py:2698} ERROR - Task failed with exception
Traceback (most recent call last):
  File "/home/airflow/.local/lib/python3.8/site-packages/airflow/models/taskinstance.py", line 433, in _execute_task
    result = execute_callable(context=context, **execute_callable_kwargs)
  File "/home/airflow/.local/lib/python3.8/site-packages/airflow/operators/bash.py", line 212, in execute
    raise AirflowException(
airflow.exceptions.AirflowException: Bash command failed. The command returned a non-zero exit code 1.
[2026-03-19T06:34:46.165+0000] {taskinstance.py:1138} INFO - Marking task as UP_FOR_RETRY. dag_id=saleFinancial_risk_assessment_to_dw, task_id=run_etl, execution_date=20260319T063336, start_date=20260319T063442, end_date=20260319T063446
[2026-03-19T06:34:46.178+0000] {standard_task_runner.py:107} ERROR - Failed to execute job 6 for task run_etl (Bash command failed. The command returned a non-zero exit code 1.; 280)
[2026-03-19T06:34:46.215+0000] {local_task_job_runner.py:234} INFO - Task exited with return code 1
[2026-03-19T06:34:46.242+0000] {taskinstance.py:3280} INFO - 0 downstream tasks scheduled from follow-on schedule check
