[2026-03-19T04:11:29.854+0000] {taskinstance.py:1956} INFO - Dependencies all met for dep_context=non-requeueable deps ti=<TaskInstance: saleFinancial_risk_assessment_to_dw.run_etl manual__2026-03-19T04:10:43.049221+00:00 [queued]>
[2026-03-19T04:11:29.867+0000] {taskinstance.py:1956} INFO - Dependencies all met for dep_context=requeueable deps ti=<TaskInstance: saleFinancial_risk_assessment_to_dw.run_etl manual__2026-03-19T04:10:43.049221+00:00 [queued]>
[2026-03-19T04:11:29.869+0000] {taskinstance.py:2170} INFO - Starting attempt 2 of 3
[2026-03-19T04:11:29.890+0000] {taskinstance.py:2191} INFO - Executing <Task(BashOperator): run_etl> on 2026-03-19 04:10:43.049221+00:00
[2026-03-19T04:11:29.898+0000] {standard_task_runner.py:60} INFO - Started process 546 to run task
[2026-03-19T04:11:29.904+0000] {standard_task_runner.py:87} INFO - Running: ['airflow', 'tasks', 'run', 'saleFinancial_risk_assessment_to_dw', 'run_etl', 'manual__2026-03-19T04:10:43.049221+00:00', '--job-id', '6', '--raw', '--subdir', 'DAGS_FOLDER/etl_dags.py', '--cfg-path', '/tmp/tmpwuwoeoqm']
[2026-03-19T04:11:29.908+0000] {standard_task_runner.py:88} INFO - Job 6: Subtask run_etl
[2026-03-19T04:11:29.988+0000] {task_command.py:423} INFO - Running <TaskInstance: saleFinancial_risk_assessment_to_dw.run_etl manual__2026-03-19T04:10:43.049221+00:00 [running]> on host 115c611de6e3
[2026-03-19T04:11:30.096+0000] {taskinstance.py:2480} INFO - Exporting env vars: AIRFLOW_CTX_DAG_OWNER='hieubtt' AIRFLOW_CTX_DAG_ID='saleFinancial_risk_assessment_to_dw' AIRFLOW_CTX_TASK_ID='run_etl' AIRFLOW_CTX_EXECUTION_DATE='2026-03-19T04:10:43.049221+00:00' AIRFLOW_CTX_TRY_NUMBER='2' AIRFLOW_CTX_DAG_RUN_ID='manual__2026-03-19T04:10:43.049221+00:00'
[2026-03-19T04:11:30.098+0000] {subprocess.py:63} INFO - Tmp dir root location: /tmp
[2026-03-19T04:11:30.100+0000] {subprocess.py:75} INFO - Running command: ['/usr/bin/bash', '-c', 'python /opt/airflow/scripts/extract_fin_risk_csv.py']
[2026-03-19T04:11:30.113+0000] {subprocess.py:86} INFO - Output:
[2026-03-19T04:11:32.695+0000] {subprocess.py:93} INFO - Đã chạy được lần 1 1000 dòng dữ liệu và hiện đang tiếp tục ...
[2026-03-19T04:11:32.696+0000] {subprocess.py:93} INFO - Đã chạy được lần 2 1000 dòng dữ liệu và hiện đang tiếp tục ...
[2026-03-19T04:11:32.696+0000] {subprocess.py:93} INFO - Đã chạy được lần 3 1000 dòng dữ liệu và hiện đang tiếp tục ...
[2026-03-19T04:11:32.697+0000] {subprocess.py:93} INFO - Đã chạy được lần 4 1000 dòng dữ liệu và hiện đang tiếp tục ...
[2026-03-19T04:11:32.698+0000] {subprocess.py:93} INFO - Đã chạy được lần 5 1000 dòng dữ liệu và hiện đang tiếp tục ...
[2026-03-19T04:11:32.698+0000] {subprocess.py:93} INFO - Đã chạy được lần 6 1000 dòng dữ liệu và hiện đang tiếp tục ...
[2026-03-19T04:11:32.699+0000] {subprocess.py:93} INFO - Đã chạy được lần 7 1000 dòng dữ liệu và hiện đang tiếp tục ...
[2026-03-19T04:11:32.699+0000] {subprocess.py:93} INFO - Đã chạy được lần 8 1000 dòng dữ liệu và hiện đang tiếp tục ...
[2026-03-19T04:11:32.700+0000] {subprocess.py:93} INFO - Đã chạy được lần 9 1000 dòng dữ liệu và hiện đang tiếp tục ...
[2026-03-19T04:11:32.700+0000] {subprocess.py:93} INFO - Đã chạy được lần 10 1000 dòng dữ liệu và hiện đang tiếp tục ...
[2026-03-19T04:11:32.700+0000] {subprocess.py:93} INFO - Đã chạy được lần 11 1000 dòng dữ liệu và hiện đang tiếp tục ...
[2026-03-19T04:11:32.701+0000] {subprocess.py:93} INFO - Đã chạy được lần 12 1000 dòng dữ liệu và hiện đang tiếp tục ...
[2026-03-19T04:11:32.701+0000] {subprocess.py:93} INFO - Đã chạy được lần 13 1000 dòng dữ liệu và hiện đang tiếp tục ...
[2026-03-19T04:11:32.702+0000] {subprocess.py:93} INFO - Đã chạy được lần 14 1000 dòng dữ liệu và hiện đang tiếp tục ...
[2026-03-19T04:11:32.703+0000] {subprocess.py:93} INFO - Đã chạy được lần 15 1000 dòng dữ liệu và hiện đang tiếp tục ...
[2026-03-19T04:11:32.703+0000] {subprocess.py:93} INFO - Traceback (most recent call last):
[2026-03-19T04:11:32.704+0000] {subprocess.py:93} INFO -   File "/opt/airflow/scripts/extract_fin_risk_csv.py", line 176, in <module>
[2026-03-19T04:11:32.704+0000] {subprocess.py:93} INFO -     main()
[2026-03-19T04:11:32.704+0000] {subprocess.py:93} INFO -   File "/opt/airflow/scripts/extract_fin_risk_csv.py", line 124, in main
[2026-03-19T04:11:32.705+0000] {subprocess.py:93} INFO -     conn = psycopg2.connect(**DB)
[2026-03-19T04:11:32.705+0000] {subprocess.py:93} INFO -   File "/home/airflow/.local/lib/python3.8/site-packages/psycopg2/__init__.py", line 122, in connect
[2026-03-19T04:11:32.706+0000] {subprocess.py:93} INFO -     conn = _connect(dsn, connection_factory=connection_factory, **kwasync)
[2026-03-19T04:11:32.706+0000] {subprocess.py:93} INFO - psycopg2.OperationalError: connection to server at "localhost" (::1), port 5436 failed: Connection refused
[2026-03-19T04:11:32.707+0000] {subprocess.py:93} INFO - 	Is the server running on that host and accepting TCP/IP connections?
[2026-03-19T04:11:32.707+0000] {subprocess.py:93} INFO - connection to server at "localhost" (127.0.0.1), port 5436 failed: Connection refused
[2026-03-19T04:11:32.708+0000] {subprocess.py:93} INFO - 	Is the server running on that host and accepting TCP/IP connections?
[2026-03-19T04:11:32.709+0000] {subprocess.py:93} INFO - 
[2026-03-19T04:11:32.808+0000] {subprocess.py:97} INFO - Command exited with return code 1
[2026-03-19T04:11:32.824+0000] {taskinstance.py:2698} ERROR - Task failed with exception
Traceback (most recent call last):
  File "/home/airflow/.local/lib/python3.8/site-packages/airflow/models/taskinstance.py", line 433, in _execute_task
    result = execute_callable(context=context, **execute_callable_kwargs)
  File "/home/airflow/.local/lib/python3.8/site-packages/airflow/operators/bash.py", line 212, in execute
    raise AirflowException(
airflow.exceptions.AirflowException: Bash command failed. The command returned a non-zero exit code 1.
[2026-03-19T04:11:32.830+0000] {taskinstance.py:1138} INFO - Marking task as UP_FOR_RETRY. dag_id=saleFinancial_risk_assessment_to_dw, task_id=run_etl, execution_date=20260319T041043, start_date=20260319T041129, end_date=20260319T041132
[2026-03-19T04:11:32.851+0000] {standard_task_runner.py:107} ERROR - Failed to execute job 6 for task run_etl (Bash command failed. The command returned a non-zero exit code 1.; 546)
[2026-03-19T04:11:32.896+0000] {local_task_job_runner.py:234} INFO - Task exited with return code 1
[2026-03-19T04:11:32.921+0000] {taskinstance.py:3280} INFO - 0 downstream tasks scheduled from follow-on schedule check
