[2026-03-19T04:10:44.928+0000] {taskinstance.py:1956} INFO - Dependencies all met for dep_context=non-requeueable deps ti=<TaskInstance: saleFinancial_risk_assessment_to_dw.run_etl manual__2026-03-19T04:10:43.049221+00:00 [queued]>
[2026-03-19T04:10:44.939+0000] {taskinstance.py:1956} INFO - Dependencies all met for dep_context=requeueable deps ti=<TaskInstance: saleFinancial_risk_assessment_to_dw.run_etl manual__2026-03-19T04:10:43.049221+00:00 [queued]>
[2026-03-19T04:10:44.940+0000] {taskinstance.py:2170} INFO - Starting attempt 1 of 3
[2026-03-19T04:10:44.953+0000] {taskinstance.py:2191} INFO - Executing <Task(BashOperator): run_etl> on 2026-03-19 04:10:43.049221+00:00
[2026-03-19T04:10:44.958+0000] {standard_task_runner.py:60} INFO - Started process 520 to run task
[2026-03-19T04:10:44.961+0000] {standard_task_runner.py:87} INFO - Running: ['airflow', 'tasks', 'run', 'saleFinancial_risk_assessment_to_dw', 'run_etl', 'manual__2026-03-19T04:10:43.049221+00:00', '--job-id', '5', '--raw', '--subdir', 'DAGS_FOLDER/etl_dags.py', '--cfg-path', '/tmp/tmp9gdtzs6c']
[2026-03-19T04:10:44.964+0000] {standard_task_runner.py:88} INFO - Job 5: Subtask run_etl
[2026-03-19T04:10:45.019+0000] {task_command.py:423} INFO - Running <TaskInstance: saleFinancial_risk_assessment_to_dw.run_etl manual__2026-03-19T04:10:43.049221+00:00 [running]> on host 115c611de6e3
[2026-03-19T04:10:45.095+0000] {taskinstance.py:2480} INFO - Exporting env vars: AIRFLOW_CTX_DAG_OWNER='hieubtt' AIRFLOW_CTX_DAG_ID='saleFinancial_risk_assessment_to_dw' AIRFLOW_CTX_TASK_ID='run_etl' AIRFLOW_CTX_EXECUTION_DATE='2026-03-19T04:10:43.049221+00:00' AIRFLOW_CTX_TRY_NUMBER='1' AIRFLOW_CTX_DAG_RUN_ID='manual__2026-03-19T04:10:43.049221+00:00'
[2026-03-19T04:10:45.097+0000] {subprocess.py:63} INFO - Tmp dir root location: /tmp
[2026-03-19T04:10:45.098+0000] {subprocess.py:75} INFO - Running command: ['/usr/bin/bash', '-c', 'python /opt/airflow/scripts/extract_fin_risk_csv.py']
[2026-03-19T04:10:45.109+0000] {subprocess.py:86} INFO - Output:
[2026-03-19T04:10:48.645+0000] {subprocess.py:93} INFO - Đã chạy được lần 1 1000 dòng dữ liệu và hiện đang tiếp tục ...
[2026-03-19T04:10:48.646+0000] {subprocess.py:93} INFO - Đã chạy được lần 2 1000 dòng dữ liệu và hiện đang tiếp tục ...
[2026-03-19T04:10:48.647+0000] {subprocess.py:93} INFO - Đã chạy được lần 3 1000 dòng dữ liệu và hiện đang tiếp tục ...
[2026-03-19T04:10:48.648+0000] {subprocess.py:93} INFO - Đã chạy được lần 4 1000 dòng dữ liệu và hiện đang tiếp tục ...
[2026-03-19T04:10:48.648+0000] {subprocess.py:93} INFO - Đã chạy được lần 5 1000 dòng dữ liệu và hiện đang tiếp tục ...
[2026-03-19T04:10:48.649+0000] {subprocess.py:93} INFO - Đã chạy được lần 6 1000 dòng dữ liệu và hiện đang tiếp tục ...
[2026-03-19T04:10:48.649+0000] {subprocess.py:93} INFO - Đã chạy được lần 7 1000 dòng dữ liệu và hiện đang tiếp tục ...
[2026-03-19T04:10:48.650+0000] {subprocess.py:93} INFO - Đã chạy được lần 8 1000 dòng dữ liệu và hiện đang tiếp tục ...
[2026-03-19T04:10:48.650+0000] {subprocess.py:93} INFO - Đã chạy được lần 9 1000 dòng dữ liệu và hiện đang tiếp tục ...
[2026-03-19T04:10:48.650+0000] {subprocess.py:93} INFO - Đã chạy được lần 10 1000 dòng dữ liệu và hiện đang tiếp tục ...
[2026-03-19T04:10:48.651+0000] {subprocess.py:93} INFO - Đã chạy được lần 11 1000 dòng dữ liệu và hiện đang tiếp tục ...
[2026-03-19T04:10:48.651+0000] {subprocess.py:93} INFO - Đã chạy được lần 12 1000 dòng dữ liệu và hiện đang tiếp tục ...
[2026-03-19T04:10:48.652+0000] {subprocess.py:93} INFO - Đã chạy được lần 13 1000 dòng dữ liệu và hiện đang tiếp tục ...
[2026-03-19T04:10:48.652+0000] {subprocess.py:93} INFO - Đã chạy được lần 14 1000 dòng dữ liệu và hiện đang tiếp tục ...
[2026-03-19T04:10:48.653+0000] {subprocess.py:93} INFO - Đã chạy được lần 15 1000 dòng dữ liệu và hiện đang tiếp tục ...
[2026-03-19T04:10:48.653+0000] {subprocess.py:93} INFO - Traceback (most recent call last):
[2026-03-19T04:10:48.654+0000] {subprocess.py:93} INFO -   File "/opt/airflow/scripts/extract_fin_risk_csv.py", line 176, in <module>
[2026-03-19T04:10:48.655+0000] {subprocess.py:93} INFO -     main()
[2026-03-19T04:10:48.656+0000] {subprocess.py:93} INFO -   File "/opt/airflow/scripts/extract_fin_risk_csv.py", line 124, in main
[2026-03-19T04:10:48.656+0000] {subprocess.py:93} INFO -     conn = psycopg2.connect(**DB)
[2026-03-19T04:10:48.657+0000] {subprocess.py:93} INFO -   File "/home/airflow/.local/lib/python3.8/site-packages/psycopg2/__init__.py", line 122, in connect
[2026-03-19T04:10:48.657+0000] {subprocess.py:93} INFO -     conn = _connect(dsn, connection_factory=connection_factory, **kwasync)
[2026-03-19T04:10:48.658+0000] {subprocess.py:93} INFO - psycopg2.OperationalError: connection to server at "localhost" (::1), port 5436 failed: Connection refused
[2026-03-19T04:10:48.658+0000] {subprocess.py:93} INFO - 	Is the server running on that host and accepting TCP/IP connections?
[2026-03-19T04:10:48.659+0000] {subprocess.py:93} INFO - connection to server at "localhost" (127.0.0.1), port 5436 failed: Connection refused
[2026-03-19T04:10:48.659+0000] {subprocess.py:93} INFO - 	Is the server running on that host and accepting TCP/IP connections?
[2026-03-19T04:10:48.660+0000] {subprocess.py:93} INFO - 
[2026-03-19T04:10:48.830+0000] {subprocess.py:97} INFO - Command exited with return code 1
[2026-03-19T04:10:48.842+0000] {taskinstance.py:2698} ERROR - Task failed with exception
Traceback (most recent call last):
  File "/home/airflow/.local/lib/python3.8/site-packages/airflow/models/taskinstance.py", line 433, in _execute_task
    result = execute_callable(context=context, **execute_callable_kwargs)
  File "/home/airflow/.local/lib/python3.8/site-packages/airflow/operators/bash.py", line 212, in execute
    raise AirflowException(
airflow.exceptions.AirflowException: Bash command failed. The command returned a non-zero exit code 1.
[2026-03-19T04:10:48.846+0000] {taskinstance.py:1138} INFO - Marking task as UP_FOR_RETRY. dag_id=saleFinancial_risk_assessment_to_dw, task_id=run_etl, execution_date=20260319T041043, start_date=20260319T041044, end_date=20260319T041048
[2026-03-19T04:10:48.859+0000] {standard_task_runner.py:107} ERROR - Failed to execute job 5 for task run_etl (Bash command failed. The command returned a non-zero exit code 1.; 520)
[2026-03-19T04:10:48.877+0000] {local_task_job_runner.py:234} INFO - Task exited with return code 1
[2026-03-19T04:10:48.902+0000] {taskinstance.py:3280} INFO - 0 downstream tasks scheduled from follow-on schedule check
