[2026-01-07T14:45:07.897+0000] {taskinstance.py:1956} INFO - Dependencies all met for dep_context=non-requeueable deps ti=<TaskInstance: daily_revenue_etl_dag.run_daily_revenue_etl scheduled__2026-01-06T00:00:00+00:00 [queued]>
[2026-01-07T14:45:07.903+0000] {taskinstance.py:1956} INFO - Dependencies all met for dep_context=requeueable deps ti=<TaskInstance: daily_revenue_etl_dag.run_daily_revenue_etl scheduled__2026-01-06T00:00:00+00:00 [queued]>
[2026-01-07T14:45:07.904+0000] {taskinstance.py:2170} INFO - Starting attempt 2 of 2
[2026-01-07T14:45:07.912+0000] {taskinstance.py:2191} INFO - Executing <Task(BashOperator): run_daily_revenue_etl> on 2026-01-06 00:00:00+00:00
[2026-01-07T14:45:07.916+0000] {standard_task_runner.py:60} INFO - Started process 468 to run task
[2026-01-07T14:45:07.918+0000] {standard_task_runner.py:87} INFO - Running: ['***', 'tasks', 'run', 'daily_revenue_etl_dag', 'run_daily_revenue_etl', 'scheduled__2026-01-06T00:00:00+00:00', '--job-id', '4', '--raw', '--subdir', 'DAGS_FOLDER/daily_revenue_etl_dag.py', '--cfg-path', '/tmp/tmpb_vnxr_t']
[2026-01-07T14:45:07.920+0000] {standard_task_runner.py:88} INFO - Job 4: Subtask run_daily_revenue_etl
[2026-01-07T14:45:07.956+0000] {task_command.py:423} INFO - Running <TaskInstance: daily_revenue_etl_dag.run_daily_revenue_etl scheduled__2026-01-06T00:00:00+00:00 [running]> on host 9cc5c046994b
[2026-01-07T14:45:08.008+0000] {taskinstance.py:2480} INFO - Exporting env vars: AIRFLOW_CTX_DAG_OWNER='data_engineer' AIRFLOW_CTX_DAG_ID='daily_revenue_etl_dag' AIRFLOW_CTX_TASK_ID='run_daily_revenue_etl' AIRFLOW_CTX_EXECUTION_DATE='2026-01-06T00:00:00+00:00' AIRFLOW_CTX_TRY_NUMBER='2' AIRFLOW_CTX_DAG_RUN_ID='scheduled__2026-01-06T00:00:00+00:00'
[2026-01-07T14:45:08.009+0000] {subprocess.py:63} INFO - Tmp dir root location: /tmp
[2026-01-07T14:45:08.010+0000] {subprocess.py:75} INFO - Running command: ['/usr/bin/bash', '-c', 'python /opt/***/scripts/daily_revenue_etl.py 2026-01-06']
[2026-01-07T14:45:08.018+0000] {subprocess.py:86} INFO - Output:
[2026-01-07T14:45:08.695+0000] {subprocess.py:93} INFO - Usage: python script.py <target_date>
[2026-01-07T14:45:08.765+0000] {subprocess.py:97} INFO - Command exited with return code 1
[2026-01-07T14:45:08.773+0000] {taskinstance.py:2698} ERROR - Task failed with exception
Traceback (most recent call last):
  File "/home/airflow/.local/lib/python3.8/site-packages/airflow/models/taskinstance.py", line 433, in _execute_task
    result = execute_callable(context=context, **execute_callable_kwargs)
  File "/home/airflow/.local/lib/python3.8/site-packages/airflow/operators/bash.py", line 212, in execute
    raise AirflowException(
airflow.exceptions.AirflowException: Bash command failed. The command returned a non-zero exit code 1.
[2026-01-07T14:45:08.776+0000] {taskinstance.py:1138} INFO - Marking task as FAILED. dag_id=daily_revenue_etl_dag, task_id=run_daily_revenue_etl, execution_date=20260106T000000, start_date=20260107T144507, end_date=20260107T144508
[2026-01-07T14:45:08.784+0000] {standard_task_runner.py:107} ERROR - Failed to execute job 4 for task run_daily_revenue_etl (Bash command failed. The command returned a non-zero exit code 1.; 468)
[2026-01-07T14:45:08.821+0000] {local_task_job_runner.py:234} INFO - Task exited with return code 1
[2026-01-07T14:45:08.832+0000] {taskinstance.py:3280} INFO - 0 downstream tasks scheduled from follow-on schedule check
