[2026-03-18T09:56:41.900+0000] {taskinstance.py:1956} INFO - Dependencies all met for dep_context=non-requeueable deps ti=<TaskInstance: saleFinancial_risk_assessment_to_dw.run_etl manual__2026-03-18T09:56:39.674648+00:00 [queued]>
[2026-03-18T09:56:41.916+0000] {taskinstance.py:1956} INFO - Dependencies all met for dep_context=requeueable deps ti=<TaskInstance: saleFinancial_risk_assessment_to_dw.run_etl manual__2026-03-18T09:56:39.674648+00:00 [queued]>
[2026-03-18T09:56:41.918+0000] {taskinstance.py:2170} INFO - Starting attempt 1 of 3
[2026-03-18T09:56:41.943+0000] {taskinstance.py:2191} INFO - Executing <Task(BashOperator): run_etl> on 2026-03-18 09:56:39.674648+00:00
[2026-03-18T09:56:41.954+0000] {standard_task_runner.py:60} INFO - Started process 266 to run task
[2026-03-18T09:56:41.961+0000] {standard_task_runner.py:87} INFO - Running: ['airflow', 'tasks', 'run', 'saleFinancial_risk_assessment_to_dw', 'run_etl', 'manual__2026-03-18T09:56:39.674648+00:00', '--job-id', '2', '--raw', '--subdir', 'DAGS_FOLDER/etl_dags.py', '--cfg-path', '/tmp/tmpvnzrx5wf']
[2026-03-18T09:56:41.966+0000] {standard_task_runner.py:88} INFO - Job 2: Subtask run_etl
[2026-03-18T09:56:42.131+0000] {task_command.py:423} INFO - Running <TaskInstance: saleFinancial_risk_assessment_to_dw.run_etl manual__2026-03-18T09:56:39.674648+00:00 [running]> on host 572d8942132a
[2026-03-18T09:56:42.262+0000] {taskinstance.py:2480} INFO - Exporting env vars: AIRFLOW_CTX_DAG_OWNER='hieubtt' AIRFLOW_CTX_DAG_ID='saleFinancial_risk_assessment_to_dw' AIRFLOW_CTX_TASK_ID='run_etl' AIRFLOW_CTX_EXECUTION_DATE='2026-03-18T09:56:39.674648+00:00' AIRFLOW_CTX_TRY_NUMBER='1' AIRFLOW_CTX_DAG_RUN_ID='manual__2026-03-18T09:56:39.674648+00:00'
[2026-03-18T09:56:42.265+0000] {subprocess.py:63} INFO - Tmp dir root location: /tmp
[2026-03-18T09:56:42.266+0000] {subprocess.py:75} INFO - Running command: ['/usr/bin/bash', '-c', 'python /opt/airflow/dags/scripts/extract_fin_risk_csv.py']
[2026-03-18T09:56:42.301+0000] {subprocess.py:86} INFO - Output:
[2026-03-18T09:56:42.329+0000] {subprocess.py:93} INFO - python: can't open file '/opt/airflow/dags/scripts/extract_fin_risk_csv.py': [Errno 2] No such file or directory
[2026-03-18T09:56:42.332+0000] {subprocess.py:97} INFO - Command exited with return code 2
[2026-03-18T09:56:42.346+0000] {taskinstance.py:2698} ERROR - Task failed with exception
Traceback (most recent call last):
  File "/home/airflow/.local/lib/python3.8/site-packages/airflow/models/taskinstance.py", line 433, in _execute_task
    result = execute_callable(context=context, **execute_callable_kwargs)
  File "/home/airflow/.local/lib/python3.8/site-packages/airflow/operators/bash.py", line 212, in execute
    raise AirflowException(
airflow.exceptions.AirflowException: Bash command failed. The command returned a non-zero exit code 2.
[2026-03-18T09:56:42.350+0000] {taskinstance.py:1138} INFO - Marking task as UP_FOR_RETRY. dag_id=saleFinancial_risk_assessment_to_dw, task_id=run_etl, execution_date=20260318T095639, start_date=20260318T095641, end_date=20260318T095642
[2026-03-18T09:56:42.366+0000] {standard_task_runner.py:107} ERROR - Failed to execute job 2 for task run_etl (Bash command failed. The command returned a non-zero exit code 2.; 266)
[2026-03-18T09:56:42.376+0000] {local_task_job_runner.py:234} INFO - Task exited with return code 1
[2026-03-18T09:56:42.402+0000] {taskinstance.py:3280} INFO - 0 downstream tasks scheduled from follow-on schedule check
