[2026-03-23T03:59:50.198+0000] {taskinstance.py:1956} INFO - Dependencies all met for dep_context=non-requeueable deps ti=<TaskInstance: saleFinancial_risk_assessment_to_dw.run_etl manual__2026-03-23T03:59:47.174002+00:00 [queued]>
[2026-03-23T03:59:50.219+0000] {taskinstance.py:1956} INFO - Dependencies all met for dep_context=requeueable deps ti=<TaskInstance: saleFinancial_risk_assessment_to_dw.run_etl manual__2026-03-23T03:59:47.174002+00:00 [queued]>
[2026-03-23T03:59:50.221+0000] {taskinstance.py:2170} INFO - Starting attempt 1 of 3
[2026-03-23T03:59:50.242+0000] {taskinstance.py:2191} INFO - Executing <Task(BashOperator): run_etl> on 2026-03-23 03:59:47.174002+00:00
[2026-03-23T03:59:50.254+0000] {standard_task_runner.py:60} INFO - Started process 363 to run task
[2026-03-23T03:59:50.260+0000] {standard_task_runner.py:87} INFO - Running: ['airflow', 'tasks', 'run', 'saleFinancial_risk_assessment_to_dw', 'run_etl', 'manual__2026-03-23T03:59:47.174002+00:00', '--job-id', '8', '--raw', '--subdir', 'DAGS_FOLDER/etl_dags.py', '--cfg-path', '/tmp/tmpzms2g72y']
[2026-03-23T03:59:50.263+0000] {standard_task_runner.py:88} INFO - Job 8: Subtask run_etl
[2026-03-23T03:59:50.404+0000] {task_command.py:423} INFO - Running <TaskInstance: saleFinancial_risk_assessment_to_dw.run_etl manual__2026-03-23T03:59:47.174002+00:00 [running]> on host 7a1532a3ae2f
[2026-03-23T03:59:50.608+0000] {taskinstance.py:2480} INFO - Exporting env vars: AIRFLOW_CTX_DAG_OWNER='hieubtt' AIRFLOW_CTX_DAG_ID='saleFinancial_risk_assessment_to_dw' AIRFLOW_CTX_TASK_ID='run_etl' AIRFLOW_CTX_EXECUTION_DATE='2026-03-23T03:59:47.174002+00:00' AIRFLOW_CTX_TRY_NUMBER='1' AIRFLOW_CTX_DAG_RUN_ID='manual__2026-03-23T03:59:47.174002+00:00'
[2026-03-23T03:59:50.611+0000] {subprocess.py:63} INFO - Tmp dir root location: /tmp
[2026-03-23T03:59:50.615+0000] {subprocess.py:75} INFO - Running command: ['/usr/bin/bash', '-c', 'python /opt/airflow/scripts/extract_fin_risk_csv.py']
[2026-03-23T03:59:50.651+0000] {subprocess.py:86} INFO - Output:
[2026-03-23T04:00:02.643+0000] {subprocess.py:93} INFO - Đã chạy được lần 1 1000 dòng dữ liệu và hiện đang tiếp tục ...
[2026-03-23T04:00:02.644+0000] {subprocess.py:93} INFO - Đã chạy được lần 2 1000 dòng dữ liệu và hiện đang tiếp tục ...
[2026-03-23T04:00:02.646+0000] {subprocess.py:93} INFO - Đã chạy được lần 3 1000 dòng dữ liệu và hiện đang tiếp tục ...
[2026-03-23T04:00:02.647+0000] {subprocess.py:93} INFO - Đã chạy được lần 4 1000 dòng dữ liệu và hiện đang tiếp tục ...
[2026-03-23T04:00:02.647+0000] {subprocess.py:93} INFO - Đã chạy được lần 5 1000 dòng dữ liệu và hiện đang tiếp tục ...
[2026-03-23T04:00:02.648+0000] {subprocess.py:93} INFO - Đã chạy được lần 6 1000 dòng dữ liệu và hiện đang tiếp tục ...
[2026-03-23T04:00:02.649+0000] {subprocess.py:93} INFO - Đã chạy được lần 7 1000 dòng dữ liệu và hiện đang tiếp tục ...
[2026-03-23T04:00:02.649+0000] {subprocess.py:93} INFO - Đã chạy được lần 8 1000 dòng dữ liệu và hiện đang tiếp tục ...
[2026-03-23T04:00:02.650+0000] {subprocess.py:93} INFO - Đã chạy được lần 9 1000 dòng dữ liệu và hiện đang tiếp tục ...
[2026-03-23T04:00:02.651+0000] {subprocess.py:93} INFO - Đã chạy được lần 10 1000 dòng dữ liệu và hiện đang tiếp tục ...
[2026-03-23T04:00:02.651+0000] {subprocess.py:93} INFO - Đã chạy được lần 11 1000 dòng dữ liệu và hiện đang tiếp tục ...
[2026-03-23T04:00:02.652+0000] {subprocess.py:93} INFO - Đã chạy được lần 12 1000 dòng dữ liệu và hiện đang tiếp tục ...
[2026-03-23T04:00:02.653+0000] {subprocess.py:93} INFO - Đã chạy được lần 13 1000 dòng dữ liệu và hiện đang tiếp tục ...
[2026-03-23T04:00:02.654+0000] {subprocess.py:93} INFO - Đã chạy được lần 14 1000 dòng dữ liệu và hiện đang tiếp tục ...
[2026-03-23T04:00:02.655+0000] {subprocess.py:93} INFO - Đã chạy được lần 15 1000 dòng dữ liệu và hiện đang tiếp tục ...
[2026-03-23T04:00:02.657+0000] {subprocess.py:93} INFO - ETL PASSED | RUN_ID=RUN_5822db2c
[2026-03-23T04:00:02.912+0000] {subprocess.py:97} INFO - Command exited with return code 0
[2026-03-23T04:00:02.975+0000] {taskinstance.py:1138} INFO - Marking task as SUCCESS. dag_id=saleFinancial_risk_assessment_to_dw, task_id=run_etl, execution_date=20260323T035947, start_date=20260323T035950, end_date=20260323T040002
[2026-03-23T04:00:03.036+0000] {local_task_job_runner.py:234} INFO - Task exited with return code 0
[2026-03-23T04:00:03.089+0000] {taskinstance.py:3280} INFO - 1 downstream tasks scheduled from follow-on schedule check
