[2026-03-16T10:11:30.299+0000] {taskinstance.py:1956} INFO - Dependencies all met for dep_context=non-requeueable deps ti=<TaskInstance: daily_revenue_etl_dag.run_daily_revenue_etl manual__2026-03-16T10:11:23.928335+00:00 [queued]>
[2026-03-16T10:11:30.308+0000] {taskinstance.py:1956} INFO - Dependencies all met for dep_context=requeueable deps ti=<TaskInstance: daily_revenue_etl_dag.run_daily_revenue_etl manual__2026-03-16T10:11:23.928335+00:00 [queued]>
[2026-03-16T10:11:30.309+0000] {taskinstance.py:2170} INFO - Starting attempt 2 of 3
[2026-03-16T10:11:30.320+0000] {taskinstance.py:2191} INFO - Executing <Task(BashOperator): run_daily_revenue_etl> on 2026-03-16 10:11:23.928335+00:00
[2026-03-16T10:11:30.325+0000] {standard_task_runner.py:60} INFO - Started process 304 to run task
[2026-03-16T10:11:30.328+0000] {standard_task_runner.py:87} INFO - Running: ['***', 'tasks', 'run', 'daily_revenue_etl_dag', 'run_daily_revenue_etl', 'manual__2026-03-16T10:11:23.928335+00:00', '--job-id', '3', '--raw', '--subdir', 'DAGS_FOLDER/daily_revenue_etl_dag.py', '--cfg-path', '/tmp/tmp3r78sxce']
[2026-03-16T10:11:30.330+0000] {standard_task_runner.py:88} INFO - Job 3: Subtask run_daily_revenue_etl
[2026-03-16T10:11:30.383+0000] {task_command.py:423} INFO - Running <TaskInstance: daily_revenue_etl_dag.run_daily_revenue_etl manual__2026-03-16T10:11:23.928335+00:00 [running]> on host 6f199a452bf1
[2026-03-16T10:11:30.446+0000] {taskinstance.py:2480} INFO - Exporting env vars: AIRFLOW_CTX_DAG_OWNER='data_engineer_hieubtt' AIRFLOW_CTX_DAG_ID='daily_revenue_etl_dag' AIRFLOW_CTX_TASK_ID='run_daily_revenue_etl' AIRFLOW_CTX_EXECUTION_DATE='2026-03-16T10:11:23.928335+00:00' AIRFLOW_CTX_TRY_NUMBER='2' AIRFLOW_CTX_DAG_RUN_ID='manual__2026-03-16T10:11:23.928335+00:00'
[2026-03-16T10:11:30.447+0000] {subprocess.py:63} INFO - Tmp dir root location: /tmp
[2026-03-16T10:11:30.448+0000] {subprocess.py:75} INFO - Running command: ['/usr/bin/bash', '-c', 'python /opt/***/scripts/daily_revenue_etl.py 2026-03-16']
[2026-03-16T10:11:30.456+0000] {subprocess.py:86} INFO - Output:
[2026-03-16T10:11:30.476+0000] {subprocess.py:93} INFO - python: can't open file '/opt/***/scripts/daily_revenue_etl.py': [Errno 2] No such file or directory
[2026-03-16T10:11:30.477+0000] {subprocess.py:97} INFO - Command exited with return code 2
[2026-03-16T10:11:30.486+0000] {taskinstance.py:2698} ERROR - Task failed with exception
Traceback (most recent call last):
  File "/home/airflow/.local/lib/python3.8/site-packages/airflow/models/taskinstance.py", line 433, in _execute_task
    result = execute_callable(context=context, **execute_callable_kwargs)
  File "/home/airflow/.local/lib/python3.8/site-packages/airflow/operators/bash.py", line 212, in execute
    raise AirflowException(
airflow.exceptions.AirflowException: Bash command failed. The command returned a non-zero exit code 2.
[2026-03-16T10:11:30.490+0000] {taskinstance.py:1138} INFO - Marking task as UP_FOR_RETRY. dag_id=daily_revenue_etl_dag, task_id=run_daily_revenue_etl, execution_date=20260316T101123, start_date=20260316T101130, end_date=20260316T101130
[2026-03-16T10:11:30.500+0000] {standard_task_runner.py:107} ERROR - Failed to execute job 3 for task run_daily_revenue_etl (Bash command failed. The command returned a non-zero exit code 2.; 304)
[2026-03-16T10:11:30.541+0000] {local_task_job_runner.py:234} INFO - Task exited with return code 1
[2026-03-16T10:11:30.558+0000] {taskinstance.py:3280} INFO - 0 downstream tasks scheduled from follow-on schedule check
