[2026-03-31T02:33:38.303+0000] {processor.py:161} INFO - Started process (PID=173) to work on /opt/airflow/dags/daily_revenue_etl_dag.py
[2026-03-31T02:33:38.308+0000] {processor.py:830} INFO - Processing file /opt/airflow/dags/daily_revenue_etl_dag.py for tasks to queue
[2026-03-31T02:33:38.311+0000] {logging_mixin.py:188} INFO - [2026-03-31T02:33:38.310+0000] {dagbag.py:538} INFO - Filling up the DagBag from /opt/airflow/dags/daily_revenue_etl_dag.py
[2026-03-31T02:33:38.361+0000] {processor.py:840} INFO - DAG(s) 'daily_revenue_etl_dag' retrieved from /opt/airflow/dags/daily_revenue_etl_dag.py
[2026-03-31T02:33:38.490+0000] {logging_mixin.py:188} INFO - [2026-03-31T02:33:38.490+0000] {dag.py:3036} INFO - Sync 1 DAGs
[2026-03-31T02:33:38.535+0000] {logging_mixin.py:188} INFO - [2026-03-31T02:33:38.534+0000] {dag.py:3823} INFO - Setting next_dagrun for daily_revenue_etl_dag to 2026-03-30 00:00:00+00:00, run_after=2026-03-31 00:00:00+00:00
[2026-03-31T02:33:38.568+0000] {processor.py:183} INFO - Processing /opt/airflow/dags/daily_revenue_etl_dag.py took 0.271 seconds
[2026-03-31T02:57:20.635+0000] {processor.py:161} INFO - Started process (PID=185) to work on /opt/airflow/dags/daily_revenue_etl_dag.py
[2026-03-31T02:57:20.637+0000] {processor.py:830} INFO - Processing file /opt/airflow/dags/daily_revenue_etl_dag.py for tasks to queue
[2026-03-31T02:57:20.638+0000] {logging_mixin.py:188} INFO - [2026-03-31T02:57:20.638+0000] {dagbag.py:538} INFO - Filling up the DagBag from /opt/airflow/dags/daily_revenue_etl_dag.py
[2026-03-31T02:57:20.669+0000] {processor.py:840} INFO - DAG(s) 'daily_revenue_etl_dag' retrieved from /opt/airflow/dags/daily_revenue_etl_dag.py
[2026-03-31T02:57:20.717+0000] {logging_mixin.py:188} INFO - [2026-03-31T02:57:20.717+0000] {dag.py:3036} INFO - Sync 1 DAGs
[2026-03-31T02:33:41.787+0000] {logging_mixin.py:188} INFO - [2026-03-31T02:33:41.787+0000] {dag.py:3823} INFO - Setting next_dagrun for daily_revenue_etl_dag to 2026-03-31 00:00:00+00:00, run_after=2026-04-01 00:00:00+00:00
[2026-03-31T02:33:41.823+0000] {processor.py:183} INFO - Processing /opt/airflow/dags/daily_revenue_etl_dag.py took 0.170 seconds
[2026-03-31T02:57:25.689+0000] {processor.py:161} INFO - Started process (PID=192) to work on /opt/airflow/dags/daily_revenue_etl_dag.py
[2026-03-31T02:57:25.691+0000] {processor.py:830} INFO - Processing file /opt/airflow/dags/daily_revenue_etl_dag.py for tasks to queue
[2026-03-31T02:57:25.693+0000] {logging_mixin.py:188} INFO - [2026-03-31T02:57:25.692+0000] {dagbag.py:538} INFO - Filling up the DagBag from /opt/airflow/dags/daily_revenue_etl_dag.py
[2026-03-31T02:33:46.757+0000] {processor.py:840} INFO - DAG(s) 'daily_revenue_etl_dag' retrieved from /opt/airflow/dags/daily_revenue_etl_dag.py
[2026-03-31T02:33:46.809+0000] {logging_mixin.py:188} INFO - [2026-03-31T02:33:46.809+0000] {dag.py:3036} INFO - Sync 1 DAGs
[2026-03-31T02:33:46.849+0000] {logging_mixin.py:188} INFO - [2026-03-31T02:33:46.849+0000] {dag.py:3823} INFO - Setting next_dagrun for daily_revenue_etl_dag to 2026-03-31 00:00:00+00:00, run_after=2026-04-01 00:00:00+00:00
[2026-03-31T02:33:46.883+0000] {processor.py:183} INFO - Processing /opt/airflow/dags/daily_revenue_etl_dag.py took 0.173 seconds
[2026-03-31T02:34:17.118+0000] {processor.py:161} INFO - Started process (PID=197) to work on /opt/airflow/dags/daily_revenue_etl_dag.py
[2026-03-31T02:34:17.119+0000] {processor.py:830} INFO - Processing file /opt/airflow/dags/daily_revenue_etl_dag.py for tasks to queue
[2026-03-31T02:34:17.119+0000] {logging_mixin.py:188} INFO - [2026-03-31T02:34:17.119+0000] {dagbag.py:538} INFO - Filling up the DagBag from /opt/airflow/dags/daily_revenue_etl_dag.py
[2026-03-31T02:34:17.137+0000] {processor.py:840} INFO - DAG(s) 'daily_revenue_etl_dag' retrieved from /opt/airflow/dags/daily_revenue_etl_dag.py
[2026-03-31T02:34:17.161+0000] {logging_mixin.py:188} INFO - [2026-03-31T02:34:17.161+0000] {dag.py:3036} INFO - Sync 1 DAGs
[2026-03-31T02:34:17.182+0000] {logging_mixin.py:188} INFO - [2026-03-31T02:34:17.182+0000] {dag.py:3823} INFO - Setting next_dagrun for daily_revenue_etl_dag to 2026-03-31 00:00:00+00:00, run_after=2026-04-01 00:00:00+00:00
[2026-03-31T02:34:17.200+0000] {processor.py:183} INFO - Processing /opt/airflow/dags/daily_revenue_etl_dag.py took 0.085 seconds
[2026-03-31T02:34:47.355+0000] {processor.py:161} INFO - Started process (PID=208) to work on /opt/airflow/dags/daily_revenue_etl_dag.py
[2026-03-31T02:34:47.356+0000] {processor.py:830} INFO - Processing file /opt/airflow/dags/daily_revenue_etl_dag.py for tasks to queue
[2026-03-31T02:34:47.357+0000] {logging_mixin.py:188} INFO - [2026-03-31T02:34:47.357+0000] {dagbag.py:538} INFO - Filling up the DagBag from /opt/airflow/dags/daily_revenue_etl_dag.py
[2026-03-31T02:34:47.386+0000] {processor.py:840} INFO - DAG(s) 'daily_revenue_etl_dag' retrieved from /opt/airflow/dags/daily_revenue_etl_dag.py
[2026-03-31T02:34:47.430+0000] {logging_mixin.py:188} INFO - [2026-03-31T02:34:47.430+0000] {dag.py:3036} INFO - Sync 1 DAGs
[2026-03-31T02:34:47.469+0000] {logging_mixin.py:188} INFO - [2026-03-31T02:34:47.468+0000] {dag.py:3823} INFO - Setting next_dagrun for daily_revenue_etl_dag to 2026-03-31 00:00:00+00:00, run_after=2026-04-01 00:00:00+00:00
[2026-03-31T02:34:47.502+0000] {processor.py:183} INFO - Processing /opt/airflow/dags/daily_revenue_etl_dag.py took 0.151 seconds
[2026-03-31T02:58:27.538+0000] {processor.py:161} INFO - Started process (PID=213) to work on /opt/airflow/dags/daily_revenue_etl_dag.py
[2026-03-31T02:58:27.540+0000] {processor.py:830} INFO - Processing file /opt/airflow/dags/daily_revenue_etl_dag.py for tasks to queue
[2026-03-31T02:58:27.542+0000] {logging_mixin.py:188} INFO - [2026-03-31T02:58:27.541+0000] {dagbag.py:538} INFO - Filling up the DagBag from /opt/airflow/dags/daily_revenue_etl_dag.py
[2026-03-31T02:58:27.576+0000] {processor.py:840} INFO - DAG(s) 'daily_revenue_etl_dag' retrieved from /opt/airflow/dags/daily_revenue_etl_dag.py
[2026-03-31T02:58:27.612+0000] {logging_mixin.py:188} INFO - [2026-03-31T02:58:27.611+0000] {dag.py:3036} INFO - Sync 1 DAGs
[2026-03-31T02:58:27.642+0000] {logging_mixin.py:188} INFO - [2026-03-31T02:58:27.641+0000] {dag.py:3823} INFO - Setting next_dagrun for daily_revenue_etl_dag to 2026-03-31 00:00:00+00:00, run_after=2026-04-01 00:00:00+00:00
[2026-03-31T02:58:27.665+0000] {processor.py:183} INFO - Processing /opt/airflow/dags/daily_revenue_etl_dag.py took 0.133 seconds
[2026-03-31T02:35:21.886+0000] {processor.py:161} INFO - Started process (PID=218) to work on /opt/airflow/dags/daily_revenue_etl_dag.py
[2026-03-31T02:35:21.888+0000] {processor.py:830} INFO - Processing file /opt/airflow/dags/daily_revenue_etl_dag.py for tasks to queue
[2026-03-31T02:35:21.889+0000] {logging_mixin.py:188} INFO - [2026-03-31T02:35:21.889+0000] {dagbag.py:538} INFO - Filling up the DagBag from /opt/airflow/dags/daily_revenue_etl_dag.py
[2026-03-31T02:35:21.927+0000] {processor.py:840} INFO - DAG(s) 'daily_revenue_etl_dag' retrieved from /opt/airflow/dags/daily_revenue_etl_dag.py
[2026-03-31T02:35:21.969+0000] {logging_mixin.py:188} INFO - [2026-03-31T02:35:21.968+0000] {dag.py:3036} INFO - Sync 1 DAGs
[2026-03-31T02:35:22.012+0000] {logging_mixin.py:188} INFO - [2026-03-31T02:35:22.010+0000] {dag.py:3823} INFO - Setting next_dagrun for daily_revenue_etl_dag to 2026-03-31 00:00:00+00:00, run_after=2026-04-01 00:00:00+00:00
[2026-03-31T02:35:22.057+0000] {processor.py:183} INFO - Processing /opt/airflow/dags/daily_revenue_etl_dag.py took 0.176 seconds
[2026-03-31T02:35:52.151+0000] {processor.py:161} INFO - Started process (PID=223) to work on /opt/airflow/dags/daily_revenue_etl_dag.py
[2026-03-31T02:35:52.153+0000] {processor.py:830} INFO - Processing file /opt/airflow/dags/daily_revenue_etl_dag.py for tasks to queue
[2026-03-31T02:35:52.155+0000] {logging_mixin.py:188} INFO - [2026-03-31T02:35:52.155+0000] {dagbag.py:538} INFO - Filling up the DagBag from /opt/airflow/dags/daily_revenue_etl_dag.py
[2026-03-31T02:35:52.186+0000] {processor.py:840} INFO - DAG(s) 'daily_revenue_etl_dag' retrieved from /opt/airflow/dags/daily_revenue_etl_dag.py
[2026-03-31T02:35:52.226+0000] {logging_mixin.py:188} INFO - [2026-03-31T02:35:52.225+0000] {dag.py:3036} INFO - Sync 1 DAGs
[2026-03-31T02:35:52.256+0000] {logging_mixin.py:188} INFO - [2026-03-31T02:35:52.256+0000] {dag.py:3823} INFO - Setting next_dagrun for daily_revenue_etl_dag to 2026-03-31 00:00:00+00:00, run_after=2026-04-01 00:00:00+00:00
[2026-03-31T02:35:52.286+0000] {processor.py:183} INFO - Processing /opt/airflow/dags/daily_revenue_etl_dag.py took 0.141 seconds
[2026-03-31T02:36:22.509+0000] {processor.py:161} INFO - Started process (PID=228) to work on /opt/airflow/dags/daily_revenue_etl_dag.py
[2026-03-31T02:36:22.511+0000] {processor.py:830} INFO - Processing file /opt/airflow/dags/daily_revenue_etl_dag.py for tasks to queue
[2026-03-31T02:36:22.512+0000] {logging_mixin.py:188} INFO - [2026-03-31T02:36:22.512+0000] {dagbag.py:538} INFO - Filling up the DagBag from /opt/airflow/dags/daily_revenue_etl_dag.py
[2026-03-31T02:36:22.534+0000] {processor.py:840} INFO - DAG(s) 'daily_revenue_etl_dag' retrieved from /opt/airflow/dags/daily_revenue_etl_dag.py
[2026-03-31T02:36:22.566+0000] {logging_mixin.py:188} INFO - [2026-03-31T02:36:22.566+0000] {dag.py:3036} INFO - Sync 1 DAGs
[2026-03-31T02:36:22.593+0000] {logging_mixin.py:188} INFO - [2026-03-31T02:36:22.593+0000] {dag.py:3823} INFO - Setting next_dagrun for daily_revenue_etl_dag to 2026-03-31 00:00:00+00:00, run_after=2026-04-01 00:00:00+00:00
[2026-03-31T02:36:22.616+0000] {processor.py:183} INFO - Processing /opt/airflow/dags/daily_revenue_etl_dag.py took 0.111 seconds
[2026-03-31T03:00:27.655+0000] {processor.py:161} INFO - Started process (PID=233) to work on /opt/airflow/dags/daily_revenue_etl_dag.py
[2026-03-31T03:00:27.656+0000] {processor.py:830} INFO - Processing file /opt/airflow/dags/daily_revenue_etl_dag.py for tasks to queue
[2026-03-31T03:00:27.657+0000] {logging_mixin.py:188} INFO - [2026-03-31T03:00:27.657+0000] {dagbag.py:538} INFO - Filling up the DagBag from /opt/airflow/dags/daily_revenue_etl_dag.py
[2026-03-31T03:00:27.689+0000] {processor.py:840} INFO - DAG(s) 'daily_revenue_etl_dag' retrieved from /opt/airflow/dags/daily_revenue_etl_dag.py
[2026-03-31T02:36:48.762+0000] {logging_mixin.py:188} INFO - [2026-03-31T02:36:48.761+0000] {dag.py:3036} INFO - Sync 1 DAGs
[2026-03-31T02:36:48.815+0000] {logging_mixin.py:188} INFO - [2026-03-31T02:36:48.814+0000] {dag.py:3823} INFO - Setting next_dagrun for daily_revenue_etl_dag to 2026-03-31 00:00:00+00:00, run_after=2026-04-01 00:00:00+00:00
[2026-03-31T02:36:48.847+0000] {processor.py:183} INFO - Processing /opt/airflow/dags/daily_revenue_etl_dag.py took 0.163 seconds
[2026-03-31T03:00:30.875+0000] {processor.py:161} INFO - Started process (PID=238) to work on /opt/airflow/dags/daily_revenue_etl_dag.py
[2026-03-31T03:00:30.876+0000] {processor.py:830} INFO - Processing file /opt/airflow/dags/daily_revenue_etl_dag.py for tasks to queue
[2026-03-31T03:00:30.878+0000] {logging_mixin.py:188} INFO - [2026-03-31T03:00:30.877+0000] {dagbag.py:538} INFO - Filling up the DagBag from /opt/airflow/dags/daily_revenue_etl_dag.py
[2026-03-31T03:00:30.906+0000] {processor.py:840} INFO - DAG(s) 'daily_revenue_etl_dag' retrieved from /opt/airflow/dags/daily_revenue_etl_dag.py
[2026-03-31T03:00:30.953+0000] {logging_mixin.py:188} INFO - [2026-03-31T03:00:30.951+0000] {dag.py:3036} INFO - Sync 1 DAGs
[2026-03-31T03:00:30.988+0000] {logging_mixin.py:188} INFO - [2026-03-31T03:00:30.988+0000] {dag.py:3823} INFO - Setting next_dagrun for daily_revenue_etl_dag to 2026-03-31 00:00:00+00:00, run_after=2026-04-01 00:00:00+00:00
[2026-03-31T02:36:52.066+0000] {processor.py:183} INFO - Processing /opt/airflow/dags/daily_revenue_etl_dag.py took 0.156 seconds
[2026-03-31T03:00:35.912+0000] {processor.py:161} INFO - Started process (PID=243) to work on /opt/airflow/dags/daily_revenue_etl_dag.py
[2026-03-31T03:00:35.913+0000] {processor.py:830} INFO - Processing file /opt/airflow/dags/daily_revenue_etl_dag.py for tasks to queue
[2026-03-31T03:00:35.914+0000] {logging_mixin.py:188} INFO - [2026-03-31T03:00:35.913+0000] {dagbag.py:538} INFO - Filling up the DagBag from /opt/airflow/dags/daily_revenue_etl_dag.py
[2026-03-31T03:00:35.934+0000] {processor.py:840} INFO - DAG(s) 'daily_revenue_etl_dag' retrieved from /opt/airflow/dags/daily_revenue_etl_dag.py
[2026-03-31T03:00:35.969+0000] {logging_mixin.py:188} INFO - [2026-03-31T03:00:35.968+0000] {dag.py:3036} INFO - Sync 1 DAGs
[2026-03-31T03:00:36.008+0000] {logging_mixin.py:188} INFO - [2026-03-31T03:00:36.007+0000] {dag.py:3823} INFO - Setting next_dagrun for daily_revenue_etl_dag to 2026-03-31 00:00:00+00:00, run_after=2026-04-01 00:00:00+00:00
[2026-03-31T02:36:57.081+0000] {processor.py:183} INFO - Processing /opt/airflow/dags/daily_revenue_etl_dag.py took 0.137 seconds
[2026-03-31T03:00:40.955+0000] {processor.py:161} INFO - Started process (PID=248) to work on /opt/airflow/dags/daily_revenue_etl_dag.py
[2026-03-31T03:00:40.957+0000] {processor.py:830} INFO - Processing file /opt/airflow/dags/daily_revenue_etl_dag.py for tasks to queue
[2026-03-31T03:00:40.958+0000] {logging_mixin.py:188} INFO - [2026-03-31T03:00:40.958+0000] {dagbag.py:538} INFO - Filling up the DagBag from /opt/airflow/dags/daily_revenue_etl_dag.py
[2026-03-31T03:00:40.978+0000] {processor.py:840} INFO - DAG(s) 'daily_revenue_etl_dag' retrieved from /opt/airflow/dags/daily_revenue_etl_dag.py
[2026-03-31T03:00:41.006+0000] {logging_mixin.py:188} INFO - [2026-03-31T03:00:41.005+0000] {dag.py:3036} INFO - Sync 1 DAGs
[2026-03-31T03:00:41.031+0000] {logging_mixin.py:188} INFO - [2026-03-31T03:00:41.031+0000] {dag.py:3823} INFO - Setting next_dagrun for daily_revenue_etl_dag to 2026-03-31 00:00:00+00:00, run_after=2026-04-01 00:00:00+00:00
[2026-03-31T02:37:02.100+0000] {processor.py:183} INFO - Processing /opt/airflow/dags/daily_revenue_etl_dag.py took 0.108 seconds
[2026-03-31T03:00:46.058+0000] {processor.py:161} INFO - Started process (PID=253) to work on /opt/airflow/dags/daily_revenue_etl_dag.py
[2026-03-31T03:00:46.060+0000] {processor.py:830} INFO - Processing file /opt/airflow/dags/daily_revenue_etl_dag.py for tasks to queue
[2026-03-31T03:00:46.062+0000] {logging_mixin.py:188} INFO - [2026-03-31T03:00:46.062+0000] {dagbag.py:538} INFO - Filling up the DagBag from /opt/airflow/dags/daily_revenue_etl_dag.py
[2026-03-31T02:37:07.152+0000] {processor.py:840} INFO - DAG(s) 'daily_revenue_etl_dag' retrieved from /opt/airflow/dags/daily_revenue_etl_dag.py
[2026-03-31T02:37:07.220+0000] {logging_mixin.py:188} INFO - [2026-03-31T02:37:07.219+0000] {dag.py:3036} INFO - Sync 1 DAGs
[2026-03-31T02:37:07.270+0000] {logging_mixin.py:188} INFO - [2026-03-31T02:37:07.269+0000] {dag.py:3823} INFO - Setting next_dagrun for daily_revenue_etl_dag to 2026-03-31 00:00:00+00:00, run_after=2026-04-01 00:00:00+00:00
[2026-03-31T02:37:07.311+0000] {processor.py:183} INFO - Processing /opt/airflow/dags/daily_revenue_etl_dag.py took 0.235 seconds
[2026-03-31T02:37:37.362+0000] {processor.py:161} INFO - Started process (PID=260) to work on /opt/airflow/dags/daily_revenue_etl_dag.py
[2026-03-31T02:37:37.363+0000] {processor.py:830} INFO - Processing file /opt/airflow/dags/daily_revenue_etl_dag.py for tasks to queue
[2026-03-31T02:37:37.364+0000] {logging_mixin.py:188} INFO - [2026-03-31T02:37:37.364+0000] {dagbag.py:538} INFO - Filling up the DagBag from /opt/airflow/dags/daily_revenue_etl_dag.py
[2026-03-31T02:37:37.382+0000] {processor.py:840} INFO - DAG(s) 'daily_revenue_etl_dag' retrieved from /opt/airflow/dags/daily_revenue_etl_dag.py
[2026-03-31T02:37:37.408+0000] {logging_mixin.py:188} INFO - [2026-03-31T02:37:37.408+0000] {dag.py:3036} INFO - Sync 1 DAGs
[2026-03-31T02:37:37.428+0000] {logging_mixin.py:188} INFO - [2026-03-31T02:37:37.428+0000] {dag.py:3823} INFO - Setting next_dagrun for daily_revenue_etl_dag to 2026-03-31 00:00:00+00:00, run_after=2026-04-01 00:00:00+00:00
[2026-03-31T02:37:37.446+0000] {processor.py:183} INFO - Processing /opt/airflow/dags/daily_revenue_etl_dag.py took 0.088 seconds
[2026-03-31T03:01:27.591+0000] {processor.py:161} INFO - Started process (PID=266) to work on /opt/airflow/dags/daily_revenue_etl_dag.py
[2026-03-31T03:01:27.592+0000] {processor.py:830} INFO - Processing file /opt/airflow/dags/daily_revenue_etl_dag.py for tasks to queue
[2026-03-31T03:01:27.594+0000] {logging_mixin.py:188} INFO - [2026-03-31T03:01:27.593+0000] {dagbag.py:538} INFO - Filling up the DagBag from /opt/airflow/dags/daily_revenue_etl_dag.py
[2026-03-31T03:01:27.623+0000] {processor.py:840} INFO - DAG(s) 'daily_revenue_etl_dag' retrieved from /opt/airflow/dags/daily_revenue_etl_dag.py
[2026-03-31T03:01:27.660+0000] {logging_mixin.py:188} INFO - [2026-03-31T03:01:27.659+0000] {dag.py:3036} INFO - Sync 1 DAGs
[2026-03-31T03:01:27.691+0000] {logging_mixin.py:188} INFO - [2026-03-31T03:01:27.690+0000] {dag.py:3823} INFO - Setting next_dagrun for daily_revenue_etl_dag to 2026-03-31 00:00:00+00:00, run_after=2026-04-01 00:00:00+00:00
[2026-03-31T03:01:27.717+0000] {processor.py:183} INFO - Processing /opt/airflow/dags/daily_revenue_etl_dag.py took 0.133 seconds
[2026-03-31T03:02:16.082+0000] {processor.py:161} INFO - Started process (PID=273) to work on /opt/airflow/dags/daily_revenue_etl_dag.py
[2026-03-31T03:02:16.085+0000] {processor.py:830} INFO - Processing file /opt/airflow/dags/daily_revenue_etl_dag.py for tasks to queue
[2026-03-31T03:02:16.086+0000] {logging_mixin.py:188} INFO - [2026-03-31T03:02:16.086+0000] {dagbag.py:538} INFO - Filling up the DagBag from /opt/airflow/dags/daily_revenue_etl_dag.py
[2026-03-31T03:02:16.117+0000] {processor.py:840} INFO - DAG(s) 'daily_revenue_etl_dag' retrieved from /opt/airflow/dags/daily_revenue_etl_dag.py
[2026-03-31T03:02:16.159+0000] {logging_mixin.py:188} INFO - [2026-03-31T03:02:16.159+0000] {dag.py:3036} INFO - Sync 1 DAGs
[2026-03-31T03:02:16.189+0000] {logging_mixin.py:188} INFO - [2026-03-31T03:02:16.189+0000] {dag.py:3823} INFO - Setting next_dagrun for daily_revenue_etl_dag to 2026-03-31 00:00:00+00:00, run_after=2026-04-01 00:00:00+00:00
[2026-03-31T03:02:16.214+0000] {processor.py:183} INFO - Processing /opt/airflow/dags/daily_revenue_etl_dag.py took 0.140 seconds
[2026-03-31T03:03:27.673+0000] {processor.py:161} INFO - Started process (PID=279) to work on /opt/airflow/dags/daily_revenue_etl_dag.py
[2026-03-31T03:03:27.677+0000] {processor.py:830} INFO - Processing file /opt/airflow/dags/daily_revenue_etl_dag.py for tasks to queue
[2026-03-31T03:03:27.679+0000] {logging_mixin.py:188} INFO - [2026-03-31T03:03:27.679+0000] {dagbag.py:538} INFO - Filling up the DagBag from /opt/airflow/dags/daily_revenue_etl_dag.py
[2026-03-31T03:03:27.719+0000] {processor.py:840} INFO - DAG(s) 'daily_revenue_etl_dag' retrieved from /opt/airflow/dags/daily_revenue_etl_dag.py
[2026-03-31T02:39:48.828+0000] {logging_mixin.py:188} INFO - [2026-03-31T02:39:48.827+0000] {dag.py:3036} INFO - Sync 1 DAGs
[2026-03-31T02:39:48.889+0000] {logging_mixin.py:188} INFO - [2026-03-31T02:39:48.889+0000] {dag.py:3823} INFO - Setting next_dagrun for daily_revenue_etl_dag to 2026-03-31 00:00:00+00:00, run_after=2026-04-01 00:00:00+00:00
[2026-03-31T02:39:48.928+0000] {processor.py:183} INFO - Processing /opt/airflow/dags/daily_revenue_etl_dag.py took 0.239 seconds
[2026-03-31T02:40:19.238+0000] {processor.py:161} INFO - Started process (PID=284) to work on /opt/airflow/dags/daily_revenue_etl_dag.py
[2026-03-31T02:40:19.241+0000] {processor.py:830} INFO - Processing file /opt/airflow/dags/daily_revenue_etl_dag.py for tasks to queue
[2026-03-31T02:40:19.244+0000] {logging_mixin.py:188} INFO - [2026-03-31T02:40:19.243+0000] {dagbag.py:538} INFO - Filling up the DagBag from /opt/airflow/dags/daily_revenue_etl_dag.py
[2026-03-31T02:40:19.306+0000] {processor.py:840} INFO - DAG(s) 'daily_revenue_etl_dag' retrieved from /opt/airflow/dags/daily_revenue_etl_dag.py
[2026-03-31T02:40:19.379+0000] {logging_mixin.py:188} INFO - [2026-03-31T02:40:19.377+0000] {dag.py:3036} INFO - Sync 1 DAGs
[2026-03-31T02:40:19.461+0000] {logging_mixin.py:188} INFO - [2026-03-31T02:40:19.461+0000] {dag.py:3823} INFO - Setting next_dagrun for daily_revenue_etl_dag to 2026-03-31 00:00:00+00:00, run_after=2026-04-01 00:00:00+00:00
[2026-03-31T02:40:19.522+0000] {processor.py:183} INFO - Processing /opt/airflow/dags/daily_revenue_etl_dag.py took 0.301 seconds
[2026-03-31T03:04:26.315+0000] {processor.py:161} INFO - Started process (PID=289) to work on /opt/airflow/dags/daily_revenue_etl_dag.py
[2026-03-31T03:04:26.316+0000] {processor.py:830} INFO - Processing file /opt/airflow/dags/daily_revenue_etl_dag.py for tasks to queue
[2026-03-31T03:04:26.317+0000] {logging_mixin.py:188} INFO - [2026-03-31T03:04:26.317+0000] {dagbag.py:538} INFO - Filling up the DagBag from /opt/airflow/dags/daily_revenue_etl_dag.py
[2026-03-31T03:04:26.334+0000] {processor.py:840} INFO - DAG(s) 'daily_revenue_etl_dag' retrieved from /opt/airflow/dags/daily_revenue_etl_dag.py
[2026-03-31T03:04:26.356+0000] {logging_mixin.py:188} INFO - [2026-03-31T03:04:26.356+0000] {dag.py:3036} INFO - Sync 1 DAGs
[2026-03-31T03:04:26.376+0000] {logging_mixin.py:188} INFO - [2026-03-31T03:04:26.376+0000] {dag.py:3823} INFO - Setting next_dagrun for daily_revenue_etl_dag to 2026-03-31 00:00:00+00:00, run_after=2026-04-01 00:00:00+00:00
[2026-03-31T03:04:26.395+0000] {processor.py:183} INFO - Processing /opt/airflow/dags/daily_revenue_etl_dag.py took 0.083 seconds
[2026-03-31T03:04:56.509+0000] {processor.py:161} INFO - Started process (PID=294) to work on /opt/airflow/dags/daily_revenue_etl_dag.py
[2026-03-31T03:04:56.510+0000] {processor.py:830} INFO - Processing file /opt/airflow/dags/daily_revenue_etl_dag.py for tasks to queue
[2026-03-31T03:04:56.512+0000] {logging_mixin.py:188} INFO - [2026-03-31T03:04:56.511+0000] {dagbag.py:538} INFO - Filling up the DagBag from /opt/airflow/dags/daily_revenue_etl_dag.py
[2026-03-31T03:04:56.531+0000] {processor.py:840} INFO - DAG(s) 'daily_revenue_etl_dag' retrieved from /opt/airflow/dags/daily_revenue_etl_dag.py
[2026-03-31T03:04:56.556+0000] {logging_mixin.py:188} INFO - [2026-03-31T03:04:56.556+0000] {dag.py:3036} INFO - Sync 1 DAGs
[2026-03-31T02:41:17.604+0000] {logging_mixin.py:188} INFO - [2026-03-31T02:41:17.604+0000] {dag.py:3823} INFO - Setting next_dagrun for daily_revenue_etl_dag to 2026-03-31 00:00:00+00:00, run_after=2026-04-01 00:00:00+00:00
[2026-03-31T02:41:17.621+0000] {processor.py:183} INFO - Processing /opt/airflow/dags/daily_revenue_etl_dag.py took 0.090 seconds
[2026-03-31T03:04:57.622+0000] {processor.py:161} INFO - Started process (PID=299) to work on /opt/airflow/dags/daily_revenue_etl_dag.py
[2026-03-31T03:04:57.623+0000] {processor.py:830} INFO - Processing file /opt/airflow/dags/daily_revenue_etl_dag.py for tasks to queue
[2026-03-31T03:04:57.624+0000] {logging_mixin.py:188} INFO - [2026-03-31T03:04:57.624+0000] {dagbag.py:538} INFO - Filling up the DagBag from /opt/airflow/dags/daily_revenue_etl_dag.py
[2026-03-31T03:04:57.640+0000] {processor.py:840} INFO - DAG(s) 'daily_revenue_etl_dag' retrieved from /opt/airflow/dags/daily_revenue_etl_dag.py
[2026-03-31T03:04:57.664+0000] {logging_mixin.py:188} INFO - [2026-03-31T03:04:57.664+0000] {dag.py:3036} INFO - Sync 1 DAGs
[2026-03-31T03:04:57.682+0000] {logging_mixin.py:188} INFO - [2026-03-31T03:04:57.682+0000] {dag.py:3823} INFO - Setting next_dagrun for daily_revenue_etl_dag to 2026-03-31 00:00:00+00:00, run_after=2026-04-01 00:00:00+00:00
[2026-03-31T03:04:57.700+0000] {processor.py:183} INFO - Processing /opt/airflow/dags/daily_revenue_etl_dag.py took 0.081 seconds
