[2026-03-27T02:56:36.159+0000] {taskinstance.py:1956} INFO - Dependencies all met for dep_context=non-requeueable deps ti=<TaskInstance: Financial_risk_assessment_to_dw.run_ml_risk_data manual__2026-03-27T02:56:20.944947+00:00 [queued]>
[2026-03-27T02:56:36.173+0000] {taskinstance.py:1956} INFO - Dependencies all met for dep_context=requeueable deps ti=<TaskInstance: Financial_risk_assessment_to_dw.run_ml_risk_data manual__2026-03-27T02:56:20.944947+00:00 [queued]>
[2026-03-27T02:56:36.174+0000] {taskinstance.py:2170} INFO - Starting attempt 1 of 3
[2026-03-27T02:56:36.195+0000] {taskinstance.py:2191} INFO - Executing <Task(BashOperator): run_ml_risk_data> on 2026-03-27 02:56:20.944947+00:00
[2026-03-27T02:56:36.206+0000] {standard_task_runner.py:60} INFO - Started process 442 to run task
[2026-03-27T02:56:36.212+0000] {standard_task_runner.py:87} INFO - Running: ['airflow', 'tasks', 'run', 'Financial_risk_assessment_to_dw', 'run_ml_risk_data', 'manual__2026-03-27T02:56:20.944947+00:00', '--job-id', '5', '--raw', '--subdir', 'DAGS_FOLDER/etl_dags.py', '--cfg-path', '/tmp/tmp4fqv9ls2']
[2026-03-27T02:56:36.216+0000] {standard_task_runner.py:88} INFO - Job 5: Subtask run_ml_risk_data
[2026-03-27T02:56:36.318+0000] {task_command.py:423} INFO - Running <TaskInstance: Financial_risk_assessment_to_dw.run_ml_risk_data manual__2026-03-27T02:56:20.944947+00:00 [running]> on host a32e1af7087d
[2026-03-27T02:56:36.434+0000] {taskinstance.py:2480} INFO - Exporting env vars: AIRFLOW_CTX_DAG_OWNER='hieubtt' AIRFLOW_CTX_DAG_ID='Financial_risk_assessment_to_dw' AIRFLOW_CTX_TASK_ID='run_ml_risk_data' AIRFLOW_CTX_EXECUTION_DATE='2026-03-27T02:56:20.944947+00:00' AIRFLOW_CTX_TRY_NUMBER='1' AIRFLOW_CTX_DAG_RUN_ID='manual__2026-03-27T02:56:20.944947+00:00'
[2026-03-27T02:56:36.436+0000] {subprocess.py:63} INFO - Tmp dir root location: /tmp
[2026-03-27T02:56:36.437+0000] {subprocess.py:75} INFO - Running command: ['/usr/bin/bash', '-c', 'python /opt/airflow/scripts/train_risk_model.py']
[2026-03-27T02:56:36.461+0000] {subprocess.py:86} INFO - Output:
[2026-03-27T02:56:41.025+0000] {subprocess.py:93} INFO - /opt/airflow/scripts/train_risk_model.py:30: UserWarning: pandas only supports SQLAlchemy connectable (engine/connection) or database string URI or sqlite3 DBAPI2 connection. Other DBAPI2 objects are not tested. Please consider using SQLAlchemy.
[2026-03-27T02:56:41.026+0000] {subprocess.py:93} INFO -   df = pd.read_sql(query, conn)
[2026-03-27T02:56:41.027+0000] {subprocess.py:93} INFO - Loading data from DB...
[2026-03-27T02:56:41.027+0000] {subprocess.py:93} INFO - Creating label...
[2026-03-27T02:56:41.028+0000] {subprocess.py:93} INFO - Training model...
[2026-03-27T02:56:41.029+0000] {subprocess.py:93} INFO - Predicting risk...
[2026-03-27T02:56:41.029+0000] {subprocess.py:93} INFO - Saving to DB...
[2026-03-27T02:56:41.030+0000] {subprocess.py:93} INFO - DONE!
[2026-03-27T02:56:41.281+0000] {subprocess.py:97} INFO - Command exited with return code 0
[2026-03-27T02:56:41.311+0000] {taskinstance.py:1138} INFO - Marking task as SUCCESS. dag_id=Financial_risk_assessment_to_dw, task_id=run_ml_risk_data, execution_date=20260327T025620, start_date=20260327T025636, end_date=20260327T025641
[2026-03-27T02:56:41.362+0000] {local_task_job_runner.py:234} INFO - Task exited with return code 0
[2026-03-27T02:56:41.394+0000] {taskinstance.py:3280} INFO - 1 downstream tasks scheduled from follow-on schedule check
