[2026-03-24T07:25:30.551+0000] {taskinstance.py:1956} INFO - Dependencies all met for dep_context=non-requeueable deps ti=<TaskInstance: Financial_risk_assessment_to_dw.run_ml_risk_data manual__2026-03-24T07:24:40.451453+00:00 [queued]>
[2026-03-24T07:25:30.559+0000] {taskinstance.py:1956} INFO - Dependencies all met for dep_context=requeueable deps ti=<TaskInstance: Financial_risk_assessment_to_dw.run_ml_risk_data manual__2026-03-24T07:24:40.451453+00:00 [queued]>
[2026-03-24T07:25:30.560+0000] {taskinstance.py:2170} INFO - Starting attempt 1 of 3
[2026-03-24T07:25:30.572+0000] {taskinstance.py:2191} INFO - Executing <Task(BashOperator): run_ml_risk_data> on 2026-03-24 07:24:40.451453+00:00
[2026-03-24T07:25:30.578+0000] {standard_task_runner.py:60} INFO - Started process 2186 to run task
[2026-03-24T07:25:30.582+0000] {standard_task_runner.py:87} INFO - Running: ['airflow', 'tasks', 'run', 'Financial_risk_assessment_to_dw', 'run_ml_risk_data', 'manual__2026-03-24T07:24:40.451453+00:00', '--job-id', '30', '--raw', '--subdir', 'DAGS_FOLDER/etl_dags.py', '--cfg-path', '/tmp/tmp88fz7l2b']
[2026-03-24T07:25:30.584+0000] {standard_task_runner.py:88} INFO - Job 30: Subtask run_ml_risk_data
[2026-03-24T07:25:30.657+0000] {task_command.py:423} INFO - Running <TaskInstance: Financial_risk_assessment_to_dw.run_ml_risk_data manual__2026-03-24T07:24:40.451453+00:00 [running]> on host 4da2f79085cf
[2026-03-24T07:25:30.743+0000] {taskinstance.py:2480} INFO - Exporting env vars: AIRFLOW_CTX_DAG_OWNER='hieubtt' AIRFLOW_CTX_DAG_ID='Financial_risk_assessment_to_dw' AIRFLOW_CTX_TASK_ID='run_ml_risk_data' AIRFLOW_CTX_EXECUTION_DATE='2026-03-24T07:24:40.451453+00:00' AIRFLOW_CTX_TRY_NUMBER='1' AIRFLOW_CTX_DAG_RUN_ID='manual__2026-03-24T07:24:40.451453+00:00'
[2026-03-24T07:25:30.745+0000] {subprocess.py:63} INFO - Tmp dir root location: /tmp
[2026-03-24T07:25:30.746+0000] {subprocess.py:75} INFO - Running command: ['/usr/bin/bash', '-c', 'python /opt/airflow/scripts/train_risk_model.py']
[2026-03-24T07:25:30.760+0000] {subprocess.py:86} INFO - Output:
[2026-03-24T07:25:31.332+0000] {subprocess.py:93} INFO - Traceback (most recent call last):
[2026-03-24T07:25:31.333+0000] {subprocess.py:93} INFO -   File "/opt/airflow/scripts/train_risk_model.py", line 5, in <module>
[2026-03-24T07:25:31.333+0000] {subprocess.py:93} INFO -     from sklearn.ensemble import RandomForestRegressor
[2026-03-24T07:25:31.334+0000] {subprocess.py:93} INFO - ModuleNotFoundError: No module named 'sklearn'
[2026-03-24T07:25:31.396+0000] {subprocess.py:97} INFO - Command exited with return code 1
[2026-03-24T07:25:31.405+0000] {taskinstance.py:2698} ERROR - Task failed with exception
Traceback (most recent call last):
  File "/home/airflow/.local/lib/python3.8/site-packages/airflow/models/taskinstance.py", line 433, in _execute_task
    result = execute_callable(context=context, **execute_callable_kwargs)
  File "/home/airflow/.local/lib/python3.8/site-packages/airflow/operators/bash.py", line 212, in execute
    raise AirflowException(
airflow.exceptions.AirflowException: Bash command failed. The command returned a non-zero exit code 1.
[2026-03-24T07:25:31.409+0000] {taskinstance.py:1138} INFO - Marking task as UP_FOR_RETRY. dag_id=Financial_risk_assessment_to_dw, task_id=run_ml_risk_data, execution_date=20260324T072440, start_date=20260324T072530, end_date=20260324T072531
[2026-03-24T07:25:31.419+0000] {standard_task_runner.py:107} ERROR - Failed to execute job 30 for task run_ml_risk_data (Bash command failed. The command returned a non-zero exit code 1.; 2186)
[2026-03-24T07:25:31.441+0000] {local_task_job_runner.py:234} INFO - Task exited with return code 1
[2026-03-24T07:25:31.462+0000] {taskinstance.py:3280} INFO - 0 downstream tasks scheduled from follow-on schedule check
