[2026-03-20T09:53:53.594+0000] {taskinstance.py:1956} INFO - Dependencies all met for dep_context=non-requeueable deps ti=<TaskInstance: saleFinancial_risk_assessment_to_dw.run_etl manual__2026-03-20T09:53:51.345579+00:00 [queued]>
[2026-03-20T09:53:53.621+0000] {taskinstance.py:1956} INFO - Dependencies all met for dep_context=requeueable deps ti=<TaskInstance: saleFinancial_risk_assessment_to_dw.run_etl manual__2026-03-20T09:53:51.345579+00:00 [queued]>
[2026-03-20T09:53:53.622+0000] {taskinstance.py:2170} INFO - Starting attempt 1 of 3
[2026-03-20T09:53:53.637+0000] {taskinstance.py:2191} INFO - Executing <Task(BashOperator): run_etl> on 2026-03-20 09:53:51.345579+00:00
[2026-03-20T09:53:53.643+0000] {standard_task_runner.py:60} INFO - Started process 230 to run task
[2026-03-20T09:53:53.648+0000] {standard_task_runner.py:87} INFO - Running: ['airflow', 'tasks', 'run', 'saleFinancial_risk_assessment_to_dw', 'run_etl', 'manual__2026-03-20T09:53:51.345579+00:00', '--job-id', '2', '--raw', '--subdir', 'DAGS_FOLDER/etl_dags.py', '--cfg-path', '/tmp/tmp9y4qus7y']
[2026-03-20T09:53:53.651+0000] {standard_task_runner.py:88} INFO - Job 2: Subtask run_etl
[2026-03-20T09:53:53.725+0000] {task_command.py:423} INFO - Running <TaskInstance: saleFinancial_risk_assessment_to_dw.run_etl manual__2026-03-20T09:53:51.345579+00:00 [running]> on host 695b13f144c9
[2026-03-20T09:53:53.807+0000] {taskinstance.py:2480} INFO - Exporting env vars: AIRFLOW_CTX_DAG_OWNER='hieubtt' AIRFLOW_CTX_DAG_ID='saleFinancial_risk_assessment_to_dw' AIRFLOW_CTX_TASK_ID='run_etl' AIRFLOW_CTX_EXECUTION_DATE='2026-03-20T09:53:51.345579+00:00' AIRFLOW_CTX_TRY_NUMBER='1' AIRFLOW_CTX_DAG_RUN_ID='manual__2026-03-20T09:53:51.345579+00:00'
[2026-03-20T09:53:53.809+0000] {subprocess.py:63} INFO - Tmp dir root location: /tmp
[2026-03-20T09:53:53.810+0000] {subprocess.py:75} INFO - Running command: ['/usr/bin/bash', '-c', 'python /opt/airflow/scripts/extract_fin_risk_csv.py']
[2026-03-20T09:53:53.819+0000] {subprocess.py:86} INFO - Output:
[2026-03-20T09:53:58.288+0000] {subprocess.py:93} INFO - Đã chạy được lần 1 1000 dòng dữ liệu và hiện đang tiếp tục ...
[2026-03-20T09:53:58.290+0000] {subprocess.py:93} INFO - Đã chạy được lần 2 1000 dòng dữ liệu và hiện đang tiếp tục ...
[2026-03-20T09:53:58.292+0000] {subprocess.py:93} INFO - Đã chạy được lần 3 1000 dòng dữ liệu và hiện đang tiếp tục ...
[2026-03-20T09:53:58.294+0000] {subprocess.py:93} INFO - Đã chạy được lần 4 1000 dòng dữ liệu và hiện đang tiếp tục ...
[2026-03-20T09:53:58.294+0000] {subprocess.py:93} INFO - Đã chạy được lần 5 1000 dòng dữ liệu và hiện đang tiếp tục ...
[2026-03-20T09:53:58.297+0000] {subprocess.py:93} INFO - Đã chạy được lần 6 1000 dòng dữ liệu và hiện đang tiếp tục ...
[2026-03-20T09:53:58.299+0000] {subprocess.py:93} INFO - Đã chạy được lần 7 1000 dòng dữ liệu và hiện đang tiếp tục ...
[2026-03-20T09:53:58.300+0000] {subprocess.py:93} INFO - Đã chạy được lần 8 1000 dòng dữ liệu và hiện đang tiếp tục ...
[2026-03-20T09:53:58.301+0000] {subprocess.py:93} INFO - Đã chạy được lần 9 1000 dòng dữ liệu và hiện đang tiếp tục ...
[2026-03-20T09:53:58.302+0000] {subprocess.py:93} INFO - Đã chạy được lần 10 1000 dòng dữ liệu và hiện đang tiếp tục ...
[2026-03-20T09:53:58.303+0000] {subprocess.py:93} INFO - Đã chạy được lần 11 1000 dòng dữ liệu và hiện đang tiếp tục ...
[2026-03-20T09:53:58.303+0000] {subprocess.py:93} INFO - Đã chạy được lần 12 1000 dòng dữ liệu và hiện đang tiếp tục ...
[2026-03-20T09:53:58.304+0000] {subprocess.py:93} INFO - Đã chạy được lần 13 1000 dòng dữ liệu và hiện đang tiếp tục ...
[2026-03-20T09:53:58.304+0000] {subprocess.py:93} INFO - Đã chạy được lần 14 1000 dòng dữ liệu và hiện đang tiếp tục ...
[2026-03-20T09:53:58.305+0000] {subprocess.py:93} INFO - Đã chạy được lần 15 1000 dòng dữ liệu và hiện đang tiếp tục ...
[2026-03-20T09:53:58.306+0000] {subprocess.py:93} INFO - Database 'fin_etl_db' created.
[2026-03-20T09:53:58.308+0000] {subprocess.py:93} INFO - ETL FAILED | RUN_ID=RUN_e3cfa9fd | ERROR=unterminated quoted string at or near "'
[2026-03-20T09:53:58.308+0000] {subprocess.py:93} INFO -     ALTER TABLE fin_risk_assessment ADD COLUMN id SERIAL PRIMARY KEY;
[2026-03-20T09:53:58.309+0000] {subprocess.py:93} INFO - "
[2026-03-20T09:53:58.309+0000] {subprocess.py:93} INFO - LINE 1: '
[2026-03-20T09:53:58.310+0000] {subprocess.py:93} INFO -         ^
[2026-03-20T09:53:58.311+0000] {subprocess.py:93} INFO - 
[2026-03-20T09:53:58.396+0000] {subprocess.py:97} INFO - Command exited with return code 0
[2026-03-20T09:53:58.442+0000] {taskinstance.py:1138} INFO - Marking task as SUCCESS. dag_id=saleFinancial_risk_assessment_to_dw, task_id=run_etl, execution_date=20260320T095351, start_date=20260320T095353, end_date=20260320T095358
[2026-03-20T09:53:58.481+0000] {local_task_job_runner.py:234} INFO - Task exited with return code 0
[2026-03-20T09:53:58.506+0000] {taskinstance.py:3280} INFO - 1 downstream tasks scheduled from follow-on schedule check
