[2026-03-31T05:53:23.859+0000] {taskinstance.py:1956} INFO - Dependencies all met for dep_context=non-requeueable deps ti=<TaskInstance: Financial_risk_assessment_to_dw.run_clean_data manual__2026-03-31T05:53:16.266309+00:00 [queued]>
[2026-03-31T05:53:23.865+0000] {taskinstance.py:1956} INFO - Dependencies all met for dep_context=requeueable deps ti=<TaskInstance: Financial_risk_assessment_to_dw.run_clean_data manual__2026-03-31T05:53:16.266309+00:00 [queued]>
[2026-03-31T05:53:23.866+0000] {taskinstance.py:2170} INFO - Starting attempt 1 of 3
[2026-03-31T05:53:23.875+0000] {taskinstance.py:2191} INFO - Executing <Task(BashOperator): run_clean_data> on 2026-03-31 05:53:16.266309+00:00
[2026-03-31T05:53:23.879+0000] {standard_task_runner.py:60} INFO - Started process 418 to run task
[2026-03-31T05:53:23.882+0000] {standard_task_runner.py:87} INFO - Running: ['airflow', 'tasks', 'run', 'Financial_risk_assessment_to_dw', 'run_clean_data', 'manual__2026-03-31T05:53:16.266309+00:00', '--job-id', '8', '--raw', '--subdir', 'DAGS_FOLDER/etl_dags.py', '--cfg-path', '/tmp/tmprsqc1tie']
[2026-03-31T05:53:23.884+0000] {standard_task_runner.py:88} INFO - Job 8: Subtask run_clean_data
[2026-03-31T05:53:23.934+0000] {task_command.py:423} INFO - Running <TaskInstance: Financial_risk_assessment_to_dw.run_clean_data manual__2026-03-31T05:53:16.266309+00:00 [running]> on host d96761ba82ac
[2026-03-31T05:53:24.000+0000] {taskinstance.py:2480} INFO - Exporting env vars: AIRFLOW_CTX_DAG_OWNER='hieubtt' AIRFLOW_CTX_DAG_ID='Financial_risk_assessment_to_dw' AIRFLOW_CTX_TASK_ID='run_clean_data' AIRFLOW_CTX_EXECUTION_DATE='2026-03-31T05:53:16.266309+00:00' AIRFLOW_CTX_TRY_NUMBER='1' AIRFLOW_CTX_DAG_RUN_ID='manual__2026-03-31T05:53:16.266309+00:00'
[2026-03-31T05:53:24.001+0000] {subprocess.py:63} INFO - Tmp dir root location: /tmp
[2026-03-31T05:53:24.002+0000] {subprocess.py:75} INFO - Running command: ['/usr/bin/bash', '-c', 'python /opt/airflow/scripts/clean_data_fin.py']
[2026-03-31T05:53:24.010+0000] {subprocess.py:86} INFO - Output:
[2026-03-31T05:53:33.692+0000] {subprocess.py:93} INFO - /opt/airflow/scripts/clean_data_fin.py:32: UserWarning: pandas only supports SQLAlchemy connectable (engine/connection) or database string URI or sqlite3 DBAPI2 connection. Other DBAPI2 objects are not tested. Please consider using SQLAlchemy.
[2026-03-31T05:53:33.693+0000] {subprocess.py:93} INFO -   df_errors = pd.read_sql(SQL_NULL_DATA, conn)
[2026-03-31T05:53:33.694+0000] {subprocess.py:93} INFO - Số dòng cần xử lý: 4136
[2026-03-31T05:53:33.695+0000] {subprocess.py:93} INFO - ETL PASSED | RUN_ID=RUN_a5619fc9
[2026-03-31T05:53:33.695+0000] {subprocess.py:93} INFO - Đã cập nhật thành công 4136 dòng về giá trị 0.
[2026-03-31T05:53:33.739+0000] {subprocess.py:97} INFO - Command exited with return code 0
[2026-03-31T05:53:33.759+0000] {taskinstance.py:1138} INFO - Marking task as SUCCESS. dag_id=Financial_risk_assessment_to_dw, task_id=run_clean_data, execution_date=20260331T055316, start_date=20260331T055323, end_date=20260331T055333
[2026-03-31T05:53:33.782+0000] {local_task_job_runner.py:234} INFO - Task exited with return code 0
[2026-03-31T05:53:33.801+0000] {taskinstance.py:3280} INFO - 0 downstream tasks scheduled from follow-on schedule check
