[2026-04-28T02:59:37.601+0000] {taskinstance.py:1956} INFO - Dependencies all met for dep_context=non-requeueable deps ti=<TaskInstance: daily_revenue_etl_dag.run_daily_revenue_etl scheduled__2026-04-23T00:00:00+00:00 [queued]>
[2026-04-28T02:59:37.610+0000] {taskinstance.py:1956} INFO - Dependencies all met for dep_context=requeueable deps ti=<TaskInstance: daily_revenue_etl_dag.run_daily_revenue_etl scheduled__2026-04-23T00:00:00+00:00 [queued]>
[2026-04-28T02:59:37.611+0000] {taskinstance.py:2170} INFO - Starting attempt 3 of 3
[2026-04-28T02:59:37.628+0000] {taskinstance.py:2191} INFO - Executing <Task(BashOperator): run_daily_revenue_etl> on 2026-04-23 00:00:00+00:00
[2026-04-28T02:59:37.633+0000] {standard_task_runner.py:60} INFO - Started process 204 to run task
[2026-04-28T02:59:37.638+0000] {standard_task_runner.py:87} INFO - Running: ['airflow', 'tasks', 'run', 'daily_revenue_etl_dag', 'run_daily_revenue_etl', 'scheduled__2026-04-23T00:00:00+00:00', '--job-id', '106', '--raw', '--subdir', 'DAGS_FOLDER/daily_revenue_etl_dag.py', '--cfg-path', '/tmp/tmpd34m5_by']
[2026-04-28T02:59:37.640+0000] {standard_task_runner.py:88} INFO - Job 106: Subtask run_daily_revenue_etl
[2026-04-28T02:59:37.716+0000] {task_command.py:423} INFO - Running <TaskInstance: daily_revenue_etl_dag.run_daily_revenue_etl scheduled__2026-04-23T00:00:00+00:00 [running]> on host 7b2f29a9447f
[2026-04-28T02:59:37.807+0000] {taskinstance.py:2480} INFO - Exporting env vars: AIRFLOW_CTX_DAG_OWNER='data_engineer_hieubtt' AIRFLOW_CTX_DAG_ID='daily_revenue_etl_dag' AIRFLOW_CTX_TASK_ID='run_daily_revenue_etl' AIRFLOW_CTX_EXECUTION_DATE='2026-04-23T00:00:00+00:00' AIRFLOW_CTX_TRY_NUMBER='3' AIRFLOW_CTX_DAG_RUN_ID='scheduled__2026-04-23T00:00:00+00:00'
[2026-04-28T02:59:37.809+0000] {subprocess.py:63} INFO - Tmp dir root location: /tmp
[2026-04-28T02:59:37.810+0000] {subprocess.py:75} INFO - Running command: ['/usr/bin/bash', '-c', 'python /opt/airflow/scripts/daily_revenue_etl.py']
[2026-04-28T02:59:37.820+0000] {subprocess.py:86} INFO - Output:
[2026-04-28T03:00:02.979+0000] {subprocess.py:93} INFO - Retry connect DB 1/5 ... connection to server at "postgres_airflow" (172.18.0.2), port 5432 failed: FATAL:  database "dvdrental" does not exist
[2026-04-28T03:00:02.980+0000] {subprocess.py:93} INFO - 
[2026-04-28T03:00:02.981+0000] {subprocess.py:93} INFO - Retry connect DB 2/5 ... connection to server at "postgres_airflow" (172.18.0.2), port 5432 failed: FATAL:  database "dvdrental" does not exist
[2026-04-28T03:00:02.981+0000] {subprocess.py:93} INFO - 
[2026-04-28T03:00:02.982+0000] {subprocess.py:93} INFO - Retry connect DB 3/5 ... connection to server at "postgres_airflow" (172.18.0.2), port 5432 failed: FATAL:  database "dvdrental" does not exist
[2026-04-28T03:00:02.982+0000] {subprocess.py:93} INFO - 
[2026-04-28T03:00:02.982+0000] {subprocess.py:93} INFO - Retry connect DB 4/5 ... connection to server at "postgres_airflow" (172.18.0.2), port 5432 failed: FATAL:  database "dvdrental" does not exist
[2026-04-28T03:00:02.983+0000] {subprocess.py:93} INFO - 
[2026-04-28T03:00:02.983+0000] {subprocess.py:93} INFO - Retry connect DB 5/5 ... connection to server at "postgres_airflow" (172.18.0.2), port 5432 failed: FATAL:  database "dvdrental" does not exist
[2026-04-28T03:00:02.983+0000] {subprocess.py:93} INFO - 
[2026-04-28T03:00:02.991+0000] {subprocess.py:93} INFO - Traceback (most recent call last):
[2026-04-28T03:00:02.995+0000] {subprocess.py:93} INFO -   File "/opt/airflow/scripts/daily_revenue_etl.py", line 31, in run_etl
[2026-04-28T03:00:02.995+0000] {subprocess.py:93} INFO -     conn = connect_db()
[2026-04-28T03:00:02.996+0000] {subprocess.py:93} INFO -   File "/opt/airflow/scripts/daily_revenue_etl.py", line 22, in connect_db
[2026-04-28T03:00:02.996+0000] {subprocess.py:93} INFO -     raise Exception("Khong the ket noi PostgreSQL")
[2026-04-28T03:00:02.997+0000] {subprocess.py:93} INFO - Exception: Khong the ket noi PostgreSQL
[2026-04-28T03:00:02.998+0000] {subprocess.py:93} INFO - 
[2026-04-28T03:00:02.998+0000] {subprocess.py:93} INFO - During handling of the above exception, another exception occurred:
[2026-04-28T03:00:02.999+0000] {subprocess.py:93} INFO - 
[2026-04-28T03:00:02.999+0000] {subprocess.py:93} INFO - Traceback (most recent call last):
[2026-04-28T03:00:03.000+0000] {subprocess.py:93} INFO -   File "/opt/airflow/scripts/daily_revenue_etl.py", line 94, in <module>
[2026-04-28T03:00:03.000+0000] {subprocess.py:93} INFO -     run_etl()
[2026-04-28T03:00:03.000+0000] {subprocess.py:93} INFO -   File "/opt/airflow/scripts/daily_revenue_etl.py", line 83, in run_etl
[2026-04-28T03:00:03.001+0000] {subprocess.py:93} INFO -     raise Exception(f"ETL pipeline loi: {e}")
[2026-04-28T03:00:03.001+0000] {subprocess.py:93} INFO - Exception: ETL pipeline loi: Khong the ket noi PostgreSQL
[2026-04-28T03:00:03.002+0000] {subprocess.py:97} INFO - Command exited with return code 1
[2026-04-28T03:00:03.014+0000] {taskinstance.py:2698} ERROR - Task failed with exception
Traceback (most recent call last):
  File "/home/airflow/.local/lib/python3.8/site-packages/airflow/models/taskinstance.py", line 433, in _execute_task
    result = execute_callable(context=context, **execute_callable_kwargs)
  File "/home/airflow/.local/lib/python3.8/site-packages/airflow/operators/bash.py", line 212, in execute
    raise AirflowException(
airflow.exceptions.AirflowException: Bash command failed. The command returned a non-zero exit code 1.
[2026-04-28T03:00:03.020+0000] {taskinstance.py:1138} INFO - Marking task as FAILED. dag_id=daily_revenue_etl_dag, task_id=run_daily_revenue_etl, execution_date=20260423T000000, start_date=20260428T025937, end_date=20260428T030003
[2026-04-28T03:00:03.037+0000] {standard_task_runner.py:107} ERROR - Failed to execute job 106 for task run_daily_revenue_etl (Bash command failed. The command returned a non-zero exit code 1.; 204)
[2026-04-28T03:00:03.069+0000] {local_task_job_runner.py:234} INFO - Task exited with return code 1
[2026-04-28T03:00:03.090+0000] {taskinstance.py:3280} INFO - 0 downstream tasks scheduled from follow-on schedule check
