[2026-03-27T08:21:22.344+0000] {taskinstance.py:1956} INFO - Dependencies all met for dep_context=non-requeueable deps ti=<TaskInstance: Financial_risk_assessment_to_dw.run_mail_risk_data manual__2026-03-27T07:57:09.900545+00:00 [queued]>
[2026-03-27T08:21:22.356+0000] {taskinstance.py:1956} INFO - Dependencies all met for dep_context=requeueable deps ti=<TaskInstance: Financial_risk_assessment_to_dw.run_mail_risk_data manual__2026-03-27T07:57:09.900545+00:00 [queued]>
[2026-03-27T08:21:22.357+0000] {taskinstance.py:2170} INFO - Starting attempt 2 of 3
[2026-03-27T08:21:22.372+0000] {taskinstance.py:2191} INFO - Executing <Task(BashOperator): run_mail_risk_data> on 2026-03-27 07:57:09.900545+00:00
[2026-03-27T08:21:22.380+0000] {standard_task_runner.py:60} INFO - Started process 397 to run task
[2026-03-27T08:21:22.384+0000] {standard_task_runner.py:87} INFO - Running: ['airflow', 'tasks', 'run', 'Financial_risk_assessment_to_dw', 'run_mail_risk_data', 'manual__2026-03-27T07:57:09.900545+00:00', '--job-id', '7', '--raw', '--subdir', 'DAGS_FOLDER/etl_dags.py', '--cfg-path', '/tmp/tmp6fj12y6c']
[2026-03-27T08:21:22.388+0000] {standard_task_runner.py:88} INFO - Job 7: Subtask run_mail_risk_data
[2026-03-27T07:57:50.105+0000] {task_command.py:423} INFO - Running <TaskInstance: Financial_risk_assessment_to_dw.run_mail_risk_data manual__2026-03-27T07:57:09.900545+00:00 [running]> on host 33a92ba1f2c5
[2026-03-27T07:57:50.276+0000] {taskinstance.py:2480} INFO - Exporting env vars: AIRFLOW_CTX_DAG_OWNER='hieubtt' AIRFLOW_CTX_DAG_ID='Financial_risk_assessment_to_dw' AIRFLOW_CTX_TASK_ID='run_mail_risk_data' AIRFLOW_CTX_EXECUTION_DATE='2026-03-27T07:57:09.900545+00:00' AIRFLOW_CTX_TRY_NUMBER='2' AIRFLOW_CTX_DAG_RUN_ID='manual__2026-03-27T07:57:09.900545+00:00'
[2026-03-27T07:57:50.280+0000] {subprocess.py:63} INFO - Tmp dir root location: /tmp
[2026-03-27T07:57:50.283+0000] {subprocess.py:75} INFO - Running command: ['/usr/bin/bash', '-c', 'python /opt/airflow/scripts/Mail_Risk_Score.py']
[2026-03-27T07:57:50.317+0000] {subprocess.py:86} INFO - Output:
[2026-03-27T08:21:28.994+0000] {subprocess.py:93} INFO - /opt/airflow/scripts/Mail_Risk_Score.py:22: FutureWarning:
[2026-03-27T08:21:28.994+0000] {subprocess.py:93} INFO - 
[2026-03-27T08:21:28.995+0000] {subprocess.py:93} INFO - Passing `palette` without assigning `hue` is deprecated and will be removed in v0.14.0. Assign the `y` variable to `hue` and set `legend=False` for the same effect.
[2026-03-27T08:21:28.995+0000] {subprocess.py:93} INFO - 
[2026-03-27T08:21:28.995+0000] {subprocess.py:93} INFO -   ax = sns.barplot(x='risk_score', y='ID', data=df, palette='Reds_r')
[2026-03-27T08:21:28.996+0000] {subprocess.py:93} INFO - --- Bắt đầu tiến trình vẽ biểu đồ ---
[2026-03-27T08:21:28.996+0000] {subprocess.py:93} INFO - --- Đã lưu ảnh tại: /opt/airflow/data/daily_risk_chart.png ---
[2026-03-27T08:21:28.996+0000] {subprocess.py:93} INFO - --- Đang kết nối Gmail SMTP ---
[2026-03-27T08:21:28.997+0000] {subprocess.py:93} INFO - !!! LỖI GỬI MAIL: (535, b'5.7.8 Username and Password not accepted. For more information, go to\n5.7.8  https://support.google.com/mail/?p=BadCredentials d2e1a72fcca58-82c7d3bf324sm5964439b3a.40 - gsmtp')
[2026-03-27T08:21:29.139+0000] {subprocess.py:97} INFO - Command exited with return code 1
[2026-03-27T08:21:29.148+0000] {taskinstance.py:2698} ERROR - Task failed with exception
Traceback (most recent call last):
  File "/home/airflow/.local/lib/python3.8/site-packages/airflow/models/taskinstance.py", line 433, in _execute_task
    result = execute_callable(context=context, **execute_callable_kwargs)
  File "/home/airflow/.local/lib/python3.8/site-packages/airflow/operators/bash.py", line 212, in execute
    raise AirflowException(
airflow.exceptions.AirflowException: Bash command failed. The command returned a non-zero exit code 1.
[2026-03-27T08:21:29.151+0000] {taskinstance.py:1138} INFO - Marking task as UP_FOR_RETRY. dag_id=Financial_risk_assessment_to_dw, task_id=run_mail_risk_data, execution_date=20260327T075709, start_date=20260327T082122, end_date=20260327T082129
[2026-03-27T08:21:29.162+0000] {standard_task_runner.py:107} ERROR - Failed to execute job 7 for task run_mail_risk_data (Bash command failed. The command returned a non-zero exit code 1.; 397)
