[2026-03-24T02:16:22.081+0000] {taskinstance.py:1956} INFO - Dependencies all met for dep_context=non-requeueable deps ti=<TaskInstance: Financial_risk_assessment_to_dw.run_etl manual__2026-03-24T02:16:20.221034+00:00 [queued]>
[2026-03-24T02:16:22.094+0000] {taskinstance.py:1956} INFO - Dependencies all met for dep_context=requeueable deps ti=<TaskInstance: Financial_risk_assessment_to_dw.run_etl manual__2026-03-24T02:16:20.221034+00:00 [queued]>
[2026-03-24T02:16:22.095+0000] {taskinstance.py:2170} INFO - Starting attempt 1 of 3
[2026-03-24T02:16:22.114+0000] {taskinstance.py:2191} INFO - Executing <Task(BashOperator): run_etl> on 2026-03-24 02:16:20.221034+00:00
[2026-03-24T02:16:22.126+0000] {standard_task_runner.py:60} INFO - Started process 192 to run task
[2026-03-24T02:16:22.131+0000] {standard_task_runner.py:87} INFO - Running: ['airflow', 'tasks', 'run', 'Financial_risk_assessment_to_dw', 'run_etl', 'manual__2026-03-24T02:16:20.221034+00:00', '--job-id', '2', '--raw', '--subdir', 'DAGS_FOLDER/etl_dags.py', '--cfg-path', '/tmp/tmp68oi8cxn']
[2026-03-24T02:16:22.136+0000] {standard_task_runner.py:88} INFO - Job 2: Subtask run_etl
[2026-03-24T02:16:22.268+0000] {task_command.py:423} INFO - Running <TaskInstance: Financial_risk_assessment_to_dw.run_etl manual__2026-03-24T02:16:20.221034+00:00 [running]> on host 60661b65429d
[2026-03-24T02:16:22.422+0000] {taskinstance.py:2480} INFO - Exporting env vars: AIRFLOW_CTX_DAG_OWNER='hieubtt' AIRFLOW_CTX_DAG_ID='Financial_risk_assessment_to_dw' AIRFLOW_CTX_TASK_ID='run_etl' AIRFLOW_CTX_EXECUTION_DATE='2026-03-24T02:16:20.221034+00:00' AIRFLOW_CTX_TRY_NUMBER='1' AIRFLOW_CTX_DAG_RUN_ID='manual__2026-03-24T02:16:20.221034+00:00'
[2026-03-24T02:16:22.424+0000] {subprocess.py:63} INFO - Tmp dir root location: /tmp
[2026-03-24T02:16:22.425+0000] {subprocess.py:75} INFO - Running command: ['/usr/bin/bash', '-c', 'python /opt/airflow/scripts/extract_fin_risk_csv.py']
[2026-03-24T02:16:22.444+0000] {subprocess.py:86} INFO - Output:
[2026-03-24T02:16:35.425+0000] {subprocess.py:93} INFO - Đã chạy được lần 1 1000 dòng dữ liệu và hiện đang tiếp tục ...
[2026-03-24T02:16:35.427+0000] {subprocess.py:93} INFO - Đã chạy được lần 2 1000 dòng dữ liệu và hiện đang tiếp tục ...
[2026-03-24T02:16:35.428+0000] {subprocess.py:93} INFO - Đã chạy được lần 3 1000 dòng dữ liệu và hiện đang tiếp tục ...
[2026-03-24T02:16:35.428+0000] {subprocess.py:93} INFO - Đã chạy được lần 4 1000 dòng dữ liệu và hiện đang tiếp tục ...
[2026-03-24T02:16:35.429+0000] {subprocess.py:93} INFO - Đã chạy được lần 5 1000 dòng dữ liệu và hiện đang tiếp tục ...
[2026-03-24T02:16:35.429+0000] {subprocess.py:93} INFO - Đã chạy được lần 6 1000 dòng dữ liệu và hiện đang tiếp tục ...
[2026-03-24T02:16:35.430+0000] {subprocess.py:93} INFO - Đã chạy được lần 7 1000 dòng dữ liệu và hiện đang tiếp tục ...
[2026-03-24T02:16:35.430+0000] {subprocess.py:93} INFO - Đã chạy được lần 8 1000 dòng dữ liệu và hiện đang tiếp tục ...
[2026-03-24T02:16:35.431+0000] {subprocess.py:93} INFO - Đã chạy được lần 9 1000 dòng dữ liệu và hiện đang tiếp tục ...
[2026-03-24T02:16:35.432+0000] {subprocess.py:93} INFO - Đã chạy được lần 10 1000 dòng dữ liệu và hiện đang tiếp tục ...
[2026-03-24T02:16:35.433+0000] {subprocess.py:93} INFO - Đã chạy được lần 11 1000 dòng dữ liệu và hiện đang tiếp tục ...
[2026-03-24T02:16:35.433+0000] {subprocess.py:93} INFO - Đã chạy được lần 12 1000 dòng dữ liệu và hiện đang tiếp tục ...
[2026-03-24T02:16:35.434+0000] {subprocess.py:93} INFO - Đã chạy được lần 13 1000 dòng dữ liệu và hiện đang tiếp tục ...
[2026-03-24T02:16:35.434+0000] {subprocess.py:93} INFO - Đã chạy được lần 14 1000 dòng dữ liệu và hiện đang tiếp tục ...
[2026-03-24T02:16:35.434+0000] {subprocess.py:93} INFO - Đã chạy được lần 15 1000 dòng dữ liệu và hiện đang tiếp tục ...
[2026-03-24T02:16:35.435+0000] {subprocess.py:93} INFO - Database 'fin_etl_db' created.
[2026-03-24T02:16:35.436+0000] {subprocess.py:93} INFO - ETL PASSED | RUN_ID=RUN_6e43fe12
[2026-03-24T02:16:35.662+0000] {subprocess.py:97} INFO - Command exited with return code 0
[2026-03-24T02:16:35.717+0000] {taskinstance.py:1138} INFO - Marking task as SUCCESS. dag_id=Financial_risk_assessment_to_dw, task_id=run_etl, execution_date=20260324T021620, start_date=20260324T021622, end_date=20260324T021635
[2026-03-24T02:16:35.782+0000] {local_task_job_runner.py:234} INFO - Task exited with return code 0
[2026-03-24T02:16:35.809+0000] {taskinstance.py:3280} INFO - 1 downstream tasks scheduled from follow-on schedule check
