[2026-04-15T01:59:02.587+0000] {taskinstance.py:1956} INFO - Dependencies all met for dep_context=non-requeueable deps ti=<TaskInstance: daily_revenue_etl_dag.run_daily_revenue_etl scheduled__2026-04-14T00:00:00+00:00 [queued]>
[2026-04-15T01:59:02.598+0000] {taskinstance.py:1956} INFO - Dependencies all met for dep_context=requeueable deps ti=<TaskInstance: daily_revenue_etl_dag.run_daily_revenue_etl scheduled__2026-04-14T00:00:00+00:00 [queued]>
[2026-04-15T01:59:02.599+0000] {taskinstance.py:2170} INFO - Starting attempt 1 of 3
[2026-04-15T01:59:02.613+0000] {taskinstance.py:2191} INFO - Executing <Task(BashOperator): run_daily_revenue_etl> on 2026-04-14 00:00:00+00:00
[2026-04-15T01:59:02.620+0000] {standard_task_runner.py:60} INFO - Started process 183 to run task
[2026-04-15T01:59:02.626+0000] {standard_task_runner.py:87} INFO - Running: ['airflow', 'tasks', 'run', 'daily_revenue_etl_dag', 'run_daily_revenue_etl', 'scheduled__2026-04-14T00:00:00+00:00', '--job-id', '81', '--raw', '--subdir', 'DAGS_FOLDER/daily_revenue_etl_dag.py', '--cfg-path', '/tmp/tmpd9u__1gr']
[2026-04-15T01:59:02.629+0000] {standard_task_runner.py:88} INFO - Job 81: Subtask run_daily_revenue_etl
[2026-04-15T01:59:02.707+0000] {task_command.py:423} INFO - Running <TaskInstance: daily_revenue_etl_dag.run_daily_revenue_etl scheduled__2026-04-14T00:00:00+00:00 [running]> on host 7b2f29a9447f
[2026-04-15T01:59:02.835+0000] {taskinstance.py:2480} INFO - Exporting env vars: AIRFLOW_CTX_DAG_OWNER='data_engineer_hieubtt' AIRFLOW_CTX_DAG_ID='daily_revenue_etl_dag' AIRFLOW_CTX_TASK_ID='run_daily_revenue_etl' AIRFLOW_CTX_EXECUTION_DATE='2026-04-14T00:00:00+00:00' AIRFLOW_CTX_TRY_NUMBER='1' AIRFLOW_CTX_DAG_RUN_ID='scheduled__2026-04-14T00:00:00+00:00'
[2026-04-15T01:59:02.838+0000] {subprocess.py:63} INFO - Tmp dir root location: /tmp
[2026-04-15T01:59:02.840+0000] {subprocess.py:75} INFO - Running command: ['/usr/bin/bash', '-c', 'python /opt/airflow/scripts/daily_revenue_etl.py']
[2026-04-15T01:59:02.861+0000] {subprocess.py:86} INFO - Output:
[2026-04-15T01:59:09.365+0000] {local_task_job_runner.py:121} ERROR - Received SIGTERM. Terminating subprocesses
[2026-04-15T01:59:09.372+0000] {process_utils.py:131} INFO - Sending 15 to group 183. PIDs of all processes in the group: [185, 183]
[2026-04-15T01:59:09.376+0000] {process_utils.py:86} INFO - Sending the signal 15 to group 183
[2026-04-15T01:59:09.377+0000] {taskinstance.py:2450} ERROR - Received SIGTERM. Terminating subprocesses.
[2026-04-15T01:59:09.383+0000] {subprocess.py:104} INFO - Sending SIGTERM signal to process group
[2026-04-15T01:59:09.417+0000] {taskinstance.py:2698} ERROR - Task failed with exception
Traceback (most recent call last):
  File "/home/airflow/.local/lib/python3.8/site-packages/airflow/models/taskinstance.py", line 433, in _execute_task
    result = execute_callable(context=context, **execute_callable_kwargs)
  File "/home/airflow/.local/lib/python3.8/site-packages/airflow/operators/bash.py", line 203, in execute
    result = self.subprocess_hook.run_command(
  File "/home/airflow/.local/lib/python3.8/site-packages/airflow/hooks/subprocess.py", line 91, in run_command
    for raw_line in iter(self.sub_process.stdout.readline, b""):
  File "/home/airflow/.local/lib/python3.8/site-packages/airflow/models/taskinstance.py", line 2452, in signal_handler
    raise AirflowException("Task received SIGTERM signal")
airflow.exceptions.AirflowException: Task received SIGTERM signal
[2026-04-15T01:59:09.427+0000] {taskinstance.py:1138} INFO - Marking task as UP_FOR_RETRY. dag_id=daily_revenue_etl_dag, task_id=run_daily_revenue_etl, execution_date=20260414T000000, start_date=20260415T015902, end_date=20260415T015909
[2026-04-15T01:59:09.472+0000] {standard_task_runner.py:107} ERROR - Failed to execute job 81 for task run_daily_revenue_etl (Task received SIGTERM signal; 183)
[2026-04-15T01:59:09.510+0000] {process_utils.py:79} INFO - Process psutil.Process(pid=183, status='terminated', exitcode=1, started='01:59:02') (183) terminated with exit code 1
[2026-04-15T01:59:09.513+0000] {process_utils.py:79} INFO - Process psutil.Process(pid=185, status='terminated', started='01:59:02') (185) terminated with exit code None
[2026-04-15T01:59:09.515+0000] {local_task_job_runner.py:234} INFO - Task exited with return code 143
[2026-04-15T01:59:09.559+0000] {taskinstance.py:3280} INFO - 0 downstream tasks scheduled from follow-on schedule check
