[2026-03-31T06:52:12.843+0000] {taskinstance.py:1956} INFO - Dependencies all met for dep_context=non-requeueable deps ti=<TaskInstance: Financial_risk_assessment_to_dw.run_etl manual__2026-03-31T06:52:10.866492+00:00 [queued]>
[2026-03-31T06:52:12.850+0000] {taskinstance.py:1956} INFO - Dependencies all met for dep_context=requeueable deps ti=<TaskInstance: Financial_risk_assessment_to_dw.run_etl manual__2026-03-31T06:52:10.866492+00:00 [queued]>
[2026-03-31T06:52:12.851+0000] {taskinstance.py:2170} INFO - Starting attempt 1 of 3
[2026-03-31T06:52:12.862+0000] {taskinstance.py:2191} INFO - Executing <Task(BashOperator): run_etl> on 2026-03-31 06:52:10.866492+00:00
[2026-03-31T06:52:12.867+0000] {standard_task_runner.py:60} INFO - Started process 727 to run task
[2026-03-31T06:52:12.870+0000] {standard_task_runner.py:87} INFO - Running: ['airflow', 'tasks', 'run', 'Financial_risk_assessment_to_dw', 'run_etl', 'manual__2026-03-31T06:52:10.866492+00:00', '--job-id', '18', '--raw', '--subdir', 'DAGS_FOLDER/etl_dags.py', '--cfg-path', '/tmp/tmpbq4f2tog']
[2026-03-31T06:52:12.872+0000] {standard_task_runner.py:88} INFO - Job 18: Subtask run_etl
[2026-03-31T06:52:12.936+0000] {task_command.py:423} INFO - Running <TaskInstance: Financial_risk_assessment_to_dw.run_etl manual__2026-03-31T06:52:10.866492+00:00 [running]> on host e98336345932
[2026-03-31T06:52:13.020+0000] {taskinstance.py:2480} INFO - Exporting env vars: AIRFLOW_CTX_DAG_OWNER='hieubtt' AIRFLOW_CTX_DAG_ID='Financial_risk_assessment_to_dw' AIRFLOW_CTX_TASK_ID='run_etl' AIRFLOW_CTX_EXECUTION_DATE='2026-03-31T06:52:10.866492+00:00' AIRFLOW_CTX_TRY_NUMBER='1' AIRFLOW_CTX_DAG_RUN_ID='manual__2026-03-31T06:52:10.866492+00:00'
[2026-03-31T06:52:13.022+0000] {subprocess.py:63} INFO - Tmp dir root location: /tmp
[2026-03-31T06:52:13.023+0000] {subprocess.py:75} INFO - Running command: ['/usr/bin/bash', '-c', 'python /opt/airflow/scripts/extract_fin_risk_csv.py']
[2026-03-31T06:52:13.032+0000] {subprocess.py:86} INFO - Output:
[2026-03-31T06:52:19.667+0000] {subprocess.py:93} INFO - Đã chạy được lần 1 1000 dòng dữ liệu và hiện đang tiếp tục ...
[2026-03-31T06:52:19.669+0000] {subprocess.py:93} INFO - Đã chạy được lần 2 1000 dòng dữ liệu và hiện đang tiếp tục ...
[2026-03-31T06:52:19.669+0000] {subprocess.py:93} INFO - Đã chạy được lần 3 1000 dòng dữ liệu và hiện đang tiếp tục ...
[2026-03-31T06:52:19.670+0000] {subprocess.py:93} INFO - Đã chạy được lần 4 1000 dòng dữ liệu và hiện đang tiếp tục ...
[2026-03-31T06:52:19.670+0000] {subprocess.py:93} INFO - Đã chạy được lần 5 1000 dòng dữ liệu và hiện đang tiếp tục ...
[2026-03-31T06:52:19.670+0000] {subprocess.py:93} INFO - Đã chạy được lần 6 1000 dòng dữ liệu và hiện đang tiếp tục ...
[2026-03-31T06:52:19.671+0000] {subprocess.py:93} INFO - Đã chạy được lần 7 1000 dòng dữ liệu và hiện đang tiếp tục ...
[2026-03-31T06:52:19.671+0000] {subprocess.py:93} INFO - Đã chạy được lần 8 1000 dòng dữ liệu và hiện đang tiếp tục ...
[2026-03-31T06:52:19.672+0000] {subprocess.py:93} INFO - Đã chạy được lần 9 1000 dòng dữ liệu và hiện đang tiếp tục ...
[2026-03-31T06:52:19.673+0000] {subprocess.py:93} INFO - Đã chạy được lần 10 1000 dòng dữ liệu và hiện đang tiếp tục ...
[2026-03-31T06:52:19.673+0000] {subprocess.py:93} INFO - Đã chạy được lần 11 1000 dòng dữ liệu và hiện đang tiếp tục ...
[2026-03-31T06:52:19.674+0000] {subprocess.py:93} INFO - Đã chạy được lần 12 1000 dòng dữ liệu và hiện đang tiếp tục ...
[2026-03-31T06:52:19.674+0000] {subprocess.py:93} INFO - Đã chạy được lần 13 1000 dòng dữ liệu và hiện đang tiếp tục ...
[2026-03-31T06:52:19.675+0000] {subprocess.py:93} INFO - Đã chạy được lần 14 1000 dòng dữ liệu và hiện đang tiếp tục ...
[2026-03-31T06:52:19.675+0000] {subprocess.py:93} INFO - Đã chạy được lần 15 1000 dòng dữ liệu và hiện đang tiếp tục ...
[2026-03-31T06:52:19.676+0000] {subprocess.py:93} INFO - ETL PASSED | RUN_ID=RUN_e84438fc
[2026-03-31T06:52:19.720+0000] {subprocess.py:97} INFO - Command exited with return code 0
[2026-03-31T06:52:19.742+0000] {taskinstance.py:1138} INFO - Marking task as SUCCESS. dag_id=Financial_risk_assessment_to_dw, task_id=run_etl, execution_date=20260331T065210, start_date=20260331T065212, end_date=20260331T065219
[2026-03-31T07:00:09.114+0000] {local_task_job_runner.py:121} ERROR - Received SIGTERM. Terminating subprocesses
[2026-03-31T07:00:09.120+0000] {local_task_job_runner.py:234} INFO - Task exited with return code 143
[2026-03-31T07:00:09.153+0000] {taskinstance.py:3280} INFO - 0 downstream tasks scheduled from follow-on schedule check
