[2026-03-19T02:34:22.831+0000] {taskinstance.py:1956} INFO - Dependencies all met for dep_context=non-requeueable deps ti=<TaskInstance: saleFinancial_risk_assessment_to_dw.run_etl manual__2026-03-19T02:09:32.826419+00:00 [queued]>
[2026-03-19T02:34:22.840+0000] {taskinstance.py:1956} INFO - Dependencies all met for dep_context=requeueable deps ti=<TaskInstance: saleFinancial_risk_assessment_to_dw.run_etl manual__2026-03-19T02:09:32.826419+00:00 [queued]>
[2026-03-19T02:34:22.841+0000] {taskinstance.py:2170} INFO - Starting attempt 3 of 3
[2026-03-19T02:34:22.852+0000] {taskinstance.py:2191} INFO - Executing <Task(BashOperator): run_etl> on 2026-03-19 02:09:32.826419+00:00
[2026-03-19T02:34:22.857+0000] {standard_task_runner.py:60} INFO - Started process 601 to run task
[2026-03-19T02:34:22.860+0000] {standard_task_runner.py:87} INFO - Running: ['airflow', 'tasks', 'run', 'saleFinancial_risk_assessment_to_dw', 'run_etl', 'manual__2026-03-19T02:09:32.826419+00:00', '--job-id', '38', '--raw', '--subdir', 'DAGS_FOLDER/etl_dags.py', '--cfg-path', '/tmp/tmp00vbsz87']
[2026-03-19T02:34:22.862+0000] {standard_task_runner.py:88} INFO - Job 38: Subtask run_etl
[2026-03-19T02:34:22.914+0000] {task_command.py:423} INFO - Running <TaskInstance: saleFinancial_risk_assessment_to_dw.run_etl manual__2026-03-19T02:09:32.826419+00:00 [running]> on host 501780bd0853
[2026-03-19T02:11:02.153+0000] {taskinstance.py:2480} INFO - Exporting env vars: AIRFLOW_CTX_DAG_OWNER='hieubtt' AIRFLOW_CTX_DAG_ID='saleFinancial_risk_assessment_to_dw' AIRFLOW_CTX_TASK_ID='run_etl' AIRFLOW_CTX_EXECUTION_DATE='2026-03-19T02:09:32.826419+00:00' AIRFLOW_CTX_TRY_NUMBER='3' AIRFLOW_CTX_DAG_RUN_ID='manual__2026-03-19T02:09:32.826419+00:00'
[2026-03-19T02:11:02.155+0000] {subprocess.py:63} INFO - Tmp dir root location: /tmp
[2026-03-19T02:11:02.157+0000] {subprocess.py:75} INFO - Running command: ['/usr/bin/bash', '-c', 'python /opt/airflow/scripts/extract_fin_risk_csv.py']
[2026-03-19T02:11:02.169+0000] {subprocess.py:86} INFO - Output:
[2026-03-19T02:11:08.346+0000] {subprocess.py:93} INFO - Đã chạy được lần 1 1000 dòng dữ liệu và hiện đang tiếp tục ...
[2026-03-19T02:11:08.348+0000] {subprocess.py:93} INFO - Đã chạy được lần 2 1000 dòng dữ liệu và hiện đang tiếp tục ...
[2026-03-19T02:11:08.348+0000] {subprocess.py:93} INFO - Đã chạy được lần 3 1000 dòng dữ liệu và hiện đang tiếp tục ...
[2026-03-19T02:11:08.349+0000] {subprocess.py:93} INFO - Đã chạy được lần 4 1000 dòng dữ liệu và hiện đang tiếp tục ...
[2026-03-19T02:11:08.349+0000] {subprocess.py:93} INFO - Đã chạy được lần 5 1000 dòng dữ liệu và hiện đang tiếp tục ...
[2026-03-19T02:11:08.350+0000] {subprocess.py:93} INFO - Đã chạy được lần 6 1000 dòng dữ liệu và hiện đang tiếp tục ...
[2026-03-19T02:11:08.350+0000] {subprocess.py:93} INFO - Đã chạy được lần 7 1000 dòng dữ liệu và hiện đang tiếp tục ...
[2026-03-19T02:11:08.351+0000] {subprocess.py:93} INFO - Đã chạy được lần 8 1000 dòng dữ liệu và hiện đang tiếp tục ...
[2026-03-19T02:11:08.351+0000] {subprocess.py:93} INFO - Đã chạy được lần 9 1000 dòng dữ liệu và hiện đang tiếp tục ...
[2026-03-19T02:11:08.352+0000] {subprocess.py:93} INFO - Đã chạy được lần 10 1000 dòng dữ liệu và hiện đang tiếp tục ...
[2026-03-19T02:11:08.352+0000] {subprocess.py:93} INFO - Đã chạy được lần 11 1000 dòng dữ liệu và hiện đang tiếp tục ...
[2026-03-19T02:11:08.352+0000] {subprocess.py:93} INFO - Đã chạy được lần 12 1000 dòng dữ liệu và hiện đang tiếp tục ...
[2026-03-19T02:11:08.352+0000] {subprocess.py:93} INFO - Đã chạy được lần 13 1000 dòng dữ liệu và hiện đang tiếp tục ...
[2026-03-19T02:11:08.353+0000] {subprocess.py:93} INFO - Đã chạy được lần 14 1000 dòng dữ liệu và hiện đang tiếp tục ...
[2026-03-19T02:11:08.353+0000] {subprocess.py:93} INFO - Đã chạy được lần 15 1000 dòng dữ liệu và hiện đang tiếp tục ...
[2026-03-19T02:11:08.370+0000] {subprocess.py:93} INFO - Traceback (most recent call last):
[2026-03-19T02:11:08.371+0000] {subprocess.py:93} INFO -   File "/opt/airflow/scripts/extract_fin_risk_csv.py", line 176, in <module>
[2026-03-19T02:11:08.371+0000] {subprocess.py:93} INFO -     main()
[2026-03-19T02:11:08.371+0000] {subprocess.py:93} INFO -   File "/opt/airflow/scripts/extract_fin_risk_csv.py", line 124, in main
[2026-03-19T02:11:08.372+0000] {subprocess.py:93} INFO -     conn = psycopg2.connect(**DB)
[2026-03-19T02:11:08.372+0000] {subprocess.py:93} INFO -   File "/home/airflow/.local/lib/python3.8/site-packages/psycopg2/__init__.py", line 122, in connect
[2026-03-19T02:11:08.372+0000] {subprocess.py:93} INFO -     conn = _connect(dsn, connection_factory=connection_factory, **kwasync)
[2026-03-19T02:11:08.372+0000] {subprocess.py:93} INFO - psycopg2.OperationalError: could not translate host name "fin_risk_assessment_db" to address: Name or service not known
[2026-03-19T02:11:08.373+0000] {subprocess.py:93} INFO - 
[2026-03-19T02:11:08.434+0000] {subprocess.py:97} INFO - Command exited with return code 1
[2026-03-19T02:11:08.447+0000] {taskinstance.py:2698} ERROR - Task failed with exception
Traceback (most recent call last):
  File "/home/airflow/.local/lib/python3.8/site-packages/airflow/models/taskinstance.py", line 433, in _execute_task
    result = execute_callable(context=context, **execute_callable_kwargs)
  File "/home/airflow/.local/lib/python3.8/site-packages/airflow/operators/bash.py", line 212, in execute
    raise AirflowException(
airflow.exceptions.AirflowException: Bash command failed. The command returned a non-zero exit code 1.
[2026-03-19T02:11:08.453+0000] {taskinstance.py:1138} INFO - Marking task as FAILED. dag_id=saleFinancial_risk_assessment_to_dw, task_id=run_etl, execution_date=20260319T020932, start_date=20260319T023422, end_date=20260319T021108
[2026-03-19T02:11:08.475+0000] {standard_task_runner.py:107} ERROR - Failed to execute job 38 for task run_etl (Bash command failed. The command returned a non-zero exit code 1.; 601)
[2026-03-19T02:11:08.486+0000] {local_task_job_runner.py:234} INFO - Task exited with return code 1
[2026-03-19T02:11:08.529+0000] {taskinstance.py:3280} INFO - 0 downstream tasks scheduled from follow-on schedule check
