[2026-03-20T10:01:10.042+0000] {taskinstance.py:1956} INFO - Dependencies all met for dep_context=non-requeueable deps ti=<TaskInstance: saleFinancial_risk_assessment_to_dw.run_etl manual__2026-03-20T10:01:08.314763+00:00 [queued]>
[2026-03-20T10:01:10.068+0000] {taskinstance.py:1956} INFO - Dependencies all met for dep_context=requeueable deps ti=<TaskInstance: saleFinancial_risk_assessment_to_dw.run_etl manual__2026-03-20T10:01:08.314763+00:00 [queued]>
[2026-03-20T10:01:10.070+0000] {taskinstance.py:2170} INFO - Starting attempt 1 of 3
[2026-03-20T10:01:10.115+0000] {taskinstance.py:2191} INFO - Executing <Task(BashOperator): run_etl> on 2026-03-20 10:01:08.314763+00:00
[2026-03-20T10:01:10.123+0000] {standard_task_runner.py:60} INFO - Started process 186 to run task
[2026-03-20T10:01:10.128+0000] {standard_task_runner.py:87} INFO - Running: ['airflow', 'tasks', 'run', 'saleFinancial_risk_assessment_to_dw', 'run_etl', 'manual__2026-03-20T10:01:08.314763+00:00', '--job-id', '2', '--raw', '--subdir', 'DAGS_FOLDER/etl_dags.py', '--cfg-path', '/tmp/tmp_c_nsw93']
[2026-03-20T10:01:10.131+0000] {standard_task_runner.py:88} INFO - Job 2: Subtask run_etl
[2026-03-20T10:01:10.212+0000] {task_command.py:423} INFO - Running <TaskInstance: saleFinancial_risk_assessment_to_dw.run_etl manual__2026-03-20T10:01:08.314763+00:00 [running]> on host 339c466dfbb9
[2026-03-20T10:01:10.285+0000] {taskinstance.py:2480} INFO - Exporting env vars: AIRFLOW_CTX_DAG_OWNER='hieubtt' AIRFLOW_CTX_DAG_ID='saleFinancial_risk_assessment_to_dw' AIRFLOW_CTX_TASK_ID='run_etl' AIRFLOW_CTX_EXECUTION_DATE='2026-03-20T10:01:08.314763+00:00' AIRFLOW_CTX_TRY_NUMBER='1' AIRFLOW_CTX_DAG_RUN_ID='manual__2026-03-20T10:01:08.314763+00:00'
[2026-03-20T10:01:10.287+0000] {subprocess.py:63} INFO - Tmp dir root location: /tmp
[2026-03-20T10:01:10.288+0000] {subprocess.py:75} INFO - Running command: ['/usr/bin/bash', '-c', 'python /opt/airflow/scripts/extract_fin_risk_csv.py']
[2026-03-20T10:01:10.298+0000] {subprocess.py:86} INFO - Output:
[2026-03-20T10:01:17.590+0000] {subprocess.py:93} INFO - Đã chạy được lần 1 1000 dòng dữ liệu và hiện đang tiếp tục ...
[2026-03-20T10:01:17.592+0000] {subprocess.py:93} INFO - Đã chạy được lần 2 1000 dòng dữ liệu và hiện đang tiếp tục ...
[2026-03-20T10:01:17.592+0000] {subprocess.py:93} INFO - Đã chạy được lần 3 1000 dòng dữ liệu và hiện đang tiếp tục ...
[2026-03-20T10:01:17.593+0000] {subprocess.py:93} INFO - Đã chạy được lần 4 1000 dòng dữ liệu và hiện đang tiếp tục ...
[2026-03-20T10:01:17.594+0000] {subprocess.py:93} INFO - Đã chạy được lần 5 1000 dòng dữ liệu và hiện đang tiếp tục ...
[2026-03-20T10:01:17.594+0000] {subprocess.py:93} INFO - Đã chạy được lần 6 1000 dòng dữ liệu và hiện đang tiếp tục ...
[2026-03-20T10:01:17.595+0000] {subprocess.py:93} INFO - Đã chạy được lần 7 1000 dòng dữ liệu và hiện đang tiếp tục ...
[2026-03-20T10:01:17.595+0000] {subprocess.py:93} INFO - Đã chạy được lần 8 1000 dòng dữ liệu và hiện đang tiếp tục ...
[2026-03-20T10:01:17.599+0000] {subprocess.py:93} INFO - Đã chạy được lần 9 1000 dòng dữ liệu và hiện đang tiếp tục ...
[2026-03-20T10:01:17.601+0000] {subprocess.py:93} INFO - Đã chạy được lần 10 1000 dòng dữ liệu và hiện đang tiếp tục ...
[2026-03-20T10:01:17.604+0000] {subprocess.py:93} INFO - Đã chạy được lần 11 1000 dòng dữ liệu và hiện đang tiếp tục ...
[2026-03-20T10:01:17.605+0000] {subprocess.py:93} INFO - Đã chạy được lần 12 1000 dòng dữ liệu và hiện đang tiếp tục ...
[2026-03-20T10:01:17.607+0000] {subprocess.py:93} INFO - Đã chạy được lần 13 1000 dòng dữ liệu và hiện đang tiếp tục ...
[2026-03-20T10:01:17.608+0000] {subprocess.py:93} INFO - Đã chạy được lần 14 1000 dòng dữ liệu và hiện đang tiếp tục ...
[2026-03-20T10:01:17.611+0000] {subprocess.py:93} INFO - Đã chạy được lần 15 1000 dòng dữ liệu và hiện đang tiếp tục ...
[2026-03-20T10:01:17.612+0000] {subprocess.py:93} INFO - Database 'fin_etl_db' created.
[2026-03-20T10:01:17.613+0000] {subprocess.py:93} INFO - ETL PASSED | RUN_ID=RUN_cf6cc2a2
[2026-03-20T10:01:17.683+0000] {subprocess.py:97} INFO - Command exited with return code 0
[2026-03-20T10:01:17.706+0000] {taskinstance.py:1138} INFO - Marking task as SUCCESS. dag_id=saleFinancial_risk_assessment_to_dw, task_id=run_etl, execution_date=20260320T100108, start_date=20260320T100110, end_date=20260320T100117
[2026-03-20T10:01:17.752+0000] {local_task_job_runner.py:234} INFO - Task exited with return code 0
[2026-03-20T10:01:17.772+0000] {taskinstance.py:3280} INFO - 1 downstream tasks scheduled from follow-on schedule check
