[2026-03-27T08:45:35.196+0000] {taskinstance.py:1956} INFO - Dependencies all met for dep_context=non-requeueable deps ti=<TaskInstance: Financial_risk_assessment_to_dw.run_etl manual__2026-03-27T08:45:33.617509+00:00 [queued]>
[2026-03-27T08:45:35.209+0000] {taskinstance.py:1956} INFO - Dependencies all met for dep_context=requeueable deps ti=<TaskInstance: Financial_risk_assessment_to_dw.run_etl manual__2026-03-27T08:45:33.617509+00:00 [queued]>
[2026-03-27T08:45:35.210+0000] {taskinstance.py:2170} INFO - Starting attempt 1 of 3
[2026-03-27T08:45:35.222+0000] {taskinstance.py:2191} INFO - Executing <Task(BashOperator): run_etl> on 2026-03-27 08:45:33.617509+00:00
[2026-03-27T08:45:35.229+0000] {standard_task_runner.py:60} INFO - Started process 256 to run task
[2026-03-27T08:45:35.233+0000] {standard_task_runner.py:87} INFO - Running: ['airflow', 'tasks', 'run', 'Financial_risk_assessment_to_dw', 'run_etl', 'manual__2026-03-27T08:45:33.617509+00:00', '--job-id', '2', '--raw', '--subdir', 'DAGS_FOLDER/etl_dags.py', '--cfg-path', '/tmp/tmpax5u_s_o']
[2026-03-27T08:45:35.236+0000] {standard_task_runner.py:88} INFO - Job 2: Subtask run_etl
[2026-03-27T08:45:35.310+0000] {task_command.py:423} INFO - Running <TaskInstance: Financial_risk_assessment_to_dw.run_etl manual__2026-03-27T08:45:33.617509+00:00 [running]> on host 71c666445805
[2026-03-27T08:45:35.380+0000] {taskinstance.py:2480} INFO - Exporting env vars: AIRFLOW_CTX_DAG_OWNER='hieubtt' AIRFLOW_CTX_DAG_ID='Financial_risk_assessment_to_dw' AIRFLOW_CTX_TASK_ID='run_etl' AIRFLOW_CTX_EXECUTION_DATE='2026-03-27T08:45:33.617509+00:00' AIRFLOW_CTX_TRY_NUMBER='1' AIRFLOW_CTX_DAG_RUN_ID='manual__2026-03-27T08:45:33.617509+00:00'
[2026-03-27T08:45:35.382+0000] {subprocess.py:63} INFO - Tmp dir root location: /tmp
[2026-03-27T08:45:35.383+0000] {subprocess.py:75} INFO - Running command: ['/usr/bin/bash', '-c', 'python /opt/airflow/scripts/extract_fin_risk_csv.py']
[2026-03-27T08:45:35.393+0000] {subprocess.py:86} INFO - Output:
[2026-03-27T08:45:41.490+0000] {subprocess.py:93} INFO - Đã chạy được lần 1 1000 dòng dữ liệu và hiện đang tiếp tục ...
[2026-03-27T08:45:41.491+0000] {subprocess.py:93} INFO - Đã chạy được lần 2 1000 dòng dữ liệu và hiện đang tiếp tục ...
[2026-03-27T08:45:41.491+0000] {subprocess.py:93} INFO - Đã chạy được lần 3 1000 dòng dữ liệu và hiện đang tiếp tục ...
[2026-03-27T08:45:41.492+0000] {subprocess.py:93} INFO - Đã chạy được lần 4 1000 dòng dữ liệu và hiện đang tiếp tục ...
[2026-03-27T08:45:41.492+0000] {subprocess.py:93} INFO - Đã chạy được lần 5 1000 dòng dữ liệu và hiện đang tiếp tục ...
[2026-03-27T08:45:41.493+0000] {subprocess.py:93} INFO - Đã chạy được lần 6 1000 dòng dữ liệu và hiện đang tiếp tục ...
[2026-03-27T08:45:41.493+0000] {subprocess.py:93} INFO - Đã chạy được lần 7 1000 dòng dữ liệu và hiện đang tiếp tục ...
[2026-03-27T08:45:41.493+0000] {subprocess.py:93} INFO - Đã chạy được lần 8 1000 dòng dữ liệu và hiện đang tiếp tục ...
[2026-03-27T08:45:41.493+0000] {subprocess.py:93} INFO - Đã chạy được lần 9 1000 dòng dữ liệu và hiện đang tiếp tục ...
[2026-03-27T08:45:41.493+0000] {subprocess.py:93} INFO - Đã chạy được lần 10 1000 dòng dữ liệu và hiện đang tiếp tục ...
[2026-03-27T08:45:41.494+0000] {subprocess.py:93} INFO - Đã chạy được lần 11 1000 dòng dữ liệu và hiện đang tiếp tục ...
[2026-03-27T08:45:41.494+0000] {subprocess.py:93} INFO - Đã chạy được lần 12 1000 dòng dữ liệu và hiện đang tiếp tục ...
[2026-03-27T08:45:41.494+0000] {subprocess.py:93} INFO - Đã chạy được lần 13 1000 dòng dữ liệu và hiện đang tiếp tục ...
[2026-03-27T08:45:41.494+0000] {subprocess.py:93} INFO - Đã chạy được lần 14 1000 dòng dữ liệu và hiện đang tiếp tục ...
[2026-03-27T08:45:41.495+0000] {subprocess.py:93} INFO - Đã chạy được lần 15 1000 dòng dữ liệu và hiện đang tiếp tục ...
[2026-03-27T08:45:41.495+0000] {subprocess.py:93} INFO - Database 'fin_etl_db' created.
[2026-03-27T08:45:41.495+0000] {subprocess.py:93} INFO - ETL PASSED | RUN_ID=RUN_8daedf46
[2026-03-27T08:45:41.534+0000] {subprocess.py:97} INFO - Command exited with return code 0
[2026-03-27T08:45:41.557+0000] {taskinstance.py:1138} INFO - Marking task as SUCCESS. dag_id=Financial_risk_assessment_to_dw, task_id=run_etl, execution_date=20260327T084533, start_date=20260327T084535, end_date=20260327T084541
[2026-03-27T08:45:41.590+0000] {local_task_job_runner.py:234} INFO - Task exited with return code 0
[2026-03-27T08:45:41.609+0000] {taskinstance.py:3280} INFO - 1 downstream tasks scheduled from follow-on schedule check
