[2026-03-24T07:24:34.756+0000] {task_command.py:423} INFO - Running <TaskInstance: Financial_risk_assessment_to_dw.run_clean_data manual__2026-03-24T07:21:22.126726+00:00 [None]> on host 4da2f79085cf
[2026-03-24T07:24:34.860+0000] {taskinstance.py:2480} INFO - Exporting env vars: AIRFLOW_CTX_DAG_OWNER='hieubtt' AIRFLOW_CTX_DAG_ID='Financial_risk_assessment_to_dw' AIRFLOW_CTX_TASK_ID='run_clean_data' AIRFLOW_CTX_EXECUTION_DATE='2026-03-24T07:21:22.126726+00:00' AIRFLOW_CTX_TRY_NUMBER='5' AIRFLOW_CTX_DAG_RUN_ID='manual__2026-03-24T07:21:22.126726+00:00'
[2026-03-24T07:24:34.862+0000] {subprocess.py:63} INFO - Tmp dir root location: /tmp
[2026-03-24T07:24:34.863+0000] {subprocess.py:75} INFO - Running command: ['/usr/bin/bash', '-c', 'python /opt/airflow/scripts/clean_data_fin.py']
[2026-03-24T07:24:34.876+0000] {subprocess.py:86} INFO - Output:
[2026-03-24T07:24:44.784+0000] {taskinstance.py:2450} ERROR - Received SIGTERM. Terminating subprocesses.
[2026-03-24T07:24:44.785+0000] {subprocess.py:104} INFO - Sending SIGTERM signal to process group
[2026-03-24T07:24:44.803+0000] {taskinstance.py:2698} ERROR - Task failed with exception
Traceback (most recent call last):
  File "/home/airflow/.local/lib/python3.8/site-packages/airflow/models/taskinstance.py", line 433, in _execute_task
    result = execute_callable(context=context, **execute_callable_kwargs)
  File "/home/airflow/.local/lib/python3.8/site-packages/airflow/operators/bash.py", line 203, in execute
    result = self.subprocess_hook.run_command(
  File "/home/airflow/.local/lib/python3.8/site-packages/airflow/hooks/subprocess.py", line 91, in run_command
    for raw_line in iter(self.sub_process.stdout.readline, b""):
  File "/home/airflow/.local/lib/python3.8/site-packages/airflow/models/taskinstance.py", line 2452, in signal_handler
    raise AirflowException("Task received SIGTERM signal")
airflow.exceptions.AirflowException: Task received SIGTERM signal
[2026-03-24T07:24:44.809+0000] {taskinstance.py:1138} INFO - Marking task as UP_FOR_RETRY. dag_id=Financial_risk_assessment_to_dw, task_id=run_clean_data, execution_date=20260324T072122, start_date=20260324T072434, end_date=20260324T072444
[2026-03-24T07:24:44.828+0000] {standard_task_runner.py:107} ERROR - Failed to execute job 21 for task run_clean_data (Task received SIGTERM signal; 1795)
[2026-03-24T07:24:51.022+0000] {taskinstance.py:1956} INFO - Dependencies all met for dep_context=non-requeueable deps ti=<TaskInstance: Financial_risk_assessment_to_dw.run_clean_data manual__2026-03-24T07:21:22.126726+00:00 [queued]>
[2026-03-24T07:24:51.038+0000] {taskinstance.py:1956} INFO - Dependencies all met for dep_context=requeueable deps ti=<TaskInstance: Financial_risk_assessment_to_dw.run_clean_data manual__2026-03-24T07:21:22.126726+00:00 [queued]>
[2026-03-24T07:24:51.039+0000] {taskinstance.py:2170} INFO - Starting attempt 5 of 6
[2026-03-24T07:24:51.074+0000] {taskinstance.py:2191} INFO - Executing <Task(BashOperator): run_clean_data> on 2026-03-24 07:21:22.126726+00:00
[2026-03-24T07:24:51.094+0000] {standard_task_runner.py:60} INFO - Started process 2042 to run task
[2026-03-24T07:24:51.101+0000] {standard_task_runner.py:87} INFO - Running: ['airflow', 'tasks', 'run', 'Financial_risk_assessment_to_dw', 'run_clean_data', 'manual__2026-03-24T07:21:22.126726+00:00', '--job-id', '24', '--raw', '--subdir', 'DAGS_FOLDER/etl_dags.py', '--cfg-path', '/tmp/tmpn8uudoa1']
[2026-03-24T07:24:51.106+0000] {standard_task_runner.py:88} INFO - Job 24: Subtask run_clean_data
[2026-03-24T07:24:51.288+0000] {task_command.py:423} INFO - Running <TaskInstance: Financial_risk_assessment_to_dw.run_clean_data manual__2026-03-24T07:21:22.126726+00:00 [running]> on host 4da2f79085cf
[2026-03-24T07:24:51.431+0000] {taskinstance.py:2480} INFO - Exporting env vars: AIRFLOW_CTX_DAG_OWNER='hieubtt' AIRFLOW_CTX_DAG_ID='Financial_risk_assessment_to_dw' AIRFLOW_CTX_TASK_ID='run_clean_data' AIRFLOW_CTX_EXECUTION_DATE='2026-03-24T07:21:22.126726+00:00' AIRFLOW_CTX_TRY_NUMBER='5' AIRFLOW_CTX_DAG_RUN_ID='manual__2026-03-24T07:21:22.126726+00:00'
[2026-03-24T07:24:51.434+0000] {subprocess.py:63} INFO - Tmp dir root location: /tmp
[2026-03-24T07:24:51.438+0000] {subprocess.py:75} INFO - Running command: ['/usr/bin/bash', '-c', 'python /opt/airflow/scripts/clean_data_fin.py']
[2026-03-24T07:24:51.467+0000] {subprocess.py:86} INFO - Output:
[2026-03-24T07:25:10.778+0000] {subprocess.py:93} INFO - /opt/airflow/scripts/clean_data_fin.py:32: UserWarning: pandas only supports SQLAlchemy connectable (engine/connection) or database string URI or sqlite3 DBAPI2 connection. Other DBAPI2 objects are not tested. Please consider using SQLAlchemy.
[2026-03-24T07:25:10.780+0000] {subprocess.py:93} INFO -   df_errors = pd.read_sql(SQL_NULL_DATA, conn)
[2026-03-24T07:25:10.784+0000] {subprocess.py:93} INFO - Số dòng cần xử lý: 4136
[2026-03-24T07:25:10.784+0000] {subprocess.py:93} INFO - ETL PASSED | RUN_ID=RUN_28863b4d
[2026-03-24T07:25:10.785+0000] {subprocess.py:93} INFO - Đã cập nhật thành công 4136 dòng về giá trị 0.
[2026-03-24T07:25:10.904+0000] {subprocess.py:97} INFO - Command exited with return code 0
[2026-03-24T07:25:10.936+0000] {taskinstance.py:1138} INFO - Marking task as SUCCESS. dag_id=Financial_risk_assessment_to_dw, task_id=run_clean_data, execution_date=20260324T072122, start_date=20260324T072451, end_date=20260324T072510
[2026-03-24T07:25:10.998+0000] {local_task_job_runner.py:234} INFO - Task exited with return code 0
[2026-03-24T07:25:11.032+0000] {taskinstance.py:3280} INFO - 1 downstream tasks scheduled from follow-on schedule check
