[2026-03-24T07:21:32.219+0000] {taskinstance.py:1956} INFO - Dependencies all met for dep_context=non-requeueable deps ti=<TaskInstance: Financial_risk_assessment_to_dw.run_clean_data manual__2026-03-24T07:21:22.126726+00:00 [queued]>
[2026-03-24T07:21:32.236+0000] {taskinstance.py:1956} INFO - Dependencies all met for dep_context=requeueable deps ti=<TaskInstance: Financial_risk_assessment_to_dw.run_clean_data manual__2026-03-24T07:21:22.126726+00:00 [queued]>
[2026-03-24T07:21:32.238+0000] {taskinstance.py:2170} INFO - Starting attempt 1 of 3
[2026-03-24T07:21:32.262+0000] {taskinstance.py:2191} INFO - Executing <Task(BashOperator): run_clean_data> on 2026-03-24 07:21:22.126726+00:00
[2026-03-24T07:21:32.272+0000] {standard_task_runner.py:60} INFO - Started process 568 to run task
[2026-03-24T07:21:32.278+0000] {standard_task_runner.py:87} INFO - Running: ['airflow', 'tasks', 'run', 'Financial_risk_assessment_to_dw', 'run_clean_data', 'manual__2026-03-24T07:21:22.126726+00:00', '--job-id', '7', '--raw', '--subdir', 'DAGS_FOLDER/etl_dags.py', '--cfg-path', '/tmp/tmpck4nhxsq']
[2026-03-24T07:21:32.283+0000] {standard_task_runner.py:88} INFO - Job 7: Subtask run_clean_data
[2026-03-24T07:21:32.383+0000] {task_command.py:423} INFO - Running <TaskInstance: Financial_risk_assessment_to_dw.run_clean_data manual__2026-03-24T07:21:22.126726+00:00 [running]> on host 4da2f79085cf
[2026-03-24T07:21:32.471+0000] {taskinstance.py:2480} INFO - Exporting env vars: AIRFLOW_CTX_DAG_OWNER='hieubtt' AIRFLOW_CTX_DAG_ID='Financial_risk_assessment_to_dw' AIRFLOW_CTX_TASK_ID='run_clean_data' AIRFLOW_CTX_EXECUTION_DATE='2026-03-24T07:21:22.126726+00:00' AIRFLOW_CTX_TRY_NUMBER='1' AIRFLOW_CTX_DAG_RUN_ID='manual__2026-03-24T07:21:22.126726+00:00'
[2026-03-24T07:21:32.473+0000] {subprocess.py:63} INFO - Tmp dir root location: /tmp
[2026-03-24T07:21:32.474+0000] {subprocess.py:75} INFO - Running command: ['/usr/bin/bash', '-c', 'python /opt/airflow/scripts/clean_data_fin.py']
[2026-03-24T07:21:32.484+0000] {subprocess.py:86} INFO - Output:
[2026-03-24T07:21:33.132+0000] {subprocess.py:93} INFO - /opt/airflow/scripts/clean_data_fin.py:32: UserWarning: pandas only supports SQLAlchemy connectable (engine/connection) or database string URI or sqlite3 DBAPI2 connection. Other DBAPI2 objects are not tested. Please consider using SQLAlchemy.
[2026-03-24T07:21:33.133+0000] {subprocess.py:93} INFO -   df_errors = pd.read_sql(SQL_NULL_DATA, conn)
[2026-03-24T07:21:33.134+0000] {subprocess.py:93} INFO - Lỗi: Execution failed on sql '
[2026-03-24T07:21:33.135+0000] {subprocess.py:93} INFO -     select credit_score,loan_amount,id from fin_risk_assessment
[2026-03-24T07:21:33.135+0000] {subprocess.py:93} INFO -     where credit_score IS NULL OR loan_amount IS NULL
[2026-03-24T07:21:33.135+0000] {subprocess.py:93} INFO -     OR credit_score = 'NaN' OR loan_amount = 'NaN'
[2026-03-24T07:21:33.136+0000] {subprocess.py:93} INFO - ': relation "fin_risk_assessment" does not exist
[2026-03-24T07:21:33.136+0000] {subprocess.py:93} INFO - LINE 2:     select credit_score,loan_amount,id from fin_risk_assessm...
[2026-03-24T07:21:33.136+0000] {subprocess.py:93} INFO -                                                     ^
[2026-03-24T07:21:33.136+0000] {subprocess.py:93} INFO - 
[2026-03-24T07:21:33.137+0000] {subprocess.py:93} INFO - ETL FAILED | RUN_ID=RUN_ccf62641 | ERROR=Execution failed on sql '
[2026-03-24T07:21:33.137+0000] {subprocess.py:93} INFO -     select credit_score,loan_amount,id from fin_risk_assessment
[2026-03-24T07:21:33.137+0000] {subprocess.py:93} INFO -     where credit_score IS NULL OR loan_amount IS NULL
[2026-03-24T07:21:33.138+0000] {subprocess.py:93} INFO -     OR credit_score = 'NaN' OR loan_amount = 'NaN'
[2026-03-24T07:21:33.138+0000] {subprocess.py:93} INFO - ': relation "fin_risk_assessment" does not exist
[2026-03-24T07:21:33.138+0000] {subprocess.py:93} INFO - LINE 2:     select credit_score,loan_amount,id from fin_risk_assessm...
[2026-03-24T07:21:33.138+0000] {subprocess.py:93} INFO -                                                     ^
[2026-03-24T07:21:33.138+0000] {subprocess.py:93} INFO - 
[2026-03-24T07:21:33.224+0000] {subprocess.py:97} INFO - Command exited with return code 0
[2026-03-24T07:21:33.249+0000] {taskinstance.py:1138} INFO - Marking task as SUCCESS. dag_id=Financial_risk_assessment_to_dw, task_id=run_clean_data, execution_date=20260324T072122, start_date=20260324T072132, end_date=20260324T072133
[2026-03-24T07:21:33.304+0000] {local_task_job_runner.py:234} INFO - Task exited with return code 0
[2026-03-24T07:21:33.332+0000] {taskinstance.py:3280} INFO - 1 downstream tasks scheduled from follow-on schedule check
