[2026-03-17T02:56:57.880+0000] {taskinstance.py:1956} INFO - Dependencies all met for dep_context=non-requeueable deps ti=<TaskInstance: daily_revenue_etl_dag.run_daily_revenue_etl manual__2026-03-17T02:56:55.652970+00:00 [queued]>
[2026-03-17T02:56:57.890+0000] {taskinstance.py:1956} INFO - Dependencies all met for dep_context=requeueable deps ti=<TaskInstance: daily_revenue_etl_dag.run_daily_revenue_etl manual__2026-03-17T02:56:55.652970+00:00 [queued]>
[2026-03-17T02:56:57.891+0000] {taskinstance.py:2170} INFO - Starting attempt 1 of 3
[2026-03-17T02:56:57.905+0000] {taskinstance.py:2191} INFO - Executing <Task(BashOperator): run_daily_revenue_etl> on 2026-03-17 02:56:55.652970+00:00
[2026-03-17T02:56:57.912+0000] {standard_task_runner.py:60} INFO - Started process 188 to run task
[2026-03-17T02:56:57.917+0000] {standard_task_runner.py:87} INFO - Running: ['airflow', 'tasks', 'run', 'daily_revenue_etl_dag', 'run_daily_revenue_etl', 'manual__2026-03-17T02:56:55.652970+00:00', '--job-id', '2', '--raw', '--subdir', 'DAGS_FOLDER/daily_revenue_etl_dag.py', '--cfg-path', '/tmp/tmp0cjxho2d']
[2026-03-17T02:56:57.921+0000] {standard_task_runner.py:88} INFO - Job 2: Subtask run_daily_revenue_etl
[2026-03-17T02:56:57.995+0000] {task_command.py:423} INFO - Running <TaskInstance: daily_revenue_etl_dag.run_daily_revenue_etl manual__2026-03-17T02:56:55.652970+00:00 [running]> on host 7b2f29a9447f
[2026-03-17T02:56:58.069+0000] {taskinstance.py:2480} INFO - Exporting env vars: AIRFLOW_CTX_DAG_OWNER='data_engineer_hieubtt' AIRFLOW_CTX_DAG_ID='daily_revenue_etl_dag' AIRFLOW_CTX_TASK_ID='run_daily_revenue_etl' AIRFLOW_CTX_EXECUTION_DATE='2026-03-17T02:56:55.652970+00:00' AIRFLOW_CTX_TRY_NUMBER='1' AIRFLOW_CTX_DAG_RUN_ID='manual__2026-03-17T02:56:55.652970+00:00'
[2026-03-17T02:56:58.070+0000] {subprocess.py:63} INFO - Tmp dir root location: /tmp
[2026-03-17T02:56:58.072+0000] {subprocess.py:75} INFO - Running command: ['/usr/bin/bash', '-c', 'python /opt/airflow/scripts/daily_revenue_etl.py']
[2026-03-17T02:56:58.079+0000] {subprocess.py:86} INFO - Output:
[2026-03-17T02:56:58.316+0000] {subprocess.py:93} INFO - Ket noi database thanh cong
[2026-03-17T02:56:58.317+0000] {subprocess.py:93} INFO - Tao bang report_revenue neu chua ton tai
[2026-03-17T02:56:58.322+0000] {subprocess.py:93} INFO - Traceback (most recent call last):
[2026-03-17T02:56:58.323+0000] {subprocess.py:93} INFO -   File "/opt/airflow/scripts/daily_revenue_etl.py", line 36, in run_etl
[2026-03-17T02:56:58.323+0000] {subprocess.py:93} INFO -     cur.execute("""
[2026-03-17T02:56:58.324+0000] {subprocess.py:93} INFO - psycopg2.errors.UniqueViolation: duplicate key value violates unique constraint "pg_type_typname_nsp_index"
[2026-03-17T02:56:58.324+0000] {subprocess.py:93} INFO - DETAIL:  Key (typname, typnamespace)=(report_revenue, 2200) already exists.
[2026-03-17T02:56:58.325+0000] {subprocess.py:93} INFO - 
[2026-03-17T02:56:58.325+0000] {subprocess.py:93} INFO - 
[2026-03-17T02:56:58.325+0000] {subprocess.py:93} INFO - During handling of the above exception, another exception occurred:
[2026-03-17T02:56:58.326+0000] {subprocess.py:93} INFO - 
[2026-03-17T02:56:58.326+0000] {subprocess.py:93} INFO - Traceback (most recent call last):
[2026-03-17T02:56:58.326+0000] {subprocess.py:93} INFO -   File "/opt/airflow/scripts/daily_revenue_etl.py", line 94, in <module>
[2026-03-17T02:56:58.327+0000] {subprocess.py:93} INFO -     run_etl()
[2026-03-17T02:56:58.327+0000] {subprocess.py:93} INFO -   File "/opt/airflow/scripts/daily_revenue_etl.py", line 83, in run_etl
[2026-03-17T02:56:58.327+0000] {subprocess.py:93} INFO -     raise Exception(f"ETL pipeline loi: {e}")
[2026-03-17T02:56:58.328+0000] {subprocess.py:93} INFO - Exception: ETL pipeline loi: duplicate key value violates unique constraint "pg_type_typname_nsp_index"
[2026-03-17T02:56:58.328+0000] {subprocess.py:93} INFO - DETAIL:  Key (typname, typnamespace)=(report_revenue, 2200) already exists.
[2026-03-17T02:56:58.328+0000] {subprocess.py:93} INFO - 
[2026-03-17T02:56:58.329+0000] {subprocess.py:97} INFO - Command exited with return code 1
[2026-03-17T02:56:58.339+0000] {taskinstance.py:2698} ERROR - Task failed with exception
Traceback (most recent call last):
  File "/home/airflow/.local/lib/python3.8/site-packages/airflow/models/taskinstance.py", line 433, in _execute_task
    result = execute_callable(context=context, **execute_callable_kwargs)
  File "/home/airflow/.local/lib/python3.8/site-packages/airflow/operators/bash.py", line 212, in execute
    raise AirflowException(
airflow.exceptions.AirflowException: Bash command failed. The command returned a non-zero exit code 1.
[2026-03-17T02:56:58.342+0000] {taskinstance.py:1138} INFO - Marking task as UP_FOR_RETRY. dag_id=daily_revenue_etl_dag, task_id=run_daily_revenue_etl, execution_date=20260317T025655, start_date=20260317T025657, end_date=20260317T025658
[2026-03-17T02:56:58.353+0000] {standard_task_runner.py:107} ERROR - Failed to execute job 2 for task run_daily_revenue_etl (Bash command failed. The command returned a non-zero exit code 1.; 188)
[2026-03-17T02:56:58.371+0000] {local_task_job_runner.py:234} INFO - Task exited with return code 1
[2026-03-17T02:56:58.389+0000] {taskinstance.py:3280} INFO - 0 downstream tasks scheduled from follow-on schedule check
