[2026-03-17T02:57:23.239+0000] {taskinstance.py:1956} INFO - Dependencies all met for dep_context=non-requeueable deps ti=<TaskInstance: daily_revenue_etl_dag.run_daily_revenue_etl manual__2026-03-17T02:56:55.652970+00:00 [queued]>
[2026-03-17T02:57:23.259+0000] {taskinstance.py:1956} INFO - Dependencies all met for dep_context=requeueable deps ti=<TaskInstance: daily_revenue_etl_dag.run_daily_revenue_etl manual__2026-03-17T02:56:55.652970+00:00 [queued]>
[2026-03-17T02:57:23.260+0000] {taskinstance.py:2170} INFO - Starting attempt 2 of 3
[2026-03-17T02:57:23.282+0000] {taskinstance.py:2191} INFO - Executing <Task(BashOperator): run_daily_revenue_etl> on 2026-03-17 02:56:55.652970+00:00
[2026-03-17T02:57:23.289+0000] {standard_task_runner.py:60} INFO - Started process 203 to run task
[2026-03-17T02:57:23.294+0000] {standard_task_runner.py:87} INFO - Running: ['airflow', 'tasks', 'run', 'daily_revenue_etl_dag', 'run_daily_revenue_etl', 'manual__2026-03-17T02:56:55.652970+00:00', '--job-id', '4', '--raw', '--subdir', 'DAGS_FOLDER/daily_revenue_etl_dag.py', '--cfg-path', '/tmp/tmp_l6n79w8']
[2026-03-17T02:57:23.298+0000] {standard_task_runner.py:88} INFO - Job 4: Subtask run_daily_revenue_etl
[2026-03-17T02:57:23.400+0000] {task_command.py:423} INFO - Running <TaskInstance: daily_revenue_etl_dag.run_daily_revenue_etl manual__2026-03-17T02:56:55.652970+00:00 [running]> on host 7b2f29a9447f
[2026-03-17T02:57:23.580+0000] {taskinstance.py:2480} INFO - Exporting env vars: AIRFLOW_CTX_DAG_OWNER='data_engineer_hieubtt' AIRFLOW_CTX_DAG_ID='daily_revenue_etl_dag' AIRFLOW_CTX_TASK_ID='run_daily_revenue_etl' AIRFLOW_CTX_EXECUTION_DATE='2026-03-17T02:56:55.652970+00:00' AIRFLOW_CTX_TRY_NUMBER='2' AIRFLOW_CTX_DAG_RUN_ID='manual__2026-03-17T02:56:55.652970+00:00'
[2026-03-17T02:57:23.583+0000] {subprocess.py:63} INFO - Tmp dir root location: /tmp
[2026-03-17T02:57:23.586+0000] {subprocess.py:75} INFO - Running command: ['/usr/bin/bash', '-c', 'python /opt/airflow/scripts/daily_revenue_etl.py']
[2026-03-17T02:57:23.612+0000] {subprocess.py:86} INFO - Output:
[2026-03-17T02:57:23.913+0000] {subprocess.py:93} INFO - Ket noi database thanh cong
[2026-03-17T02:57:23.916+0000] {subprocess.py:93} INFO - Tao bang report_revenue neu chua ton tai
[2026-03-17T02:57:23.917+0000] {subprocess.py:93} INFO - Extract du lieu
[2026-03-17T02:57:23.918+0000] {subprocess.py:93} INFO - So dong du lieu: 16
[2026-03-17T02:57:23.919+0000] {subprocess.py:93} INFO - Load du lieu vao report_revenue
[2026-03-17T02:57:23.920+0000] {subprocess.py:93} INFO - ETL pipeline da hoan thanh
[2026-03-17T02:57:23.937+0000] {subprocess.py:97} INFO - Command exited with return code 0
[2026-03-17T02:57:23.987+0000] {taskinstance.py:1138} INFO - Marking task as SUCCESS. dag_id=daily_revenue_etl_dag, task_id=run_daily_revenue_etl, execution_date=20260317T025655, start_date=20260317T025723, end_date=20260317T025723
[2026-03-17T02:57:24.031+0000] {local_task_job_runner.py:234} INFO - Task exited with return code 0
[2026-03-17T02:57:24.074+0000] {taskinstance.py:3280} INFO - 0 downstream tasks scheduled from follow-on schedule check
