[2026-03-31T05:36:19.243+0000] {taskinstance.py:1956} INFO - Dependencies all met for dep_context=non-requeueable deps ti=<TaskInstance: Financial_risk_assessment_to_dw.run_clean_data manual__2026-03-31T05:36:09.368078+00:00 [queued]>
[2026-03-31T05:36:19.250+0000] {taskinstance.py:1956} INFO - Dependencies all met for dep_context=requeueable deps ti=<TaskInstance: Financial_risk_assessment_to_dw.run_clean_data manual__2026-03-31T05:36:09.368078+00:00 [queued]>
[2026-03-31T05:36:19.251+0000] {taskinstance.py:2170} INFO - Starting attempt 1 of 3
[2026-03-31T05:36:19.260+0000] {taskinstance.py:2191} INFO - Executing <Task(BashOperator): run_clean_data> on 2026-03-31 05:36:09.368078+00:00
[2026-03-31T05:36:19.265+0000] {standard_task_runner.py:60} INFO - Started process 257 to run task
[2026-03-31T05:36:19.268+0000] {standard_task_runner.py:87} INFO - Running: ['airflow', 'tasks', 'run', 'Financial_risk_assessment_to_dw', 'run_clean_data', 'manual__2026-03-31T05:36:09.368078+00:00', '--job-id', '3', '--raw', '--subdir', 'DAGS_FOLDER/etl_dags.py', '--cfg-path', '/tmp/tmp2ohzig9i']
[2026-03-31T05:36:19.270+0000] {standard_task_runner.py:88} INFO - Job 3: Subtask run_clean_data
[2026-03-31T05:36:19.321+0000] {task_command.py:423} INFO - Running <TaskInstance: Financial_risk_assessment_to_dw.run_clean_data manual__2026-03-31T05:36:09.368078+00:00 [running]> on host a2b842e91b55
[2026-03-31T05:36:19.382+0000] {taskinstance.py:2480} INFO - Exporting env vars: AIRFLOW_CTX_DAG_OWNER='hieubtt' AIRFLOW_CTX_DAG_ID='Financial_risk_assessment_to_dw' AIRFLOW_CTX_TASK_ID='run_clean_data' AIRFLOW_CTX_EXECUTION_DATE='2026-03-31T05:36:09.368078+00:00' AIRFLOW_CTX_TRY_NUMBER='1' AIRFLOW_CTX_DAG_RUN_ID='manual__2026-03-31T05:36:09.368078+00:00'
[2026-03-31T05:36:19.384+0000] {subprocess.py:63} INFO - Tmp dir root location: /tmp
[2026-03-31T05:36:19.385+0000] {subprocess.py:75} INFO - Running command: ['/usr/bin/bash', '-c', 'python /opt/airflow/scripts/clean_data_fin.py']
[2026-03-31T05:36:19.392+0000] {subprocess.py:86} INFO - Output:
[2026-03-31T05:36:19.909+0000] {subprocess.py:93} INFO - /opt/airflow/scripts/clean_data_fin.py:32: UserWarning: pandas only supports SQLAlchemy connectable (engine/connection) or database string URI or sqlite3 DBAPI2 connection. Other DBAPI2 objects are not tested. Please consider using SQLAlchemy.
[2026-03-31T05:36:19.910+0000] {subprocess.py:93} INFO -   df_errors = pd.read_sql(SQL_NULL_DATA, conn)
[2026-03-31T05:36:19.910+0000] {subprocess.py:93} INFO - Lỗi: Execution failed on sql '
[2026-03-31T05:36:19.911+0000] {subprocess.py:93} INFO -     select credit_score,loan_amount,id from fin_risk_assessment
[2026-03-31T05:36:19.912+0000] {subprocess.py:93} INFO -     where credit_score IS NULL OR loan_amount IS NULL
[2026-03-31T05:36:19.912+0000] {subprocess.py:93} INFO -     OR credit_score = 'NaN' OR loan_amount = 'NaN'
[2026-03-31T05:36:19.913+0000] {subprocess.py:93} INFO - ': relation "fin_risk_assessment" does not exist
[2026-03-31T05:36:19.913+0000] {subprocess.py:93} INFO - LINE 2:     select credit_score,loan_amount,id from fin_risk_assessm...
[2026-03-31T05:36:19.914+0000] {subprocess.py:93} INFO -                                                     ^
[2026-03-31T05:36:19.915+0000] {subprocess.py:93} INFO - 
[2026-03-31T05:36:19.915+0000] {subprocess.py:93} INFO - ETL FAILED | RUN_ID=RUN_e2c51fa5 | ERROR=Execution failed on sql '
[2026-03-31T05:36:19.916+0000] {subprocess.py:93} INFO -     select credit_score,loan_amount,id from fin_risk_assessment
[2026-03-31T05:36:19.916+0000] {subprocess.py:93} INFO -     where credit_score IS NULL OR loan_amount IS NULL
[2026-03-31T05:36:19.916+0000] {subprocess.py:93} INFO -     OR credit_score = 'NaN' OR loan_amount = 'NaN'
[2026-03-31T05:36:19.917+0000] {subprocess.py:93} INFO - ': relation "fin_risk_assessment" does not exist
[2026-03-31T05:36:19.917+0000] {subprocess.py:93} INFO - LINE 2:     select credit_score,loan_amount,id from fin_risk_assessm...
[2026-03-31T05:36:19.918+0000] {subprocess.py:93} INFO -                                                     ^
[2026-03-31T05:36:19.918+0000] {subprocess.py:93} INFO - 
[2026-03-31T05:36:19.957+0000] {subprocess.py:97} INFO - Command exited with return code 0
[2026-03-31T05:36:19.980+0000] {taskinstance.py:1138} INFO - Marking task as SUCCESS. dag_id=Financial_risk_assessment_to_dw, task_id=run_clean_data, execution_date=20260331T053609, start_date=20260331T053619, end_date=20260331T053619
[2026-03-31T05:36:20.004+0000] {local_task_job_runner.py:234} INFO - Task exited with return code 0
[2026-03-31T05:36:20.024+0000] {taskinstance.py:3280} INFO - 1 downstream tasks scheduled from follow-on schedule check
