[2026-03-18T10:26:36.489+0000] {taskinstance.py:1956} INFO - Dependencies all met for dep_context=non-requeueable deps ti=<TaskInstance: saleFinancial_risk_assessment_to_dw.run_etl manual__2026-03-18T10:26:34.756041+00:00 [queued]>
[2026-03-18T10:26:36.500+0000] {taskinstance.py:1956} INFO - Dependencies all met for dep_context=requeueable deps ti=<TaskInstance: saleFinancial_risk_assessment_to_dw.run_etl manual__2026-03-18T10:26:34.756041+00:00 [queued]>
[2026-03-18T10:26:36.501+0000] {taskinstance.py:2170} INFO - Starting attempt 1 of 3
[2026-03-18T10:26:36.526+0000] {taskinstance.py:2191} INFO - Executing <Task(BashOperator): run_etl> on 2026-03-18 10:26:34.756041+00:00
[2026-03-18T10:26:36.535+0000] {standard_task_runner.py:60} INFO - Started process 182 to run task
[2026-03-18T10:26:36.542+0000] {standard_task_runner.py:87} INFO - Running: ['airflow', 'tasks', 'run', 'saleFinancial_risk_assessment_to_dw', 'run_etl', 'manual__2026-03-18T10:26:34.756041+00:00', '--job-id', '2', '--raw', '--subdir', 'DAGS_FOLDER/etl_dags.py', '--cfg-path', '/tmp/tmpv51a5p6y']
[2026-03-18T10:26:36.545+0000] {standard_task_runner.py:88} INFO - Job 2: Subtask run_etl
[2026-03-18T10:26:36.629+0000] {task_command.py:423} INFO - Running <TaskInstance: saleFinancial_risk_assessment_to_dw.run_etl manual__2026-03-18T10:26:34.756041+00:00 [running]> on host ed30a893bff4
[2026-03-18T10:26:36.711+0000] {taskinstance.py:2480} INFO - Exporting env vars: AIRFLOW_CTX_DAG_OWNER='hieubtt' AIRFLOW_CTX_DAG_ID='saleFinancial_risk_assessment_to_dw' AIRFLOW_CTX_TASK_ID='run_etl' AIRFLOW_CTX_EXECUTION_DATE='2026-03-18T10:26:34.756041+00:00' AIRFLOW_CTX_TRY_NUMBER='1' AIRFLOW_CTX_DAG_RUN_ID='manual__2026-03-18T10:26:34.756041+00:00'
[2026-03-18T10:26:36.712+0000] {subprocess.py:63} INFO - Tmp dir root location: /tmp
[2026-03-18T10:26:36.714+0000] {subprocess.py:75} INFO - Running command: ['/usr/bin/bash', '-c', 'python /opt/airflow/scripts/extract_fin_risk_csv.py']
[2026-03-18T10:26:36.724+0000] {subprocess.py:86} INFO - Output:
[2026-03-18T10:26:39.748+0000] {subprocess.py:93} INFO - Đã chạy được lần 1 1000 dòng dữ liệu và hiện đang tiếp tục ...
[2026-03-18T10:26:39.749+0000] {subprocess.py:93} INFO - Đã chạy được lần 2 1000 dòng dữ liệu và hiện đang tiếp tục ...
[2026-03-18T10:26:39.751+0000] {subprocess.py:93} INFO - Đã chạy được lần 3 1000 dòng dữ liệu và hiện đang tiếp tục ...
[2026-03-18T10:26:39.752+0000] {subprocess.py:93} INFO - Đã chạy được lần 4 1000 dòng dữ liệu và hiện đang tiếp tục ...
[2026-03-18T10:26:39.752+0000] {subprocess.py:93} INFO - Đã chạy được lần 5 1000 dòng dữ liệu và hiện đang tiếp tục ...
[2026-03-18T10:26:39.753+0000] {subprocess.py:93} INFO - Đã chạy được lần 6 1000 dòng dữ liệu và hiện đang tiếp tục ...
[2026-03-18T10:26:39.754+0000] {subprocess.py:93} INFO - Đã chạy được lần 7 1000 dòng dữ liệu và hiện đang tiếp tục ...
[2026-03-18T10:26:39.755+0000] {subprocess.py:93} INFO - Đã chạy được lần 8 1000 dòng dữ liệu và hiện đang tiếp tục ...
[2026-03-18T10:26:39.755+0000] {subprocess.py:93} INFO - Đã chạy được lần 9 1000 dòng dữ liệu và hiện đang tiếp tục ...
[2026-03-18T10:26:39.756+0000] {subprocess.py:93} INFO - Đã chạy được lần 10 1000 dòng dữ liệu và hiện đang tiếp tục ...
[2026-03-18T10:26:39.756+0000] {subprocess.py:93} INFO - Đã chạy được lần 11 1000 dòng dữ liệu và hiện đang tiếp tục ...
[2026-03-18T10:26:39.757+0000] {subprocess.py:93} INFO - Đã chạy được lần 12 1000 dòng dữ liệu và hiện đang tiếp tục ...
[2026-03-18T10:26:39.758+0000] {subprocess.py:93} INFO - Đã chạy được lần 13 1000 dòng dữ liệu và hiện đang tiếp tục ...
[2026-03-18T10:26:39.759+0000] {subprocess.py:93} INFO - Đã chạy được lần 14 1000 dòng dữ liệu và hiện đang tiếp tục ...
[2026-03-18T10:26:39.760+0000] {subprocess.py:93} INFO - Đã chạy được lần 15 1000 dòng dữ liệu và hiện đang tiếp tục ...
[2026-03-18T10:26:39.763+0000] {subprocess.py:93} INFO - Traceback (most recent call last):
[2026-03-18T10:26:39.764+0000] {subprocess.py:93} INFO -   File "/opt/airflow/scripts/extract_fin_risk_csv.py", line 171, in <module>
[2026-03-18T10:26:39.765+0000] {subprocess.py:93} INFO -     main()
[2026-03-18T10:26:39.765+0000] {subprocess.py:93} INFO -   File "/opt/airflow/scripts/extract_fin_risk_csv.py", line 120, in main
[2026-03-18T10:26:39.766+0000] {subprocess.py:93} INFO -     conn = psycopg2.connect(**DB)
[2026-03-18T10:26:39.767+0000] {subprocess.py:93} INFO -   File "/home/airflow/.local/lib/python3.8/site-packages/psycopg2/__init__.py", line 122, in connect
[2026-03-18T10:26:39.767+0000] {subprocess.py:93} INFO -     conn = _connect(dsn, connection_factory=connection_factory, **kwasync)
[2026-03-18T10:26:39.768+0000] {subprocess.py:93} INFO - psycopg2.OperationalError: connection to server at "postgres_airflow" (172.20.0.2), port 5432 failed: FATAL:  database "etl_fin_db" does not exist
[2026-03-18T10:26:39.768+0000] {subprocess.py:93} INFO - 
[2026-03-18T10:26:39.908+0000] {subprocess.py:97} INFO - Command exited with return code 1
[2026-03-18T10:26:39.921+0000] {taskinstance.py:2698} ERROR - Task failed with exception
Traceback (most recent call last):
  File "/home/airflow/.local/lib/python3.8/site-packages/airflow/models/taskinstance.py", line 433, in _execute_task
    result = execute_callable(context=context, **execute_callable_kwargs)
  File "/home/airflow/.local/lib/python3.8/site-packages/airflow/operators/bash.py", line 212, in execute
    raise AirflowException(
airflow.exceptions.AirflowException: Bash command failed. The command returned a non-zero exit code 1.
[2026-03-18T10:26:39.924+0000] {taskinstance.py:1138} INFO - Marking task as UP_FOR_RETRY. dag_id=saleFinancial_risk_assessment_to_dw, task_id=run_etl, execution_date=20260318T102634, start_date=20260318T102636, end_date=20260318T102639
[2026-03-18T10:26:39.938+0000] {standard_task_runner.py:107} ERROR - Failed to execute job 2 for task run_etl (Bash command failed. The command returned a non-zero exit code 1.; 182)
[2026-03-18T10:26:39.952+0000] {local_task_job_runner.py:234} INFO - Task exited with return code 1
[2026-03-18T10:26:39.972+0000] {taskinstance.py:3280} INFO - 0 downstream tasks scheduled from follow-on schedule check
