[2026-03-18T10:39:21.640+0000] {taskinstance.py:1956} INFO - Dependencies all met for dep_context=non-requeueable deps ti=<TaskInstance: saleFinancial_risk_assessment_to_dw.run_etl manual__2026-03-18T10:15:58.174281+00:00 [queued]>
[2026-03-18T10:16:02.276+0000] {taskinstance.py:1956} INFO - Dependencies all met for dep_context=requeueable deps ti=<TaskInstance: saleFinancial_risk_assessment_to_dw.run_etl manual__2026-03-18T10:15:58.174281+00:00 [queued]>
[2026-03-18T10:16:02.277+0000] {taskinstance.py:2170} INFO - Starting attempt 2 of 3
[2026-03-18T10:16:02.297+0000] {taskinstance.py:2191} INFO - Executing <Task(BashOperator): run_etl> on 2026-03-18 10:15:58.174281+00:00
[2026-03-18T10:16:02.308+0000] {standard_task_runner.py:60} INFO - Started process 356 to run task
[2026-03-18T10:16:02.321+0000] {standard_task_runner.py:87} INFO - Running: ['airflow', 'tasks', 'run', 'saleFinancial_risk_assessment_to_dw', 'run_etl', 'manual__2026-03-18T10:15:58.174281+00:00', '--job-id', '6', '--raw', '--subdir', 'DAGS_FOLDER/etl_dags.py', '--cfg-path', '/tmp/tmpao15hvk_']
[2026-03-18T10:16:02.324+0000] {standard_task_runner.py:88} INFO - Job 6: Subtask run_etl
[2026-03-18T10:16:02.394+0000] {task_command.py:423} INFO - Running <TaskInstance: saleFinancial_risk_assessment_to_dw.run_etl manual__2026-03-18T10:15:58.174281+00:00 [running]> on host c81a3ab423d7
[2026-03-18T10:16:02.472+0000] {taskinstance.py:2480} INFO - Exporting env vars: AIRFLOW_CTX_DAG_OWNER='hieubtt' AIRFLOW_CTX_DAG_ID='saleFinancial_risk_assessment_to_dw' AIRFLOW_CTX_TASK_ID='run_etl' AIRFLOW_CTX_EXECUTION_DATE='2026-03-18T10:15:58.174281+00:00' AIRFLOW_CTX_TRY_NUMBER='2' AIRFLOW_CTX_DAG_RUN_ID='manual__2026-03-18T10:15:58.174281+00:00'
[2026-03-18T10:16:02.474+0000] {subprocess.py:63} INFO - Tmp dir root location: /tmp
[2026-03-18T10:16:02.476+0000] {subprocess.py:75} INFO - Running command: ['/usr/bin/bash', '-c', 'python /opt/airflow/scripts/extract_fin_risk_csv.py']
[2026-03-18T10:16:02.487+0000] {subprocess.py:86} INFO - Output:
[2026-03-18T10:16:03.068+0000] {subprocess.py:93} INFO - Traceback (most recent call last):
[2026-03-18T10:16:03.069+0000] {subprocess.py:93} INFO -   File "/opt/airflow/scripts/extract_fin_risk_csv.py", line 62, in <module>
[2026-03-18T10:16:03.070+0000] {subprocess.py:93} INFO -     pf = pd.read_csv('/opt/airflow/data/Financial_risk_assessment.csv')
[2026-03-18T10:16:03.071+0000] {subprocess.py:93} INFO -   File "/home/airflow/.local/lib/python3.8/site-packages/pandas/io/parsers/readers.py", line 912, in read_csv
[2026-03-18T10:16:03.071+0000] {subprocess.py:93} INFO -     return _read(filepath_or_buffer, kwds)
[2026-03-18T10:16:03.071+0000] {subprocess.py:93} INFO -   File "/home/airflow/.local/lib/python3.8/site-packages/pandas/io/parsers/readers.py", line 577, in _read
[2026-03-18T10:16:03.072+0000] {subprocess.py:93} INFO -     parser = TextFileReader(filepath_or_buffer, **kwds)
[2026-03-18T10:16:03.072+0000] {subprocess.py:93} INFO -   File "/home/airflow/.local/lib/python3.8/site-packages/pandas/io/parsers/readers.py", line 1407, in __init__
[2026-03-18T10:16:03.073+0000] {subprocess.py:93} INFO -     self._engine = self._make_engine(f, self.engine)
[2026-03-18T10:16:03.073+0000] {subprocess.py:93} INFO -   File "/home/airflow/.local/lib/python3.8/site-packages/pandas/io/parsers/readers.py", line 1661, in _make_engine
[2026-03-18T10:16:03.074+0000] {subprocess.py:93} INFO -     self.handles = get_handle(
[2026-03-18T10:16:03.074+0000] {subprocess.py:93} INFO -   File "/home/airflow/.local/lib/python3.8/site-packages/pandas/io/common.py", line 859, in get_handle
[2026-03-18T10:16:03.075+0000] {subprocess.py:93} INFO -     handle = open(
[2026-03-18T10:16:03.075+0000] {subprocess.py:93} INFO - FileNotFoundError: [Errno 2] No such file or directory: '/opt/airflow/data/Financial_risk_assessment.csv'
[2026-03-18T10:16:03.152+0000] {subprocess.py:97} INFO - Command exited with return code 1
[2026-03-18T10:16:03.164+0000] {taskinstance.py:2698} ERROR - Task failed with exception
Traceback (most recent call last):
  File "/home/airflow/.local/lib/python3.8/site-packages/airflow/models/taskinstance.py", line 433, in _execute_task
    result = execute_callable(context=context, **execute_callable_kwargs)
  File "/home/airflow/.local/lib/python3.8/site-packages/airflow/operators/bash.py", line 212, in execute
    raise AirflowException(
airflow.exceptions.AirflowException: Bash command failed. The command returned a non-zero exit code 1.
[2026-03-18T10:16:03.168+0000] {taskinstance.py:1138} INFO - Marking task as UP_FOR_RETRY. dag_id=saleFinancial_risk_assessment_to_dw, task_id=run_etl, execution_date=20260318T101558, start_date=20260318T103921, end_date=20260318T101603
[2026-03-18T10:16:03.183+0000] {standard_task_runner.py:107} ERROR - Failed to execute job 6 for task run_etl (Bash command failed. The command returned a non-zero exit code 1.; 356)
[2026-03-18T10:16:03.228+0000] {local_task_job_runner.py:234} INFO - Task exited with return code 1
[2026-03-18T10:16:03.262+0000] {taskinstance.py:3280} INFO - 0 downstream tasks scheduled from follow-on schedule check
