[2026-03-24T08:36:12.179+0000] {taskinstance.py:1956} INFO - Dependencies all met for dep_context=non-requeueable deps ti=<TaskInstance: Financial_risk_assessment_to_dw.run_ml_risk_data manual__2026-03-24T08:33:48.009364+00:00 [queued]>
[2026-03-24T08:36:12.225+0000] {taskinstance.py:1956} INFO - Dependencies all met for dep_context=requeueable deps ti=<TaskInstance: Financial_risk_assessment_to_dw.run_ml_risk_data manual__2026-03-24T08:33:48.009364+00:00 [queued]>
[2026-03-24T08:36:12.228+0000] {taskinstance.py:2170} INFO - Starting attempt 2 of 3
[2026-03-24T08:36:12.284+0000] {taskinstance.py:2191} INFO - Executing <Task(BashOperator): run_ml_risk_data> on 2026-03-24 08:33:48.009364+00:00
[2026-03-24T08:36:12.311+0000] {standard_task_runner.py:60} INFO - Started process 301 to run task
[2026-03-24T08:36:12.317+0000] {standard_task_runner.py:87} INFO - Running: ['airflow', 'tasks', 'run', 'Financial_risk_assessment_to_dw', 'run_ml_risk_data', 'manual__2026-03-24T08:33:48.009364+00:00', '--job-id', '6', '--raw', '--subdir', 'DAGS_FOLDER/etl_dags.py', '--cfg-path', '/tmp/tmpz1uy4bz6']
[2026-03-24T08:36:12.322+0000] {standard_task_runner.py:88} INFO - Job 6: Subtask run_ml_risk_data
[2026-03-24T08:36:12.448+0000] {task_command.py:423} INFO - Running <TaskInstance: Financial_risk_assessment_to_dw.run_ml_risk_data manual__2026-03-24T08:33:48.009364+00:00 [running]> on host bc950e99a605
[2026-03-24T08:36:12.534+0000] {taskinstance.py:2480} INFO - Exporting env vars: AIRFLOW_CTX_DAG_OWNER='hieubtt' AIRFLOW_CTX_DAG_ID='Financial_risk_assessment_to_dw' AIRFLOW_CTX_TASK_ID='run_ml_risk_data' AIRFLOW_CTX_EXECUTION_DATE='2026-03-24T08:33:48.009364+00:00' AIRFLOW_CTX_TRY_NUMBER='2' AIRFLOW_CTX_DAG_RUN_ID='manual__2026-03-24T08:33:48.009364+00:00'
[2026-03-24T08:36:12.536+0000] {subprocess.py:63} INFO - Tmp dir root location: /tmp
[2026-03-24T08:36:12.538+0000] {subprocess.py:75} INFO - Running command: ['/usr/bin/bash', '-c', 'python /opt/airflow/scripts/train_risk_model.py']
[2026-03-24T08:36:12.561+0000] {subprocess.py:86} INFO - Output:
[2026-03-24T08:36:13.152+0000] {subprocess.py:93} INFO - Traceback (most recent call last):
[2026-03-24T08:36:13.154+0000] {subprocess.py:93} INFO -   File "/opt/airflow/scripts/train_risk_model.py", line 5, in <module>
[2026-03-24T08:36:13.155+0000] {subprocess.py:93} INFO -     from sklearn.ensemble import RandomForestRegressor
[2026-03-24T08:36:13.155+0000] {subprocess.py:93} INFO - ModuleNotFoundError: No module named 'sklearn'
[2026-03-24T08:36:13.238+0000] {subprocess.py:97} INFO - Command exited with return code 1
[2026-03-24T08:36:13.250+0000] {taskinstance.py:2698} ERROR - Task failed with exception
Traceback (most recent call last):
  File "/home/airflow/.local/lib/python3.8/site-packages/airflow/models/taskinstance.py", line 433, in _execute_task
    result = execute_callable(context=context, **execute_callable_kwargs)
  File "/home/airflow/.local/lib/python3.8/site-packages/airflow/operators/bash.py", line 212, in execute
    raise AirflowException(
airflow.exceptions.AirflowException: Bash command failed. The command returned a non-zero exit code 1.
[2026-03-24T08:36:13.254+0000] {taskinstance.py:1138} INFO - Marking task as UP_FOR_RETRY. dag_id=Financial_risk_assessment_to_dw, task_id=run_ml_risk_data, execution_date=20260324T083348, start_date=20260324T083612, end_date=20260324T083613
[2026-03-24T08:36:13.266+0000] {standard_task_runner.py:107} ERROR - Failed to execute job 6 for task run_ml_risk_data (Bash command failed. The command returned a non-zero exit code 1.; 301)
[2026-03-24T08:36:13.295+0000] {local_task_job_runner.py:234} INFO - Task exited with return code 1
[2026-03-24T08:36:13.316+0000] {taskinstance.py:3280} INFO - 0 downstream tasks scheduled from follow-on schedule check
