[2026-03-20T09:49:57.592+0000] {processor.py:161} INFO - Started process (PID=175) to work on /opt/airflow/dags/etl_dags.py
[2026-03-20T09:49:57.596+0000] {processor.py:830} INFO - Processing file /opt/airflow/dags/etl_dags.py for tasks to queue
[2026-03-20T09:49:57.598+0000] {logging_mixin.py:188} INFO - [2026-03-20T09:49:57.597+0000] {dagbag.py:538} INFO - Filling up the DagBag from /opt/airflow/dags/etl_dags.py
[2026-03-20T09:49:57.635+0000] {processor.py:840} INFO - DAG(s) 'saleFinancial_risk_assessment_to_dw' retrieved from /opt/airflow/dags/etl_dags.py
[2026-03-20T09:49:57.913+0000] {logging_mixin.py:188} INFO - [2026-03-20T09:49:57.912+0000] {override.py:1769} INFO - Created Permission View: can edit on DAG:saleFinancial_risk_assessment_to_dw
[2026-03-20T09:49:57.929+0000] {logging_mixin.py:188} INFO - [2026-03-20T09:49:57.929+0000] {override.py:1769} INFO - Created Permission View: can read on DAG:saleFinancial_risk_assessment_to_dw
[2026-03-20T09:49:57.937+0000] {logging_mixin.py:188} INFO - [2026-03-20T09:49:57.936+0000] {override.py:1769} INFO - Created Permission View: can delete on DAG:saleFinancial_risk_assessment_to_dw
[2026-03-20T09:49:57.938+0000] {logging_mixin.py:188} INFO - [2026-03-20T09:49:57.937+0000] {dag.py:3036} INFO - Sync 1 DAGs
[2026-03-20T09:49:57.949+0000] {logging_mixin.py:188} INFO - [2026-03-20T09:49:57.949+0000] {dag.py:3058} INFO - Creating ORM DAG for saleFinancial_risk_assessment_to_dw
[2026-03-20T09:49:57.950+0000] {logging_mixin.py:188} INFO - [2026-03-20T09:49:57.950+0000] {dag.py:3823} INFO - Setting next_dagrun for saleFinancial_risk_assessment_to_dw to None, run_after=None
[2026-03-20T09:49:57.999+0000] {processor.py:183} INFO - Processing /opt/airflow/dags/etl_dags.py took 0.415 seconds
[2026-03-20T10:13:27.458+0000] {processor.py:161} INFO - Started process (PID=182) to work on /opt/airflow/dags/etl_dags.py
[2026-03-20T10:13:27.460+0000] {processor.py:830} INFO - Processing file /opt/airflow/dags/etl_dags.py for tasks to queue
[2026-03-20T10:13:27.462+0000] {logging_mixin.py:188} INFO - [2026-03-20T10:13:27.462+0000] {dagbag.py:538} INFO - Filling up the DagBag from /opt/airflow/dags/etl_dags.py
[2026-03-20T10:13:27.494+0000] {processor.py:840} INFO - DAG(s) 'saleFinancial_risk_assessment_to_dw' retrieved from /opt/airflow/dags/etl_dags.py
[2026-03-20T10:13:27.529+0000] {logging_mixin.py:188} INFO - [2026-03-20T10:13:27.529+0000] {dag.py:3036} INFO - Sync 1 DAGs
[2026-03-20T10:13:27.543+0000] {logging_mixin.py:188} INFO - [2026-03-20T10:13:27.543+0000] {dag.py:3823} INFO - Setting next_dagrun for saleFinancial_risk_assessment_to_dw to None, run_after=None
[2026-03-20T10:13:27.570+0000] {processor.py:183} INFO - Processing /opt/airflow/dags/etl_dags.py took 0.118 seconds
[2026-03-20T09:50:35.384+0000] {processor.py:161} INFO - Started process (PID=187) to work on /opt/airflow/dags/etl_dags.py
[2026-03-20T09:50:35.386+0000] {processor.py:830} INFO - Processing file /opt/airflow/dags/etl_dags.py for tasks to queue
[2026-03-20T09:50:35.388+0000] {logging_mixin.py:188} INFO - [2026-03-20T09:50:35.387+0000] {dagbag.py:538} INFO - Filling up the DagBag from /opt/airflow/dags/etl_dags.py
[2026-03-20T09:50:35.413+0000] {processor.py:840} INFO - DAG(s) 'saleFinancial_risk_assessment_to_dw' retrieved from /opt/airflow/dags/etl_dags.py
[2026-03-20T09:50:35.445+0000] {logging_mixin.py:188} INFO - [2026-03-20T09:50:35.445+0000] {dag.py:3036} INFO - Sync 1 DAGs
[2026-03-20T09:50:35.459+0000] {logging_mixin.py:188} INFO - [2026-03-20T09:50:35.459+0000] {dag.py:3823} INFO - Setting next_dagrun for saleFinancial_risk_assessment_to_dw to None, run_after=None
[2026-03-20T09:50:35.478+0000] {processor.py:183} INFO - Processing /opt/airflow/dags/etl_dags.py took 0.100 seconds
[2026-03-20T10:14:10.852+0000] {processor.py:161} INFO - Started process (PID=192) to work on /opt/airflow/dags/etl_dags.py
[2026-03-20T10:14:10.854+0000] {processor.py:830} INFO - Processing file /opt/airflow/dags/etl_dags.py for tasks to queue
[2026-03-20T10:14:10.856+0000] {logging_mixin.py:188} INFO - [2026-03-20T10:14:10.855+0000] {dagbag.py:538} INFO - Filling up the DagBag from /opt/airflow/dags/etl_dags.py
[2026-03-20T09:50:48.540+0000] {processor.py:840} INFO - DAG(s) 'saleFinancial_risk_assessment_to_dw' retrieved from /opt/airflow/dags/etl_dags.py
[2026-03-20T09:50:48.580+0000] {logging_mixin.py:188} INFO - [2026-03-20T09:50:48.580+0000] {dag.py:3036} INFO - Sync 1 DAGs
[2026-03-20T09:50:48.598+0000] {logging_mixin.py:188} INFO - [2026-03-20T09:50:48.598+0000] {dag.py:3823} INFO - Setting next_dagrun for saleFinancial_risk_assessment_to_dw to None, run_after=None
[2026-03-20T09:50:48.619+0000] {processor.py:183} INFO - Processing /opt/airflow/dags/etl_dags.py took 0.121 seconds
[2026-03-20T09:51:18.777+0000] {processor.py:161} INFO - Started process (PID=197) to work on /opt/airflow/dags/etl_dags.py
[2026-03-20T09:51:18.778+0000] {processor.py:830} INFO - Processing file /opt/airflow/dags/etl_dags.py for tasks to queue
[2026-03-20T09:51:18.779+0000] {logging_mixin.py:188} INFO - [2026-03-20T09:51:18.779+0000] {dagbag.py:538} INFO - Filling up the DagBag from /opt/airflow/dags/etl_dags.py
[2026-03-20T09:51:18.796+0000] {processor.py:840} INFO - DAG(s) 'saleFinancial_risk_assessment_to_dw' retrieved from /opt/airflow/dags/etl_dags.py
[2026-03-20T09:51:18.824+0000] {logging_mixin.py:188} INFO - [2026-03-20T09:51:18.824+0000] {dag.py:3036} INFO - Sync 1 DAGs
[2026-03-20T09:51:18.836+0000] {logging_mixin.py:188} INFO - [2026-03-20T09:51:18.836+0000] {dag.py:3823} INFO - Setting next_dagrun for saleFinancial_risk_assessment_to_dw to None, run_after=None
[2026-03-20T09:51:18.856+0000] {processor.py:183} INFO - Processing /opt/airflow/dags/etl_dags.py took 0.083 seconds
[2026-03-20T09:51:48.979+0000] {processor.py:161} INFO - Started process (PID=202) to work on /opt/airflow/dags/etl_dags.py
[2026-03-20T09:51:48.981+0000] {processor.py:830} INFO - Processing file /opt/airflow/dags/etl_dags.py for tasks to queue
[2026-03-20T09:51:48.981+0000] {logging_mixin.py:188} INFO - [2026-03-20T09:51:48.981+0000] {dagbag.py:538} INFO - Filling up the DagBag from /opt/airflow/dags/etl_dags.py
[2026-03-20T09:51:48.998+0000] {processor.py:840} INFO - DAG(s) 'saleFinancial_risk_assessment_to_dw' retrieved from /opt/airflow/dags/etl_dags.py
[2026-03-20T09:51:49.026+0000] {logging_mixin.py:188} INFO - [2026-03-20T09:51:49.025+0000] {dag.py:3036} INFO - Sync 1 DAGs
[2026-03-20T09:51:49.037+0000] {logging_mixin.py:188} INFO - [2026-03-20T09:51:49.037+0000] {dag.py:3823} INFO - Setting next_dagrun for saleFinancial_risk_assessment_to_dw to None, run_after=None
[2026-03-20T09:51:49.054+0000] {processor.py:183} INFO - Processing /opt/airflow/dags/etl_dags.py took 0.078 seconds
[2026-03-20T10:15:18.417+0000] {processor.py:161} INFO - Started process (PID=207) to work on /opt/airflow/dags/etl_dags.py
[2026-03-20T10:15:18.421+0000] {processor.py:830} INFO - Processing file /opt/airflow/dags/etl_dags.py for tasks to queue
[2026-03-20T10:15:18.423+0000] {logging_mixin.py:188} INFO - [2026-03-20T10:15:18.423+0000] {dagbag.py:538} INFO - Filling up the DagBag from /opt/airflow/dags/etl_dags.py
[2026-03-20T10:15:18.477+0000] {processor.py:840} INFO - DAG(s) 'saleFinancial_risk_assessment_to_dw' retrieved from /opt/airflow/dags/etl_dags.py
[2026-03-20T10:15:18.592+0000] {logging_mixin.py:188} INFO - [2026-03-20T10:15:18.591+0000] {dag.py:3036} INFO - Sync 1 DAGs
[2026-03-20T10:15:18.646+0000] {logging_mixin.py:188} INFO - [2026-03-20T10:15:18.639+0000] {dag.py:3823} INFO - Setting next_dagrun for saleFinancial_risk_assessment_to_dw to None, run_after=None
[2026-03-20T10:15:18.718+0000] {processor.py:183} INFO - Processing /opt/airflow/dags/etl_dags.py took 0.313 seconds
[2026-03-20T10:15:52.688+0000] {processor.py:161} INFO - Started process (PID=212) to work on /opt/airflow/dags/etl_dags.py
[2026-03-20T10:15:52.689+0000] {processor.py:830} INFO - Processing file /opt/airflow/dags/etl_dags.py for tasks to queue
[2026-03-20T10:15:52.691+0000] {logging_mixin.py:188} INFO - [2026-03-20T10:15:52.690+0000] {dagbag.py:538} INFO - Filling up the DagBag from /opt/airflow/dags/etl_dags.py
[2026-03-20T10:15:52.713+0000] {processor.py:840} INFO - DAG(s) 'saleFinancial_risk_assessment_to_dw' retrieved from /opt/airflow/dags/etl_dags.py
[2026-03-20T10:15:52.745+0000] {logging_mixin.py:188} INFO - [2026-03-20T10:15:52.745+0000] {dag.py:3036} INFO - Sync 1 DAGs
[2026-03-20T10:15:52.758+0000] {logging_mixin.py:188} INFO - [2026-03-20T10:15:52.757+0000] {dag.py:3823} INFO - Setting next_dagrun for saleFinancial_risk_assessment_to_dw to None, run_after=None
[2026-03-20T10:15:52.778+0000] {processor.py:183} INFO - Processing /opt/airflow/dags/etl_dags.py took 0.095 seconds
[2026-03-20T10:16:22.894+0000] {processor.py:161} INFO - Started process (PID=219) to work on /opt/airflow/dags/etl_dags.py
[2026-03-20T10:16:22.897+0000] {processor.py:830} INFO - Processing file /opt/airflow/dags/etl_dags.py for tasks to queue
[2026-03-20T10:16:22.898+0000] {logging_mixin.py:188} INFO - [2026-03-20T10:16:22.898+0000] {dagbag.py:538} INFO - Filling up the DagBag from /opt/airflow/dags/etl_dags.py
[2026-03-20T10:16:22.924+0000] {processor.py:840} INFO - DAG(s) 'saleFinancial_risk_assessment_to_dw' retrieved from /opt/airflow/dags/etl_dags.py
[2026-03-20T09:53:00.624+0000] {logging_mixin.py:188} INFO - [2026-03-20T09:53:00.623+0000] {dag.py:3036} INFO - Sync 1 DAGs
[2026-03-20T09:53:00.642+0000] {logging_mixin.py:188} INFO - [2026-03-20T09:53:00.642+0000] {dag.py:3823} INFO - Setting next_dagrun for saleFinancial_risk_assessment_to_dw to None, run_after=None
[2026-03-20T09:53:00.669+0000] {processor.py:183} INFO - Processing /opt/airflow/dags/etl_dags.py took 0.121 seconds
[2026-03-20T09:53:30.860+0000] {processor.py:161} INFO - Started process (PID=224) to work on /opt/airflow/dags/etl_dags.py
[2026-03-20T09:53:30.862+0000] {processor.py:830} INFO - Processing file /opt/airflow/dags/etl_dags.py for tasks to queue
[2026-03-20T09:53:30.863+0000] {logging_mixin.py:188} INFO - [2026-03-20T09:53:30.862+0000] {dagbag.py:538} INFO - Filling up the DagBag from /opt/airflow/dags/etl_dags.py
[2026-03-20T09:53:30.895+0000] {processor.py:840} INFO - DAG(s) 'saleFinancial_risk_assessment_to_dw' retrieved from /opt/airflow/dags/etl_dags.py
[2026-03-20T09:53:30.929+0000] {logging_mixin.py:188} INFO - [2026-03-20T09:53:30.928+0000] {dag.py:3036} INFO - Sync 1 DAGs
[2026-03-20T09:53:30.943+0000] {logging_mixin.py:188} INFO - [2026-03-20T09:53:30.943+0000] {dag.py:3823} INFO - Setting next_dagrun for saleFinancial_risk_assessment_to_dw to None, run_after=None
[2026-03-20T09:53:30.966+0000] {processor.py:183} INFO - Processing /opt/airflow/dags/etl_dags.py took 0.108 seconds
[2026-03-20T09:54:01.280+0000] {processor.py:161} INFO - Started process (PID=269) to work on /opt/airflow/dags/etl_dags.py
[2026-03-20T09:54:01.282+0000] {processor.py:830} INFO - Processing file /opt/airflow/dags/etl_dags.py for tasks to queue
[2026-03-20T09:54:01.283+0000] {logging_mixin.py:188} INFO - [2026-03-20T09:54:01.283+0000] {dagbag.py:538} INFO - Filling up the DagBag from /opt/airflow/dags/etl_dags.py
[2026-03-20T09:54:01.310+0000] {processor.py:840} INFO - DAG(s) 'saleFinancial_risk_assessment_to_dw' retrieved from /opt/airflow/dags/etl_dags.py
[2026-03-20T09:54:01.346+0000] {logging_mixin.py:188} INFO - [2026-03-20T09:54:01.345+0000] {dag.py:3036} INFO - Sync 1 DAGs
[2026-03-20T09:54:01.359+0000] {logging_mixin.py:188} INFO - [2026-03-20T09:54:01.359+0000] {dag.py:3823} INFO - Setting next_dagrun for saleFinancial_risk_assessment_to_dw to None, run_after=None
[2026-03-20T09:54:01.389+0000] {processor.py:183} INFO - Processing /opt/airflow/dags/etl_dags.py took 0.114 seconds
[2026-03-20T10:17:32.898+0000] {processor.py:161} INFO - Started process (PID=274) to work on /opt/airflow/dags/etl_dags.py
[2026-03-20T10:17:32.901+0000] {processor.py:830} INFO - Processing file /opt/airflow/dags/etl_dags.py for tasks to queue
[2026-03-20T10:17:32.904+0000] {logging_mixin.py:188} INFO - [2026-03-20T10:17:32.903+0000] {dagbag.py:538} INFO - Filling up the DagBag from /opt/airflow/dags/etl_dags.py
[2026-03-20T10:17:32.933+0000] {processor.py:840} INFO - DAG(s) 'saleFinancial_risk_assessment_to_dw' retrieved from /opt/airflow/dags/etl_dags.py
[2026-03-20T10:17:32.967+0000] {logging_mixin.py:188} INFO - [2026-03-20T10:17:32.967+0000] {dag.py:3036} INFO - Sync 1 DAGs
[2026-03-20T10:17:32.980+0000] {logging_mixin.py:188} INFO - [2026-03-20T10:17:32.980+0000] {dag.py:3823} INFO - Setting next_dagrun for saleFinancial_risk_assessment_to_dw to None, run_after=None
[2026-03-20T10:17:32.999+0000] {processor.py:183} INFO - Processing /opt/airflow/dags/etl_dags.py took 0.119 seconds
[2026-03-20T09:54:40.780+0000] {processor.py:161} INFO - Started process (PID=279) to work on /opt/airflow/dags/etl_dags.py
[2026-03-20T09:54:40.782+0000] {processor.py:830} INFO - Processing file /opt/airflow/dags/etl_dags.py for tasks to queue
[2026-03-20T09:54:40.783+0000] {logging_mixin.py:188} INFO - [2026-03-20T09:54:40.783+0000] {dagbag.py:538} INFO - Filling up the DagBag from /opt/airflow/dags/etl_dags.py
[2026-03-20T09:54:40.810+0000] {processor.py:840} INFO - DAG(s) 'saleFinancial_risk_assessment_to_dw' retrieved from /opt/airflow/dags/etl_dags.py
[2026-03-20T09:54:40.844+0000] {logging_mixin.py:188} INFO - [2026-03-20T09:54:40.843+0000] {dag.py:3036} INFO - Sync 1 DAGs
[2026-03-20T09:54:40.857+0000] {logging_mixin.py:188} INFO - [2026-03-20T09:54:40.857+0000] {dag.py:3823} INFO - Setting next_dagrun for saleFinancial_risk_assessment_to_dw to None, run_after=None
[2026-03-20T09:54:40.878+0000] {processor.py:183} INFO - Processing /opt/airflow/dags/etl_dags.py took 0.102 seconds
[2026-03-20T09:55:11.312+0000] {processor.py:161} INFO - Started process (PID=284) to work on /opt/airflow/dags/etl_dags.py
[2026-03-20T09:55:11.316+0000] {processor.py:830} INFO - Processing file /opt/airflow/dags/etl_dags.py for tasks to queue
[2026-03-20T09:55:11.318+0000] {logging_mixin.py:188} INFO - [2026-03-20T09:55:11.317+0000] {dagbag.py:538} INFO - Filling up the DagBag from /opt/airflow/dags/etl_dags.py
[2026-03-20T09:55:11.384+0000] {processor.py:840} INFO - DAG(s) 'saleFinancial_risk_assessment_to_dw' retrieved from /opt/airflow/dags/etl_dags.py
[2026-03-20T09:55:11.474+0000] {logging_mixin.py:188} INFO - [2026-03-20T09:55:11.473+0000] {dag.py:3036} INFO - Sync 1 DAGs
[2026-03-20T09:55:11.528+0000] {logging_mixin.py:188} INFO - [2026-03-20T09:55:11.526+0000] {dag.py:3823} INFO - Setting next_dagrun for saleFinancial_risk_assessment_to_dw to None, run_after=None
[2026-03-20T09:55:11.640+0000] {processor.py:183} INFO - Processing /opt/airflow/dags/etl_dags.py took 0.337 seconds
[2026-03-20T10:18:38.198+0000] {processor.py:161} INFO - Started process (PID=289) to work on /opt/airflow/dags/etl_dags.py
[2026-03-20T10:18:38.201+0000] {processor.py:830} INFO - Processing file /opt/airflow/dags/etl_dags.py for tasks to queue
[2026-03-20T10:18:38.203+0000] {logging_mixin.py:188} INFO - [2026-03-20T10:18:38.202+0000] {dagbag.py:538} INFO - Filling up the DagBag from /opt/airflow/dags/etl_dags.py
[2026-03-20T09:55:15.878+0000] {processor.py:840} INFO - DAG(s) 'saleFinancial_risk_assessment_to_dw' retrieved from /opt/airflow/dags/etl_dags.py
[2026-03-20T09:55:15.947+0000] {logging_mixin.py:188} INFO - [2026-03-20T09:55:15.947+0000] {dag.py:3036} INFO - Sync 1 DAGs
[2026-03-20T09:55:15.973+0000] {logging_mixin.py:188} INFO - [2026-03-20T09:55:15.972+0000] {dag.py:3823} INFO - Setting next_dagrun for saleFinancial_risk_assessment_to_dw to None, run_after=None
[2026-03-20T09:55:16.050+0000] {processor.py:183} INFO - Processing /opt/airflow/dags/etl_dags.py took 0.221 seconds
[2026-03-20T09:55:46.352+0000] {processor.py:161} INFO - Started process (PID=294) to work on /opt/airflow/dags/etl_dags.py
[2026-03-20T09:55:46.354+0000] {processor.py:830} INFO - Processing file /opt/airflow/dags/etl_dags.py for tasks to queue
[2026-03-20T09:55:46.356+0000] {logging_mixin.py:188} INFO - [2026-03-20T09:55:46.356+0000] {dagbag.py:538} INFO - Filling up the DagBag from /opt/airflow/dags/etl_dags.py
[2026-03-20T09:55:46.383+0000] {processor.py:840} INFO - DAG(s) 'saleFinancial_risk_assessment_to_dw' retrieved from /opt/airflow/dags/etl_dags.py
[2026-03-20T09:55:46.418+0000] {logging_mixin.py:188} INFO - [2026-03-20T09:55:46.418+0000] {dag.py:3036} INFO - Sync 1 DAGs
[2026-03-20T09:55:46.433+0000] {logging_mixin.py:188} INFO - [2026-03-20T09:55:46.432+0000] {dag.py:3823} INFO - Setting next_dagrun for saleFinancial_risk_assessment_to_dw to None, run_after=None
[2026-03-20T09:55:46.461+0000] {processor.py:183} INFO - Processing /opt/airflow/dags/etl_dags.py took 0.113 seconds
[2026-03-20T10:19:10.730+0000] {processor.py:161} INFO - Started process (PID=299) to work on /opt/airflow/dags/etl_dags.py
[2026-03-20T10:19:10.733+0000] {processor.py:830} INFO - Processing file /opt/airflow/dags/etl_dags.py for tasks to queue
[2026-03-20T10:19:10.735+0000] {logging_mixin.py:188} INFO - [2026-03-20T10:19:10.734+0000] {dagbag.py:538} INFO - Filling up the DagBag from /opt/airflow/dags/etl_dags.py
[2026-03-20T10:19:10.770+0000] {processor.py:840} INFO - DAG(s) 'saleFinancial_risk_assessment_to_dw' retrieved from /opt/airflow/dags/etl_dags.py
[2026-03-20T10:19:10.825+0000] {logging_mixin.py:188} INFO - [2026-03-20T10:19:10.825+0000] {dag.py:3036} INFO - Sync 1 DAGs
[2026-03-20T10:19:10.853+0000] {logging_mixin.py:188} INFO - [2026-03-20T10:19:10.853+0000] {dag.py:3823} INFO - Setting next_dagrun for saleFinancial_risk_assessment_to_dw to None, run_after=None
[2026-03-20T09:55:48.589+0000] {processor.py:183} INFO - Processing /opt/airflow/dags/etl_dags.py took 0.205 seconds
[2026-03-20T10:19:18.109+0000] {processor.py:161} INFO - Started process (PID=304) to work on /opt/airflow/dags/etl_dags.py
[2026-03-20T10:19:18.112+0000] {processor.py:830} INFO - Processing file /opt/airflow/dags/etl_dags.py for tasks to queue
[2026-03-20T10:19:18.120+0000] {logging_mixin.py:188} INFO - [2026-03-20T10:19:18.116+0000] {dagbag.py:538} INFO - Filling up the DagBag from /opt/airflow/dags/etl_dags.py
[2026-03-20T10:19:18.178+0000] {processor.py:840} INFO - DAG(s) 'saleFinancial_risk_assessment_to_dw' retrieved from /opt/airflow/dags/etl_dags.py
[2026-03-20T10:19:18.261+0000] {logging_mixin.py:188} INFO - [2026-03-20T10:19:18.260+0000] {dag.py:3036} INFO - Sync 1 DAGs
[2026-03-20T09:55:55.963+0000] {logging_mixin.py:188} INFO - [2026-03-20T09:55:55.961+0000] {dag.py:3823} INFO - Setting next_dagrun for saleFinancial_risk_assessment_to_dw to None, run_after=None
[2026-03-20T09:55:56.091+0000] {processor.py:183} INFO - Processing /opt/airflow/dags/etl_dags.py took 0.337 seconds
[2026-03-20T10:19:23.163+0000] {processor.py:161} INFO - Started process (PID=309) to work on /opt/airflow/dags/etl_dags.py
[2026-03-20T10:19:23.165+0000] {processor.py:830} INFO - Processing file /opt/airflow/dags/etl_dags.py for tasks to queue
[2026-03-20T10:19:23.166+0000] {logging_mixin.py:188} INFO - [2026-03-20T10:19:23.166+0000] {dagbag.py:538} INFO - Filling up the DagBag from /opt/airflow/dags/etl_dags.py
[2026-03-20T10:19:23.212+0000] {processor.py:840} INFO - DAG(s) 'saleFinancial_risk_assessment_to_dw' retrieved from /opt/airflow/dags/etl_dags.py
[2026-03-20T10:19:23.245+0000] {logging_mixin.py:188} INFO - [2026-03-20T10:19:23.245+0000] {dag.py:3036} INFO - Sync 1 DAGs
[2026-03-20T10:19:23.261+0000] {logging_mixin.py:188} INFO - [2026-03-20T10:19:23.260+0000] {dag.py:3823} INFO - Setting next_dagrun for saleFinancial_risk_assessment_to_dw to None, run_after=None
[2026-03-20T10:19:23.285+0000] {processor.py:183} INFO - Processing /opt/airflow/dags/etl_dags.py took 0.129 seconds
[2026-03-20T10:19:28.196+0000] {processor.py:161} INFO - Started process (PID=315) to work on /opt/airflow/dags/etl_dags.py
[2026-03-20T10:19:28.197+0000] {processor.py:830} INFO - Processing file /opt/airflow/dags/etl_dags.py for tasks to queue
[2026-03-20T10:19:28.198+0000] {logging_mixin.py:188} INFO - [2026-03-20T10:19:28.198+0000] {dagbag.py:538} INFO - Filling up the DagBag from /opt/airflow/dags/etl_dags.py
[2026-03-20T10:19:28.220+0000] {processor.py:840} INFO - DAG(s) 'saleFinancial_risk_assessment_to_dw' retrieved from /opt/airflow/dags/etl_dags.py
[2026-03-20T10:19:28.280+0000] {logging_mixin.py:188} INFO - [2026-03-20T10:19:28.279+0000] {dag.py:3036} INFO - Sync 1 DAGs
[2026-03-20T09:56:05.958+0000] {logging_mixin.py:188} INFO - [2026-03-20T09:56:05.958+0000] {dag.py:3823} INFO - Setting next_dagrun for saleFinancial_risk_assessment_to_dw to None, run_after=None
[2026-03-20T09:56:05.992+0000] {processor.py:183} INFO - Processing /opt/airflow/dags/etl_dags.py took 0.140 seconds
[2026-03-20T09:56:36.204+0000] {processor.py:161} INFO - Started process (PID=320) to work on /opt/airflow/dags/etl_dags.py
[2026-03-20T09:56:36.205+0000] {processor.py:830} INFO - Processing file /opt/airflow/dags/etl_dags.py for tasks to queue
[2026-03-20T09:56:36.206+0000] {logging_mixin.py:188} INFO - [2026-03-20T09:56:36.206+0000] {dagbag.py:538} INFO - Filling up the DagBag from /opt/airflow/dags/etl_dags.py
[2026-03-20T09:56:36.224+0000] {processor.py:840} INFO - DAG(s) 'saleFinancial_risk_assessment_to_dw' retrieved from /opt/airflow/dags/etl_dags.py
[2026-03-20T09:56:36.256+0000] {logging_mixin.py:188} INFO - [2026-03-20T09:56:36.256+0000] {dag.py:3036} INFO - Sync 1 DAGs
[2026-03-20T09:56:36.269+0000] {logging_mixin.py:188} INFO - [2026-03-20T09:56:36.269+0000] {dag.py:3823} INFO - Setting next_dagrun for saleFinancial_risk_assessment_to_dw to None, run_after=None
[2026-03-20T09:56:36.291+0000] {processor.py:183} INFO - Processing /opt/airflow/dags/etl_dags.py took 0.090 seconds
[2026-03-20T10:20:10.758+0000] {processor.py:161} INFO - Started process (PID=325) to work on /opt/airflow/dags/etl_dags.py
[2026-03-20T10:20:10.759+0000] {processor.py:830} INFO - Processing file /opt/airflow/dags/etl_dags.py for tasks to queue
[2026-03-20T10:20:10.760+0000] {logging_mixin.py:188} INFO - [2026-03-20T10:20:10.759+0000] {dagbag.py:538} INFO - Filling up the DagBag from /opt/airflow/dags/etl_dags.py
[2026-03-20T10:20:10.775+0000] {processor.py:840} INFO - DAG(s) 'saleFinancial_risk_assessment_to_dw' retrieved from /opt/airflow/dags/etl_dags.py
[2026-03-20T10:20:10.804+0000] {logging_mixin.py:188} INFO - [2026-03-20T10:20:10.804+0000] {dag.py:3036} INFO - Sync 1 DAGs
[2026-03-20T10:20:10.820+0000] {logging_mixin.py:188} INFO - [2026-03-20T10:20:10.819+0000] {dag.py:3823} INFO - Setting next_dagrun for saleFinancial_risk_assessment_to_dw to None, run_after=None
[2026-03-20T10:20:10.839+0000] {processor.py:183} INFO - Processing /opt/airflow/dags/etl_dags.py took 0.085 seconds
[2026-03-20T10:20:48.212+0000] {processor.py:161} INFO - Started process (PID=330) to work on /opt/airflow/dags/etl_dags.py
[2026-03-20T10:20:48.213+0000] {processor.py:830} INFO - Processing file /opt/airflow/dags/etl_dags.py for tasks to queue
[2026-03-20T10:20:48.215+0000] {logging_mixin.py:188} INFO - [2026-03-20T10:20:48.214+0000] {dagbag.py:538} INFO - Filling up the DagBag from /opt/airflow/dags/etl_dags.py
[2026-03-20T10:20:48.260+0000] {processor.py:840} INFO - DAG(s) 'saleFinancial_risk_assessment_to_dw' retrieved from /opt/airflow/dags/etl_dags.py
[2026-03-20T10:20:48.314+0000] {logging_mixin.py:188} INFO - [2026-03-20T10:20:48.313+0000] {dag.py:3036} INFO - Sync 1 DAGs
[2026-03-20T10:20:48.340+0000] {logging_mixin.py:188} INFO - [2026-03-20T10:20:48.339+0000] {dag.py:3823} INFO - Setting next_dagrun for saleFinancial_risk_assessment_to_dw to None, run_after=None
[2026-03-20T10:20:48.451+0000] {processor.py:183} INFO - Processing /opt/airflow/dags/etl_dags.py took 0.244 seconds
[2026-03-20T10:20:53.303+0000] {processor.py:161} INFO - Started process (PID=335) to work on /opt/airflow/dags/etl_dags.py
[2026-03-20T10:20:53.305+0000] {processor.py:830} INFO - Processing file /opt/airflow/dags/etl_dags.py for tasks to queue
[2026-03-20T10:20:53.306+0000] {logging_mixin.py:188} INFO - [2026-03-20T10:20:53.306+0000] {dagbag.py:538} INFO - Filling up the DagBag from /opt/airflow/dags/etl_dags.py
[2026-03-20T10:20:53.331+0000] {processor.py:840} INFO - DAG(s) 'saleFinancial_risk_assessment_to_dw' retrieved from /opt/airflow/dags/etl_dags.py
[2026-03-20T10:20:53.364+0000] {logging_mixin.py:188} INFO - [2026-03-20T10:20:53.363+0000] {dag.py:3036} INFO - Sync 1 DAGs
[2026-03-20T10:20:53.383+0000] {logging_mixin.py:188} INFO - [2026-03-20T10:20:53.383+0000] {dag.py:3823} INFO - Setting next_dagrun for saleFinancial_risk_assessment_to_dw to None, run_after=None
[2026-03-20T09:57:31.131+0000] {processor.py:183} INFO - Processing /opt/airflow/dags/etl_dags.py took 0.165 seconds
[2026-03-20T10:20:58.376+0000] {processor.py:161} INFO - Started process (PID=340) to work on /opt/airflow/dags/etl_dags.py
[2026-03-20T10:20:58.378+0000] {processor.py:830} INFO - Processing file /opt/airflow/dags/etl_dags.py for tasks to queue
[2026-03-20T10:20:58.379+0000] {logging_mixin.py:188} INFO - [2026-03-20T10:20:58.379+0000] {dagbag.py:538} INFO - Filling up the DagBag from /opt/airflow/dags/etl_dags.py
[2026-03-20T10:20:58.403+0000] {processor.py:840} INFO - DAG(s) 'saleFinancial_risk_assessment_to_dw' retrieved from /opt/airflow/dags/etl_dags.py
[2026-03-20T10:20:58.453+0000] {logging_mixin.py:188} INFO - [2026-03-20T10:20:58.453+0000] {dag.py:3036} INFO - Sync 1 DAGs
[2026-03-20T09:57:36.133+0000] {logging_mixin.py:188} INFO - [2026-03-20T09:57:36.133+0000] {dag.py:3823} INFO - Setting next_dagrun for saleFinancial_risk_assessment_to_dw to None, run_after=None
[2026-03-20T09:57:36.174+0000] {processor.py:183} INFO - Processing /opt/airflow/dags/etl_dags.py took 0.139 seconds
[2026-03-20T09:58:06.491+0000] {processor.py:161} INFO - Started process (PID=345) to work on /opt/airflow/dags/etl_dags.py
[2026-03-20T09:58:06.492+0000] {processor.py:830} INFO - Processing file /opt/airflow/dags/etl_dags.py for tasks to queue
[2026-03-20T09:58:06.493+0000] {logging_mixin.py:188} INFO - [2026-03-20T09:58:06.492+0000] {dagbag.py:538} INFO - Filling up the DagBag from /opt/airflow/dags/etl_dags.py
[2026-03-20T09:58:06.511+0000] {processor.py:840} INFO - DAG(s) 'saleFinancial_risk_assessment_to_dw' retrieved from /opt/airflow/dags/etl_dags.py
[2026-03-20T09:58:06.540+0000] {logging_mixin.py:188} INFO - [2026-03-20T09:58:06.540+0000] {dag.py:3036} INFO - Sync 1 DAGs
[2026-03-20T09:58:06.552+0000] {logging_mixin.py:188} INFO - [2026-03-20T09:58:06.552+0000] {dag.py:3823} INFO - Setting next_dagrun for saleFinancial_risk_assessment_to_dw to None, run_after=None
[2026-03-20T09:58:06.571+0000] {processor.py:183} INFO - Processing /opt/airflow/dags/etl_dags.py took 0.084 seconds
[2026-03-20T09:58:18.574+0000] {processor.py:161} INFO - Started process (PID=352) to work on /opt/airflow/dags/etl_dags.py
[2026-03-20T09:58:18.575+0000] {processor.py:830} INFO - Processing file /opt/airflow/dags/etl_dags.py for tasks to queue
[2026-03-20T09:58:18.577+0000] {logging_mixin.py:188} INFO - [2026-03-20T09:58:18.576+0000] {dagbag.py:538} INFO - Filling up the DagBag from /opt/airflow/dags/etl_dags.py
[2026-03-20T09:58:18.595+0000] {processor.py:840} INFO - DAG(s) 'saleFinancial_risk_assessment_to_dw' retrieved from /opt/airflow/dags/etl_dags.py
[2026-03-20T09:58:18.624+0000] {logging_mixin.py:188} INFO - [2026-03-20T09:58:18.624+0000] {dag.py:3036} INFO - Sync 1 DAGs
[2026-03-20T09:58:18.639+0000] {logging_mixin.py:188} INFO - [2026-03-20T09:58:18.639+0000] {dag.py:3823} INFO - Setting next_dagrun for saleFinancial_risk_assessment_to_dw to None, run_after=None
[2026-03-20T09:58:18.658+0000] {processor.py:183} INFO - Processing /opt/airflow/dags/etl_dags.py took 0.088 seconds
[2026-03-20T09:58:48.943+0000] {processor.py:161} INFO - Started process (PID=357) to work on /opt/airflow/dags/etl_dags.py
[2026-03-20T09:58:48.947+0000] {processor.py:830} INFO - Processing file /opt/airflow/dags/etl_dags.py for tasks to queue
[2026-03-20T09:58:48.951+0000] {logging_mixin.py:188} INFO - [2026-03-20T09:58:48.950+0000] {dagbag.py:538} INFO - Filling up the DagBag from /opt/airflow/dags/etl_dags.py
[2026-03-20T09:58:49.013+0000] {processor.py:840} INFO - DAG(s) 'saleFinancial_risk_assessment_to_dw' retrieved from /opt/airflow/dags/etl_dags.py
[2026-03-20T09:58:49.101+0000] {logging_mixin.py:188} INFO - [2026-03-20T09:58:49.098+0000] {dag.py:3036} INFO - Sync 1 DAGs
[2026-03-20T09:58:49.164+0000] {logging_mixin.py:188} INFO - [2026-03-20T09:58:49.163+0000] {dag.py:3823} INFO - Setting next_dagrun for saleFinancial_risk_assessment_to_dw to None, run_after=None
[2026-03-20T09:58:49.263+0000] {processor.py:183} INFO - Processing /opt/airflow/dags/etl_dags.py took 0.327 seconds
[2026-03-20T10:22:18.376+0000] {processor.py:161} INFO - Started process (PID=362) to work on /opt/airflow/dags/etl_dags.py
[2026-03-20T10:22:18.377+0000] {processor.py:830} INFO - Processing file /opt/airflow/dags/etl_dags.py for tasks to queue
[2026-03-20T10:22:18.379+0000] {logging_mixin.py:188} INFO - [2026-03-20T10:22:18.378+0000] {dagbag.py:538} INFO - Filling up the DagBag from /opt/airflow/dags/etl_dags.py
[2026-03-20T10:22:18.405+0000] {processor.py:840} INFO - DAG(s) 'saleFinancial_risk_assessment_to_dw' retrieved from /opt/airflow/dags/etl_dags.py
[2026-03-20T10:22:18.442+0000] {logging_mixin.py:188} INFO - [2026-03-20T10:22:18.441+0000] {dag.py:3036} INFO - Sync 1 DAGs
[2026-03-20T10:22:18.457+0000] {logging_mixin.py:188} INFO - [2026-03-20T10:22:18.457+0000] {dag.py:3823} INFO - Setting next_dagrun for saleFinancial_risk_assessment_to_dw to None, run_after=None
[2026-03-20T10:22:18.483+0000] {processor.py:183} INFO - Processing /opt/airflow/dags/etl_dags.py took 0.111 seconds
[2026-03-20T10:23:58.722+0000] {processor.py:161} INFO - Started process (PID=175) to work on /opt/airflow/dags/etl_dags.py
[2026-03-20T10:23:58.724+0000] {processor.py:830} INFO - Processing file /opt/airflow/dags/etl_dags.py for tasks to queue
[2026-03-20T10:23:58.725+0000] {logging_mixin.py:188} INFO - [2026-03-20T10:23:58.725+0000] {dagbag.py:538} INFO - Filling up the DagBag from /opt/airflow/dags/etl_dags.py
[2026-03-20T10:23:58.764+0000] {processor.py:840} INFO - DAG(s) 'saleFinancial_risk_assessment_to_dw' retrieved from /opt/airflow/dags/etl_dags.py
[2026-03-20T10:00:36.768+0000] {logging_mixin.py:188} INFO - [2026-03-20T10:00:36.768+0000] {override.py:1769} INFO - Created Permission View: can delete on DAG:saleFinancial_risk_assessment_to_dw
[2026-03-20T10:00:36.780+0000] {logging_mixin.py:188} INFO - [2026-03-20T10:00:36.779+0000] {override.py:1769} INFO - Created Permission View: can edit on DAG:saleFinancial_risk_assessment_to_dw
[2026-03-20T10:00:36.788+0000] {logging_mixin.py:188} INFO - [2026-03-20T10:00:36.788+0000] {override.py:1769} INFO - Created Permission View: can read on DAG:saleFinancial_risk_assessment_to_dw
[2026-03-20T10:00:36.789+0000] {logging_mixin.py:188} INFO - [2026-03-20T10:00:36.789+0000] {dag.py:3036} INFO - Sync 1 DAGs
[2026-03-20T10:00:36.803+0000] {logging_mixin.py:188} INFO - [2026-03-20T10:00:36.803+0000] {dag.py:3058} INFO - Creating ORM DAG for saleFinancial_risk_assessment_to_dw
[2026-03-20T10:00:36.804+0000] {logging_mixin.py:188} INFO - [2026-03-20T10:00:36.804+0000] {dag.py:3823} INFO - Setting next_dagrun for saleFinancial_risk_assessment_to_dw to None, run_after=None
[2026-03-20T10:00:36.825+0000] {processor.py:183} INFO - Processing /opt/airflow/dags/etl_dags.py took 0.451 seconds
[2026-03-20T10:24:10.848+0000] {processor.py:161} INFO - Started process (PID=180) to work on /opt/airflow/dags/etl_dags.py
[2026-03-20T10:24:10.850+0000] {processor.py:830} INFO - Processing file /opt/airflow/dags/etl_dags.py for tasks to queue
[2026-03-20T10:24:10.852+0000] {logging_mixin.py:188} INFO - [2026-03-20T10:24:10.851+0000] {dagbag.py:538} INFO - Filling up the DagBag from /opt/airflow/dags/etl_dags.py
[2026-03-20T10:24:10.882+0000] {processor.py:840} INFO - DAG(s) 'saleFinancial_risk_assessment_to_dw' retrieved from /opt/airflow/dags/etl_dags.py
[2026-03-20T10:24:10.924+0000] {logging_mixin.py:188} INFO - [2026-03-20T10:24:10.924+0000] {dag.py:3036} INFO - Sync 1 DAGs
[2026-03-20T10:24:10.942+0000] {logging_mixin.py:188} INFO - [2026-03-20T10:24:10.942+0000] {dag.py:3823} INFO - Setting next_dagrun for saleFinancial_risk_assessment_to_dw to None, run_after=None
[2026-03-20T10:00:48.635+0000] {processor.py:183} INFO - Processing /opt/airflow/dags/etl_dags.py took 0.132 seconds
[2026-03-20T10:01:16.457+0000] {processor.py:161} INFO - Started process (PID=205) to work on /opt/airflow/dags/etl_dags.py
[2026-03-20T10:01:16.459+0000] {processor.py:830} INFO - Processing file /opt/airflow/dags/etl_dags.py for tasks to queue
[2026-03-20T10:01:16.461+0000] {logging_mixin.py:188} INFO - [2026-03-20T10:01:16.460+0000] {dagbag.py:538} INFO - Filling up the DagBag from /opt/airflow/dags/etl_dags.py
[2026-03-20T10:01:16.485+0000] {processor.py:840} INFO - DAG(s) 'saleFinancial_risk_assessment_to_dw' retrieved from /opt/airflow/dags/etl_dags.py
[2026-03-20T10:01:16.516+0000] {logging_mixin.py:188} INFO - [2026-03-20T10:01:16.516+0000] {taskinstance.py:2700} ERROR - {'DAG Id': 'saleFinancial_risk_assessment_to_dw', 'Task Id': 'run_etl', 'Run Id': 'manual__2026-03-20T10:01:08.314763+00:00', 'Hostname': '339c466dfbb9'}
[2026-03-20T10:01:16.534+0000] {logging_mixin.py:188} INFO - [2026-03-20T10:01:16.533+0000] {taskinstance.py:1138} INFO - Marking task as UP_FOR_RETRY. dag_id=saleFinancial_risk_assessment_to_dw, task_id=run_etl, execution_date=20260320T100108, start_date=20260320T100110, end_date=20260320T100116
[2026-03-20T10:01:16.544+0000] {processor.py:791} INFO - Executed failure callback for <TaskInstance: saleFinancial_risk_assessment_to_dw.run_etl manual__2026-03-20T10:01:08.314763+00:00 [up_for_retry]> in state up_for_retry
[2026-03-20T10:01:16.565+0000] {logging_mixin.py:188} INFO - [2026-03-20T10:01:16.564+0000] {dag.py:3036} INFO - Sync 1 DAGs
[2026-03-20T10:01:16.576+0000] {logging_mixin.py:188} INFO - [2026-03-20T10:01:16.576+0000] {dag.py:3823} INFO - Setting next_dagrun for saleFinancial_risk_assessment_to_dw to None, run_after=None
[2026-03-20T10:01:16.593+0000] {processor.py:183} INFO - Processing /opt/airflow/dags/etl_dags.py took 0.141 seconds
[2026-03-20T10:24:40.804+0000] {processor.py:161} INFO - Started process (PID=210) to work on /opt/airflow/dags/etl_dags.py
[2026-03-20T10:24:40.805+0000] {processor.py:830} INFO - Processing file /opt/airflow/dags/etl_dags.py for tasks to queue
[2026-03-20T10:24:40.806+0000] {logging_mixin.py:188} INFO - [2026-03-20T10:24:40.806+0000] {dagbag.py:538} INFO - Filling up the DagBag from /opt/airflow/dags/etl_dags.py
[2026-03-20T10:24:40.823+0000] {processor.py:840} INFO - DAG(s) 'saleFinancial_risk_assessment_to_dw' retrieved from /opt/airflow/dags/etl_dags.py
[2026-03-20T10:24:40.851+0000] {logging_mixin.py:188} INFO - [2026-03-20T10:24:40.851+0000] {dag.py:3036} INFO - Sync 1 DAGs
[2026-03-20T10:24:40.877+0000] {logging_mixin.py:188} INFO - [2026-03-20T10:24:40.876+0000] {dag.py:3823} INFO - Setting next_dagrun for saleFinancial_risk_assessment_to_dw to None, run_after=None
[2026-03-20T10:24:40.920+0000] {processor.py:183} INFO - Processing /opt/airflow/dags/etl_dags.py took 0.120 seconds
[2026-03-20T10:01:48.657+0000] {processor.py:161} INFO - Started process (PID=235) to work on /opt/airflow/dags/etl_dags.py
[2026-03-20T10:01:48.658+0000] {processor.py:830} INFO - Processing file /opt/airflow/dags/etl_dags.py for tasks to queue
[2026-03-20T10:01:48.659+0000] {logging_mixin.py:188} INFO - [2026-03-20T10:01:48.658+0000] {dagbag.py:538} INFO - Filling up the DagBag from /opt/airflow/dags/etl_dags.py
[2026-03-20T10:01:48.673+0000] {processor.py:840} INFO - DAG(s) 'saleFinancial_risk_assessment_to_dw' retrieved from /opt/airflow/dags/etl_dags.py
[2026-03-20T10:01:48.696+0000] {logging_mixin.py:188} INFO - [2026-03-20T10:01:48.696+0000] {dag.py:3036} INFO - Sync 1 DAGs
[2026-03-20T10:01:48.706+0000] {logging_mixin.py:188} INFO - [2026-03-20T10:01:48.706+0000] {dag.py:3823} INFO - Setting next_dagrun for saleFinancial_risk_assessment_to_dw to None, run_after=None
[2026-03-20T10:01:48.722+0000] {processor.py:183} INFO - Processing /opt/airflow/dags/etl_dags.py took 0.068 seconds
[2026-03-20T10:25:19.080+0000] {processor.py:161} INFO - Started process (PID=240) to work on /opt/airflow/dags/etl_dags.py
[2026-03-20T10:25:19.082+0000] {processor.py:830} INFO - Processing file /opt/airflow/dags/etl_dags.py for tasks to queue
[2026-03-20T10:25:19.084+0000] {logging_mixin.py:188} INFO - [2026-03-20T10:25:19.083+0000] {dagbag.py:538} INFO - Filling up the DagBag from /opt/airflow/dags/etl_dags.py
[2026-03-20T10:25:19.115+0000] {processor.py:840} INFO - DAG(s) 'saleFinancial_risk_assessment_to_dw' retrieved from /opt/airflow/dags/etl_dags.py
[2026-03-20T10:25:19.189+0000] {logging_mixin.py:188} INFO - [2026-03-20T10:25:19.189+0000] {dag.py:3036} INFO - Sync 1 DAGs
[2026-03-20T10:25:19.214+0000] {logging_mixin.py:188} INFO - [2026-03-20T10:25:19.213+0000] {dag.py:3823} INFO - Setting next_dagrun for saleFinancial_risk_assessment_to_dw to None, run_after=None
[2026-03-20T10:25:19.300+0000] {processor.py:183} INFO - Processing /opt/airflow/dags/etl_dags.py took 0.224 seconds
[2026-03-20T10:26:23.769+0000] {processor.py:161} INFO - Started process (PID=247) to work on /opt/airflow/dags/etl_dags.py
[2026-03-20T10:26:23.771+0000] {processor.py:830} INFO - Processing file /opt/airflow/dags/etl_dags.py for tasks to queue
[2026-03-20T10:26:23.773+0000] {logging_mixin.py:188} INFO - [2026-03-20T10:26:23.773+0000] {dagbag.py:538} INFO - Filling up the DagBag from /opt/airflow/dags/etl_dags.py
[2026-03-20T10:26:23.812+0000] {processor.py:840} INFO - DAG(s) 'saleFinancial_risk_assessment_to_dw' retrieved from /opt/airflow/dags/etl_dags.py
[2026-03-20T10:26:23.880+0000] {logging_mixin.py:188} INFO - [2026-03-20T10:26:23.878+0000] {dag.py:3036} INFO - Sync 1 DAGs
[2026-03-20T10:26:23.920+0000] {logging_mixin.py:188} INFO - [2026-03-20T10:26:23.919+0000] {dag.py:3823} INFO - Setting next_dagrun for saleFinancial_risk_assessment_to_dw to None, run_after=None
[2026-03-20T10:03:01.639+0000] {processor.py:183} INFO - Processing /opt/airflow/dags/etl_dags.py took 0.204 seconds
[2026-03-20T10:26:28.800+0000] {processor.py:161} INFO - Started process (PID=252) to work on /opt/airflow/dags/etl_dags.py
[2026-03-20T10:26:28.801+0000] {processor.py:830} INFO - Processing file /opt/airflow/dags/etl_dags.py for tasks to queue
[2026-03-20T10:26:28.802+0000] {logging_mixin.py:188} INFO - [2026-03-20T10:26:28.801+0000] {dagbag.py:538} INFO - Filling up the DagBag from /opt/airflow/dags/etl_dags.py
[2026-03-20T10:26:28.818+0000] {processor.py:840} INFO - DAG(s) 'saleFinancial_risk_assessment_to_dw' retrieved from /opt/airflow/dags/etl_dags.py
[2026-03-20T10:26:28.843+0000] {logging_mixin.py:188} INFO - [2026-03-20T10:26:28.843+0000] {dag.py:3036} INFO - Sync 1 DAGs
[2026-03-20T10:26:28.853+0000] {logging_mixin.py:188} INFO - [2026-03-20T10:26:28.853+0000] {dag.py:3823} INFO - Setting next_dagrun for saleFinancial_risk_assessment_to_dw to None, run_after=None
[2026-03-20T10:26:28.869+0000] {processor.py:183} INFO - Processing /opt/airflow/dags/etl_dags.py took 0.072 seconds
[2026-03-20T10:03:36.720+0000] {processor.py:161} INFO - Started process (PID=257) to work on /opt/airflow/dags/etl_dags.py
[2026-03-20T10:03:36.729+0000] {processor.py:830} INFO - Processing file /opt/airflow/dags/etl_dags.py for tasks to queue
[2026-03-20T10:03:36.732+0000] {logging_mixin.py:188} INFO - [2026-03-20T10:03:36.731+0000] {dagbag.py:538} INFO - Filling up the DagBag from /opt/airflow/dags/etl_dags.py
[2026-03-20T10:03:36.773+0000] {processor.py:840} INFO - DAG(s) 'saleFinancial_risk_assessment_to_dw' retrieved from /opt/airflow/dags/etl_dags.py
[2026-03-20T10:03:36.828+0000] {logging_mixin.py:188} INFO - [2026-03-20T10:03:36.827+0000] {dag.py:3036} INFO - Sync 1 DAGs
[2026-03-20T10:03:36.846+0000] {logging_mixin.py:188} INFO - [2026-03-20T10:03:36.846+0000] {dag.py:3823} INFO - Setting next_dagrun for saleFinancial_risk_assessment_to_dw to None, run_after=None
[2026-03-20T10:03:36.897+0000] {processor.py:183} INFO - Processing /opt/airflow/dags/etl_dags.py took 0.186 seconds
[2026-03-20T10:04:06.960+0000] {processor.py:161} INFO - Started process (PID=266) to work on /opt/airflow/dags/etl_dags.py
[2026-03-20T10:04:06.961+0000] {processor.py:830} INFO - Processing file /opt/airflow/dags/etl_dags.py for tasks to queue
[2026-03-20T10:04:06.962+0000] {logging_mixin.py:188} INFO - [2026-03-20T10:04:06.962+0000] {dagbag.py:538} INFO - Filling up the DagBag from /opt/airflow/dags/etl_dags.py
[2026-03-20T10:04:06.977+0000] {processor.py:840} INFO - DAG(s) 'saleFinancial_risk_assessment_to_dw' retrieved from /opt/airflow/dags/etl_dags.py
[2026-03-20T10:04:07.000+0000] {logging_mixin.py:188} INFO - [2026-03-20T10:04:07.000+0000] {dag.py:3036} INFO - Sync 1 DAGs
[2026-03-20T10:04:07.012+0000] {logging_mixin.py:188} INFO - [2026-03-20T10:04:07.012+0000] {dag.py:3823} INFO - Setting next_dagrun for saleFinancial_risk_assessment_to_dw to None, run_after=None
[2026-03-20T10:04:07.032+0000] {processor.py:183} INFO - Processing /opt/airflow/dags/etl_dags.py took 0.075 seconds
[2026-03-20T10:04:37.183+0000] {processor.py:161} INFO - Started process (PID=271) to work on /opt/airflow/dags/etl_dags.py
[2026-03-20T10:04:37.185+0000] {processor.py:830} INFO - Processing file /opt/airflow/dags/etl_dags.py for tasks to queue
[2026-03-20T10:04:37.186+0000] {logging_mixin.py:188} INFO - [2026-03-20T10:04:37.185+0000] {dagbag.py:538} INFO - Filling up the DagBag from /opt/airflow/dags/etl_dags.py
[2026-03-20T10:04:37.204+0000] {processor.py:840} INFO - DAG(s) 'saleFinancial_risk_assessment_to_dw' retrieved from /opt/airflow/dags/etl_dags.py
[2026-03-20T10:04:37.233+0000] {logging_mixin.py:188} INFO - [2026-03-20T10:04:37.233+0000] {dag.py:3036} INFO - Sync 1 DAGs
[2026-03-20T10:04:37.244+0000] {logging_mixin.py:188} INFO - [2026-03-20T10:04:37.244+0000] {dag.py:3823} INFO - Setting next_dagrun for saleFinancial_risk_assessment_to_dw to None, run_after=None
[2026-03-20T10:04:37.262+0000] {processor.py:183} INFO - Processing /opt/airflow/dags/etl_dags.py took 0.084 seconds
[2026-03-20T10:05:07.447+0000] {processor.py:161} INFO - Started process (PID=276) to work on /opt/airflow/dags/etl_dags.py
[2026-03-20T10:05:07.448+0000] {processor.py:830} INFO - Processing file /opt/airflow/dags/etl_dags.py for tasks to queue
[2026-03-20T10:05:07.449+0000] {logging_mixin.py:188} INFO - [2026-03-20T10:05:07.449+0000] {dagbag.py:538} INFO - Filling up the DagBag from /opt/airflow/dags/etl_dags.py
[2026-03-20T10:05:07.466+0000] {processor.py:840} INFO - DAG(s) 'saleFinancial_risk_assessment_to_dw' retrieved from /opt/airflow/dags/etl_dags.py
[2026-03-20T10:05:07.488+0000] {logging_mixin.py:188} INFO - [2026-03-20T10:05:07.487+0000] {dag.py:3036} INFO - Sync 1 DAGs
[2026-03-20T10:05:07.497+0000] {logging_mixin.py:188} INFO - [2026-03-20T10:05:07.497+0000] {dag.py:3823} INFO - Setting next_dagrun for saleFinancial_risk_assessment_to_dw to None, run_after=None
[2026-03-20T10:05:07.513+0000] {processor.py:183} INFO - Processing /opt/airflow/dags/etl_dags.py took 0.069 seconds
[2026-03-20T10:28:40.855+0000] {processor.py:161} INFO - Started process (PID=281) to work on /opt/airflow/dags/etl_dags.py
[2026-03-20T10:28:40.856+0000] {processor.py:830} INFO - Processing file /opt/airflow/dags/etl_dags.py for tasks to queue
[2026-03-20T10:28:40.857+0000] {logging_mixin.py:188} INFO - [2026-03-20T10:28:40.856+0000] {dagbag.py:538} INFO - Filling up the DagBag from /opt/airflow/dags/etl_dags.py
[2026-03-20T10:28:40.872+0000] {processor.py:840} INFO - DAG(s) 'saleFinancial_risk_assessment_to_dw' retrieved from /opt/airflow/dags/etl_dags.py
[2026-03-20T10:28:40.895+0000] {logging_mixin.py:188} INFO - [2026-03-20T10:28:40.895+0000] {dag.py:3036} INFO - Sync 1 DAGs
[2026-03-20T10:28:40.907+0000] {logging_mixin.py:188} INFO - [2026-03-20T10:28:40.906+0000] {dag.py:3823} INFO - Setting next_dagrun for saleFinancial_risk_assessment_to_dw to None, run_after=None
[2026-03-20T10:28:40.925+0000] {processor.py:183} INFO - Processing /opt/airflow/dags/etl_dags.py took 0.073 seconds
[2026-03-20T10:29:14.143+0000] {processor.py:161} INFO - Started process (PID=288) to work on /opt/airflow/dags/etl_dags.py
[2026-03-20T10:29:14.144+0000] {processor.py:830} INFO - Processing file /opt/airflow/dags/etl_dags.py for tasks to queue
[2026-03-20T10:29:14.145+0000] {logging_mixin.py:188} INFO - [2026-03-20T10:29:14.145+0000] {dagbag.py:538} INFO - Filling up the DagBag from /opt/airflow/dags/etl_dags.py
[2026-03-20T10:29:14.163+0000] {processor.py:840} INFO - DAG(s) 'saleFinancial_risk_assessment_to_dw' retrieved from /opt/airflow/dags/etl_dags.py
[2026-03-20T10:29:14.186+0000] {logging_mixin.py:188} INFO - [2026-03-20T10:29:14.186+0000] {dag.py:3036} INFO - Sync 1 DAGs
[2026-03-20T10:29:14.197+0000] {logging_mixin.py:188} INFO - [2026-03-20T10:29:14.197+0000] {dag.py:3823} INFO - Setting next_dagrun for saleFinancial_risk_assessment_to_dw to None, run_after=None
[2026-03-20T10:29:14.213+0000] {processor.py:183} INFO - Processing /opt/airflow/dags/etl_dags.py took 0.074 seconds
[2026-03-20T10:07:14.295+0000] {processor.py:161} INFO - Started process (PID=175) to work on /opt/airflow/dags/etl_dags.py
[2026-03-20T10:07:14.296+0000] {processor.py:830} INFO - Processing file /opt/airflow/dags/etl_dags.py for tasks to queue
[2026-03-20T10:07:14.297+0000] {logging_mixin.py:188} INFO - [2026-03-20T10:07:14.297+0000] {dagbag.py:538} INFO - Filling up the DagBag from /opt/airflow/dags/etl_dags.py
[2026-03-20T10:07:14.337+0000] {processor.py:840} INFO - DAG(s) 'saleFinancial_risk_assessment_to_dw' retrieved from /opt/airflow/dags/etl_dags.py
[2026-03-20T10:07:14.580+0000] {logging_mixin.py:188} INFO - [2026-03-20T10:07:14.579+0000] {override.py:1769} INFO - Created Permission View: can delete on DAG:saleFinancial_risk_assessment_to_dw
[2026-03-20T10:07:14.590+0000] {logging_mixin.py:188} INFO - [2026-03-20T10:07:14.590+0000] {override.py:1769} INFO - Created Permission View: can read on DAG:saleFinancial_risk_assessment_to_dw
[2026-03-20T10:07:14.597+0000] {logging_mixin.py:188} INFO - [2026-03-20T10:07:14.597+0000] {override.py:1769} INFO - Created Permission View: can edit on DAG:saleFinancial_risk_assessment_to_dw
[2026-03-20T10:07:14.598+0000] {logging_mixin.py:188} INFO - [2026-03-20T10:07:14.597+0000] {dag.py:3036} INFO - Sync 1 DAGs
[2026-03-20T10:07:14.609+0000] {logging_mixin.py:188} INFO - [2026-03-20T10:07:14.608+0000] {dag.py:3058} INFO - Creating ORM DAG for saleFinancial_risk_assessment_to_dw
[2026-03-20T10:07:14.610+0000] {logging_mixin.py:188} INFO - [2026-03-20T10:07:14.609+0000] {dag.py:3823} INFO - Setting next_dagrun for saleFinancial_risk_assessment_to_dw to None, run_after=None
[2026-03-20T10:07:14.632+0000] {processor.py:183} INFO - Processing /opt/airflow/dags/etl_dags.py took 0.341 seconds
[2026-03-20T10:07:44.991+0000] {processor.py:161} INFO - Started process (PID=182) to work on /opt/airflow/dags/etl_dags.py
[2026-03-20T10:07:44.994+0000] {processor.py:830} INFO - Processing file /opt/airflow/dags/etl_dags.py for tasks to queue
[2026-03-20T10:07:44.997+0000] {logging_mixin.py:188} INFO - [2026-03-20T10:07:44.996+0000] {dagbag.py:538} INFO - Filling up the DagBag from /opt/airflow/dags/etl_dags.py
[2026-03-20T10:07:45.031+0000] {processor.py:840} INFO - DAG(s) 'saleFinancial_risk_assessment_to_dw' retrieved from /opt/airflow/dags/etl_dags.py
[2026-03-20T10:07:45.075+0000] {logging_mixin.py:188} INFO - [2026-03-20T10:07:45.075+0000] {dag.py:3036} INFO - Sync 1 DAGs
[2026-03-20T10:07:45.092+0000] {logging_mixin.py:188} INFO - [2026-03-20T10:07:45.092+0000] {dag.py:3823} INFO - Setting next_dagrun for saleFinancial_risk_assessment_to_dw to None, run_after=None
[2026-03-20T10:07:45.117+0000] {processor.py:183} INFO - Processing /opt/airflow/dags/etl_dags.py took 0.136 seconds
[2026-03-20T10:31:09.365+0000] {processor.py:161} INFO - Started process (PID=187) to work on /opt/airflow/dags/etl_dags.py
[2026-03-20T10:31:09.369+0000] {processor.py:830} INFO - Processing file /opt/airflow/dags/etl_dags.py for tasks to queue
[2026-03-20T10:31:09.372+0000] {logging_mixin.py:188} INFO - [2026-03-20T10:31:09.371+0000] {dagbag.py:538} INFO - Filling up the DagBag from /opt/airflow/dags/etl_dags.py
[2026-03-20T10:31:09.419+0000] {processor.py:840} INFO - DAG(s) 'saleFinancial_risk_assessment_to_dw' retrieved from /opt/airflow/dags/etl_dags.py
[2026-03-20T10:31:09.498+0000] {logging_mixin.py:188} INFO - [2026-03-20T10:31:09.497+0000] {dag.py:3036} INFO - Sync 1 DAGs
[2026-03-20T10:07:47.219+0000] {logging_mixin.py:188} INFO - [2026-03-20T10:07:47.218+0000] {dag.py:3823} INFO - Setting next_dagrun for saleFinancial_risk_assessment_to_dw to None, run_after=None
[2026-03-20T10:07:47.272+0000] {processor.py:183} INFO - Processing /opt/airflow/dags/etl_dags.py took 0.242 seconds
[2026-03-20T10:08:17.438+0000] {processor.py:161} INFO - Started process (PID=232) to work on /opt/airflow/dags/etl_dags.py
[2026-03-20T10:08:17.440+0000] {processor.py:830} INFO - Processing file /opt/airflow/dags/etl_dags.py for tasks to queue
[2026-03-20T10:08:17.442+0000] {logging_mixin.py:188} INFO - [2026-03-20T10:08:17.441+0000] {dagbag.py:538} INFO - Filling up the DagBag from /opt/airflow/dags/etl_dags.py
[2026-03-20T10:08:17.470+0000] {processor.py:840} INFO - DAG(s) 'saleFinancial_risk_assessment_to_dw' retrieved from /opt/airflow/dags/etl_dags.py
[2026-03-20T10:08:17.509+0000] {logging_mixin.py:188} INFO - [2026-03-20T10:08:17.508+0000] {dag.py:3036} INFO - Sync 1 DAGs
[2026-03-20T10:08:17.523+0000] {logging_mixin.py:188} INFO - [2026-03-20T10:08:17.523+0000] {dag.py:3823} INFO - Setting next_dagrun for saleFinancial_risk_assessment_to_dw to None, run_after=None
[2026-03-20T10:08:17.544+0000] {processor.py:183} INFO - Processing /opt/airflow/dags/etl_dags.py took 0.111 seconds
[2026-03-20T10:31:40.879+0000] {processor.py:161} INFO - Started process (PID=237) to work on /opt/airflow/dags/etl_dags.py
[2026-03-20T10:31:40.881+0000] {processor.py:830} INFO - Processing file /opt/airflow/dags/etl_dags.py for tasks to queue
[2026-03-20T10:31:40.882+0000] {logging_mixin.py:188} INFO - [2026-03-20T10:31:40.882+0000] {dagbag.py:538} INFO - Filling up the DagBag from /opt/airflow/dags/etl_dags.py
[2026-03-20T10:31:40.912+0000] {processor.py:840} INFO - DAG(s) 'saleFinancial_risk_assessment_to_dw' retrieved from /opt/airflow/dags/etl_dags.py
[2026-03-20T10:31:40.946+0000] {logging_mixin.py:188} INFO - [2026-03-20T10:31:40.946+0000] {dag.py:3036} INFO - Sync 1 DAGs
[2026-03-20T10:31:40.960+0000] {logging_mixin.py:188} INFO - [2026-03-20T10:31:40.959+0000] {dag.py:3823} INFO - Setting next_dagrun for saleFinancial_risk_assessment_to_dw to None, run_after=None
[2026-03-20T10:08:18.662+0000] {processor.py:183} INFO - Processing /opt/airflow/dags/etl_dags.py took 0.110 seconds
[2026-03-20T10:08:48.777+0000] {processor.py:161} INFO - Started process (PID=242) to work on /opt/airflow/dags/etl_dags.py
[2026-03-20T10:08:48.778+0000] {processor.py:830} INFO - Processing file /opt/airflow/dags/etl_dags.py for tasks to queue
[2026-03-20T10:08:48.779+0000] {logging_mixin.py:188} INFO - [2026-03-20T10:08:48.779+0000] {dagbag.py:538} INFO - Filling up the DagBag from /opt/airflow/dags/etl_dags.py
[2026-03-20T10:08:48.801+0000] {processor.py:840} INFO - DAG(s) 'saleFinancial_risk_assessment_to_dw' retrieved from /opt/airflow/dags/etl_dags.py
[2026-03-20T10:08:48.830+0000] {logging_mixin.py:188} INFO - [2026-03-20T10:08:48.830+0000] {dag.py:3036} INFO - Sync 1 DAGs
[2026-03-20T10:08:48.842+0000] {logging_mixin.py:188} INFO - [2026-03-20T10:08:48.841+0000] {dag.py:3823} INFO - Setting next_dagrun for saleFinancial_risk_assessment_to_dw to None, run_after=None
[2026-03-20T10:08:48.861+0000] {processor.py:183} INFO - Processing /opt/airflow/dags/etl_dags.py took 0.087 seconds
[2026-03-20T10:09:19.052+0000] {processor.py:161} INFO - Started process (PID=247) to work on /opt/airflow/dags/etl_dags.py
[2026-03-20T10:09:19.054+0000] {processor.py:830} INFO - Processing file /opt/airflow/dags/etl_dags.py for tasks to queue
[2026-03-20T10:09:19.055+0000] {logging_mixin.py:188} INFO - [2026-03-20T10:09:19.054+0000] {dagbag.py:538} INFO - Filling up the DagBag from /opt/airflow/dags/etl_dags.py
[2026-03-20T10:09:19.077+0000] {processor.py:840} INFO - DAG(s) 'saleFinancial_risk_assessment_to_dw' retrieved from /opt/airflow/dags/etl_dags.py
[2026-03-20T10:09:19.111+0000] {logging_mixin.py:188} INFO - [2026-03-20T10:09:19.110+0000] {dag.py:3036} INFO - Sync 1 DAGs
[2026-03-20T10:09:19.126+0000] {logging_mixin.py:188} INFO - [2026-03-20T10:09:19.125+0000] {dag.py:3823} INFO - Setting next_dagrun for saleFinancial_risk_assessment_to_dw to None, run_after=None
[2026-03-20T10:09:19.142+0000] {processor.py:183} INFO - Processing /opt/airflow/dags/etl_dags.py took 0.093 seconds
[2026-03-20T10:32:44.534+0000] {processor.py:161} INFO - Started process (PID=252) to work on /opt/airflow/dags/etl_dags.py
[2026-03-20T10:32:44.537+0000] {processor.py:830} INFO - Processing file /opt/airflow/dags/etl_dags.py for tasks to queue
[2026-03-20T10:32:44.539+0000] {logging_mixin.py:188} INFO - [2026-03-20T10:32:44.539+0000] {dagbag.py:538} INFO - Filling up the DagBag from /opt/airflow/dags/etl_dags.py
[2026-03-20T10:32:44.555+0000] {processor.py:840} INFO - DAG(s) 'saleFinancial_risk_assessment_to_dw' retrieved from /opt/airflow/dags/etl_dags.py
[2026-03-20T10:32:44.583+0000] {logging_mixin.py:188} INFO - [2026-03-20T10:32:44.582+0000] {dag.py:3036} INFO - Sync 1 DAGs
[2026-03-20T10:32:44.595+0000] {logging_mixin.py:188} INFO - [2026-03-20T10:32:44.594+0000] {dag.py:3823} INFO - Setting next_dagrun for saleFinancial_risk_assessment_to_dw to None, run_after=None
[2026-03-20T10:32:44.611+0000] {processor.py:183} INFO - Processing /opt/airflow/dags/etl_dags.py took 0.080 seconds
[2026-03-20T10:33:14.716+0000] {processor.py:161} INFO - Started process (PID=257) to work on /opt/airflow/dags/etl_dags.py
[2026-03-20T10:33:14.718+0000] {processor.py:830} INFO - Processing file /opt/airflow/dags/etl_dags.py for tasks to queue
[2026-03-20T10:33:14.719+0000] {logging_mixin.py:188} INFO - [2026-03-20T10:33:14.718+0000] {dagbag.py:538} INFO - Filling up the DagBag from /opt/airflow/dags/etl_dags.py
[2026-03-20T10:33:14.739+0000] {processor.py:840} INFO - DAG(s) 'saleFinancial_risk_assessment_to_dw' retrieved from /opt/airflow/dags/etl_dags.py
[2026-03-20T10:09:52.437+0000] {logging_mixin.py:188} INFO - [2026-03-20T10:09:52.437+0000] {dag.py:3036} INFO - Sync 1 DAGs
[2026-03-20T10:09:52.448+0000] {logging_mixin.py:188} INFO - [2026-03-20T10:09:52.448+0000] {dag.py:3823} INFO - Setting next_dagrun for saleFinancial_risk_assessment_to_dw to None, run_after=None
[2026-03-20T10:09:52.463+0000] {processor.py:183} INFO - Processing /opt/airflow/dags/etl_dags.py took 0.076 seconds
[2026-03-20T10:10:18.689+0000] {processor.py:161} INFO - Started process (PID=263) to work on /opt/airflow/dags/etl_dags.py
[2026-03-20T10:10:18.690+0000] {processor.py:830} INFO - Processing file /opt/airflow/dags/etl_dags.py for tasks to queue
[2026-03-20T10:10:18.692+0000] {logging_mixin.py:188} INFO - [2026-03-20T10:10:18.691+0000] {dagbag.py:538} INFO - Filling up the DagBag from /opt/airflow/dags/etl_dags.py
[2026-03-20T10:10:18.717+0000] {processor.py:840} INFO - DAG(s) 'saleFinancial_risk_assessment_to_dw' retrieved from /opt/airflow/dags/etl_dags.py
[2026-03-20T10:10:18.756+0000] {logging_mixin.py:188} INFO - [2026-03-20T10:10:18.756+0000] {dag.py:3036} INFO - Sync 1 DAGs
[2026-03-20T10:10:18.771+0000] {logging_mixin.py:188} INFO - [2026-03-20T10:10:18.771+0000] {dag.py:3823} INFO - Setting next_dagrun for saleFinancial_risk_assessment_to_dw to None, run_after=None
[2026-03-20T10:10:18.801+0000] {processor.py:183} INFO - Processing /opt/airflow/dags/etl_dags.py took 0.117 seconds
[2026-03-20T10:11:06.428+0000] {processor.py:161} INFO - Started process (PID=175) to work on /opt/airflow/dags/etl_dags.py
[2026-03-20T10:11:06.430+0000] {processor.py:830} INFO - Processing file /opt/airflow/dags/etl_dags.py for tasks to queue
[2026-03-20T10:11:06.432+0000] {logging_mixin.py:188} INFO - [2026-03-20T10:11:06.431+0000] {dagbag.py:538} INFO - Filling up the DagBag from /opt/airflow/dags/etl_dags.py
[2026-03-20T10:11:06.469+0000] {processor.py:840} INFO - DAG(s) 'saleFinancial_risk_assessment_to_dw' retrieved from /opt/airflow/dags/etl_dags.py
[2026-03-20T10:11:06.697+0000] {logging_mixin.py:188} INFO - [2026-03-20T10:11:06.696+0000] {override.py:1769} INFO - Created Permission View: can delete on DAG:saleFinancial_risk_assessment_to_dw
[2026-03-20T10:11:06.708+0000] {logging_mixin.py:188} INFO - [2026-03-20T10:11:06.708+0000] {override.py:1769} INFO - Created Permission View: can edit on DAG:saleFinancial_risk_assessment_to_dw
[2026-03-20T10:11:06.717+0000] {logging_mixin.py:188} INFO - [2026-03-20T10:11:06.716+0000] {override.py:1769} INFO - Created Permission View: can read on DAG:saleFinancial_risk_assessment_to_dw
[2026-03-20T10:11:06.718+0000] {logging_mixin.py:188} INFO - [2026-03-20T10:11:06.718+0000] {dag.py:3036} INFO - Sync 1 DAGs
[2026-03-20T10:11:06.729+0000] {logging_mixin.py:188} INFO - [2026-03-20T10:11:06.729+0000] {dag.py:3058} INFO - Creating ORM DAG for saleFinancial_risk_assessment_to_dw
[2026-03-20T10:11:06.730+0000] {logging_mixin.py:188} INFO - [2026-03-20T10:11:06.730+0000] {dag.py:3823} INFO - Setting next_dagrun for saleFinancial_risk_assessment_to_dw to None, run_after=None
[2026-03-20T10:11:06.748+0000] {processor.py:183} INFO - Processing /opt/airflow/dags/etl_dags.py took 0.325 seconds
[2026-03-20T10:34:29.859+0000] {processor.py:161} INFO - Started process (PID=180) to work on /opt/airflow/dags/etl_dags.py
[2026-03-20T10:34:29.861+0000] {processor.py:830} INFO - Processing file /opt/airflow/dags/etl_dags.py for tasks to queue
[2026-03-20T10:34:29.862+0000] {logging_mixin.py:188} INFO - [2026-03-20T10:34:29.862+0000] {dagbag.py:538} INFO - Filling up the DagBag from /opt/airflow/dags/etl_dags.py
[2026-03-20T10:11:07.570+0000] {processor.py:840} INFO - DAG(s) 'saleFinancial_risk_assessment_to_dw' retrieved from /opt/airflow/dags/etl_dags.py
[2026-03-20T10:11:07.586+0000] {logging_mixin.py:188} INFO - [2026-03-20T10:11:07.585+0000] {dag.py:3036} INFO - Sync 1 DAGs
[2026-03-20T10:11:07.603+0000] {logging_mixin.py:188} INFO - [2026-03-20T10:11:07.603+0000] {dag.py:3823} INFO - Setting next_dagrun for saleFinancial_risk_assessment_to_dw to None, run_after=None
[2026-03-20T10:11:07.624+0000] {processor.py:183} INFO - Processing /opt/airflow/dags/etl_dags.py took 0.094 seconds
[2026-03-20T10:34:40.946+0000] {processor.py:161} INFO - Started process (PID=185) to work on /opt/airflow/dags/etl_dags.py
[2026-03-20T10:34:40.948+0000] {processor.py:830} INFO - Processing file /opt/airflow/dags/etl_dags.py for tasks to queue
[2026-03-20T10:34:40.949+0000] {logging_mixin.py:188} INFO - [2026-03-20T10:34:40.948+0000] {dagbag.py:538} INFO - Filling up the DagBag from /opt/airflow/dags/etl_dags.py
[2026-03-20T10:34:40.967+0000] {processor.py:840} INFO - DAG(s) 'saleFinancial_risk_assessment_to_dw' retrieved from /opt/airflow/dags/etl_dags.py
[2026-03-20T10:34:41.001+0000] {logging_mixin.py:188} INFO - [2026-03-20T10:34:41.001+0000] {dag.py:3036} INFO - Sync 1 DAGs
[2026-03-20T10:11:18.693+0000] {logging_mixin.py:188} INFO - [2026-03-20T10:11:18.693+0000] {dag.py:3823} INFO - Setting next_dagrun for saleFinancial_risk_assessment_to_dw to None, run_after=None
[2026-03-20T10:11:18.716+0000] {processor.py:183} INFO - Processing /opt/airflow/dags/etl_dags.py took 0.093 seconds
[2026-03-20T10:11:48.946+0000] {processor.py:161} INFO - Started process (PID=230) to work on /opt/airflow/dags/etl_dags.py
[2026-03-20T10:11:48.949+0000] {processor.py:830} INFO - Processing file /opt/airflow/dags/etl_dags.py for tasks to queue
[2026-03-20T10:11:48.951+0000] {logging_mixin.py:188} INFO - [2026-03-20T10:11:48.951+0000] {dagbag.py:538} INFO - Filling up the DagBag from /opt/airflow/dags/etl_dags.py
[2026-03-20T10:11:48.979+0000] {processor.py:840} INFO - DAG(s) 'saleFinancial_risk_assessment_to_dw' retrieved from /opt/airflow/dags/etl_dags.py
[2026-03-20T10:11:49.026+0000] {logging_mixin.py:188} INFO - [2026-03-20T10:11:49.026+0000] {dag.py:3036} INFO - Sync 1 DAGs
[2026-03-20T10:11:49.049+0000] {logging_mixin.py:188} INFO - [2026-03-20T10:11:49.049+0000] {dag.py:3823} INFO - Setting next_dagrun for saleFinancial_risk_assessment_to_dw to None, run_after=None
[2026-03-20T10:11:49.075+0000] {processor.py:183} INFO - Processing /opt/airflow/dags/etl_dags.py took 0.138 seconds
[2026-03-20T10:12:19.160+0000] {processor.py:161} INFO - Started process (PID=235) to work on /opt/airflow/dags/etl_dags.py
[2026-03-20T10:12:19.161+0000] {processor.py:830} INFO - Processing file /opt/airflow/dags/etl_dags.py for tasks to queue
[2026-03-20T10:12:19.162+0000] {logging_mixin.py:188} INFO - [2026-03-20T10:12:19.161+0000] {dagbag.py:538} INFO - Filling up the DagBag from /opt/airflow/dags/etl_dags.py
[2026-03-20T10:12:19.176+0000] {processor.py:840} INFO - DAG(s) 'saleFinancial_risk_assessment_to_dw' retrieved from /opt/airflow/dags/etl_dags.py
[2026-03-20T10:12:19.201+0000] {logging_mixin.py:188} INFO - [2026-03-20T10:12:19.201+0000] {dag.py:3036} INFO - Sync 1 DAGs
[2026-03-20T10:12:19.211+0000] {logging_mixin.py:188} INFO - [2026-03-20T10:12:19.211+0000] {dag.py:3823} INFO - Setting next_dagrun for saleFinancial_risk_assessment_to_dw to None, run_after=None
[2026-03-20T10:12:19.227+0000] {processor.py:183} INFO - Processing /opt/airflow/dags/etl_dags.py took 0.070 seconds
[2026-03-20T10:12:49.352+0000] {processor.py:161} INFO - Started process (PID=240) to work on /opt/airflow/dags/etl_dags.py
[2026-03-20T10:12:49.353+0000] {processor.py:830} INFO - Processing file /opt/airflow/dags/etl_dags.py for tasks to queue
[2026-03-20T10:12:49.354+0000] {logging_mixin.py:188} INFO - [2026-03-20T10:12:49.354+0000] {dagbag.py:538} INFO - Filling up the DagBag from /opt/airflow/dags/etl_dags.py
[2026-03-20T10:12:49.372+0000] {processor.py:840} INFO - DAG(s) 'saleFinancial_risk_assessment_to_dw' retrieved from /opt/airflow/dags/etl_dags.py
[2026-03-20T10:12:49.397+0000] {logging_mixin.py:188} INFO - [2026-03-20T10:12:49.396+0000] {dag.py:3036} INFO - Sync 1 DAGs
[2026-03-20T10:12:49.407+0000] {logging_mixin.py:188} INFO - [2026-03-20T10:12:49.407+0000] {dag.py:3823} INFO - Setting next_dagrun for saleFinancial_risk_assessment_to_dw to None, run_after=None
[2026-03-20T10:12:49.428+0000] {processor.py:183} INFO - Processing /opt/airflow/dags/etl_dags.py took 0.079 seconds
[2026-03-20T10:36:14.832+0000] {processor.py:161} INFO - Started process (PID=245) to work on /opt/airflow/dags/etl_dags.py
[2026-03-20T10:36:14.833+0000] {processor.py:830} INFO - Processing file /opt/airflow/dags/etl_dags.py for tasks to queue
[2026-03-20T10:36:14.835+0000] {logging_mixin.py:188} INFO - [2026-03-20T10:36:14.835+0000] {dagbag.py:538} INFO - Filling up the DagBag from /opt/airflow/dags/etl_dags.py
[2026-03-20T10:36:14.860+0000] {processor.py:840} INFO - DAG(s) 'saleFinancial_risk_assessment_to_dw' retrieved from /opt/airflow/dags/etl_dags.py
[2026-03-20T10:36:14.887+0000] {logging_mixin.py:188} INFO - [2026-03-20T10:36:14.887+0000] {dag.py:3036} INFO - Sync 1 DAGs
[2026-03-20T10:36:14.900+0000] {logging_mixin.py:188} INFO - [2026-03-20T10:36:14.900+0000] {dag.py:3823} INFO - Setting next_dagrun for saleFinancial_risk_assessment_to_dw to None, run_after=None
[2026-03-20T10:36:14.918+0000] {processor.py:183} INFO - Processing /opt/airflow/dags/etl_dags.py took 0.090 seconds
[2026-03-20T10:36:45.031+0000] {processor.py:161} INFO - Started process (PID=250) to work on /opt/airflow/dags/etl_dags.py
[2026-03-20T10:36:45.033+0000] {processor.py:830} INFO - Processing file /opt/airflow/dags/etl_dags.py for tasks to queue
[2026-03-20T10:36:45.034+0000] {logging_mixin.py:188} INFO - [2026-03-20T10:36:45.034+0000] {dagbag.py:538} INFO - Filling up the DagBag from /opt/airflow/dags/etl_dags.py
[2026-03-20T10:36:45.064+0000] {processor.py:840} INFO - DAG(s) 'saleFinancial_risk_assessment_to_dw' retrieved from /opt/airflow/dags/etl_dags.py
[2026-03-20T10:13:22.789+0000] {logging_mixin.py:188} INFO - [2026-03-20T10:13:22.789+0000] {dag.py:3036} INFO - Sync 1 DAGs
[2026-03-20T10:13:22.800+0000] {logging_mixin.py:188} INFO - [2026-03-20T10:13:22.800+0000] {dag.py:3823} INFO - Setting next_dagrun for saleFinancial_risk_assessment_to_dw to None, run_after=None
[2026-03-20T10:13:22.817+0000] {processor.py:183} INFO - Processing /opt/airflow/dags/etl_dags.py took 0.097 seconds
[2026-03-20T10:13:53.094+0000] {processor.py:161} INFO - Started process (PID=255) to work on /opt/airflow/dags/etl_dags.py
[2026-03-20T10:13:53.096+0000] {processor.py:830} INFO - Processing file /opt/airflow/dags/etl_dags.py for tasks to queue
[2026-03-20T10:13:53.099+0000] {logging_mixin.py:188} INFO - [2026-03-20T10:13:53.098+0000] {dagbag.py:538} INFO - Filling up the DagBag from /opt/airflow/dags/etl_dags.py
[2026-03-20T10:13:53.129+0000] {processor.py:840} INFO - DAG(s) 'saleFinancial_risk_assessment_to_dw' retrieved from /opt/airflow/dags/etl_dags.py
[2026-03-20T10:13:53.187+0000] {logging_mixin.py:188} INFO - [2026-03-20T10:13:53.187+0000] {dag.py:3036} INFO - Sync 1 DAGs
[2026-03-20T10:13:53.202+0000] {logging_mixin.py:188} INFO - [2026-03-20T10:13:53.201+0000] {dag.py:3823} INFO - Setting next_dagrun for saleFinancial_risk_assessment_to_dw to None, run_after=None
[2026-03-20T10:13:53.224+0000] {processor.py:183} INFO - Processing /opt/airflow/dags/etl_dags.py took 0.136 seconds
[2026-03-20T10:37:20.561+0000] {processor.py:161} INFO - Started process (PID=260) to work on /opt/airflow/dags/etl_dags.py
[2026-03-20T10:37:20.564+0000] {processor.py:830} INFO - Processing file /opt/airflow/dags/etl_dags.py for tasks to queue
[2026-03-20T10:37:20.567+0000] {logging_mixin.py:188} INFO - [2026-03-20T10:37:20.566+0000] {dagbag.py:538} INFO - Filling up the DagBag from /opt/airflow/dags/etl_dags.py
[2026-03-20T10:37:20.641+0000] {processor.py:840} INFO - DAG(s) 'saleFinancial_risk_assessment_to_dw' retrieved from /opt/airflow/dags/etl_dags.py
[2026-03-20T10:37:20.807+0000] {logging_mixin.py:188} INFO - [2026-03-20T10:37:20.793+0000] {dag.py:3036} INFO - Sync 1 DAGs
[2026-03-20T10:37:20.857+0000] {logging_mixin.py:188} INFO - [2026-03-20T10:37:20.856+0000] {dag.py:3823} INFO - Setting next_dagrun for saleFinancial_risk_assessment_to_dw to None, run_after=None
[2026-03-20T10:37:20.915+0000] {processor.py:183} INFO - Processing /opt/airflow/dags/etl_dags.py took 0.365 seconds
[2026-03-20T10:37:55.224+0000] {processor.py:161} INFO - Started process (PID=269) to work on /opt/airflow/dags/etl_dags.py
[2026-03-20T10:37:55.226+0000] {processor.py:830} INFO - Processing file /opt/airflow/dags/etl_dags.py for tasks to queue
[2026-03-20T10:37:55.228+0000] {logging_mixin.py:188} INFO - [2026-03-20T10:37:55.227+0000] {dagbag.py:538} INFO - Filling up the DagBag from /opt/airflow/dags/etl_dags.py
[2026-03-20T10:37:55.255+0000] {processor.py:840} INFO - DAG(s) 'saleFinancial_risk_assessment_to_dw' retrieved from /opt/airflow/dags/etl_dags.py
[2026-03-20T10:37:55.308+0000] {logging_mixin.py:188} INFO - [2026-03-20T10:37:55.307+0000] {dag.py:3036} INFO - Sync 1 DAGs
[2026-03-20T10:37:55.327+0000] {logging_mixin.py:188} INFO - [2026-03-20T10:37:55.327+0000] {dag.py:3823} INFO - Setting next_dagrun for saleFinancial_risk_assessment_to_dw to None, run_after=None
[2026-03-20T10:37:55.355+0000] {processor.py:183} INFO - Processing /opt/airflow/dags/etl_dags.py took 0.135 seconds
[2026-03-20T10:39:10.945+0000] {processor.py:161} INFO - Started process (PID=276) to work on /opt/airflow/dags/etl_dags.py
[2026-03-20T10:39:10.946+0000] {processor.py:830} INFO - Processing file /opt/airflow/dags/etl_dags.py for tasks to queue
[2026-03-20T10:39:10.946+0000] {logging_mixin.py:188} INFO - [2026-03-20T10:39:10.946+0000] {dagbag.py:538} INFO - Filling up the DagBag from /opt/airflow/dags/etl_dags.py
[2026-03-20T10:39:10.963+0000] {processor.py:840} INFO - DAG(s) 'saleFinancial_risk_assessment_to_dw' retrieved from /opt/airflow/dags/etl_dags.py
[2026-03-20T10:39:10.990+0000] {logging_mixin.py:188} INFO - [2026-03-20T10:39:10.990+0000] {dag.py:3036} INFO - Sync 1 DAGs
[2026-03-20T10:39:11.003+0000] {logging_mixin.py:188} INFO - [2026-03-20T10:39:11.002+0000] {dag.py:3823} INFO - Setting next_dagrun for saleFinancial_risk_assessment_to_dw to None, run_after=None
[2026-03-20T10:15:48.718+0000] {processor.py:183} INFO - Processing /opt/airflow/dags/etl_dags.py took 0.083 seconds
[2026-03-20T10:39:30.184+0000] {processor.py:161} INFO - Started process (PID=281) to work on /opt/airflow/dags/etl_dags.py
[2026-03-20T10:39:30.186+0000] {processor.py:830} INFO - Processing file /opt/airflow/dags/etl_dags.py for tasks to queue
[2026-03-20T10:39:30.187+0000] {logging_mixin.py:188} INFO - [2026-03-20T10:39:30.187+0000] {dagbag.py:538} INFO - Filling up the DagBag from /opt/airflow/dags/etl_dags.py
[2026-03-20T10:39:30.211+0000] {processor.py:840} INFO - DAG(s) 'saleFinancial_risk_assessment_to_dw' retrieved from /opt/airflow/dags/etl_dags.py
[2026-03-20T10:39:30.244+0000] {logging_mixin.py:188} INFO - [2026-03-20T10:39:30.244+0000] {dag.py:3036} INFO - Sync 1 DAGs
[2026-03-20T10:39:30.258+0000] {logging_mixin.py:188} INFO - [2026-03-20T10:39:30.257+0000] {dag.py:3823} INFO - Setting next_dagrun for saleFinancial_risk_assessment_to_dw to None, run_after=None
[2026-03-20T10:39:30.281+0000] {processor.py:183} INFO - Processing /opt/airflow/dags/etl_dags.py took 0.110 seconds
[2026-03-20T10:40:00.403+0000] {processor.py:161} INFO - Started process (PID=286) to work on /opt/airflow/dags/etl_dags.py
[2026-03-20T10:40:00.404+0000] {processor.py:830} INFO - Processing file /opt/airflow/dags/etl_dags.py for tasks to queue
[2026-03-20T10:40:00.405+0000] {logging_mixin.py:188} INFO - [2026-03-20T10:40:00.405+0000] {dagbag.py:538} INFO - Filling up the DagBag from /opt/airflow/dags/etl_dags.py
[2026-03-20T10:40:00.422+0000] {processor.py:840} INFO - DAG(s) 'saleFinancial_risk_assessment_to_dw' retrieved from /opt/airflow/dags/etl_dags.py
[2026-03-20T10:40:00.456+0000] {logging_mixin.py:188} INFO - [2026-03-20T10:40:00.456+0000] {dag.py:3036} INFO - Sync 1 DAGs
[2026-03-20T10:40:00.473+0000] {logging_mixin.py:188} INFO - [2026-03-20T10:40:00.473+0000] {dag.py:3823} INFO - Setting next_dagrun for saleFinancial_risk_assessment_to_dw to None, run_after=None
[2026-03-20T10:40:00.500+0000] {processor.py:183} INFO - Processing /opt/airflow/dags/etl_dags.py took 0.101 seconds
[2026-03-20T10:17:08.448+0000] {processor.py:161} INFO - Started process (PID=291) to work on /opt/airflow/dags/etl_dags.py
[2026-03-20T10:17:08.450+0000] {processor.py:830} INFO - Processing file /opt/airflow/dags/etl_dags.py for tasks to queue
[2026-03-20T10:17:08.451+0000] {logging_mixin.py:188} INFO - [2026-03-20T10:17:08.451+0000] {dagbag.py:538} INFO - Filling up the DagBag from /opt/airflow/dags/etl_dags.py
[2026-03-20T10:17:08.478+0000] {processor.py:840} INFO - DAG(s) 'saleFinancial_risk_assessment_to_dw' retrieved from /opt/airflow/dags/etl_dags.py
[2026-03-20T10:17:08.515+0000] {logging_mixin.py:188} INFO - [2026-03-20T10:17:08.515+0000] {dag.py:3036} INFO - Sync 1 DAGs
[2026-03-20T10:17:08.528+0000] {logging_mixin.py:188} INFO - [2026-03-20T10:17:08.528+0000] {dag.py:3823} INFO - Setting next_dagrun for saleFinancial_risk_assessment_to_dw to None, run_after=None
[2026-03-20T10:17:08.547+0000] {processor.py:183} INFO - Processing /opt/airflow/dags/etl_dags.py took 0.103 seconds
[2026-03-20T10:17:18.851+0000] {processor.py:161} INFO - Started process (PID=296) to work on /opt/airflow/dags/etl_dags.py
[2026-03-20T10:17:18.858+0000] {processor.py:830} INFO - Processing file /opt/airflow/dags/etl_dags.py for tasks to queue
[2026-03-20T10:17:18.867+0000] {logging_mixin.py:188} INFO - [2026-03-20T10:17:18.861+0000] {dagbag.py:538} INFO - Filling up the DagBag from /opt/airflow/dags/etl_dags.py
[2026-03-20T10:17:18.941+0000] {processor.py:840} INFO - DAG(s) 'saleFinancial_risk_assessment_to_dw' retrieved from /opt/airflow/dags/etl_dags.py
[2026-03-20T10:17:19.001+0000] {logging_mixin.py:188} INFO - [2026-03-20T10:17:19.001+0000] {dag.py:3036} INFO - Sync 1 DAGs
[2026-03-20T10:17:19.021+0000] {logging_mixin.py:188} INFO - [2026-03-20T10:17:19.020+0000] {dag.py:3823} INFO - Setting next_dagrun for saleFinancial_risk_assessment_to_dw to None, run_after=None
[2026-03-20T10:17:19.046+0000] {processor.py:183} INFO - Processing /opt/airflow/dags/etl_dags.py took 0.215 seconds
[2026-03-20T10:40:45.475+0000] {processor.py:161} INFO - Started process (PID=301) to work on /opt/airflow/dags/etl_dags.py
[2026-03-20T10:40:45.477+0000] {processor.py:830} INFO - Processing file /opt/airflow/dags/etl_dags.py for tasks to queue
[2026-03-20T10:40:45.481+0000] {logging_mixin.py:188} INFO - [2026-03-20T10:40:45.480+0000] {dagbag.py:538} INFO - Filling up the DagBag from /opt/airflow/dags/etl_dags.py
[2026-03-20T10:17:23.225+0000] {processor.py:840} INFO - DAG(s) 'saleFinancial_risk_assessment_to_dw' retrieved from /opt/airflow/dags/etl_dags.py
[2026-03-20T10:17:23.325+0000] {logging_mixin.py:188} INFO - [2026-03-20T10:17:23.323+0000] {dag.py:3036} INFO - Sync 1 DAGs
[2026-03-20T10:17:23.356+0000] {logging_mixin.py:188} INFO - [2026-03-20T10:17:23.355+0000] {dag.py:3823} INFO - Setting next_dagrun for saleFinancial_risk_assessment_to_dw to None, run_after=None
[2026-03-20T10:17:23.427+0000] {processor.py:183} INFO - Processing /opt/airflow/dags/etl_dags.py took 0.272 seconds
[2026-03-20T10:40:50.531+0000] {processor.py:161} INFO - Started process (PID=306) to work on /opt/airflow/dags/etl_dags.py
[2026-03-20T10:40:50.535+0000] {processor.py:830} INFO - Processing file /opt/airflow/dags/etl_dags.py for tasks to queue
[2026-03-20T10:40:50.537+0000] {logging_mixin.py:188} INFO - [2026-03-20T10:40:50.536+0000] {dagbag.py:538} INFO - Filling up the DagBag from /opt/airflow/dags/etl_dags.py
[2026-03-20T10:17:28.331+0000] {processor.py:840} INFO - DAG(s) 'saleFinancial_risk_assessment_to_dw' retrieved from /opt/airflow/dags/etl_dags.py
[2026-03-20T10:17:28.490+0000] {logging_mixin.py:188} INFO - [2026-03-20T10:17:28.489+0000] {dag.py:3036} INFO - Sync 1 DAGs
[2026-03-20T10:17:28.530+0000] {logging_mixin.py:188} INFO - [2026-03-20T10:17:28.529+0000] {dag.py:3823} INFO - Setting next_dagrun for saleFinancial_risk_assessment_to_dw to None, run_after=None
[2026-03-20T10:17:28.602+0000] {processor.py:183} INFO - Processing /opt/airflow/dags/etl_dags.py took 0.399 seconds
[2026-03-20T10:41:11.042+0000] {processor.py:161} INFO - Started process (PID=312) to work on /opt/airflow/dags/etl_dags.py
[2026-03-20T10:41:11.044+0000] {processor.py:830} INFO - Processing file /opt/airflow/dags/etl_dags.py for tasks to queue
[2026-03-20T10:41:11.045+0000] {logging_mixin.py:188} INFO - [2026-03-20T10:41:11.045+0000] {dagbag.py:538} INFO - Filling up the DagBag from /opt/airflow/dags/etl_dags.py
[2026-03-20T10:17:48.753+0000] {processor.py:840} INFO - DAG(s) 'saleFinancial_risk_assessment_to_dw' retrieved from /opt/airflow/dags/etl_dags.py
[2026-03-20T10:17:48.786+0000] {logging_mixin.py:188} INFO - [2026-03-20T10:17:48.786+0000] {dag.py:3036} INFO - Sync 1 DAGs
[2026-03-20T10:17:48.800+0000] {logging_mixin.py:188} INFO - [2026-03-20T10:17:48.800+0000] {dag.py:3823} INFO - Setting next_dagrun for saleFinancial_risk_assessment_to_dw to None, run_after=None
[2026-03-20T10:17:48.828+0000] {processor.py:183} INFO - Processing /opt/airflow/dags/etl_dags.py took 0.104 seconds
[2026-03-20T10:41:21.161+0000] {processor.py:161} INFO - Started process (PID=317) to work on /opt/airflow/dags/etl_dags.py
[2026-03-20T10:41:21.165+0000] {processor.py:830} INFO - Processing file /opt/airflow/dags/etl_dags.py for tasks to queue
[2026-03-20T10:41:21.169+0000] {logging_mixin.py:188} INFO - [2026-03-20T10:41:21.168+0000] {dagbag.py:538} INFO - Filling up the DagBag from /opt/airflow/dags/etl_dags.py
[2026-03-20T10:41:21.217+0000] {processor.py:840} INFO - DAG(s) 'saleFinancial_risk_assessment_to_dw' retrieved from /opt/airflow/dags/etl_dags.py
[2026-03-20T10:41:21.303+0000] {logging_mixin.py:188} INFO - [2026-03-20T10:41:21.301+0000] {dag.py:3036} INFO - Sync 1 DAGs
[2026-03-20T10:41:21.341+0000] {logging_mixin.py:188} INFO - [2026-03-20T10:41:21.340+0000] {dag.py:3823} INFO - Setting next_dagrun for saleFinancial_risk_assessment_to_dw to None, run_after=None
[2026-03-20T10:41:21.431+0000] {processor.py:183} INFO - Processing /opt/airflow/dags/etl_dags.py took 0.280 seconds
