[2026-03-27T02:50:32.779+0000] {taskinstance.py:1956} INFO - Dependencies all met for dep_context=non-requeueable deps ti=<TaskInstance: Financial_risk_assessment_to_dw.run_etl manual__2026-03-27T02:50:30.447354+00:00 [queued]>
[2026-03-27T02:50:32.789+0000] {taskinstance.py:1956} INFO - Dependencies all met for dep_context=requeueable deps ti=<TaskInstance: Financial_risk_assessment_to_dw.run_etl manual__2026-03-27T02:50:30.447354+00:00 [queued]>
[2026-03-27T02:50:32.790+0000] {taskinstance.py:2170} INFO - Starting attempt 1 of 3
[2026-03-27T02:50:32.808+0000] {taskinstance.py:2191} INFO - Executing <Task(BashOperator): run_etl> on 2026-03-27 02:50:30.447354+00:00
[2026-03-27T02:50:32.814+0000] {standard_task_runner.py:60} INFO - Started process 856 to run task
[2026-03-27T02:50:32.819+0000] {standard_task_runner.py:87} INFO - Running: ['airflow', 'tasks', 'run', 'Financial_risk_assessment_to_dw', 'run_etl', 'manual__2026-03-27T02:50:30.447354+00:00', '--job-id', '2', '--raw', '--subdir', 'DAGS_FOLDER/etl_dags.py', '--cfg-path', '/tmp/tmpwkw9ne7l']
[2026-03-27T02:50:32.821+0000] {standard_task_runner.py:88} INFO - Job 2: Subtask run_etl
[2026-03-27T02:50:32.885+0000] {task_command.py:423} INFO - Running <TaskInstance: Financial_risk_assessment_to_dw.run_etl manual__2026-03-27T02:50:30.447354+00:00 [running]> on host e979566831a0
[2026-03-27T02:50:32.954+0000] {taskinstance.py:2480} INFO - Exporting env vars: AIRFLOW_CTX_DAG_OWNER='hieubtt' AIRFLOW_CTX_DAG_ID='Financial_risk_assessment_to_dw' AIRFLOW_CTX_TASK_ID='run_etl' AIRFLOW_CTX_EXECUTION_DATE='2026-03-27T02:50:30.447354+00:00' AIRFLOW_CTX_TRY_NUMBER='1' AIRFLOW_CTX_DAG_RUN_ID='manual__2026-03-27T02:50:30.447354+00:00'
[2026-03-27T02:50:32.955+0000] {subprocess.py:63} INFO - Tmp dir root location: /tmp
[2026-03-27T02:50:32.956+0000] {subprocess.py:75} INFO - Running command: ['/usr/bin/bash', '-c', 'python /opt/airflow/scripts/extract_fin_risk_csv.py']
[2026-03-27T02:50:32.964+0000] {subprocess.py:86} INFO - Output:
[2026-03-27T02:50:40.968+0000] {subprocess.py:93} INFO - Đã chạy được lần 1 1000 dòng dữ liệu và hiện đang tiếp tục ...
[2026-03-27T02:50:40.969+0000] {subprocess.py:93} INFO - Đã chạy được lần 2 1000 dòng dữ liệu và hiện đang tiếp tục ...
[2026-03-27T02:50:40.970+0000] {subprocess.py:93} INFO - Đã chạy được lần 3 1000 dòng dữ liệu và hiện đang tiếp tục ...
[2026-03-27T02:50:40.970+0000] {subprocess.py:93} INFO - Đã chạy được lần 4 1000 dòng dữ liệu và hiện đang tiếp tục ...
[2026-03-27T02:50:40.971+0000] {subprocess.py:93} INFO - Đã chạy được lần 5 1000 dòng dữ liệu và hiện đang tiếp tục ...
[2026-03-27T02:50:40.971+0000] {subprocess.py:93} INFO - Đã chạy được lần 6 1000 dòng dữ liệu và hiện đang tiếp tục ...
[2026-03-27T02:50:40.971+0000] {subprocess.py:93} INFO - Đã chạy được lần 7 1000 dòng dữ liệu và hiện đang tiếp tục ...
[2026-03-27T02:50:40.971+0000] {subprocess.py:93} INFO - Đã chạy được lần 8 1000 dòng dữ liệu và hiện đang tiếp tục ...
[2026-03-27T02:50:40.972+0000] {subprocess.py:93} INFO - Đã chạy được lần 9 1000 dòng dữ liệu và hiện đang tiếp tục ...
[2026-03-27T02:50:40.972+0000] {subprocess.py:93} INFO - Đã chạy được lần 10 1000 dòng dữ liệu và hiện đang tiếp tục ...
[2026-03-27T02:50:40.972+0000] {subprocess.py:93} INFO - Đã chạy được lần 11 1000 dòng dữ liệu và hiện đang tiếp tục ...
[2026-03-27T02:50:40.973+0000] {subprocess.py:93} INFO - Đã chạy được lần 12 1000 dòng dữ liệu và hiện đang tiếp tục ...
[2026-03-27T02:50:40.973+0000] {subprocess.py:93} INFO - Đã chạy được lần 13 1000 dòng dữ liệu và hiện đang tiếp tục ...
[2026-03-27T02:50:40.973+0000] {subprocess.py:93} INFO - Đã chạy được lần 14 1000 dòng dữ liệu và hiện đang tiếp tục ...
[2026-03-27T02:50:40.974+0000] {subprocess.py:93} INFO - Đã chạy được lần 15 1000 dòng dữ liệu và hiện đang tiếp tục ...
[2026-03-27T02:50:40.974+0000] {subprocess.py:93} INFO - Database 'fin_etl_db' created.
[2026-03-27T02:50:40.974+0000] {subprocess.py:93} INFO - ETL PASSED | RUN_ID=RUN_5bab0fd3
[2026-03-27T02:50:41.039+0000] {subprocess.py:97} INFO - Command exited with return code 0
[2026-03-27T02:50:41.065+0000] {taskinstance.py:1138} INFO - Marking task as SUCCESS. dag_id=Financial_risk_assessment_to_dw, task_id=run_etl, execution_date=20260327T025030, start_date=20260327T025032, end_date=20260327T025041
[2026-03-27T02:50:41.127+0000] {local_task_job_runner.py:234} INFO - Task exited with return code 0
[2026-03-27T02:50:41.154+0000] {taskinstance.py:3280} INFO - 1 downstream tasks scheduled from follow-on schedule check
