[2026-03-25T02:25:03.212+0000] {taskinstance.py:1956} INFO - Dependencies all met for dep_context=non-requeueable deps ti=<TaskInstance: Financial_risk_assessment_to_dw.run_ml_risk_data manual__2026-03-25T02:24:51.446938+00:00 [queued]>
[2026-03-25T02:25:03.219+0000] {taskinstance.py:1956} INFO - Dependencies all met for dep_context=requeueable deps ti=<TaskInstance: Financial_risk_assessment_to_dw.run_ml_risk_data manual__2026-03-25T02:24:51.446938+00:00 [queued]>
[2026-03-25T02:25:03.220+0000] {taskinstance.py:2170} INFO - Starting attempt 1 of 3
[2026-03-25T02:25:03.232+0000] {taskinstance.py:2191} INFO - Executing <Task(BashOperator): run_ml_risk_data> on 2026-03-25 02:24:51.446938+00:00
[2026-03-25T02:25:03.237+0000] {standard_task_runner.py:60} INFO - Started process 246 to run task
[2026-03-25T02:25:03.239+0000] {standard_task_runner.py:87} INFO - Running: ['airflow', 'tasks', 'run', 'Financial_risk_assessment_to_dw', 'run_ml_risk_data', 'manual__2026-03-25T02:24:51.446938+00:00', '--job-id', '5', '--raw', '--subdir', 'DAGS_FOLDER/etl_dags.py', '--cfg-path', '/tmp/tmprvckvob0']
[2026-03-25T02:25:03.241+0000] {standard_task_runner.py:88} INFO - Job 5: Subtask run_ml_risk_data
[2026-03-25T02:25:03.293+0000] {task_command.py:423} INFO - Running <TaskInstance: Financial_risk_assessment_to_dw.run_ml_risk_data manual__2026-03-25T02:24:51.446938+00:00 [running]> on host 54e7eae0b1a8
[2026-03-25T02:25:03.360+0000] {taskinstance.py:2480} INFO - Exporting env vars: AIRFLOW_CTX_DAG_OWNER='hieubtt' AIRFLOW_CTX_DAG_ID='Financial_risk_assessment_to_dw' AIRFLOW_CTX_TASK_ID='run_ml_risk_data' AIRFLOW_CTX_EXECUTION_DATE='2026-03-25T02:24:51.446938+00:00' AIRFLOW_CTX_TRY_NUMBER='1' AIRFLOW_CTX_DAG_RUN_ID='manual__2026-03-25T02:24:51.446938+00:00'
[2026-03-25T02:25:03.361+0000] {subprocess.py:63} INFO - Tmp dir root location: /tmp
[2026-03-25T02:25:03.363+0000] {subprocess.py:75} INFO - Running command: ['/usr/bin/bash', '-c', 'python /opt/airflow/scripts/train_risk_model.py']
[2026-03-25T02:25:03.374+0000] {subprocess.py:86} INFO - Output:
[2026-03-25T02:25:04.737+0000] {subprocess.py:93} INFO - /opt/airflow/scripts/train_risk_model.py:30: UserWarning: pandas only supports SQLAlchemy connectable (engine/connection) or database string URI or sqlite3 DBAPI2 connection. Other DBAPI2 objects are not tested. Please consider using SQLAlchemy.
[2026-03-25T02:25:04.737+0000] {subprocess.py:93} INFO -   df = pd.read_sql(query, conn)
[2026-03-25T02:25:04.738+0000] {subprocess.py:93} INFO - Loading data from DB...
[2026-03-25T02:25:04.738+0000] {subprocess.py:93} INFO - Creating label...
[2026-03-25T02:25:04.739+0000] {subprocess.py:93} INFO - Training model...
[2026-03-25T02:25:04.744+0000] {subprocess.py:93} INFO - Traceback (most recent call last):
[2026-03-25T02:25:04.744+0000] {subprocess.py:93} INFO -   File "/opt/airflow/scripts/train_risk_model.py", line 159, in <module>
[2026-03-25T02:25:04.744+0000] {subprocess.py:93} INFO -     main()
[2026-03-25T02:25:04.745+0000] {subprocess.py:93} INFO -   File "/opt/airflow/scripts/train_risk_model.py", line 147, in main
[2026-03-25T02:25:04.745+0000] {subprocess.py:93} INFO -     model = train_model(df)
[2026-03-25T02:25:04.745+0000] {subprocess.py:93} INFO -   File "/opt/airflow/scripts/train_risk_model.py", line 74, in train_model
[2026-03-25T02:25:04.745+0000] {subprocess.py:93} INFO -     model.fit(X_train, y_train)
[2026-03-25T02:25:04.746+0000] {subprocess.py:93} INFO -   File "/home/airflow/.local/lib/python3.8/site-packages/sklearn/base.py", line 1152, in wrapper
[2026-03-25T02:25:04.746+0000] {subprocess.py:93} INFO -     return fit_method(estimator, *args, **kwargs)
[2026-03-25T02:25:04.746+0000] {subprocess.py:93} INFO -   File "/home/airflow/.local/lib/python3.8/site-packages/sklearn/ensemble/_forest.py", line 348, in fit
[2026-03-25T02:25:04.746+0000] {subprocess.py:93} INFO -     X, y = self._validate_data(
[2026-03-25T02:25:04.747+0000] {subprocess.py:93} INFO -   File "/home/airflow/.local/lib/python3.8/site-packages/sklearn/base.py", line 622, in _validate_data
[2026-03-25T02:25:04.747+0000] {subprocess.py:93} INFO -     X, y = check_X_y(X, y, **check_params)
[2026-03-25T02:25:04.747+0000] {subprocess.py:93} INFO -   File "/home/airflow/.local/lib/python3.8/site-packages/sklearn/utils/validation.py", line 1146, in check_X_y
[2026-03-25T02:25:04.748+0000] {subprocess.py:93} INFO -     X = check_array(
[2026-03-25T02:25:04.748+0000] {subprocess.py:93} INFO -   File "/home/airflow/.local/lib/python3.8/site-packages/sklearn/utils/validation.py", line 957, in check_array
[2026-03-25T02:25:04.748+0000] {subprocess.py:93} INFO -     _assert_all_finite(
[2026-03-25T02:25:04.749+0000] {subprocess.py:93} INFO -   File "/home/airflow/.local/lib/python3.8/site-packages/sklearn/utils/validation.py", line 122, in _assert_all_finite
[2026-03-25T02:25:04.749+0000] {subprocess.py:93} INFO -     _assert_all_finite_element_wise(
[2026-03-25T02:25:04.749+0000] {subprocess.py:93} INFO -   File "/home/airflow/.local/lib/python3.8/site-packages/sklearn/utils/validation.py", line 171, in _assert_all_finite_element_wise
[2026-03-25T02:25:04.749+0000] {subprocess.py:93} INFO -     raise ValueError(msg_err)
[2026-03-25T02:25:04.750+0000] {subprocess.py:93} INFO - ValueError: Input X contains NaN.
[2026-03-25T02:25:04.750+0000] {subprocess.py:93} INFO - RandomForestRegressor does not accept missing values encoded as NaN natively. For supervised learning, you might want to consider sklearn.ensemble.HistGradientBoostingClassifier and Regressor which accept missing values encoded as NaNs natively. Alternatively, it is possible to preprocess the data, for instance by using an imputer transformer in a pipeline or drop samples with missing values. See https://scikit-learn.org/stable/modules/impute.html You can find a list of all estimators that handle NaN values at the following page: https://scikit-learn.org/stable/modules/impute.html#estimators-that-handle-nan-values
[2026-03-25T02:25:04.913+0000] {subprocess.py:97} INFO - Command exited with return code 1
[2026-03-25T02:25:04.925+0000] {taskinstance.py:2698} ERROR - Task failed with exception
Traceback (most recent call last):
  File "/home/airflow/.local/lib/python3.8/site-packages/airflow/models/taskinstance.py", line 433, in _execute_task
    result = execute_callable(context=context, **execute_callable_kwargs)
  File "/home/airflow/.local/lib/python3.8/site-packages/airflow/operators/bash.py", line 212, in execute
    raise AirflowException(
airflow.exceptions.AirflowException: Bash command failed. The command returned a non-zero exit code 1.
[2026-03-25T02:25:04.929+0000] {taskinstance.py:1138} INFO - Marking task as UP_FOR_RETRY. dag_id=Financial_risk_assessment_to_dw, task_id=run_ml_risk_data, execution_date=20260325T022451, start_date=20260325T022503, end_date=20260325T022504
[2026-03-25T02:25:04.941+0000] {standard_task_runner.py:107} ERROR - Failed to execute job 5 for task run_ml_risk_data (Bash command failed. The command returned a non-zero exit code 1.; 246)
[2026-03-25T02:25:04.949+0000] {local_task_job_runner.py:234} INFO - Task exited with return code 1
[2026-03-25T02:25:04.969+0000] {taskinstance.py:3280} INFO - 0 downstream tasks scheduled from follow-on schedule check
