[2026-03-19T02:13:49.058+0000] {taskinstance.py:1956} INFO - Dependencies all met for dep_context=non-requeueable deps ti=<TaskInstance: saleFinancial_risk_assessment_to_dw.run_etl manual__2026-03-19T02:13:46.649312+00:00 [queued]>
[2026-03-19T02:13:49.065+0000] {taskinstance.py:1956} INFO - Dependencies all met for dep_context=requeueable deps ti=<TaskInstance: saleFinancial_risk_assessment_to_dw.run_etl manual__2026-03-19T02:13:46.649312+00:00 [queued]>
[2026-03-19T02:13:49.065+0000] {taskinstance.py:2170} INFO - Starting attempt 1 of 3
[2026-03-19T02:13:49.075+0000] {taskinstance.py:2191} INFO - Executing <Task(BashOperator): run_etl> on 2026-03-19 02:13:46.649312+00:00
[2026-03-19T02:13:49.081+0000] {standard_task_runner.py:60} INFO - Started process 326 to run task
[2026-03-19T02:13:49.084+0000] {standard_task_runner.py:87} INFO - Running: ['airflow', 'tasks', 'run', 'saleFinancial_risk_assessment_to_dw', 'run_etl', 'manual__2026-03-19T02:13:46.649312+00:00', '--job-id', '2', '--raw', '--subdir', 'DAGS_FOLDER/etl_dags.py', '--cfg-path', '/tmp/tmpagy9lfol']
[2026-03-19T02:13:49.086+0000] {standard_task_runner.py:88} INFO - Job 2: Subtask run_etl
[2026-03-19T02:13:49.160+0000] {task_command.py:423} INFO - Running <TaskInstance: saleFinancial_risk_assessment_to_dw.run_etl manual__2026-03-19T02:13:46.649312+00:00 [running]> on host 6c4e70463bb8
[2026-03-19T02:13:49.236+0000] {taskinstance.py:2480} INFO - Exporting env vars: AIRFLOW_CTX_DAG_OWNER='hieubtt' AIRFLOW_CTX_DAG_ID='saleFinancial_risk_assessment_to_dw' AIRFLOW_CTX_TASK_ID='run_etl' AIRFLOW_CTX_EXECUTION_DATE='2026-03-19T02:13:46.649312+00:00' AIRFLOW_CTX_TRY_NUMBER='1' AIRFLOW_CTX_DAG_RUN_ID='manual__2026-03-19T02:13:46.649312+00:00'
[2026-03-19T02:13:49.238+0000] {subprocess.py:63} INFO - Tmp dir root location: /tmp
[2026-03-19T02:13:49.239+0000] {subprocess.py:75} INFO - Running command: ['/usr/bin/bash', '-c', 'python /opt/airflow/scripts/extract_fin_risk_csv.py']
[2026-03-19T02:13:49.249+0000] {subprocess.py:86} INFO - Output:
[2026-03-19T02:13:52.861+0000] {subprocess.py:93} INFO - Đã chạy được lần 1 1000 dòng dữ liệu và hiện đang tiếp tục ...
[2026-03-19T02:13:52.862+0000] {subprocess.py:93} INFO - Đã chạy được lần 2 1000 dòng dữ liệu và hiện đang tiếp tục ...
[2026-03-19T02:13:52.863+0000] {subprocess.py:93} INFO - Đã chạy được lần 3 1000 dòng dữ liệu và hiện đang tiếp tục ...
[2026-03-19T02:13:52.863+0000] {subprocess.py:93} INFO - Đã chạy được lần 4 1000 dòng dữ liệu và hiện đang tiếp tục ...
[2026-03-19T02:13:52.863+0000] {subprocess.py:93} INFO - Đã chạy được lần 5 1000 dòng dữ liệu và hiện đang tiếp tục ...
[2026-03-19T02:13:52.864+0000] {subprocess.py:93} INFO - Đã chạy được lần 6 1000 dòng dữ liệu và hiện đang tiếp tục ...
[2026-03-19T02:13:52.864+0000] {subprocess.py:93} INFO - Đã chạy được lần 7 1000 dòng dữ liệu và hiện đang tiếp tục ...
[2026-03-19T02:13:52.864+0000] {subprocess.py:93} INFO - Đã chạy được lần 8 1000 dòng dữ liệu và hiện đang tiếp tục ...
[2026-03-19T02:13:52.865+0000] {subprocess.py:93} INFO - Đã chạy được lần 9 1000 dòng dữ liệu và hiện đang tiếp tục ...
[2026-03-19T02:13:52.865+0000] {subprocess.py:93} INFO - Đã chạy được lần 10 1000 dòng dữ liệu và hiện đang tiếp tục ...
[2026-03-19T02:13:52.865+0000] {subprocess.py:93} INFO - Đã chạy được lần 11 1000 dòng dữ liệu và hiện đang tiếp tục ...
[2026-03-19T02:13:52.866+0000] {subprocess.py:93} INFO - Đã chạy được lần 12 1000 dòng dữ liệu và hiện đang tiếp tục ...
[2026-03-19T02:13:52.866+0000] {subprocess.py:93} INFO - Đã chạy được lần 13 1000 dòng dữ liệu và hiện đang tiếp tục ...
[2026-03-19T02:13:52.866+0000] {subprocess.py:93} INFO - Đã chạy được lần 14 1000 dòng dữ liệu và hiện đang tiếp tục ...
[2026-03-19T02:13:52.866+0000] {subprocess.py:93} INFO - Đã chạy được lần 15 1000 dòng dữ liệu và hiện đang tiếp tục ...
[2026-03-19T02:13:52.866+0000] {subprocess.py:93} INFO - Traceback (most recent call last):
[2026-03-19T02:13:52.867+0000] {subprocess.py:93} INFO -   File "/opt/airflow/scripts/extract_fin_risk_csv.py", line 176, in <module>
[2026-03-19T02:13:52.867+0000] {subprocess.py:93} INFO -     main()
[2026-03-19T02:13:52.867+0000] {subprocess.py:93} INFO -   File "/opt/airflow/scripts/extract_fin_risk_csv.py", line 124, in main
[2026-03-19T02:13:52.867+0000] {subprocess.py:93} INFO -     conn = psycopg2.connect(**DB)
[2026-03-19T02:13:52.868+0000] {subprocess.py:93} INFO -   File "/home/airflow/.local/lib/python3.8/site-packages/psycopg2/__init__.py", line 122, in connect
[2026-03-19T02:13:52.868+0000] {subprocess.py:93} INFO -     conn = _connect(dsn, connection_factory=connection_factory, **kwasync)
[2026-03-19T02:13:52.868+0000] {subprocess.py:93} INFO - psycopg2.OperationalError: connection to server at "postgres_airflow" (172.20.0.2), port 5432 failed: FATAL:  database "fin_etl_db" does not exist
[2026-03-19T02:13:52.869+0000] {subprocess.py:93} INFO - 
[2026-03-19T02:13:52.918+0000] {subprocess.py:97} INFO - Command exited with return code 1
[2026-03-19T02:13:52.928+0000] {taskinstance.py:2698} ERROR - Task failed with exception
Traceback (most recent call last):
  File "/home/airflow/.local/lib/python3.8/site-packages/airflow/models/taskinstance.py", line 433, in _execute_task
    result = execute_callable(context=context, **execute_callable_kwargs)
  File "/home/airflow/.local/lib/python3.8/site-packages/airflow/operators/bash.py", line 212, in execute
    raise AirflowException(
airflow.exceptions.AirflowException: Bash command failed. The command returned a non-zero exit code 1.
[2026-03-19T02:13:52.931+0000] {taskinstance.py:1138} INFO - Marking task as UP_FOR_RETRY. dag_id=saleFinancial_risk_assessment_to_dw, task_id=run_etl, execution_date=20260319T021346, start_date=20260319T021349, end_date=20260319T021352
[2026-03-19T02:13:52.944+0000] {standard_task_runner.py:107} ERROR - Failed to execute job 2 for task run_etl (Bash command failed. The command returned a non-zero exit code 1.; 326)
[2026-03-19T02:13:52.972+0000] {local_task_job_runner.py:234} INFO - Task exited with return code 1
[2026-03-19T02:13:52.989+0000] {taskinstance.py:3280} INFO - 0 downstream tasks scheduled from follow-on schedule check
