[2026-03-19T06:37:44.205+0000] {taskinstance.py:1956} INFO - Dependencies all met for dep_context=non-requeueable deps ti=<TaskInstance: saleFinancial_risk_assessment_to_dw.run_etl manual__2026-03-19T06:37:42.300164+00:00 [queued]>
[2026-03-19T06:37:44.217+0000] {taskinstance.py:1956} INFO - Dependencies all met for dep_context=requeueable deps ti=<TaskInstance: saleFinancial_risk_assessment_to_dw.run_etl manual__2026-03-19T06:37:42.300164+00:00 [queued]>
[2026-03-19T06:37:44.218+0000] {taskinstance.py:2170} INFO - Starting attempt 1 of 3
[2026-03-19T06:37:44.232+0000] {taskinstance.py:2191} INFO - Executing <Task(BashOperator): run_etl> on 2026-03-19 06:37:42.300164+00:00
[2026-03-19T06:37:44.237+0000] {standard_task_runner.py:60} INFO - Started process 351 to run task
[2026-03-19T06:37:44.241+0000] {standard_task_runner.py:87} INFO - Running: ['airflow', 'tasks', 'run', 'saleFinancial_risk_assessment_to_dw', 'run_etl', 'manual__2026-03-19T06:37:42.300164+00:00', '--job-id', '8', '--raw', '--subdir', 'DAGS_FOLDER/etl_dags.py', '--cfg-path', '/tmp/tmptvd_nd20']
[2026-03-19T06:37:44.244+0000] {standard_task_runner.py:88} INFO - Job 8: Subtask run_etl
[2026-03-19T06:37:44.319+0000] {task_command.py:423} INFO - Running <TaskInstance: saleFinancial_risk_assessment_to_dw.run_etl manual__2026-03-19T06:37:42.300164+00:00 [running]> on host 5ef6224975b6
[2026-03-19T06:37:44.390+0000] {taskinstance.py:2480} INFO - Exporting env vars: AIRFLOW_CTX_DAG_OWNER='hieubtt' AIRFLOW_CTX_DAG_ID='saleFinancial_risk_assessment_to_dw' AIRFLOW_CTX_TASK_ID='run_etl' AIRFLOW_CTX_EXECUTION_DATE='2026-03-19T06:37:42.300164+00:00' AIRFLOW_CTX_TRY_NUMBER='1' AIRFLOW_CTX_DAG_RUN_ID='manual__2026-03-19T06:37:42.300164+00:00'
[2026-03-19T06:37:44.391+0000] {subprocess.py:63} INFO - Tmp dir root location: /tmp
[2026-03-19T06:37:44.393+0000] {subprocess.py:75} INFO - Running command: ['/usr/bin/bash', '-c', 'python /opt/airflow/scripts/extract_fin_risk_csv.py']
[2026-03-19T06:37:44.401+0000] {subprocess.py:86} INFO - Output:
[2026-03-19T06:37:46.990+0000] {subprocess.py:93} INFO - Đã chạy được lần 1 1000 dòng dữ liệu và hiện đang tiếp tục ...
[2026-03-19T06:37:46.991+0000] {subprocess.py:93} INFO - Đã chạy được lần 2 1000 dòng dữ liệu và hiện đang tiếp tục ...
[2026-03-19T06:37:46.991+0000] {subprocess.py:93} INFO - Đã chạy được lần 3 1000 dòng dữ liệu và hiện đang tiếp tục ...
[2026-03-19T06:37:46.992+0000] {subprocess.py:93} INFO - Đã chạy được lần 4 1000 dòng dữ liệu và hiện đang tiếp tục ...
[2026-03-19T06:37:46.992+0000] {subprocess.py:93} INFO - Đã chạy được lần 5 1000 dòng dữ liệu và hiện đang tiếp tục ...
[2026-03-19T06:37:46.992+0000] {subprocess.py:93} INFO - Đã chạy được lần 6 1000 dòng dữ liệu và hiện đang tiếp tục ...
[2026-03-19T06:37:46.992+0000] {subprocess.py:93} INFO - Đã chạy được lần 7 1000 dòng dữ liệu và hiện đang tiếp tục ...
[2026-03-19T06:37:46.992+0000] {subprocess.py:93} INFO - Đã chạy được lần 8 1000 dòng dữ liệu và hiện đang tiếp tục ...
[2026-03-19T06:37:46.993+0000] {subprocess.py:93} INFO - Đã chạy được lần 9 1000 dòng dữ liệu và hiện đang tiếp tục ...
[2026-03-19T06:37:46.993+0000] {subprocess.py:93} INFO - Đã chạy được lần 10 1000 dòng dữ liệu và hiện đang tiếp tục ...
[2026-03-19T06:37:46.993+0000] {subprocess.py:93} INFO - Đã chạy được lần 11 1000 dòng dữ liệu và hiện đang tiếp tục ...
[2026-03-19T06:37:46.993+0000] {subprocess.py:93} INFO - Đã chạy được lần 12 1000 dòng dữ liệu và hiện đang tiếp tục ...
[2026-03-19T06:37:46.993+0000] {subprocess.py:93} INFO - Đã chạy được lần 13 1000 dòng dữ liệu và hiện đang tiếp tục ...
[2026-03-19T06:37:46.993+0000] {subprocess.py:93} INFO - Đã chạy được lần 14 1000 dòng dữ liệu và hiện đang tiếp tục ...
[2026-03-19T06:37:46.994+0000] {subprocess.py:93} INFO - Đã chạy được lần 15 1000 dòng dữ liệu và hiện đang tiếp tục ...
[2026-03-19T06:37:46.994+0000] {subprocess.py:93} INFO - Database 'fin_etl_db' created.
[2026-03-19T06:37:46.994+0000] {subprocess.py:93} INFO - ETL FAILED | RUN_ID=RUN_1acc9069 | ERROR=column "message" specified more than once
[2026-03-19T06:37:46.994+0000] {subprocess.py:93} INFO - 
[2026-03-19T06:37:47.033+0000] {subprocess.py:97} INFO - Command exited with return code 0
[2026-03-19T06:37:47.052+0000] {taskinstance.py:1138} INFO - Marking task as SUCCESS. dag_id=saleFinancial_risk_assessment_to_dw, task_id=run_etl, execution_date=20260319T063742, start_date=20260319T063744, end_date=20260319T063747
[2026-03-19T06:37:47.078+0000] {local_task_job_runner.py:234} INFO - Task exited with return code 0
[2026-03-19T06:37:47.092+0000] {taskinstance.py:3280} INFO - 0 downstream tasks scheduled from follow-on schedule check
