[2026-03-27T03:11:41.520+0000] {taskinstance.py:1956} INFO - Dependencies all met for dep_context=non-requeueable deps ti=<TaskInstance: Financial_risk_assessment_to_dw.run_etl manual__2026-03-27T03:11:39.568829+00:00 [queued]>
[2026-03-27T03:11:41.528+0000] {taskinstance.py:1956} INFO - Dependencies all met for dep_context=requeueable deps ti=<TaskInstance: Financial_risk_assessment_to_dw.run_etl manual__2026-03-27T03:11:39.568829+00:00 [queued]>
[2026-03-27T03:11:41.529+0000] {taskinstance.py:2170} INFO - Starting attempt 1 of 3
[2026-03-27T03:11:41.540+0000] {taskinstance.py:2191} INFO - Executing <Task(BashOperator): run_etl> on 2026-03-27 03:11:39.568829+00:00
[2026-03-27T03:11:41.550+0000] {standard_task_runner.py:60} INFO - Started process 518 to run task
[2026-03-27T03:11:41.553+0000] {standard_task_runner.py:87} INFO - Running: ['airflow', 'tasks', 'run', 'Financial_risk_assessment_to_dw', 'run_etl', 'manual__2026-03-27T03:11:39.568829+00:00', '--job-id', '2', '--raw', '--subdir', 'DAGS_FOLDER/etl_dags.py', '--cfg-path', '/tmp/tmp23mbjam3']
[2026-03-27T03:11:41.556+0000] {standard_task_runner.py:88} INFO - Job 2: Subtask run_etl
[2026-03-27T03:11:41.636+0000] {task_command.py:423} INFO - Running <TaskInstance: Financial_risk_assessment_to_dw.run_etl manual__2026-03-27T03:11:39.568829+00:00 [running]> on host a5bf5dc24209
[2026-03-27T03:11:41.723+0000] {taskinstance.py:2480} INFO - Exporting env vars: AIRFLOW_CTX_DAG_OWNER='hieubtt' AIRFLOW_CTX_DAG_ID='Financial_risk_assessment_to_dw' AIRFLOW_CTX_TASK_ID='run_etl' AIRFLOW_CTX_EXECUTION_DATE='2026-03-27T03:11:39.568829+00:00' AIRFLOW_CTX_TRY_NUMBER='1' AIRFLOW_CTX_DAG_RUN_ID='manual__2026-03-27T03:11:39.568829+00:00'
[2026-03-27T03:11:41.725+0000] {subprocess.py:63} INFO - Tmp dir root location: /tmp
[2026-03-27T03:11:41.726+0000] {subprocess.py:75} INFO - Running command: ['/usr/bin/bash', '-c', 'python /opt/airflow/scripts/extract_fin_risk_csv.py']
[2026-03-27T03:11:41.736+0000] {subprocess.py:86} INFO - Output:
[2026-03-27T03:11:48.016+0000] {subprocess.py:93} INFO - Đã chạy được lần 1 1000 dòng dữ liệu và hiện đang tiếp tục ...
[2026-03-27T03:11:48.017+0000] {subprocess.py:93} INFO - Đã chạy được lần 2 1000 dòng dữ liệu và hiện đang tiếp tục ...
[2026-03-27T03:11:48.018+0000] {subprocess.py:93} INFO - Đã chạy được lần 3 1000 dòng dữ liệu và hiện đang tiếp tục ...
[2026-03-27T03:11:48.019+0000] {subprocess.py:93} INFO - Đã chạy được lần 4 1000 dòng dữ liệu và hiện đang tiếp tục ...
[2026-03-27T03:11:48.019+0000] {subprocess.py:93} INFO - Đã chạy được lần 5 1000 dòng dữ liệu và hiện đang tiếp tục ...
[2026-03-27T03:11:48.019+0000] {subprocess.py:93} INFO - Đã chạy được lần 6 1000 dòng dữ liệu và hiện đang tiếp tục ...
[2026-03-27T03:11:48.020+0000] {subprocess.py:93} INFO - Đã chạy được lần 7 1000 dòng dữ liệu và hiện đang tiếp tục ...
[2026-03-27T03:11:48.020+0000] {subprocess.py:93} INFO - Đã chạy được lần 8 1000 dòng dữ liệu và hiện đang tiếp tục ...
[2026-03-27T03:11:48.020+0000] {subprocess.py:93} INFO - Đã chạy được lần 9 1000 dòng dữ liệu và hiện đang tiếp tục ...
[2026-03-27T03:11:48.021+0000] {subprocess.py:93} INFO - Đã chạy được lần 10 1000 dòng dữ liệu và hiện đang tiếp tục ...
[2026-03-27T03:11:48.021+0000] {subprocess.py:93} INFO - Đã chạy được lần 11 1000 dòng dữ liệu và hiện đang tiếp tục ...
[2026-03-27T03:11:48.021+0000] {subprocess.py:93} INFO - Đã chạy được lần 12 1000 dòng dữ liệu và hiện đang tiếp tục ...
[2026-03-27T03:11:48.022+0000] {subprocess.py:93} INFO - Đã chạy được lần 13 1000 dòng dữ liệu và hiện đang tiếp tục ...
[2026-03-27T03:11:48.022+0000] {subprocess.py:93} INFO - Đã chạy được lần 14 1000 dòng dữ liệu và hiện đang tiếp tục ...
[2026-03-27T03:11:48.022+0000] {subprocess.py:93} INFO - Đã chạy được lần 15 1000 dòng dữ liệu và hiện đang tiếp tục ...
[2026-03-27T03:11:48.022+0000] {subprocess.py:93} INFO - Database 'fin_etl_db' created.
[2026-03-27T03:11:48.023+0000] {subprocess.py:93} INFO - ETL PASSED | RUN_ID=RUN_29c1cb29
[2026-03-27T03:11:48.115+0000] {subprocess.py:97} INFO - Command exited with return code 0
[2026-03-27T03:11:48.162+0000] {taskinstance.py:1138} INFO - Marking task as SUCCESS. dag_id=Financial_risk_assessment_to_dw, task_id=run_etl, execution_date=20260327T031139, start_date=20260327T031141, end_date=20260327T031148
[2026-03-27T03:11:48.200+0000] {local_task_job_runner.py:234} INFO - Task exited with return code 0
[2026-03-27T03:11:48.237+0000] {taskinstance.py:3280} INFO - 1 downstream tasks scheduled from follow-on schedule check
