[2026-03-27T08:47:56.850+0000] {taskinstance.py:1956} INFO - Dependencies all met for dep_context=non-requeueable deps ti=<TaskInstance: Financial_risk_assessment_to_dw.run_mail_risk_data manual__2026-03-27T08:45:33.617509+00:00 [queued]>
[2026-03-27T08:47:56.860+0000] {taskinstance.py:1956} INFO - Dependencies all met for dep_context=requeueable deps ti=<TaskInstance: Financial_risk_assessment_to_dw.run_mail_risk_data manual__2026-03-27T08:45:33.617509+00:00 [queued]>
[2026-03-27T08:47:56.861+0000] {taskinstance.py:2170} INFO - Starting attempt 2 of 3
[2026-03-27T08:47:56.874+0000] {taskinstance.py:2191} INFO - Executing <Task(BashOperator): run_mail_risk_data> on 2026-03-27 08:45:33.617509+00:00
[2026-03-27T08:47:56.879+0000] {standard_task_runner.py:60} INFO - Started process 430 to run task
[2026-03-27T08:47:56.884+0000] {standard_task_runner.py:87} INFO - Running: ['airflow', 'tasks', 'run', 'Financial_risk_assessment_to_dw', 'run_mail_risk_data', 'manual__2026-03-27T08:45:33.617509+00:00', '--job-id', '7', '--raw', '--subdir', 'DAGS_FOLDER/etl_dags.py', '--cfg-path', '/tmp/tmp0kg5oneb']
[2026-03-27T08:47:56.887+0000] {standard_task_runner.py:88} INFO - Job 7: Subtask run_mail_risk_data
[2026-03-27T08:47:56.953+0000] {task_command.py:423} INFO - Running <TaskInstance: Financial_risk_assessment_to_dw.run_mail_risk_data manual__2026-03-27T08:45:33.617509+00:00 [running]> on host 71c666445805
[2026-03-27T08:47:57.035+0000] {taskinstance.py:2480} INFO - Exporting env vars: AIRFLOW_CTX_DAG_OWNER='hieubtt' AIRFLOW_CTX_DAG_ID='Financial_risk_assessment_to_dw' AIRFLOW_CTX_TASK_ID='run_mail_risk_data' AIRFLOW_CTX_EXECUTION_DATE='2026-03-27T08:45:33.617509+00:00' AIRFLOW_CTX_TRY_NUMBER='2' AIRFLOW_CTX_DAG_RUN_ID='manual__2026-03-27T08:45:33.617509+00:00'
[2026-03-27T08:47:57.039+0000] {subprocess.py:63} INFO - Tmp dir root location: /tmp
[2026-03-27T08:47:57.040+0000] {subprocess.py:75} INFO - Running command: ['/usr/bin/bash', '-c', 'python /opt/airflow/scripts/Mail_Risk_Score.py']
[2026-03-27T08:47:57.050+0000] {subprocess.py:86} INFO - Output:
[2026-03-27T08:25:17.644+0000] {subprocess.py:93} INFO - /opt/airflow/scripts/Mail_Risk_Score.py:22: FutureWarning:
[2026-03-27T08:25:17.645+0000] {subprocess.py:93} INFO - 
[2026-03-27T08:25:17.646+0000] {subprocess.py:93} INFO - Passing `palette` without assigning `hue` is deprecated and will be removed in v0.14.0. Assign the `y` variable to `hue` and set `legend=False` for the same effect.
[2026-03-27T08:25:17.647+0000] {subprocess.py:93} INFO - 
[2026-03-27T08:25:17.647+0000] {subprocess.py:93} INFO -   ax = sns.barplot(x='risk_score', y='ID', data=df, palette='Reds_r')
[2026-03-27T08:25:17.649+0000] {subprocess.py:93} INFO - --- Bắt đầu tiến trình vẽ biểu đồ ---
[2026-03-27T08:25:17.650+0000] {subprocess.py:93} INFO - --- Đã lưu ảnh tại: /opt/airflow/data/daily_risk_chart.png ---
[2026-03-27T08:25:17.651+0000] {subprocess.py:93} INFO - --- Đang kết nối Gmail SMTP ---
[2026-03-27T08:25:17.651+0000] {subprocess.py:93} INFO - --- EMAIL ĐÃ GỬI THÀNH CÔNG! ---
[2026-03-27T08:25:17.783+0000] {subprocess.py:97} INFO - Command exited with return code 0
[2026-03-27T08:25:17.804+0000] {taskinstance.py:1138} INFO - Marking task as SUCCESS. dag_id=Financial_risk_assessment_to_dw, task_id=run_mail_risk_data, execution_date=20260327T084533, start_date=20260327T084756, end_date=20260327T082517
[2026-03-27T08:25:17.843+0000] {local_task_job_runner.py:234} INFO - Task exited with return code 0
[2026-03-27T08:25:17.858+0000] {taskinstance.py:3280} INFO - 0 downstream tasks scheduled from follow-on schedule check
