[2026-03-31T12:27:25.125+0000] {taskinstance.py:1956} INFO - Dependencies all met for dep_context=non-requeueable deps ti=<TaskInstance: Financial_risk_assessment_to_dw.run_ml_risk_data manual__2026-03-31T12:26:45.033374+00:00 [queued]>
[2026-03-31T12:27:25.131+0000] {taskinstance.py:1956} INFO - Dependencies all met for dep_context=requeueable deps ti=<TaskInstance: Financial_risk_assessment_to_dw.run_ml_risk_data manual__2026-03-31T12:26:45.033374+00:00 [queued]>
[2026-03-31T12:27:25.132+0000] {taskinstance.py:2170} INFO - Starting attempt 1 of 3
[2026-03-31T12:27:25.142+0000] {taskinstance.py:2191} INFO - Executing <Task(BashOperator): run_ml_risk_data> on 2026-03-31 12:26:45.033374+00:00
[2026-03-31T12:27:25.147+0000] {standard_task_runner.py:60} INFO - Started process 286 to run task
[2026-03-31T12:27:25.150+0000] {standard_task_runner.py:87} INFO - Running: ['airflow', 'tasks', 'run', 'Financial_risk_assessment_to_dw', 'run_ml_risk_data', 'manual__2026-03-31T12:26:45.033374+00:00', '--job-id', '12', '--raw', '--subdir', 'DAGS_FOLDER/etl_dags.py', '--cfg-path', '/tmp/tmpk095z5y6']
[2026-03-31T12:27:25.151+0000] {standard_task_runner.py:88} INFO - Job 12: Subtask run_ml_risk_data
[2026-03-31T12:27:25.207+0000] {task_command.py:423} INFO - Running <TaskInstance: Financial_risk_assessment_to_dw.run_ml_risk_data manual__2026-03-31T12:26:45.033374+00:00 [running]> on host 7a85abf96dd1
[2026-03-31T12:27:25.297+0000] {taskinstance.py:2480} INFO - Exporting env vars: AIRFLOW_CTX_DAG_OWNER='hieubtt' AIRFLOW_CTX_DAG_ID='Financial_risk_assessment_to_dw' AIRFLOW_CTX_TASK_ID='run_ml_risk_data' AIRFLOW_CTX_EXECUTION_DATE='2026-03-31T12:26:45.033374+00:00' AIRFLOW_CTX_TRY_NUMBER='1' AIRFLOW_CTX_DAG_RUN_ID='manual__2026-03-31T12:26:45.033374+00:00'
[2026-03-31T12:27:25.299+0000] {subprocess.py:63} INFO - Tmp dir root location: /tmp
[2026-03-31T12:27:25.300+0000] {subprocess.py:75} INFO - Running command: ['/usr/bin/bash', '-c', 'python /opt/airflow/scripts/train_risk_model.py']
[2026-03-31T12:27:25.312+0000] {subprocess.py:86} INFO - Output:
[2026-03-31T12:27:31.873+0000] {subprocess.py:93} INFO - /opt/airflow/scripts/train_risk_model.py:30: UserWarning: pandas only supports SQLAlchemy connectable (engine/connection) or database string URI or sqlite3 DBAPI2 connection. Other DBAPI2 objects are not tested. Please consider using SQLAlchemy.
[2026-03-31T12:27:31.874+0000] {subprocess.py:93} INFO -   df = pd.read_sql(query, conn)
[2026-03-31T12:27:31.875+0000] {subprocess.py:93} INFO - Loading data from DB...
[2026-03-31T12:27:31.876+0000] {subprocess.py:93} INFO - Creating label...
[2026-03-31T12:27:31.876+0000] {subprocess.py:93} INFO - Training model...
[2026-03-31T12:27:31.877+0000] {subprocess.py:93} INFO - Predicting risk...
[2026-03-31T12:27:31.877+0000] {subprocess.py:93} INFO - Saving to DB...
[2026-03-31T12:27:31.878+0000] {subprocess.py:93} INFO - DONE!
[2026-03-31T12:27:32.004+0000] {subprocess.py:97} INFO - Command exited with return code 0
[2026-03-31T12:27:32.026+0000] {taskinstance.py:1138} INFO - Marking task as SUCCESS. dag_id=Financial_risk_assessment_to_dw, task_id=run_ml_risk_data, execution_date=20260331T122645, start_date=20260331T122725, end_date=20260331T122732
[2026-03-31T12:27:32.070+0000] {local_task_job_runner.py:234} INFO - Task exited with return code 0
[2026-03-31T12:27:32.089+0000] {taskinstance.py:3280} INFO - 1 downstream tasks scheduled from follow-on schedule check
