[2026-03-20T09:48:20.244+0000] {taskinstance.py:1956} INFO - Dependencies all met for dep_context=non-requeueable deps ti=<TaskInstance: daily_revenue_etl_dag.run_daily_revenue_etl scheduled__2026-03-19T00:00:00+00:00 [queued]>
[2026-03-20T09:48:20.253+0000] {taskinstance.py:1956} INFO - Dependencies all met for dep_context=requeueable deps ti=<TaskInstance: daily_revenue_etl_dag.run_daily_revenue_etl scheduled__2026-03-19T00:00:00+00:00 [queued]>
[2026-03-20T09:48:20.253+0000] {taskinstance.py:2170} INFO - Starting attempt 3 of 3
[2026-03-20T09:48:20.267+0000] {taskinstance.py:2191} INFO - Executing <Task(BashOperator): run_daily_revenue_etl> on 2026-03-19 00:00:00+00:00
[2026-03-20T09:48:20.272+0000] {standard_task_runner.py:60} INFO - Started process 207 to run task
[2026-03-20T09:48:20.275+0000] {standard_task_runner.py:87} INFO - Running: ['airflow', 'tasks', 'run', 'daily_revenue_etl_dag', 'run_daily_revenue_etl', 'scheduled__2026-03-19T00:00:00+00:00', '--job-id', '17', '--raw', '--subdir', 'DAGS_FOLDER/daily_revenue_etl_dag.py', '--cfg-path', '/tmp/tmpttv3ss6q']
[2026-03-20T09:48:20.278+0000] {standard_task_runner.py:88} INFO - Job 17: Subtask run_daily_revenue_etl
[2026-03-20T09:48:20.345+0000] {task_command.py:423} INFO - Running <TaskInstance: daily_revenue_etl_dag.run_daily_revenue_etl scheduled__2026-03-19T00:00:00+00:00 [running]> on host 7b2f29a9447f
[2026-03-20T09:48:20.447+0000] {taskinstance.py:2480} INFO - Exporting env vars: AIRFLOW_CTX_DAG_OWNER='data_engineer_hieubtt' AIRFLOW_CTX_DAG_ID='daily_revenue_etl_dag' AIRFLOW_CTX_TASK_ID='run_daily_revenue_etl' AIRFLOW_CTX_EXECUTION_DATE='2026-03-19T00:00:00+00:00' AIRFLOW_CTX_TRY_NUMBER='3' AIRFLOW_CTX_DAG_RUN_ID='scheduled__2026-03-19T00:00:00+00:00'
[2026-03-20T09:48:20.450+0000] {subprocess.py:63} INFO - Tmp dir root location: /tmp
[2026-03-20T09:48:20.451+0000] {subprocess.py:75} INFO - Running command: ['/usr/bin/bash', '-c', 'python /opt/airflow/scripts/daily_revenue_etl.py']
[2026-03-20T09:48:20.466+0000] {subprocess.py:86} INFO - Output:
[2026-03-20T09:48:45.618+0000] {subprocess.py:93} INFO - Retry connect DB 1/5 ... connection to server at "postgres_airflow" (172.18.0.2), port 5432 failed: FATAL:  database "dvdrental" does not exist
[2026-03-20T09:48:45.620+0000] {subprocess.py:93} INFO - 
[2026-03-20T09:48:45.620+0000] {subprocess.py:93} INFO - Retry connect DB 2/5 ... connection to server at "postgres_airflow" (172.18.0.2), port 5432 failed: FATAL:  database "dvdrental" does not exist
[2026-03-20T09:48:45.621+0000] {subprocess.py:93} INFO - 
[2026-03-20T09:48:45.622+0000] {subprocess.py:93} INFO - Retry connect DB 3/5 ... connection to server at "postgres_airflow" (172.18.0.2), port 5432 failed: FATAL:  database "dvdrental" does not exist
[2026-03-20T09:48:45.622+0000] {subprocess.py:93} INFO - 
[2026-03-20T09:48:45.623+0000] {subprocess.py:93} INFO - Retry connect DB 4/5 ... connection to server at "postgres_airflow" (172.18.0.2), port 5432 failed: FATAL:  database "dvdrental" does not exist
[2026-03-20T09:48:45.623+0000] {subprocess.py:93} INFO - 
[2026-03-20T09:48:45.623+0000] {subprocess.py:93} INFO - Retry connect DB 5/5 ... connection to server at "postgres_airflow" (172.18.0.2), port 5432 failed: FATAL:  database "dvdrental" does not exist
[2026-03-20T09:48:45.624+0000] {subprocess.py:93} INFO - 
[2026-03-20T09:48:45.629+0000] {subprocess.py:93} INFO - Traceback (most recent call last):
[2026-03-20T09:48:45.630+0000] {subprocess.py:93} INFO -   File "/opt/airflow/scripts/daily_revenue_etl.py", line 31, in run_etl
[2026-03-20T09:48:45.632+0000] {subprocess.py:93} INFO -     conn = connect_db()
[2026-03-20T09:48:45.632+0000] {subprocess.py:93} INFO -   File "/opt/airflow/scripts/daily_revenue_etl.py", line 22, in connect_db
[2026-03-20T09:48:45.633+0000] {subprocess.py:93} INFO -     raise Exception("Khong the ket noi PostgreSQL")
[2026-03-20T09:48:45.633+0000] {subprocess.py:93} INFO - Exception: Khong the ket noi PostgreSQL
[2026-03-20T09:48:45.634+0000] {subprocess.py:93} INFO - 
[2026-03-20T09:48:45.635+0000] {subprocess.py:93} INFO - During handling of the above exception, another exception occurred:
[2026-03-20T09:48:45.635+0000] {subprocess.py:93} INFO - 
[2026-03-20T09:48:45.636+0000] {subprocess.py:93} INFO - Traceback (most recent call last):
[2026-03-20T09:48:45.636+0000] {subprocess.py:93} INFO -   File "/opt/airflow/scripts/daily_revenue_etl.py", line 94, in <module>
[2026-03-20T09:48:45.637+0000] {subprocess.py:93} INFO -     run_etl()
[2026-03-20T09:48:45.637+0000] {subprocess.py:93} INFO -   File "/opt/airflow/scripts/daily_revenue_etl.py", line 83, in run_etl
[2026-03-20T09:48:45.637+0000] {subprocess.py:93} INFO -     raise Exception(f"ETL pipeline loi: {e}")
[2026-03-20T09:48:45.638+0000] {subprocess.py:93} INFO - Exception: ETL pipeline loi: Khong the ket noi PostgreSQL
[2026-03-20T09:48:45.645+0000] {subprocess.py:97} INFO - Command exited with return code 1
[2026-03-20T09:48:45.667+0000] {taskinstance.py:2698} ERROR - Task failed with exception
Traceback (most recent call last):
  File "/home/airflow/.local/lib/python3.8/site-packages/airflow/models/taskinstance.py", line 433, in _execute_task
    result = execute_callable(context=context, **execute_callable_kwargs)
  File "/home/airflow/.local/lib/python3.8/site-packages/airflow/operators/bash.py", line 212, in execute
    raise AirflowException(
airflow.exceptions.AirflowException: Bash command failed. The command returned a non-zero exit code 1.
[2026-03-20T09:48:45.674+0000] {taskinstance.py:1138} INFO - Marking task as FAILED. dag_id=daily_revenue_etl_dag, task_id=run_daily_revenue_etl, execution_date=20260319T000000, start_date=20260320T094820, end_date=20260320T094845
[2026-03-20T09:48:45.728+0000] {standard_task_runner.py:107} ERROR - Failed to execute job 17 for task run_daily_revenue_etl (Bash command failed. The command returned a non-zero exit code 1.; 207)
[2026-03-20T10:11:47.709+0000] {local_task_job_runner.py:234} INFO - Task exited with return code 1
[2026-03-20T10:11:47.757+0000] {taskinstance.py:3280} INFO - 0 downstream tasks scheduled from follow-on schedule check
