[2026-03-27T02:25:29.044+0000] {taskinstance.py:1956} INFO - Dependencies all met for dep_context=non-requeueable deps ti=<TaskInstance: Financial_risk_assessment_to_dw.run_etl manual__2026-03-27T02:25:27.086035+00:00 [queued]>
[2026-03-27T02:25:29.055+0000] {taskinstance.py:1956} INFO - Dependencies all met for dep_context=requeueable deps ti=<TaskInstance: Financial_risk_assessment_to_dw.run_etl manual__2026-03-27T02:25:27.086035+00:00 [queued]>
[2026-03-27T02:25:29.056+0000] {taskinstance.py:2170} INFO - Starting attempt 1 of 3
[2026-03-27T02:25:29.070+0000] {taskinstance.py:2191} INFO - Executing <Task(BashOperator): run_etl> on 2026-03-27 02:25:27.086035+00:00
[2026-03-27T02:25:29.076+0000] {standard_task_runner.py:60} INFO - Started process 183 to run task
[2026-03-27T02:25:29.081+0000] {standard_task_runner.py:87} INFO - Running: ['airflow', 'tasks', 'run', 'Financial_risk_assessment_to_dw', 'run_etl', 'manual__2026-03-27T02:25:27.086035+00:00', '--job-id', '8', '--raw', '--subdir', 'DAGS_FOLDER/etl_dags.py', '--cfg-path', '/tmp/tmpb6bjof04']
[2026-03-27T02:25:29.084+0000] {standard_task_runner.py:88} INFO - Job 8: Subtask run_etl
[2026-03-27T02:25:29.153+0000] {task_command.py:423} INFO - Running <TaskInstance: Financial_risk_assessment_to_dw.run_etl manual__2026-03-27T02:25:27.086035+00:00 [running]> on host 13586b091178
[2026-03-27T02:25:29.237+0000] {taskinstance.py:2480} INFO - Exporting env vars: AIRFLOW_CTX_DAG_OWNER='hieubtt' AIRFLOW_CTX_DAG_ID='Financial_risk_assessment_to_dw' AIRFLOW_CTX_TASK_ID='run_etl' AIRFLOW_CTX_EXECUTION_DATE='2026-03-27T02:25:27.086035+00:00' AIRFLOW_CTX_TRY_NUMBER='1' AIRFLOW_CTX_DAG_RUN_ID='manual__2026-03-27T02:25:27.086035+00:00'
[2026-03-27T02:25:29.239+0000] {subprocess.py:63} INFO - Tmp dir root location: /tmp
[2026-03-27T02:25:29.240+0000] {subprocess.py:75} INFO - Running command: ['/usr/bin/bash', '-c', 'python /opt/airflow/scripts/extract_fin_risk_csv.py']
[2026-03-27T02:25:29.248+0000] {subprocess.py:86} INFO - Output:
[2026-03-27T02:25:35.692+0000] {subprocess.py:93} INFO - Đã chạy được lần 1 1000 dòng dữ liệu và hiện đang tiếp tục ...
[2026-03-27T02:25:35.693+0000] {subprocess.py:93} INFO - Đã chạy được lần 2 1000 dòng dữ liệu và hiện đang tiếp tục ...
[2026-03-27T02:25:35.694+0000] {subprocess.py:93} INFO - Đã chạy được lần 3 1000 dòng dữ liệu và hiện đang tiếp tục ...
[2026-03-27T02:25:35.694+0000] {subprocess.py:93} INFO - Đã chạy được lần 4 1000 dòng dữ liệu và hiện đang tiếp tục ...
[2026-03-27T02:25:35.695+0000] {subprocess.py:93} INFO - Đã chạy được lần 5 1000 dòng dữ liệu và hiện đang tiếp tục ...
[2026-03-27T02:25:35.695+0000] {subprocess.py:93} INFO - Đã chạy được lần 6 1000 dòng dữ liệu và hiện đang tiếp tục ...
[2026-03-27T02:25:35.696+0000] {subprocess.py:93} INFO - Đã chạy được lần 7 1000 dòng dữ liệu và hiện đang tiếp tục ...
[2026-03-27T02:25:35.696+0000] {subprocess.py:93} INFO - Đã chạy được lần 8 1000 dòng dữ liệu và hiện đang tiếp tục ...
[2026-03-27T02:25:35.697+0000] {subprocess.py:93} INFO - Đã chạy được lần 9 1000 dòng dữ liệu và hiện đang tiếp tục ...
[2026-03-27T02:25:35.697+0000] {subprocess.py:93} INFO - Đã chạy được lần 10 1000 dòng dữ liệu và hiện đang tiếp tục ...
[2026-03-27T02:25:35.698+0000] {subprocess.py:93} INFO - Đã chạy được lần 11 1000 dòng dữ liệu và hiện đang tiếp tục ...
[2026-03-27T02:25:35.699+0000] {subprocess.py:93} INFO - Đã chạy được lần 12 1000 dòng dữ liệu và hiện đang tiếp tục ...
[2026-03-27T02:25:35.699+0000] {subprocess.py:93} INFO - Đã chạy được lần 13 1000 dòng dữ liệu và hiện đang tiếp tục ...
[2026-03-27T02:25:35.700+0000] {subprocess.py:93} INFO - Đã chạy được lần 14 1000 dòng dữ liệu và hiện đang tiếp tục ...
[2026-03-27T02:25:35.701+0000] {subprocess.py:93} INFO - Đã chạy được lần 15 1000 dòng dữ liệu và hiện đang tiếp tục ...
[2026-03-27T02:25:35.701+0000] {subprocess.py:93} INFO - ETL PASSED | RUN_ID=RUN_39ebee74
[2026-03-27T02:25:35.744+0000] {subprocess.py:97} INFO - Command exited with return code 0
[2026-03-27T02:25:35.764+0000] {taskinstance.py:1138} INFO - Marking task as SUCCESS. dag_id=Financial_risk_assessment_to_dw, task_id=run_etl, execution_date=20260327T022527, start_date=20260327T022529, end_date=20260327T022535
[2026-03-27T02:25:35.810+0000] {local_task_job_runner.py:234} INFO - Task exited with return code 0
[2026-03-27T02:25:35.829+0000] {taskinstance.py:3280} INFO - 1 downstream tasks scheduled from follow-on schedule check
