[2026-03-31T05:36:35.462+0000] {taskinstance.py:1956} INFO - Dependencies all met for dep_context=non-requeueable deps ti=<TaskInstance: Financial_risk_assessment_to_dw.run_mail_risk_data manual__2026-03-31T05:36:09.368078+00:00 [queued]>
[2026-03-31T05:36:35.471+0000] {taskinstance.py:1956} INFO - Dependencies all met for dep_context=requeueable deps ti=<TaskInstance: Financial_risk_assessment_to_dw.run_mail_risk_data manual__2026-03-31T05:36:09.368078+00:00 [queued]>
[2026-03-31T05:36:35.473+0000] {taskinstance.py:2170} INFO - Starting attempt 3 of 3
[2026-03-31T05:36:35.484+0000] {taskinstance.py:2191} INFO - Executing <Task(BashOperator): run_mail_risk_data> on 2026-03-31 05:36:09.368078+00:00
[2026-03-31T05:36:35.490+0000] {standard_task_runner.py:60} INFO - Started process 416 to run task
[2026-03-31T05:36:35.493+0000] {standard_task_runner.py:87} INFO - Running: ['airflow', 'tasks', 'run', 'Financial_risk_assessment_to_dw', 'run_mail_risk_data', 'manual__2026-03-31T05:36:09.368078+00:00', '--job-id', '8', '--raw', '--subdir', 'DAGS_FOLDER/etl_dags.py', '--cfg-path', '/tmp/tmptu_21vbd']
[2026-03-31T05:36:35.496+0000] {standard_task_runner.py:88} INFO - Job 8: Subtask run_mail_risk_data
[2026-03-31T05:36:35.557+0000] {task_command.py:423} INFO - Running <TaskInstance: Financial_risk_assessment_to_dw.run_mail_risk_data manual__2026-03-31T05:36:09.368078+00:00 [running]> on host a2b842e91b55
[2026-03-31T05:36:35.623+0000] {taskinstance.py:2480} INFO - Exporting env vars: AIRFLOW_CTX_DAG_OWNER='hieubtt' AIRFLOW_CTX_DAG_ID='Financial_risk_assessment_to_dw' AIRFLOW_CTX_TASK_ID='run_mail_risk_data' AIRFLOW_CTX_EXECUTION_DATE='2026-03-31T05:36:09.368078+00:00' AIRFLOW_CTX_TRY_NUMBER='3' AIRFLOW_CTX_DAG_RUN_ID='manual__2026-03-31T05:36:09.368078+00:00'
[2026-03-31T05:36:35.625+0000] {subprocess.py:63} INFO - Tmp dir root location: /tmp
[2026-03-31T05:36:35.627+0000] {subprocess.py:75} INFO - Running command: ['/usr/bin/bash', '-c', 'python /opt/airflow/scripts/Mail_Risk_Score.py']
[2026-03-31T05:36:35.636+0000] {subprocess.py:86} INFO - Output:
[2026-03-31T05:36:36.783+0000] {subprocess.py:93} INFO - Traceback (most recent call last):
[2026-03-31T05:36:36.783+0000] {subprocess.py:93} INFO -   File "/opt/airflow/scripts/Mail_Risk_Score.py", line 13, in <module>
[2026-03-31T05:36:36.784+0000] {subprocess.py:93} INFO -     from sqlalchemy import create_all, create_engine # Thêm thư viện kết nối DB
[2026-03-31T05:36:36.784+0000] {subprocess.py:93} INFO - ImportError: cannot import name 'create_all' from 'sqlalchemy' (/home/airflow/.local/lib/python3.8/site-packages/sqlalchemy/__init__.py)
[2026-03-31T05:36:36.915+0000] {subprocess.py:97} INFO - Command exited with return code 1
[2026-03-31T05:36:36.925+0000] {taskinstance.py:2698} ERROR - Task failed with exception
Traceback (most recent call last):
  File "/home/airflow/.local/lib/python3.8/site-packages/airflow/models/taskinstance.py", line 433, in _execute_task
    result = execute_callable(context=context, **execute_callable_kwargs)
  File "/home/airflow/.local/lib/python3.8/site-packages/airflow/operators/bash.py", line 212, in execute
    raise AirflowException(
airflow.exceptions.AirflowException: Bash command failed. The command returned a non-zero exit code 1.
[2026-03-31T05:36:36.927+0000] {taskinstance.py:1138} INFO - Marking task as FAILED. dag_id=Financial_risk_assessment_to_dw, task_id=run_mail_risk_data, execution_date=20260331T053609, start_date=20260331T053635, end_date=20260331T053636
[2026-03-31T05:36:36.948+0000] {standard_task_runner.py:107} ERROR - Failed to execute job 8 for task run_mail_risk_data (Bash command failed. The command returned a non-zero exit code 1.; 416)
[2026-03-31T05:36:36.994+0000] {local_task_job_runner.py:234} INFO - Task exited with return code 1
[2026-03-31T05:36:37.018+0000] {taskinstance.py:3280} INFO - 0 downstream tasks scheduled from follow-on schedule check
