[2026-03-27T02:50:41.882+0000] {taskinstance.py:1956} INFO - Dependencies all met for dep_context=non-requeueable deps ti=<TaskInstance: Financial_risk_assessment_to_dw.run_clean_data manual__2026-03-27T02:50:30.447354+00:00 [queued]>
[2026-03-27T02:50:41.892+0000] {taskinstance.py:1956} INFO - Dependencies all met for dep_context=requeueable deps ti=<TaskInstance: Financial_risk_assessment_to_dw.run_clean_data manual__2026-03-27T02:50:30.447354+00:00 [queued]>
[2026-03-27T02:50:41.893+0000] {taskinstance.py:2170} INFO - Starting attempt 1 of 3
[2026-03-27T02:50:41.906+0000] {taskinstance.py:2191} INFO - Executing <Task(BashOperator): run_clean_data> on 2026-03-27 02:50:30.447354+00:00
[2026-03-27T02:50:41.914+0000] {standard_task_runner.py:60} INFO - Started process 876 to run task
[2026-03-27T02:50:41.919+0000] {standard_task_runner.py:87} INFO - Running: ['airflow', 'tasks', 'run', 'Financial_risk_assessment_to_dw', 'run_clean_data', 'manual__2026-03-27T02:50:30.447354+00:00', '--job-id', '3', '--raw', '--subdir', 'DAGS_FOLDER/etl_dags.py', '--cfg-path', '/tmp/tmp4y02tlj1']
[2026-03-27T02:50:41.922+0000] {standard_task_runner.py:88} INFO - Job 3: Subtask run_clean_data
[2026-03-27T02:50:41.994+0000] {task_command.py:423} INFO - Running <TaskInstance: Financial_risk_assessment_to_dw.run_clean_data manual__2026-03-27T02:50:30.447354+00:00 [running]> on host e979566831a0
[2026-03-27T02:50:42.080+0000] {taskinstance.py:2480} INFO - Exporting env vars: AIRFLOW_CTX_DAG_OWNER='hieubtt' AIRFLOW_CTX_DAG_ID='Financial_risk_assessment_to_dw' AIRFLOW_CTX_TASK_ID='run_clean_data' AIRFLOW_CTX_EXECUTION_DATE='2026-03-27T02:50:30.447354+00:00' AIRFLOW_CTX_TRY_NUMBER='1' AIRFLOW_CTX_DAG_RUN_ID='manual__2026-03-27T02:50:30.447354+00:00'
[2026-03-27T02:50:42.082+0000] {subprocess.py:63} INFO - Tmp dir root location: /tmp
[2026-03-27T02:50:42.084+0000] {subprocess.py:75} INFO - Running command: ['/usr/bin/bash', '-c', 'python /opt/airflow/scripts/clean_data_fin.py']
[2026-03-27T02:50:42.099+0000] {subprocess.py:86} INFO - Output:
[2026-03-27T02:50:42.776+0000] {subprocess.py:93} INFO - /opt/airflow/scripts/clean_data_fin.py:32: UserWarning: pandas only supports SQLAlchemy connectable (engine/connection) or database string URI or sqlite3 DBAPI2 connection. Other DBAPI2 objects are not tested. Please consider using SQLAlchemy.
[2026-03-27T02:50:42.777+0000] {subprocess.py:93} INFO -   df_errors = pd.read_sql(SQL_NULL_DATA, conn)
[2026-03-27T02:50:42.778+0000] {subprocess.py:93} INFO - Lỗi: Execution failed on sql '
[2026-03-27T02:50:42.778+0000] {subprocess.py:93} INFO -     select credit_score,loan_amount,id from fin_risk_assessment
[2026-03-27T02:50:42.778+0000] {subprocess.py:93} INFO -     where credit_score IS NULL OR loan_amount IS NULL
[2026-03-27T02:50:42.778+0000] {subprocess.py:93} INFO -     OR credit_score = 'NaN' OR loan_amount = 'NaN'
[2026-03-27T02:50:42.779+0000] {subprocess.py:93} INFO - ': relation "fin_risk_assessment" does not exist
[2026-03-27T02:50:42.779+0000] {subprocess.py:93} INFO - LINE 2:     select credit_score,loan_amount,id from fin_risk_assessm...
[2026-03-27T02:50:42.779+0000] {subprocess.py:93} INFO -                                                     ^
[2026-03-27T02:50:42.780+0000] {subprocess.py:93} INFO - 
[2026-03-27T02:50:42.780+0000] {subprocess.py:93} INFO - ETL FAILED | RUN_ID=RUN_eb7a1808 | ERROR=Execution failed on sql '
[2026-03-27T02:50:42.780+0000] {subprocess.py:93} INFO -     select credit_score,loan_amount,id from fin_risk_assessment
[2026-03-27T02:50:42.780+0000] {subprocess.py:93} INFO -     where credit_score IS NULL OR loan_amount IS NULL
[2026-03-27T02:50:42.780+0000] {subprocess.py:93} INFO -     OR credit_score = 'NaN' OR loan_amount = 'NaN'
[2026-03-27T02:50:42.781+0000] {subprocess.py:93} INFO - ': relation "fin_risk_assessment" does not exist
[2026-03-27T02:50:42.781+0000] {subprocess.py:93} INFO - LINE 2:     select credit_score,loan_amount,id from fin_risk_assessm...
[2026-03-27T02:50:42.781+0000] {subprocess.py:93} INFO -                                                     ^
[2026-03-27T02:50:42.781+0000] {subprocess.py:93} INFO - 
[2026-03-27T02:50:42.863+0000] {subprocess.py:97} INFO - Command exited with return code 0
[2026-03-27T02:50:42.892+0000] {taskinstance.py:1138} INFO - Marking task as SUCCESS. dag_id=Financial_risk_assessment_to_dw, task_id=run_clean_data, execution_date=20260327T025030, start_date=20260327T025041, end_date=20260327T025042
[2026-03-27T02:50:42.938+0000] {local_task_job_runner.py:234} INFO - Task exited with return code 0
[2026-03-27T02:50:42.969+0000] {taskinstance.py:3280} INFO - 1 downstream tasks scheduled from follow-on schedule check
