[2026-04-28T02:58:39.926+0000] {processor.py:161} INFO - Started process (PID=173) to work on /opt/airflow/dags/daily_revenue_etl_dag.py
[2026-04-28T02:58:39.928+0000] {processor.py:830} INFO - Processing file /opt/airflow/dags/daily_revenue_etl_dag.py for tasks to queue
[2026-04-28T02:58:39.929+0000] {logging_mixin.py:188} INFO - [2026-04-28T02:58:39.929+0000] {dagbag.py:538} INFO - Filling up the DagBag from /opt/airflow/dags/daily_revenue_etl_dag.py
[2026-04-28T02:58:39.960+0000] {processor.py:840} INFO - DAG(s) 'daily_revenue_etl_dag' retrieved from /opt/airflow/dags/daily_revenue_etl_dag.py
[2026-04-28T02:58:40.015+0000] {logging_mixin.py:188} INFO - [2026-04-28T02:58:40.015+0000] {dag.py:3036} INFO - Sync 1 DAGs
[2026-04-28T02:58:40.038+0000] {logging_mixin.py:188} INFO - [2026-04-28T02:58:40.037+0000] {dag.py:3823} INFO - Setting next_dagrun for daily_revenue_etl_dag to 2026-04-27 00:00:00+00:00, run_after=2026-04-28 00:00:00+00:00
[2026-04-28T02:58:40.060+0000] {processor.py:183} INFO - Processing /opt/airflow/dags/daily_revenue_etl_dag.py took 0.137 seconds
[2026-04-28T03:23:03.696+0000] {processor.py:161} INFO - Started process (PID=185) to work on /opt/airflow/dags/daily_revenue_etl_dag.py
[2026-04-28T03:23:03.698+0000] {processor.py:830} INFO - Processing file /opt/airflow/dags/daily_revenue_etl_dag.py for tasks to queue
[2026-04-28T03:23:03.701+0000] {logging_mixin.py:188} INFO - [2026-04-28T03:23:03.701+0000] {dagbag.py:538} INFO - Filling up the DagBag from /opt/airflow/dags/daily_revenue_etl_dag.py
[2026-04-28T03:23:03.730+0000] {processor.py:840} INFO - DAG(s) 'daily_revenue_etl_dag' retrieved from /opt/airflow/dags/daily_revenue_etl_dag.py
[2026-04-28T03:23:03.765+0000] {logging_mixin.py:188} INFO - [2026-04-28T03:23:03.765+0000] {dag.py:3036} INFO - Sync 1 DAGs
[2026-04-28T03:23:03.791+0000] {logging_mixin.py:188} INFO - [2026-04-28T03:23:03.791+0000] {dag.py:3823} INFO - Setting next_dagrun for daily_revenue_etl_dag to 2026-04-28 00:00:00+00:00, run_after=2026-04-29 00:00:00+00:00
[2026-04-28T03:23:03.811+0000] {processor.py:183} INFO - Processing /opt/airflow/dags/daily_revenue_etl_dag.py took 0.122 seconds
[2026-04-28T02:59:12.361+0000] {processor.py:161} INFO - Started process (PID=196) to work on /opt/airflow/dags/daily_revenue_etl_dag.py
[2026-04-28T02:59:12.365+0000] {processor.py:830} INFO - Processing file /opt/airflow/dags/daily_revenue_etl_dag.py for tasks to queue
[2026-04-28T02:59:12.366+0000] {logging_mixin.py:188} INFO - [2026-04-28T02:59:12.366+0000] {dagbag.py:538} INFO - Filling up the DagBag from /opt/airflow/dags/daily_revenue_etl_dag.py
[2026-04-28T02:59:12.386+0000] {processor.py:840} INFO - DAG(s) 'daily_revenue_etl_dag' retrieved from /opt/airflow/dags/daily_revenue_etl_dag.py
[2026-04-28T02:59:12.411+0000] {logging_mixin.py:188} INFO - [2026-04-28T02:59:12.411+0000] {dag.py:3036} INFO - Sync 1 DAGs
[2026-04-28T02:59:12.429+0000] {logging_mixin.py:188} INFO - [2026-04-28T02:59:12.429+0000] {dag.py:3823} INFO - Setting next_dagrun for daily_revenue_etl_dag to 2026-04-28 00:00:00+00:00, run_after=2026-04-29 00:00:00+00:00
[2026-04-28T02:59:12.452+0000] {processor.py:183} INFO - Processing /opt/airflow/dags/daily_revenue_etl_dag.py took 0.095 seconds
[2026-04-28T02:59:42.658+0000] {processor.py:161} INFO - Started process (PID=207) to work on /opt/airflow/dags/daily_revenue_etl_dag.py
[2026-04-28T02:59:42.659+0000] {processor.py:830} INFO - Processing file /opt/airflow/dags/daily_revenue_etl_dag.py for tasks to queue
[2026-04-28T02:59:42.661+0000] {logging_mixin.py:188} INFO - [2026-04-28T02:59:42.660+0000] {dagbag.py:538} INFO - Filling up the DagBag from /opt/airflow/dags/daily_revenue_etl_dag.py
[2026-04-28T02:59:42.687+0000] {processor.py:840} INFO - DAG(s) 'daily_revenue_etl_dag' retrieved from /opt/airflow/dags/daily_revenue_etl_dag.py
[2026-04-28T02:59:42.721+0000] {logging_mixin.py:188} INFO - [2026-04-28T02:59:42.721+0000] {dag.py:3036} INFO - Sync 1 DAGs
[2026-04-28T02:59:42.753+0000] {logging_mixin.py:188} INFO - [2026-04-28T02:59:42.753+0000] {dag.py:3823} INFO - Setting next_dagrun for daily_revenue_etl_dag to 2026-04-28 00:00:00+00:00, run_after=2026-04-29 00:00:00+00:00
[2026-04-28T02:59:42.774+0000] {processor.py:183} INFO - Processing /opt/airflow/dags/daily_revenue_etl_dag.py took 0.121 seconds
[2026-04-28T03:00:12.832+0000] {processor.py:161} INFO - Started process (PID=212) to work on /opt/airflow/dags/daily_revenue_etl_dag.py
[2026-04-28T03:00:12.833+0000] {processor.py:830} INFO - Processing file /opt/airflow/dags/daily_revenue_etl_dag.py for tasks to queue
[2026-04-28T03:00:12.834+0000] {logging_mixin.py:188} INFO - [2026-04-28T03:00:12.834+0000] {dagbag.py:538} INFO - Filling up the DagBag from /opt/airflow/dags/daily_revenue_etl_dag.py
[2026-04-28T03:00:12.857+0000] {processor.py:840} INFO - DAG(s) 'daily_revenue_etl_dag' retrieved from /opt/airflow/dags/daily_revenue_etl_dag.py
[2026-04-28T03:00:12.883+0000] {logging_mixin.py:188} INFO - [2026-04-28T03:00:12.882+0000] {dag.py:3036} INFO - Sync 1 DAGs
[2026-04-28T03:00:12.902+0000] {logging_mixin.py:188} INFO - [2026-04-28T03:00:12.902+0000] {dag.py:3823} INFO - Setting next_dagrun for daily_revenue_etl_dag to 2026-04-28 00:00:00+00:00, run_after=2026-04-29 00:00:00+00:00
[2026-04-28T03:00:12.924+0000] {processor.py:183} INFO - Processing /opt/airflow/dags/daily_revenue_etl_dag.py took 0.097 seconds
[2026-04-28T03:00:43.148+0000] {processor.py:161} INFO - Started process (PID=217) to work on /opt/airflow/dags/daily_revenue_etl_dag.py
[2026-04-28T03:00:43.151+0000] {processor.py:830} INFO - Processing file /opt/airflow/dags/daily_revenue_etl_dag.py for tasks to queue
[2026-04-28T03:00:43.153+0000] {logging_mixin.py:188} INFO - [2026-04-28T03:00:43.153+0000] {dagbag.py:538} INFO - Filling up the DagBag from /opt/airflow/dags/daily_revenue_etl_dag.py
[2026-04-28T03:00:43.199+0000] {processor.py:840} INFO - DAG(s) 'daily_revenue_etl_dag' retrieved from /opt/airflow/dags/daily_revenue_etl_dag.py
[2026-04-28T03:00:43.263+0000] {logging_mixin.py:188} INFO - [2026-04-28T03:00:43.263+0000] {dag.py:3036} INFO - Sync 1 DAGs
[2026-04-28T03:00:43.306+0000] {logging_mixin.py:188} INFO - [2026-04-28T03:00:43.305+0000] {dag.py:3823} INFO - Setting next_dagrun for daily_revenue_etl_dag to 2026-04-28 00:00:00+00:00, run_after=2026-04-29 00:00:00+00:00
[2026-04-28T03:00:43.337+0000] {processor.py:183} INFO - Processing /opt/airflow/dags/daily_revenue_etl_dag.py took 0.198 seconds
[2026-04-28T03:25:08.920+0000] {processor.py:161} INFO - Started process (PID=222) to work on /opt/airflow/dags/daily_revenue_etl_dag.py
[2026-04-28T03:25:08.921+0000] {processor.py:830} INFO - Processing file /opt/airflow/dags/daily_revenue_etl_dag.py for tasks to queue
[2026-04-28T03:25:08.922+0000] {logging_mixin.py:188} INFO - [2026-04-28T03:25:08.922+0000] {dagbag.py:538} INFO - Filling up the DagBag from /opt/airflow/dags/daily_revenue_etl_dag.py
[2026-04-28T03:25:08.948+0000] {processor.py:840} INFO - DAG(s) 'daily_revenue_etl_dag' retrieved from /opt/airflow/dags/daily_revenue_etl_dag.py
[2026-04-28T03:25:08.980+0000] {logging_mixin.py:188} INFO - [2026-04-28T03:25:08.979+0000] {dag.py:3036} INFO - Sync 1 DAGs
[2026-04-28T03:25:09.004+0000] {logging_mixin.py:188} INFO - [2026-04-28T03:25:09.004+0000] {dag.py:3823} INFO - Setting next_dagrun for daily_revenue_etl_dag to 2026-04-28 00:00:00+00:00, run_after=2026-04-29 00:00:00+00:00
[2026-04-28T03:25:09.020+0000] {processor.py:183} INFO - Processing /opt/airflow/dags/daily_revenue_etl_dag.py took 0.104 seconds
[2026-04-28T03:01:17.585+0000] {processor.py:161} INFO - Started process (PID=227) to work on /opt/airflow/dags/daily_revenue_etl_dag.py
[2026-04-28T03:01:17.587+0000] {processor.py:830} INFO - Processing file /opt/airflow/dags/daily_revenue_etl_dag.py for tasks to queue
[2026-04-28T03:01:17.588+0000] {logging_mixin.py:188} INFO - [2026-04-28T03:01:17.588+0000] {dagbag.py:538} INFO - Filling up the DagBag from /opt/airflow/dags/daily_revenue_etl_dag.py
[2026-04-28T03:01:17.613+0000] {processor.py:840} INFO - DAG(s) 'daily_revenue_etl_dag' retrieved from /opt/airflow/dags/daily_revenue_etl_dag.py
[2026-04-28T03:01:17.644+0000] {logging_mixin.py:188} INFO - [2026-04-28T03:01:17.644+0000] {dag.py:3036} INFO - Sync 1 DAGs
[2026-04-28T03:01:17.661+0000] {logging_mixin.py:188} INFO - [2026-04-28T03:01:17.661+0000] {dag.py:3823} INFO - Setting next_dagrun for daily_revenue_etl_dag to 2026-04-28 00:00:00+00:00, run_after=2026-04-29 00:00:00+00:00
[2026-04-28T03:01:17.675+0000] {processor.py:183} INFO - Processing /opt/airflow/dags/daily_revenue_etl_dag.py took 0.095 seconds
[2026-04-28T03:01:47.869+0000] {processor.py:161} INFO - Started process (PID=232) to work on /opt/airflow/dags/daily_revenue_etl_dag.py
[2026-04-28T03:01:47.870+0000] {processor.py:830} INFO - Processing file /opt/airflow/dags/daily_revenue_etl_dag.py for tasks to queue
[2026-04-28T03:01:47.871+0000] {logging_mixin.py:188} INFO - [2026-04-28T03:01:47.870+0000] {dagbag.py:538} INFO - Filling up the DagBag from /opt/airflow/dags/daily_revenue_etl_dag.py
[2026-04-28T03:01:47.886+0000] {processor.py:840} INFO - DAG(s) 'daily_revenue_etl_dag' retrieved from /opt/airflow/dags/daily_revenue_etl_dag.py
[2026-04-28T03:01:47.907+0000] {logging_mixin.py:188} INFO - [2026-04-28T03:01:47.907+0000] {dag.py:3036} INFO - Sync 1 DAGs
[2026-04-28T03:01:47.926+0000] {logging_mixin.py:188} INFO - [2026-04-28T03:01:47.925+0000] {dag.py:3823} INFO - Setting next_dagrun for daily_revenue_etl_dag to 2026-04-28 00:00:00+00:00, run_after=2026-04-29 00:00:00+00:00
[2026-04-28T03:01:47.944+0000] {processor.py:183} INFO - Processing /opt/airflow/dags/daily_revenue_etl_dag.py took 0.077 seconds
[2026-04-28T03:02:18.084+0000] {processor.py:161} INFO - Started process (PID=237) to work on /opt/airflow/dags/daily_revenue_etl_dag.py
[2026-04-28T03:02:18.086+0000] {processor.py:830} INFO - Processing file /opt/airflow/dags/daily_revenue_etl_dag.py for tasks to queue
[2026-04-28T03:02:18.087+0000] {logging_mixin.py:188} INFO - [2026-04-28T03:02:18.087+0000] {dagbag.py:538} INFO - Filling up the DagBag from /opt/airflow/dags/daily_revenue_etl_dag.py
[2026-04-28T03:02:18.110+0000] {processor.py:840} INFO - DAG(s) 'daily_revenue_etl_dag' retrieved from /opt/airflow/dags/daily_revenue_etl_dag.py
[2026-04-28T03:02:18.139+0000] {logging_mixin.py:188} INFO - [2026-04-28T03:02:18.139+0000] {dag.py:3036} INFO - Sync 1 DAGs
[2026-04-28T03:02:18.168+0000] {logging_mixin.py:188} INFO - [2026-04-28T03:02:18.167+0000] {dag.py:3823} INFO - Setting next_dagrun for daily_revenue_etl_dag to 2026-04-28 00:00:00+00:00, run_after=2026-04-29 00:00:00+00:00
[2026-04-28T03:02:18.187+0000] {processor.py:183} INFO - Processing /opt/airflow/dags/daily_revenue_etl_dag.py took 0.106 seconds
[2026-04-28T03:26:45.822+0000] {processor.py:161} INFO - Started process (PID=242) to work on /opt/airflow/dags/daily_revenue_etl_dag.py
[2026-04-28T03:26:45.823+0000] {processor.py:830} INFO - Processing file /opt/airflow/dags/daily_revenue_etl_dag.py for tasks to queue
[2026-04-28T03:26:45.824+0000] {logging_mixin.py:188} INFO - [2026-04-28T03:26:45.824+0000] {dagbag.py:538} INFO - Filling up the DagBag from /opt/airflow/dags/daily_revenue_etl_dag.py
[2026-04-28T03:26:45.849+0000] {processor.py:840} INFO - DAG(s) 'daily_revenue_etl_dag' retrieved from /opt/airflow/dags/daily_revenue_etl_dag.py
[2026-04-28T03:26:45.877+0000] {logging_mixin.py:188} INFO - [2026-04-28T03:26:45.877+0000] {dag.py:3036} INFO - Sync 1 DAGs
[2026-04-28T03:26:45.899+0000] {logging_mixin.py:188} INFO - [2026-04-28T03:26:45.899+0000] {dag.py:3823} INFO - Setting next_dagrun for daily_revenue_etl_dag to 2026-04-28 00:00:00+00:00, run_after=2026-04-29 00:00:00+00:00
[2026-04-28T03:26:45.914+0000] {processor.py:183} INFO - Processing /opt/airflow/dags/daily_revenue_etl_dag.py took 0.097 seconds
[2026-04-28T03:02:54.497+0000] {processor.py:161} INFO - Started process (PID=247) to work on /opt/airflow/dags/daily_revenue_etl_dag.py
[2026-04-28T03:02:54.498+0000] {processor.py:830} INFO - Processing file /opt/airflow/dags/daily_revenue_etl_dag.py for tasks to queue
[2026-04-28T03:02:54.499+0000] {logging_mixin.py:188} INFO - [2026-04-28T03:02:54.499+0000] {dagbag.py:538} INFO - Filling up the DagBag from /opt/airflow/dags/daily_revenue_etl_dag.py
[2026-04-28T03:02:54.516+0000] {processor.py:840} INFO - DAG(s) 'daily_revenue_etl_dag' retrieved from /opt/airflow/dags/daily_revenue_etl_dag.py
[2026-04-28T03:02:54.540+0000] {logging_mixin.py:188} INFO - [2026-04-28T03:02:54.540+0000] {dag.py:3036} INFO - Sync 1 DAGs
[2026-04-28T03:02:54.559+0000] {logging_mixin.py:188} INFO - [2026-04-28T03:02:54.559+0000] {dag.py:3823} INFO - Setting next_dagrun for daily_revenue_etl_dag to 2026-04-28 00:00:00+00:00, run_after=2026-04-29 00:00:00+00:00
[2026-04-28T03:02:54.576+0000] {processor.py:183} INFO - Processing /opt/airflow/dags/daily_revenue_etl_dag.py took 0.082 seconds
[2026-04-28T03:27:19.122+0000] {processor.py:161} INFO - Started process (PID=252) to work on /opt/airflow/dags/daily_revenue_etl_dag.py
[2026-04-28T03:27:19.124+0000] {processor.py:830} INFO - Processing file /opt/airflow/dags/daily_revenue_etl_dag.py for tasks to queue
[2026-04-28T03:27:19.124+0000] {logging_mixin.py:188} INFO - [2026-04-28T03:27:19.124+0000] {dagbag.py:538} INFO - Filling up the DagBag from /opt/airflow/dags/daily_revenue_etl_dag.py
[2026-04-28T03:27:19.140+0000] {processor.py:840} INFO - DAG(s) 'daily_revenue_etl_dag' retrieved from /opt/airflow/dags/daily_revenue_etl_dag.py
[2026-04-28T03:27:19.162+0000] {logging_mixin.py:188} INFO - [2026-04-28T03:27:19.162+0000] {dag.py:3036} INFO - Sync 1 DAGs
[2026-04-28T03:27:19.182+0000] {logging_mixin.py:188} INFO - [2026-04-28T03:27:19.181+0000] {dag.py:3823} INFO - Setting next_dagrun for daily_revenue_etl_dag to 2026-04-28 00:00:00+00:00, run_after=2026-04-29 00:00:00+00:00
[2026-04-28T03:27:19.199+0000] {processor.py:183} INFO - Processing /opt/airflow/dags/daily_revenue_etl_dag.py took 0.079 seconds
[2026-04-28T03:03:32.817+0000] {processor.py:161} INFO - Started process (PID=257) to work on /opt/airflow/dags/daily_revenue_etl_dag.py
[2026-04-28T03:03:32.820+0000] {processor.py:830} INFO - Processing file /opt/airflow/dags/daily_revenue_etl_dag.py for tasks to queue
[2026-04-28T03:03:32.824+0000] {logging_mixin.py:188} INFO - [2026-04-28T03:03:32.824+0000] {dagbag.py:538} INFO - Filling up the DagBag from /opt/airflow/dags/daily_revenue_etl_dag.py
[2026-04-28T03:03:32.849+0000] {processor.py:840} INFO - DAG(s) 'daily_revenue_etl_dag' retrieved from /opt/airflow/dags/daily_revenue_etl_dag.py
[2026-04-28T03:03:32.875+0000] {logging_mixin.py:188} INFO - [2026-04-28T03:03:32.875+0000] {dag.py:3036} INFO - Sync 1 DAGs
[2026-04-28T03:03:32.895+0000] {logging_mixin.py:188} INFO - [2026-04-28T03:03:32.895+0000] {dag.py:3823} INFO - Setting next_dagrun for daily_revenue_etl_dag to 2026-04-28 00:00:00+00:00, run_after=2026-04-29 00:00:00+00:00
[2026-04-28T03:03:32.913+0000] {processor.py:183} INFO - Processing /opt/airflow/dags/daily_revenue_etl_dag.py took 0.100 seconds
[2026-04-28T03:04:03.062+0000] {processor.py:161} INFO - Started process (PID=262) to work on /opt/airflow/dags/daily_revenue_etl_dag.py
[2026-04-28T03:04:03.063+0000] {processor.py:830} INFO - Processing file /opt/airflow/dags/daily_revenue_etl_dag.py for tasks to queue
[2026-04-28T03:04:03.064+0000] {logging_mixin.py:188} INFO - [2026-04-28T03:04:03.063+0000] {dagbag.py:538} INFO - Filling up the DagBag from /opt/airflow/dags/daily_revenue_etl_dag.py
[2026-04-28T03:04:03.080+0000] {processor.py:840} INFO - DAG(s) 'daily_revenue_etl_dag' retrieved from /opt/airflow/dags/daily_revenue_etl_dag.py
[2026-04-28T03:04:03.105+0000] {logging_mixin.py:188} INFO - [2026-04-28T03:04:03.105+0000] {dag.py:3036} INFO - Sync 1 DAGs
[2026-04-28T03:04:03.126+0000] {logging_mixin.py:188} INFO - [2026-04-28T03:04:03.125+0000] {dag.py:3823} INFO - Setting next_dagrun for daily_revenue_etl_dag to 2026-04-28 00:00:00+00:00, run_after=2026-04-29 00:00:00+00:00
[2026-04-28T03:04:03.142+0000] {processor.py:183} INFO - Processing /opt/airflow/dags/daily_revenue_etl_dag.py took 0.084 seconds
[2026-04-28T03:28:45.817+0000] {processor.py:161} INFO - Started process (PID=267) to work on /opt/airflow/dags/daily_revenue_etl_dag.py
[2026-04-28T03:28:45.818+0000] {processor.py:830} INFO - Processing file /opt/airflow/dags/daily_revenue_etl_dag.py for tasks to queue
[2026-04-28T03:28:45.819+0000] {logging_mixin.py:188} INFO - [2026-04-28T03:28:45.819+0000] {dagbag.py:538} INFO - Filling up the DagBag from /opt/airflow/dags/daily_revenue_etl_dag.py
[2026-04-28T03:28:45.838+0000] {processor.py:840} INFO - DAG(s) 'daily_revenue_etl_dag' retrieved from /opt/airflow/dags/daily_revenue_etl_dag.py
[2026-04-28T03:28:45.864+0000] {logging_mixin.py:188} INFO - [2026-04-28T03:28:45.864+0000] {dag.py:3036} INFO - Sync 1 DAGs
[2026-04-28T03:28:45.883+0000] {logging_mixin.py:188} INFO - [2026-04-28T03:28:45.883+0000] {dag.py:3823} INFO - Setting next_dagrun for daily_revenue_etl_dag to 2026-04-28 00:00:00+00:00, run_after=2026-04-29 00:00:00+00:00
[2026-04-28T03:28:45.898+0000] {processor.py:183} INFO - Processing /opt/airflow/dags/daily_revenue_etl_dag.py took 0.084 seconds
[2026-04-28T03:29:16.005+0000] {processor.py:161} INFO - Started process (PID=272) to work on /opt/airflow/dags/daily_revenue_etl_dag.py
[2026-04-28T03:04:54.486+0000] {processor.py:830} INFO - Processing file /opt/airflow/dags/daily_revenue_etl_dag.py for tasks to queue
[2026-04-28T03:04:54.487+0000] {logging_mixin.py:188} INFO - [2026-04-28T03:04:54.487+0000] {dagbag.py:538} INFO - Filling up the DagBag from /opt/airflow/dags/daily_revenue_etl_dag.py
[2026-04-28T03:04:54.506+0000] {processor.py:840} INFO - DAG(s) 'daily_revenue_etl_dag' retrieved from /opt/airflow/dags/daily_revenue_etl_dag.py
[2026-04-28T03:04:54.531+0000] {logging_mixin.py:188} INFO - [2026-04-28T03:04:54.530+0000] {dag.py:3036} INFO - Sync 1 DAGs
[2026-04-28T03:04:54.551+0000] {logging_mixin.py:188} INFO - [2026-04-28T03:04:54.551+0000] {dag.py:3823} INFO - Setting next_dagrun for daily_revenue_etl_dag to 2026-04-28 00:00:00+00:00, run_after=2026-04-29 00:00:00+00:00
[2026-04-28T03:04:54.569+0000] {processor.py:183} INFO - Processing /opt/airflow/dags/daily_revenue_etl_dag.py took 0.087 seconds
[2026-04-28T03:05:24.730+0000] {processor.py:161} INFO - Started process (PID=277) to work on /opt/airflow/dags/daily_revenue_etl_dag.py
[2026-04-28T03:05:24.731+0000] {processor.py:830} INFO - Processing file /opt/airflow/dags/daily_revenue_etl_dag.py for tasks to queue
[2026-04-28T03:05:24.732+0000] {logging_mixin.py:188} INFO - [2026-04-28T03:05:24.731+0000] {dagbag.py:538} INFO - Filling up the DagBag from /opt/airflow/dags/daily_revenue_etl_dag.py
[2026-04-28T03:05:24.748+0000] {processor.py:840} INFO - DAG(s) 'daily_revenue_etl_dag' retrieved from /opt/airflow/dags/daily_revenue_etl_dag.py
[2026-04-28T03:05:24.772+0000] {logging_mixin.py:188} INFO - [2026-04-28T03:05:24.771+0000] {dag.py:3036} INFO - Sync 1 DAGs
[2026-04-28T03:05:24.793+0000] {logging_mixin.py:188} INFO - [2026-04-28T03:05:24.793+0000] {dag.py:3823} INFO - Setting next_dagrun for daily_revenue_etl_dag to 2026-04-28 00:00:00+00:00, run_after=2026-04-29 00:00:00+00:00
[2026-04-28T03:05:24.812+0000] {processor.py:183} INFO - Processing /opt/airflow/dags/daily_revenue_etl_dag.py took 0.084 seconds
[2026-04-28T03:29:49.374+0000] {processor.py:161} INFO - Started process (PID=282) to work on /opt/airflow/dags/daily_revenue_etl_dag.py
[2026-04-28T03:29:49.375+0000] {processor.py:830} INFO - Processing file /opt/airflow/dags/daily_revenue_etl_dag.py for tasks to queue
[2026-04-28T03:29:49.376+0000] {logging_mixin.py:188} INFO - [2026-04-28T03:29:49.376+0000] {dagbag.py:538} INFO - Filling up the DagBag from /opt/airflow/dags/daily_revenue_etl_dag.py
[2026-04-28T03:29:49.391+0000] {processor.py:840} INFO - DAG(s) 'daily_revenue_etl_dag' retrieved from /opt/airflow/dags/daily_revenue_etl_dag.py
[2026-04-28T03:29:49.415+0000] {logging_mixin.py:188} INFO - [2026-04-28T03:29:49.415+0000] {dag.py:3036} INFO - Sync 1 DAGs
[2026-04-28T03:29:49.437+0000] {logging_mixin.py:188} INFO - [2026-04-28T03:29:49.437+0000] {dag.py:3823} INFO - Setting next_dagrun for daily_revenue_etl_dag to 2026-04-28 00:00:00+00:00, run_after=2026-04-29 00:00:00+00:00
[2026-04-28T03:29:49.454+0000] {processor.py:183} INFO - Processing /opt/airflow/dags/daily_revenue_etl_dag.py took 0.083 seconds
[2026-04-28T03:30:19.573+0000] {processor.py:161} INFO - Started process (PID=287) to work on /opt/airflow/dags/daily_revenue_etl_dag.py
[2026-04-28T03:30:19.574+0000] {processor.py:830} INFO - Processing file /opt/airflow/dags/daily_revenue_etl_dag.py for tasks to queue
[2026-04-28T03:30:19.575+0000] {logging_mixin.py:188} INFO - [2026-04-28T03:30:19.575+0000] {dagbag.py:538} INFO - Filling up the DagBag from /opt/airflow/dags/daily_revenue_etl_dag.py
[2026-04-28T03:05:58.084+0000] {processor.py:840} INFO - DAG(s) 'daily_revenue_etl_dag' retrieved from /opt/airflow/dags/daily_revenue_etl_dag.py
[2026-04-28T03:05:58.117+0000] {logging_mixin.py:188} INFO - [2026-04-28T03:05:58.116+0000] {dag.py:3036} INFO - Sync 1 DAGs
[2026-04-28T03:05:58.148+0000] {logging_mixin.py:188} INFO - [2026-04-28T03:05:58.148+0000] {dag.py:3823} INFO - Setting next_dagrun for daily_revenue_etl_dag to 2026-04-28 00:00:00+00:00, run_after=2026-04-29 00:00:00+00:00
[2026-04-28T03:05:58.168+0000] {processor.py:183} INFO - Processing /opt/airflow/dags/daily_revenue_etl_dag.py took 0.118 seconds
[2026-04-28T03:30:24.659+0000] {processor.py:161} INFO - Started process (PID=292) to work on /opt/airflow/dags/daily_revenue_etl_dag.py
[2026-04-28T03:30:24.660+0000] {processor.py:830} INFO - Processing file /opt/airflow/dags/daily_revenue_etl_dag.py for tasks to queue
[2026-04-28T03:30:24.661+0000] {logging_mixin.py:188} INFO - [2026-04-28T03:30:24.661+0000] {dagbag.py:538} INFO - Filling up the DagBag from /opt/airflow/dags/daily_revenue_etl_dag.py
[2026-04-28T03:06:03.131+0000] {processor.py:840} INFO - DAG(s) 'daily_revenue_etl_dag' retrieved from /opt/airflow/dags/daily_revenue_etl_dag.py
[2026-04-28T03:06:03.163+0000] {logging_mixin.py:188} INFO - [2026-04-28T03:06:03.163+0000] {dag.py:3036} INFO - Sync 1 DAGs
[2026-04-28T03:06:03.186+0000] {logging_mixin.py:188} INFO - [2026-04-28T03:06:03.185+0000] {dag.py:3823} INFO - Setting next_dagrun for daily_revenue_etl_dag to 2026-04-28 00:00:00+00:00, run_after=2026-04-29 00:00:00+00:00
[2026-04-28T03:06:03.201+0000] {processor.py:183} INFO - Processing /opt/airflow/dags/daily_revenue_etl_dag.py took 0.097 seconds
[2026-04-28T03:30:45.862+0000] {processor.py:161} INFO - Started process (PID=301) to work on /opt/airflow/dags/daily_revenue_etl_dag.py
[2026-04-28T03:30:45.863+0000] {processor.py:830} INFO - Processing file /opt/airflow/dags/daily_revenue_etl_dag.py for tasks to queue
[2026-04-28T03:30:45.864+0000] {logging_mixin.py:188} INFO - [2026-04-28T03:30:45.864+0000] {dagbag.py:538} INFO - Filling up the DagBag from /opt/airflow/dags/daily_revenue_etl_dag.py
[2026-04-28T03:30:45.882+0000] {processor.py:840} INFO - DAG(s) 'daily_revenue_etl_dag' retrieved from /opt/airflow/dags/daily_revenue_etl_dag.py
[2026-04-28T03:30:45.904+0000] {logging_mixin.py:188} INFO - [2026-04-28T03:30:45.904+0000] {dag.py:3036} INFO - Sync 1 DAGs
[2026-04-28T03:30:45.923+0000] {logging_mixin.py:188} INFO - [2026-04-28T03:30:45.922+0000] {dag.py:3823} INFO - Setting next_dagrun for daily_revenue_etl_dag to 2026-04-28 00:00:00+00:00, run_after=2026-04-29 00:00:00+00:00
[2026-04-28T03:30:45.937+0000] {processor.py:183} INFO - Processing /opt/airflow/dags/daily_revenue_etl_dag.py took 0.079 seconds
[2026-04-28T03:31:16.070+0000] {processor.py:161} INFO - Started process (PID=306) to work on /opt/airflow/dags/daily_revenue_etl_dag.py
[2026-04-28T03:31:16.071+0000] {processor.py:830} INFO - Processing file /opt/airflow/dags/daily_revenue_etl_dag.py for tasks to queue
[2026-04-28T03:31:16.072+0000] {logging_mixin.py:188} INFO - [2026-04-28T03:31:16.071+0000] {dagbag.py:538} INFO - Filling up the DagBag from /opt/airflow/dags/daily_revenue_etl_dag.py
[2026-04-28T03:06:54.539+0000] {processor.py:840} INFO - DAG(s) 'daily_revenue_etl_dag' retrieved from /opt/airflow/dags/daily_revenue_etl_dag.py
[2026-04-28T03:06:54.560+0000] {logging_mixin.py:188} INFO - [2026-04-28T03:06:54.560+0000] {dag.py:3036} INFO - Sync 1 DAGs
[2026-04-28T03:06:54.582+0000] {logging_mixin.py:188} INFO - [2026-04-28T03:06:54.581+0000] {dag.py:3823} INFO - Setting next_dagrun for daily_revenue_etl_dag to 2026-04-28 00:00:00+00:00, run_after=2026-04-29 00:00:00+00:00
[2026-04-28T03:06:54.603+0000] {processor.py:183} INFO - Processing /opt/airflow/dags/daily_revenue_etl_dag.py took 0.085 seconds
[2026-04-28T03:07:24.756+0000] {processor.py:161} INFO - Started process (PID=311) to work on /opt/airflow/dags/daily_revenue_etl_dag.py
[2026-04-28T03:07:24.757+0000] {processor.py:830} INFO - Processing file /opt/airflow/dags/daily_revenue_etl_dag.py for tasks to queue
[2026-04-28T03:07:24.759+0000] {logging_mixin.py:188} INFO - [2026-04-28T03:07:24.758+0000] {dagbag.py:538} INFO - Filling up the DagBag from /opt/airflow/dags/daily_revenue_etl_dag.py
[2026-04-28T03:07:24.776+0000] {processor.py:840} INFO - DAG(s) 'daily_revenue_etl_dag' retrieved from /opt/airflow/dags/daily_revenue_etl_dag.py
[2026-04-28T03:07:24.799+0000] {logging_mixin.py:188} INFO - [2026-04-28T03:07:24.799+0000] {dag.py:3036} INFO - Sync 1 DAGs
[2026-04-28T03:07:24.819+0000] {logging_mixin.py:188} INFO - [2026-04-28T03:07:24.818+0000] {dag.py:3823} INFO - Setting next_dagrun for daily_revenue_etl_dag to 2026-04-28 00:00:00+00:00, run_after=2026-04-29 00:00:00+00:00
[2026-04-28T03:07:24.834+0000] {processor.py:183} INFO - Processing /opt/airflow/dags/daily_revenue_etl_dag.py took 0.081 seconds
[2026-04-28T03:07:55.041+0000] {processor.py:161} INFO - Started process (PID=316) to work on /opt/airflow/dags/daily_revenue_etl_dag.py
[2026-04-28T03:07:55.042+0000] {processor.py:830} INFO - Processing file /opt/airflow/dags/daily_revenue_etl_dag.py for tasks to queue
[2026-04-28T03:07:55.043+0000] {logging_mixin.py:188} INFO - [2026-04-28T03:07:55.042+0000] {dagbag.py:538} INFO - Filling up the DagBag from /opt/airflow/dags/daily_revenue_etl_dag.py
[2026-04-28T03:07:55.062+0000] {processor.py:840} INFO - DAG(s) 'daily_revenue_etl_dag' retrieved from /opt/airflow/dags/daily_revenue_etl_dag.py
[2026-04-28T03:07:55.091+0000] {logging_mixin.py:188} INFO - [2026-04-28T03:07:55.090+0000] {dag.py:3036} INFO - Sync 1 DAGs
[2026-04-28T03:07:55.117+0000] {logging_mixin.py:188} INFO - [2026-04-28T03:07:55.116+0000] {dag.py:3823} INFO - Setting next_dagrun for daily_revenue_etl_dag to 2026-04-28 00:00:00+00:00, run_after=2026-04-29 00:00:00+00:00
[2026-04-28T03:07:55.136+0000] {processor.py:183} INFO - Processing /opt/airflow/dags/daily_revenue_etl_dag.py took 0.098 seconds
[2026-04-28T03:32:19.597+0000] {processor.py:161} INFO - Started process (PID=321) to work on /opt/airflow/dags/daily_revenue_etl_dag.py
[2026-04-28T03:32:19.599+0000] {processor.py:830} INFO - Processing file /opt/airflow/dags/daily_revenue_etl_dag.py for tasks to queue
[2026-04-28T03:32:19.600+0000] {logging_mixin.py:188} INFO - [2026-04-28T03:32:19.600+0000] {dagbag.py:538} INFO - Filling up the DagBag from /opt/airflow/dags/daily_revenue_etl_dag.py
[2026-04-28T03:32:19.622+0000] {processor.py:840} INFO - DAG(s) 'daily_revenue_etl_dag' retrieved from /opt/airflow/dags/daily_revenue_etl_dag.py
[2026-04-28T03:32:19.650+0000] {logging_mixin.py:188} INFO - [2026-04-28T03:32:19.650+0000] {dag.py:3036} INFO - Sync 1 DAGs
[2026-04-28T03:32:19.670+0000] {logging_mixin.py:188} INFO - [2026-04-28T03:32:19.670+0000] {dag.py:3823} INFO - Setting next_dagrun for daily_revenue_etl_dag to 2026-04-28 00:00:00+00:00, run_after=2026-04-29 00:00:00+00:00
[2026-04-28T03:32:19.687+0000] {processor.py:183} INFO - Processing /opt/airflow/dags/daily_revenue_etl_dag.py took 0.094 seconds
[2026-04-28T03:08:28.351+0000] {processor.py:161} INFO - Started process (PID=326) to work on /opt/airflow/dags/daily_revenue_etl_dag.py
[2026-04-28T03:08:28.352+0000] {processor.py:830} INFO - Processing file /opt/airflow/dags/daily_revenue_etl_dag.py for tasks to queue
[2026-04-28T03:08:28.353+0000] {logging_mixin.py:188} INFO - [2026-04-28T03:08:28.353+0000] {dagbag.py:538} INFO - Filling up the DagBag from /opt/airflow/dags/daily_revenue_etl_dag.py
[2026-04-28T03:08:28.371+0000] {processor.py:840} INFO - DAG(s) 'daily_revenue_etl_dag' retrieved from /opt/airflow/dags/daily_revenue_etl_dag.py
[2026-04-28T03:08:28.395+0000] {logging_mixin.py:188} INFO - [2026-04-28T03:08:28.394+0000] {dag.py:3036} INFO - Sync 1 DAGs
[2026-04-28T03:08:28.417+0000] {logging_mixin.py:188} INFO - [2026-04-28T03:08:28.417+0000] {dag.py:3823} INFO - Setting next_dagrun for daily_revenue_etl_dag to 2026-04-28 00:00:00+00:00, run_after=2026-04-29 00:00:00+00:00
[2026-04-28T03:08:28.433+0000] {processor.py:183} INFO - Processing /opt/airflow/dags/daily_revenue_etl_dag.py took 0.084 seconds
[2026-04-28T03:33:16.027+0000] {processor.py:161} INFO - Started process (PID=331) to work on /opt/airflow/dags/daily_revenue_etl_dag.py
[2026-04-28T03:33:16.028+0000] {processor.py:830} INFO - Processing file /opt/airflow/dags/daily_revenue_etl_dag.py for tasks to queue
[2026-04-28T03:33:16.029+0000] {logging_mixin.py:188} INFO - [2026-04-28T03:33:16.029+0000] {dagbag.py:538} INFO - Filling up the DagBag from /opt/airflow/dags/daily_revenue_etl_dag.py
[2026-04-28T03:33:16.045+0000] {processor.py:840} INFO - DAG(s) 'daily_revenue_etl_dag' retrieved from /opt/airflow/dags/daily_revenue_etl_dag.py
[2026-04-28T03:33:16.069+0000] {logging_mixin.py:188} INFO - [2026-04-28T03:33:16.069+0000] {dag.py:3036} INFO - Sync 1 DAGs
[2026-04-28T03:33:16.087+0000] {logging_mixin.py:188} INFO - [2026-04-28T03:33:16.087+0000] {dag.py:3823} INFO - Setting next_dagrun for daily_revenue_etl_dag to 2026-04-28 00:00:00+00:00, run_after=2026-04-29 00:00:00+00:00
[2026-04-28T03:33:16.101+0000] {processor.py:183} INFO - Processing /opt/airflow/dags/daily_revenue_etl_dag.py took 0.077 seconds
[2026-04-28T03:35:09.890+0000] {processor.py:161} INFO - Started process (PID=336) to work on /opt/airflow/dags/daily_revenue_etl_dag.py
[2026-04-28T03:35:09.891+0000] {processor.py:830} INFO - Processing file /opt/airflow/dags/daily_revenue_etl_dag.py for tasks to queue
[2026-04-28T03:35:09.893+0000] {logging_mixin.py:188} INFO - [2026-04-28T03:35:09.892+0000] {dagbag.py:538} INFO - Filling up the DagBag from /opt/airflow/dags/daily_revenue_etl_dag.py
[2026-04-28T03:35:09.913+0000] {processor.py:840} INFO - DAG(s) 'daily_revenue_etl_dag' retrieved from /opt/airflow/dags/daily_revenue_etl_dag.py
[2026-04-28T03:35:09.938+0000] {logging_mixin.py:188} INFO - [2026-04-28T03:35:09.938+0000] {dag.py:3036} INFO - Sync 1 DAGs
[2026-04-28T03:35:09.958+0000] {logging_mixin.py:188} INFO - [2026-04-28T03:35:09.957+0000] {dag.py:3823} INFO - Setting next_dagrun for daily_revenue_etl_dag to 2026-04-28 00:00:00+00:00, run_after=2026-04-29 00:00:00+00:00
[2026-04-28T03:35:09.975+0000] {processor.py:183} INFO - Processing /opt/airflow/dags/daily_revenue_etl_dag.py took 0.088 seconds
[2026-04-28T03:35:40.132+0000] {processor.py:161} INFO - Started process (PID=341) to work on /opt/airflow/dags/daily_revenue_etl_dag.py
[2026-04-28T03:35:40.133+0000] {processor.py:830} INFO - Processing file /opt/airflow/dags/daily_revenue_etl_dag.py for tasks to queue
[2026-04-28T03:35:40.134+0000] {logging_mixin.py:188} INFO - [2026-04-28T03:35:40.134+0000] {dagbag.py:538} INFO - Filling up the DagBag from /opt/airflow/dags/daily_revenue_etl_dag.py
[2026-04-28T03:11:18.645+0000] {processor.py:840} INFO - DAG(s) 'daily_revenue_etl_dag' retrieved from /opt/airflow/dags/daily_revenue_etl_dag.py
[2026-04-28T03:11:18.677+0000] {logging_mixin.py:188} INFO - [2026-04-28T03:11:18.676+0000] {dag.py:3036} INFO - Sync 1 DAGs
[2026-04-28T03:11:18.705+0000] {logging_mixin.py:188} INFO - [2026-04-28T03:11:18.704+0000] {dag.py:3823} INFO - Setting next_dagrun for daily_revenue_etl_dag to 2026-04-28 00:00:00+00:00, run_after=2026-04-29 00:00:00+00:00
[2026-04-28T03:11:18.729+0000] {processor.py:183} INFO - Processing /opt/airflow/dags/daily_revenue_etl_dag.py took 0.113 seconds
[2026-04-28T03:11:48.930+0000] {processor.py:161} INFO - Started process (PID=346) to work on /opt/airflow/dags/daily_revenue_etl_dag.py
[2026-04-28T03:11:48.931+0000] {processor.py:830} INFO - Processing file /opt/airflow/dags/daily_revenue_etl_dag.py for tasks to queue
[2026-04-28T03:11:48.932+0000] {logging_mixin.py:188} INFO - [2026-04-28T03:11:48.932+0000] {dagbag.py:538} INFO - Filling up the DagBag from /opt/airflow/dags/daily_revenue_etl_dag.py
[2026-04-28T03:11:48.950+0000] {processor.py:840} INFO - DAG(s) 'daily_revenue_etl_dag' retrieved from /opt/airflow/dags/daily_revenue_etl_dag.py
[2026-04-28T03:11:48.974+0000] {logging_mixin.py:188} INFO - [2026-04-28T03:11:48.974+0000] {dag.py:3036} INFO - Sync 1 DAGs
[2026-04-28T03:11:48.993+0000] {logging_mixin.py:188} INFO - [2026-04-28T03:11:48.992+0000] {dag.py:3823} INFO - Setting next_dagrun for daily_revenue_etl_dag to 2026-04-28 00:00:00+00:00, run_after=2026-04-29 00:00:00+00:00
[2026-04-28T03:11:49.009+0000] {processor.py:183} INFO - Processing /opt/airflow/dags/daily_revenue_etl_dag.py took 0.082 seconds
[2026-04-28T03:12:19.161+0000] {processor.py:161} INFO - Started process (PID=353) to work on /opt/airflow/dags/daily_revenue_etl_dag.py
[2026-04-28T03:12:19.162+0000] {processor.py:830} INFO - Processing file /opt/airflow/dags/daily_revenue_etl_dag.py for tasks to queue
[2026-04-28T03:12:19.163+0000] {logging_mixin.py:188} INFO - [2026-04-28T03:12:19.163+0000] {dagbag.py:538} INFO - Filling up the DagBag from /opt/airflow/dags/daily_revenue_etl_dag.py
[2026-04-28T03:12:19.182+0000] {processor.py:840} INFO - DAG(s) 'daily_revenue_etl_dag' retrieved from /opt/airflow/dags/daily_revenue_etl_dag.py
[2026-04-28T03:12:19.207+0000] {logging_mixin.py:188} INFO - [2026-04-28T03:12:19.207+0000] {dag.py:3036} INFO - Sync 1 DAGs
[2026-04-28T03:12:19.227+0000] {logging_mixin.py:188} INFO - [2026-04-28T03:12:19.227+0000] {dag.py:3823} INFO - Setting next_dagrun for daily_revenue_etl_dag to 2026-04-28 00:00:00+00:00, run_after=2026-04-29 00:00:00+00:00
[2026-04-28T03:12:19.242+0000] {processor.py:183} INFO - Processing /opt/airflow/dags/daily_revenue_etl_dag.py took 0.085 seconds
[2026-04-28T03:36:45.820+0000] {processor.py:161} INFO - Started process (PID=358) to work on /opt/airflow/dags/daily_revenue_etl_dag.py
[2026-04-28T03:36:45.821+0000] {processor.py:830} INFO - Processing file /opt/airflow/dags/daily_revenue_etl_dag.py for tasks to queue
[2026-04-28T03:36:45.822+0000] {logging_mixin.py:188} INFO - [2026-04-28T03:36:45.822+0000] {dagbag.py:538} INFO - Filling up the DagBag from /opt/airflow/dags/daily_revenue_etl_dag.py
[2026-04-28T03:36:45.841+0000] {processor.py:840} INFO - DAG(s) 'daily_revenue_etl_dag' retrieved from /opt/airflow/dags/daily_revenue_etl_dag.py
[2026-04-28T03:36:45.867+0000] {logging_mixin.py:188} INFO - [2026-04-28T03:36:45.867+0000] {dag.py:3036} INFO - Sync 1 DAGs
[2026-04-28T03:36:45.886+0000] {logging_mixin.py:188} INFO - [2026-04-28T03:36:45.886+0000] {dag.py:3823} INFO - Setting next_dagrun for daily_revenue_etl_dag to 2026-04-28 00:00:00+00:00, run_after=2026-04-29 00:00:00+00:00
[2026-04-28T03:36:45.902+0000] {processor.py:183} INFO - Processing /opt/airflow/dags/daily_revenue_etl_dag.py took 0.085 seconds
[2026-04-28T03:37:20.121+0000] {processor.py:161} INFO - Started process (PID=363) to work on /opt/airflow/dags/daily_revenue_etl_dag.py
[2026-04-28T03:37:20.122+0000] {processor.py:830} INFO - Processing file /opt/airflow/dags/daily_revenue_etl_dag.py for tasks to queue
[2026-04-28T03:37:20.123+0000] {logging_mixin.py:188} INFO - [2026-04-28T03:37:20.123+0000] {dagbag.py:538} INFO - Filling up the DagBag from /opt/airflow/dags/daily_revenue_etl_dag.py
[2026-04-28T03:37:20.141+0000] {processor.py:840} INFO - DAG(s) 'daily_revenue_etl_dag' retrieved from /opt/airflow/dags/daily_revenue_etl_dag.py
[2026-04-28T03:37:20.162+0000] {logging_mixin.py:188} INFO - [2026-04-28T03:37:20.162+0000] {dag.py:3036} INFO - Sync 1 DAGs
[2026-04-28T03:37:20.180+0000] {logging_mixin.py:188} INFO - [2026-04-28T03:37:20.180+0000] {dag.py:3823} INFO - Setting next_dagrun for daily_revenue_etl_dag to 2026-04-28 00:00:00+00:00, run_after=2026-04-29 00:00:00+00:00
[2026-04-28T03:37:20.196+0000] {processor.py:183} INFO - Processing /opt/airflow/dags/daily_revenue_etl_dag.py took 0.078 seconds
[2026-04-28T03:37:50.392+0000] {processor.py:161} INFO - Started process (PID=368) to work on /opt/airflow/dags/daily_revenue_etl_dag.py
[2026-04-28T03:37:50.393+0000] {processor.py:830} INFO - Processing file /opt/airflow/dags/daily_revenue_etl_dag.py for tasks to queue
[2026-04-28T03:37:50.395+0000] {logging_mixin.py:188} INFO - [2026-04-28T03:37:50.394+0000] {dagbag.py:538} INFO - Filling up the DagBag from /opt/airflow/dags/daily_revenue_etl_dag.py
[2026-04-28T03:37:50.417+0000] {processor.py:840} INFO - DAG(s) 'daily_revenue_etl_dag' retrieved from /opt/airflow/dags/daily_revenue_etl_dag.py
[2026-04-28T03:37:50.439+0000] {logging_mixin.py:188} INFO - [2026-04-28T03:37:50.438+0000] {dag.py:3036} INFO - Sync 1 DAGs
[2026-04-28T03:37:50.455+0000] {logging_mixin.py:188} INFO - [2026-04-28T03:37:50.455+0000] {dag.py:3823} INFO - Setting next_dagrun for daily_revenue_etl_dag to 2026-04-28 00:00:00+00:00, run_after=2026-04-29 00:00:00+00:00
[2026-04-28T03:37:50.470+0000] {processor.py:183} INFO - Processing /opt/airflow/dags/daily_revenue_etl_dag.py took 0.083 seconds
[2026-04-28T03:38:45.856+0000] {processor.py:161} INFO - Started process (PID=373) to work on /opt/airflow/dags/daily_revenue_etl_dag.py
[2026-04-28T03:38:45.857+0000] {processor.py:830} INFO - Processing file /opt/airflow/dags/daily_revenue_etl_dag.py for tasks to queue
[2026-04-28T03:38:45.858+0000] {logging_mixin.py:188} INFO - [2026-04-28T03:38:45.858+0000] {dagbag.py:538} INFO - Filling up the DagBag from /opt/airflow/dags/daily_revenue_etl_dag.py
[2026-04-28T03:38:45.886+0000] {processor.py:840} INFO - DAG(s) 'daily_revenue_etl_dag' retrieved from /opt/airflow/dags/daily_revenue_etl_dag.py
[2026-04-28T03:38:45.913+0000] {logging_mixin.py:188} INFO - [2026-04-28T03:38:45.913+0000] {dag.py:3036} INFO - Sync 1 DAGs
[2026-04-28T03:38:45.935+0000] {logging_mixin.py:188} INFO - [2026-04-28T03:38:45.935+0000] {dag.py:3823} INFO - Setting next_dagrun for daily_revenue_etl_dag to 2026-04-28 00:00:00+00:00, run_after=2026-04-29 00:00:00+00:00
[2026-04-28T03:38:45.953+0000] {processor.py:183} INFO - Processing /opt/airflow/dags/daily_revenue_etl_dag.py took 0.101 seconds
[2026-04-28T03:39:16.056+0000] {processor.py:161} INFO - Started process (PID=378) to work on /opt/airflow/dags/daily_revenue_etl_dag.py
[2026-04-28T03:39:16.057+0000] {processor.py:830} INFO - Processing file /opt/airflow/dags/daily_revenue_etl_dag.py for tasks to queue
[2026-04-28T03:39:16.058+0000] {logging_mixin.py:188} INFO - [2026-04-28T03:39:16.058+0000] {dagbag.py:538} INFO - Filling up the DagBag from /opt/airflow/dags/daily_revenue_etl_dag.py
[2026-04-28T03:39:16.074+0000] {processor.py:840} INFO - DAG(s) 'daily_revenue_etl_dag' retrieved from /opt/airflow/dags/daily_revenue_etl_dag.py
[2026-04-28T03:39:16.098+0000] {logging_mixin.py:188} INFO - [2026-04-28T03:39:16.097+0000] {dag.py:3036} INFO - Sync 1 DAGs
[2026-04-28T03:39:16.116+0000] {logging_mixin.py:188} INFO - [2026-04-28T03:39:16.115+0000] {dag.py:3823} INFO - Setting next_dagrun for daily_revenue_etl_dag to 2026-04-28 00:00:00+00:00, run_after=2026-04-29 00:00:00+00:00
[2026-04-28T03:39:16.133+0000] {processor.py:183} INFO - Processing /opt/airflow/dags/daily_revenue_etl_dag.py took 0.080 seconds
[2026-04-28T03:15:24.830+0000] {processor.py:161} INFO - Started process (PID=383) to work on /opt/airflow/dags/daily_revenue_etl_dag.py
[2026-04-28T03:15:24.832+0000] {processor.py:830} INFO - Processing file /opt/airflow/dags/daily_revenue_etl_dag.py for tasks to queue
[2026-04-28T03:15:24.833+0000] {logging_mixin.py:188} INFO - [2026-04-28T03:15:24.832+0000] {dagbag.py:538} INFO - Filling up the DagBag from /opt/airflow/dags/daily_revenue_etl_dag.py
[2026-04-28T03:15:24.850+0000] {processor.py:840} INFO - DAG(s) 'daily_revenue_etl_dag' retrieved from /opt/airflow/dags/daily_revenue_etl_dag.py
[2026-04-28T03:15:24.873+0000] {logging_mixin.py:188} INFO - [2026-04-28T03:15:24.873+0000] {dag.py:3036} INFO - Sync 1 DAGs
[2026-04-28T03:15:24.891+0000] {logging_mixin.py:188} INFO - [2026-04-28T03:15:24.891+0000] {dag.py:3823} INFO - Setting next_dagrun for daily_revenue_etl_dag to 2026-04-28 00:00:00+00:00, run_after=2026-04-29 00:00:00+00:00
[2026-04-28T03:15:24.907+0000] {processor.py:183} INFO - Processing /opt/airflow/dags/daily_revenue_etl_dag.py took 0.083 seconds
[2026-04-28T03:39:50.376+0000] {processor.py:161} INFO - Started process (PID=388) to work on /opt/airflow/dags/daily_revenue_etl_dag.py
[2026-04-28T03:39:50.377+0000] {processor.py:830} INFO - Processing file /opt/airflow/dags/daily_revenue_etl_dag.py for tasks to queue
[2026-04-28T03:39:50.378+0000] {logging_mixin.py:188} INFO - [2026-04-28T03:39:50.378+0000] {dagbag.py:538} INFO - Filling up the DagBag from /opt/airflow/dags/daily_revenue_etl_dag.py
[2026-04-28T03:39:50.394+0000] {processor.py:840} INFO - DAG(s) 'daily_revenue_etl_dag' retrieved from /opt/airflow/dags/daily_revenue_etl_dag.py
[2026-04-28T03:39:50.418+0000] {logging_mixin.py:188} INFO - [2026-04-28T03:39:50.418+0000] {dag.py:3036} INFO - Sync 1 DAGs
[2026-04-28T03:39:50.437+0000] {logging_mixin.py:188} INFO - [2026-04-28T03:39:50.437+0000] {dag.py:3823} INFO - Setting next_dagrun for daily_revenue_etl_dag to 2026-04-28 00:00:00+00:00, run_after=2026-04-29 00:00:00+00:00
[2026-04-28T03:39:50.455+0000] {processor.py:183} INFO - Processing /opt/airflow/dags/daily_revenue_etl_dag.py took 0.082 seconds
[2026-04-28T03:40:20.690+0000] {processor.py:161} INFO - Started process (PID=393) to work on /opt/airflow/dags/daily_revenue_etl_dag.py
[2026-04-28T03:40:20.691+0000] {processor.py:830} INFO - Processing file /opt/airflow/dags/daily_revenue_etl_dag.py for tasks to queue
[2026-04-28T03:40:20.692+0000] {logging_mixin.py:188} INFO - [2026-04-28T03:40:20.692+0000] {dagbag.py:538} INFO - Filling up the DagBag from /opt/airflow/dags/daily_revenue_etl_dag.py
[2026-04-28T03:40:20.714+0000] {processor.py:840} INFO - DAG(s) 'daily_revenue_etl_dag' retrieved from /opt/airflow/dags/daily_revenue_etl_dag.py
[2026-04-28T03:15:59.216+0000] {logging_mixin.py:188} INFO - [2026-04-28T03:15:59.215+0000] {dag.py:3036} INFO - Sync 1 DAGs
[2026-04-28T03:15:59.250+0000] {logging_mixin.py:188} INFO - [2026-04-28T03:15:59.249+0000] {dag.py:3823} INFO - Setting next_dagrun for daily_revenue_etl_dag to 2026-04-28 00:00:00+00:00, run_after=2026-04-29 00:00:00+00:00
[2026-04-28T03:15:59.278+0000] {processor.py:183} INFO - Processing /opt/airflow/dags/daily_revenue_etl_dag.py took 0.130 seconds
[2026-04-28T03:40:45.894+0000] {processor.py:161} INFO - Started process (PID=398) to work on /opt/airflow/dags/daily_revenue_etl_dag.py
[2026-04-28T03:40:45.896+0000] {processor.py:830} INFO - Processing file /opt/airflow/dags/daily_revenue_etl_dag.py for tasks to queue
[2026-04-28T03:40:45.897+0000] {logging_mixin.py:188} INFO - [2026-04-28T03:40:45.896+0000] {dagbag.py:538} INFO - Filling up the DagBag from /opt/airflow/dags/daily_revenue_etl_dag.py
[2026-04-28T03:40:45.916+0000] {processor.py:840} INFO - DAG(s) 'daily_revenue_etl_dag' retrieved from /opt/airflow/dags/daily_revenue_etl_dag.py
[2026-04-28T03:40:45.938+0000] {logging_mixin.py:188} INFO - [2026-04-28T03:40:45.938+0000] {dag.py:3036} INFO - Sync 1 DAGs
[2026-04-28T03:40:45.957+0000] {logging_mixin.py:188} INFO - [2026-04-28T03:40:45.957+0000] {dag.py:3823} INFO - Setting next_dagrun for daily_revenue_etl_dag to 2026-04-28 00:00:00+00:00, run_after=2026-04-29 00:00:00+00:00
[2026-04-28T03:40:45.976+0000] {processor.py:183} INFO - Processing /opt/airflow/dags/daily_revenue_etl_dag.py took 0.086 seconds
[2026-04-28T03:41:16.079+0000] {processor.py:161} INFO - Started process (PID=403) to work on /opt/airflow/dags/daily_revenue_etl_dag.py
[2026-04-28T03:41:16.081+0000] {processor.py:830} INFO - Processing file /opt/airflow/dags/daily_revenue_etl_dag.py for tasks to queue
[2026-04-28T03:41:16.082+0000] {logging_mixin.py:188} INFO - [2026-04-28T03:41:16.081+0000] {dagbag.py:538} INFO - Filling up the DagBag from /opt/airflow/dags/daily_revenue_etl_dag.py
[2026-04-28T03:16:54.596+0000] {processor.py:840} INFO - DAG(s) 'daily_revenue_etl_dag' retrieved from /opt/airflow/dags/daily_revenue_etl_dag.py
[2026-04-28T03:16:54.631+0000] {logging_mixin.py:188} INFO - [2026-04-28T03:16:54.631+0000] {dag.py:3036} INFO - Sync 1 DAGs
[2026-04-28T03:16:54.653+0000] {logging_mixin.py:188} INFO - [2026-04-28T03:16:54.653+0000] {dag.py:3823} INFO - Setting next_dagrun for daily_revenue_etl_dag to 2026-04-28 00:00:00+00:00, run_after=2026-04-29 00:00:00+00:00
[2026-04-28T03:16:54.676+0000] {processor.py:183} INFO - Processing /opt/airflow/dags/daily_revenue_etl_dag.py took 0.105 seconds
[2026-04-28T03:17:24.824+0000] {processor.py:161} INFO - Started process (PID=408) to work on /opt/airflow/dags/daily_revenue_etl_dag.py
[2026-04-28T03:17:24.825+0000] {processor.py:830} INFO - Processing file /opt/airflow/dags/daily_revenue_etl_dag.py for tasks to queue
[2026-04-28T03:17:24.826+0000] {logging_mixin.py:188} INFO - [2026-04-28T03:17:24.825+0000] {dagbag.py:538} INFO - Filling up the DagBag from /opt/airflow/dags/daily_revenue_etl_dag.py
[2026-04-28T03:17:24.842+0000] {processor.py:840} INFO - DAG(s) 'daily_revenue_etl_dag' retrieved from /opt/airflow/dags/daily_revenue_etl_dag.py
[2026-04-28T03:17:24.864+0000] {logging_mixin.py:188} INFO - [2026-04-28T03:17:24.864+0000] {dag.py:3036} INFO - Sync 1 DAGs
[2026-04-28T03:17:24.883+0000] {logging_mixin.py:188} INFO - [2026-04-28T03:17:24.882+0000] {dag.py:3823} INFO - Setting next_dagrun for daily_revenue_etl_dag to 2026-04-28 00:00:00+00:00, run_after=2026-04-29 00:00:00+00:00
[2026-04-28T03:17:24.900+0000] {processor.py:183} INFO - Processing /opt/airflow/dags/daily_revenue_etl_dag.py took 0.079 seconds
[2026-04-28T03:42:15.625+0000] {processor.py:161} INFO - Started process (PID=413) to work on /opt/airflow/dags/daily_revenue_etl_dag.py
[2026-04-28T03:42:15.626+0000] {processor.py:830} INFO - Processing file /opt/airflow/dags/daily_revenue_etl_dag.py for tasks to queue
[2026-04-28T03:42:15.627+0000] {logging_mixin.py:188} INFO - [2026-04-28T03:42:15.627+0000] {dagbag.py:538} INFO - Filling up the DagBag from /opt/airflow/dags/daily_revenue_etl_dag.py
[2026-04-28T03:42:15.644+0000] {processor.py:840} INFO - DAG(s) 'daily_revenue_etl_dag' retrieved from /opt/airflow/dags/daily_revenue_etl_dag.py
[2026-04-28T03:42:15.665+0000] {logging_mixin.py:188} INFO - [2026-04-28T03:42:15.665+0000] {dag.py:3036} INFO - Sync 1 DAGs
[2026-04-28T03:42:15.682+0000] {logging_mixin.py:188} INFO - [2026-04-28T03:42:15.682+0000] {dag.py:3823} INFO - Setting next_dagrun for daily_revenue_etl_dag to 2026-04-28 00:00:00+00:00, run_after=2026-04-29 00:00:00+00:00
[2026-04-28T03:42:15.699+0000] {processor.py:183} INFO - Processing /opt/airflow/dags/daily_revenue_etl_dag.py took 0.077 seconds
[2026-04-28T03:42:45.830+0000] {processor.py:161} INFO - Started process (PID=418) to work on /opt/airflow/dags/daily_revenue_etl_dag.py
[2026-04-28T03:42:45.831+0000] {processor.py:830} INFO - Processing file /opt/airflow/dags/daily_revenue_etl_dag.py for tasks to queue
[2026-04-28T03:42:45.832+0000] {logging_mixin.py:188} INFO - [2026-04-28T03:42:45.831+0000] {dagbag.py:538} INFO - Filling up the DagBag from /opt/airflow/dags/daily_revenue_etl_dag.py
[2026-04-28T03:42:45.854+0000] {processor.py:840} INFO - DAG(s) 'daily_revenue_etl_dag' retrieved from /opt/airflow/dags/daily_revenue_etl_dag.py
[2026-04-28T03:42:45.880+0000] {logging_mixin.py:188} INFO - [2026-04-28T03:42:45.880+0000] {dag.py:3036} INFO - Sync 1 DAGs
[2026-04-28T03:42:45.901+0000] {logging_mixin.py:188} INFO - [2026-04-28T03:42:45.901+0000] {dag.py:3823} INFO - Setting next_dagrun for daily_revenue_etl_dag to 2026-04-28 00:00:00+00:00, run_after=2026-04-29 00:00:00+00:00
[2026-04-28T03:42:45.921+0000] {processor.py:183} INFO - Processing /opt/airflow/dags/daily_revenue_etl_dag.py took 0.095 seconds
[2026-04-28T03:43:16.084+0000] {processor.py:161} INFO - Started process (PID=423) to work on /opt/airflow/dags/daily_revenue_etl_dag.py
[2026-04-28T03:43:16.085+0000] {processor.py:830} INFO - Processing file /opt/airflow/dags/daily_revenue_etl_dag.py for tasks to queue
[2026-04-28T03:43:16.086+0000] {logging_mixin.py:188} INFO - [2026-04-28T03:43:16.086+0000] {dagbag.py:538} INFO - Filling up the DagBag from /opt/airflow/dags/daily_revenue_etl_dag.py
[2026-04-28T03:18:54.603+0000] {processor.py:840} INFO - DAG(s) 'daily_revenue_etl_dag' retrieved from /opt/airflow/dags/daily_revenue_etl_dag.py
[2026-04-28T03:18:54.625+0000] {logging_mixin.py:188} INFO - [2026-04-28T03:18:54.625+0000] {dag.py:3036} INFO - Sync 1 DAGs
[2026-04-28T03:18:54.651+0000] {logging_mixin.py:188} INFO - [2026-04-28T03:18:54.650+0000] {dag.py:3823} INFO - Setting next_dagrun for daily_revenue_etl_dag to 2026-04-28 00:00:00+00:00, run_after=2026-04-29 00:00:00+00:00
[2026-04-28T03:18:54.667+0000] {processor.py:183} INFO - Processing /opt/airflow/dags/daily_revenue_etl_dag.py took 0.087 seconds
[2026-04-28T03:19:24.809+0000] {processor.py:161} INFO - Started process (PID=430) to work on /opt/airflow/dags/daily_revenue_etl_dag.py
[2026-04-28T03:19:24.810+0000] {processor.py:830} INFO - Processing file /opt/airflow/dags/daily_revenue_etl_dag.py for tasks to queue
[2026-04-28T03:19:24.811+0000] {logging_mixin.py:188} INFO - [2026-04-28T03:19:24.811+0000] {dagbag.py:538} INFO - Filling up the DagBag from /opt/airflow/dags/daily_revenue_etl_dag.py
[2026-04-28T03:19:24.829+0000] {processor.py:840} INFO - DAG(s) 'daily_revenue_etl_dag' retrieved from /opt/airflow/dags/daily_revenue_etl_dag.py
[2026-04-28T03:19:24.851+0000] {logging_mixin.py:188} INFO - [2026-04-28T03:19:24.850+0000] {dag.py:3036} INFO - Sync 1 DAGs
[2026-04-28T03:19:24.868+0000] {logging_mixin.py:188} INFO - [2026-04-28T03:19:24.868+0000] {dag.py:3823} INFO - Setting next_dagrun for daily_revenue_etl_dag to 2026-04-28 00:00:00+00:00, run_after=2026-04-29 00:00:00+00:00
[2026-04-28T03:19:24.883+0000] {processor.py:183} INFO - Processing /opt/airflow/dags/daily_revenue_etl_dag.py took 0.077 seconds
[2026-04-28T03:19:55.059+0000] {processor.py:161} INFO - Started process (PID=435) to work on /opt/airflow/dags/daily_revenue_etl_dag.py
[2026-04-28T03:19:55.060+0000] {processor.py:830} INFO - Processing file /opt/airflow/dags/daily_revenue_etl_dag.py for tasks to queue
[2026-04-28T03:19:55.061+0000] {logging_mixin.py:188} INFO - [2026-04-28T03:19:55.061+0000] {dagbag.py:538} INFO - Filling up the DagBag from /opt/airflow/dags/daily_revenue_etl_dag.py
[2026-04-28T03:19:55.082+0000] {processor.py:840} INFO - DAG(s) 'daily_revenue_etl_dag' retrieved from /opt/airflow/dags/daily_revenue_etl_dag.py
[2026-04-28T03:19:55.110+0000] {logging_mixin.py:188} INFO - [2026-04-28T03:19:55.110+0000] {dag.py:3036} INFO - Sync 1 DAGs
[2026-04-28T03:19:55.137+0000] {logging_mixin.py:188} INFO - [2026-04-28T03:19:55.137+0000] {dag.py:3823} INFO - Setting next_dagrun for daily_revenue_etl_dag to 2026-04-28 00:00:00+00:00, run_after=2026-04-29 00:00:00+00:00
[2026-04-28T03:19:55.156+0000] {processor.py:183} INFO - Processing /opt/airflow/dags/daily_revenue_etl_dag.py took 0.099 seconds
[2026-04-28T03:20:25.263+0000] {processor.py:161} INFO - Started process (PID=440) to work on /opt/airflow/dags/daily_revenue_etl_dag.py
[2026-04-28T03:20:25.264+0000] {processor.py:830} INFO - Processing file /opt/airflow/dags/daily_revenue_etl_dag.py for tasks to queue
[2026-04-28T03:20:25.264+0000] {logging_mixin.py:188} INFO - [2026-04-28T03:20:25.264+0000] {dagbag.py:538} INFO - Filling up the DagBag from /opt/airflow/dags/daily_revenue_etl_dag.py
[2026-04-28T03:20:25.282+0000] {processor.py:840} INFO - DAG(s) 'daily_revenue_etl_dag' retrieved from /opt/airflow/dags/daily_revenue_etl_dag.py
[2026-04-28T03:20:25.304+0000] {logging_mixin.py:188} INFO - [2026-04-28T03:20:25.304+0000] {dag.py:3036} INFO - Sync 1 DAGs
[2026-04-28T03:20:25.324+0000] {logging_mixin.py:188} INFO - [2026-04-28T03:20:25.324+0000] {dag.py:3823} INFO - Setting next_dagrun for daily_revenue_etl_dag to 2026-04-28 00:00:00+00:00, run_after=2026-04-29 00:00:00+00:00
[2026-04-28T03:20:25.345+0000] {processor.py:183} INFO - Processing /opt/airflow/dags/daily_revenue_etl_dag.py took 0.086 seconds
[2026-04-28T03:45:05.977+0000] {processor.py:161} INFO - Started process (PID=445) to work on /opt/airflow/dags/daily_revenue_etl_dag.py
[2026-04-28T03:45:05.979+0000] {processor.py:830} INFO - Processing file /opt/airflow/dags/daily_revenue_etl_dag.py for tasks to queue
[2026-04-28T03:45:05.980+0000] {logging_mixin.py:188} INFO - [2026-04-28T03:45:05.979+0000] {dagbag.py:538} INFO - Filling up the DagBag from /opt/airflow/dags/daily_revenue_etl_dag.py
[2026-04-28T03:45:05.999+0000] {processor.py:840} INFO - DAG(s) 'daily_revenue_etl_dag' retrieved from /opt/airflow/dags/daily_revenue_etl_dag.py
[2026-04-28T03:45:06.022+0000] {logging_mixin.py:188} INFO - [2026-04-28T03:45:06.021+0000] {dag.py:3036} INFO - Sync 1 DAGs
[2026-04-28T03:45:06.041+0000] {logging_mixin.py:188} INFO - [2026-04-28T03:45:06.041+0000] {dag.py:3823} INFO - Setting next_dagrun for daily_revenue_etl_dag to 2026-04-28 00:00:00+00:00, run_after=2026-04-29 00:00:00+00:00
[2026-04-28T03:45:06.059+0000] {processor.py:183} INFO - Processing /opt/airflow/dags/daily_revenue_etl_dag.py took 0.089 seconds
[2026-04-28T03:45:36.195+0000] {processor.py:161} INFO - Started process (PID=450) to work on /opt/airflow/dags/daily_revenue_etl_dag.py
[2026-04-28T03:45:36.196+0000] {processor.py:830} INFO - Processing file /opt/airflow/dags/daily_revenue_etl_dag.py for tasks to queue
[2026-04-28T03:45:36.197+0000] {logging_mixin.py:188} INFO - [2026-04-28T03:45:36.197+0000] {dagbag.py:538} INFO - Filling up the DagBag from /opt/airflow/dags/daily_revenue_etl_dag.py
[2026-04-28T03:45:36.216+0000] {processor.py:840} INFO - DAG(s) 'daily_revenue_etl_dag' retrieved from /opt/airflow/dags/daily_revenue_etl_dag.py
[2026-04-28T03:45:36.240+0000] {logging_mixin.py:188} INFO - [2026-04-28T03:45:36.240+0000] {dag.py:3036} INFO - Sync 1 DAGs
[2026-04-28T03:45:36.259+0000] {logging_mixin.py:188} INFO - [2026-04-28T03:45:36.259+0000] {dag.py:3823} INFO - Setting next_dagrun for daily_revenue_etl_dag to 2026-04-28 00:00:00+00:00, run_after=2026-04-29 00:00:00+00:00
[2026-04-28T03:21:14.769+0000] {processor.py:183} INFO - Processing /opt/airflow/dags/daily_revenue_etl_dag.py took 0.085 seconds
[2026-04-28T03:21:19.788+0000] {processor.py:161} INFO - Started process (PID=455) to work on /opt/airflow/dags/daily_revenue_etl_dag.py
[2026-04-28T03:21:19.789+0000] {processor.py:830} INFO - Processing file /opt/airflow/dags/daily_revenue_etl_dag.py for tasks to queue
[2026-04-28T03:21:19.790+0000] {logging_mixin.py:188} INFO - [2026-04-28T03:21:19.789+0000] {dagbag.py:538} INFO - Filling up the DagBag from /opt/airflow/dags/daily_revenue_etl_dag.py
[2026-04-28T03:21:19.805+0000] {processor.py:840} INFO - DAG(s) 'daily_revenue_etl_dag' retrieved from /opt/airflow/dags/daily_revenue_etl_dag.py
[2026-04-28T03:21:19.827+0000] {logging_mixin.py:188} INFO - [2026-04-28T03:21:19.827+0000] {dag.py:3036} INFO - Sync 1 DAGs
[2026-04-28T03:21:19.845+0000] {logging_mixin.py:188} INFO - [2026-04-28T03:21:19.845+0000] {dag.py:3823} INFO - Setting next_dagrun for daily_revenue_etl_dag to 2026-04-28 00:00:00+00:00, run_after=2026-04-29 00:00:00+00:00
[2026-04-28T03:21:19.949+0000] {processor.py:183} INFO - Processing /opt/airflow/dags/daily_revenue_etl_dag.py took 0.165 seconds
[2026-04-28T03:21:50.018+0000] {processor.py:161} INFO - Started process (PID=460) to work on /opt/airflow/dags/daily_revenue_etl_dag.py
[2026-04-28T03:21:50.019+0000] {processor.py:830} INFO - Processing file /opt/airflow/dags/daily_revenue_etl_dag.py for tasks to queue
[2026-04-28T03:21:50.020+0000] {logging_mixin.py:188} INFO - [2026-04-28T03:21:50.020+0000] {dagbag.py:538} INFO - Filling up the DagBag from /opt/airflow/dags/daily_revenue_etl_dag.py
[2026-04-28T03:21:50.037+0000] {processor.py:840} INFO - DAG(s) 'daily_revenue_etl_dag' retrieved from /opt/airflow/dags/daily_revenue_etl_dag.py
[2026-04-28T03:21:50.063+0000] {logging_mixin.py:188} INFO - [2026-04-28T03:21:50.063+0000] {dag.py:3036} INFO - Sync 1 DAGs
[2026-04-28T03:21:50.084+0000] {logging_mixin.py:188} INFO - [2026-04-28T03:21:50.084+0000] {dag.py:3823} INFO - Setting next_dagrun for daily_revenue_etl_dag to 2026-04-28 00:00:00+00:00, run_after=2026-04-29 00:00:00+00:00
[2026-04-28T03:21:50.100+0000] {processor.py:183} INFO - Processing /opt/airflow/dags/daily_revenue_etl_dag.py took 0.086 seconds
[2026-04-28T03:22:20.219+0000] {processor.py:161} INFO - Started process (PID=465) to work on /opt/airflow/dags/daily_revenue_etl_dag.py
[2026-04-28T03:22:20.220+0000] {processor.py:830} INFO - Processing file /opt/airflow/dags/daily_revenue_etl_dag.py for tasks to queue
[2026-04-28T03:22:20.222+0000] {logging_mixin.py:188} INFO - [2026-04-28T03:22:20.221+0000] {dagbag.py:538} INFO - Filling up the DagBag from /opt/airflow/dags/daily_revenue_etl_dag.py
[2026-04-28T03:22:20.239+0000] {processor.py:840} INFO - DAG(s) 'daily_revenue_etl_dag' retrieved from /opt/airflow/dags/daily_revenue_etl_dag.py
[2026-04-28T03:22:20.259+0000] {logging_mixin.py:188} INFO - [2026-04-28T03:22:20.259+0000] {dag.py:3036} INFO - Sync 1 DAGs
[2026-04-28T03:22:20.278+0000] {logging_mixin.py:188} INFO - [2026-04-28T03:22:20.277+0000] {dag.py:3823} INFO - Setting next_dagrun for daily_revenue_etl_dag to 2026-04-28 00:00:00+00:00, run_after=2026-04-29 00:00:00+00:00
[2026-04-28T03:22:20.296+0000] {processor.py:183} INFO - Processing /opt/airflow/dags/daily_revenue_etl_dag.py took 0.081 seconds
[2026-04-28T03:22:50.449+0000] {processor.py:161} INFO - Started process (PID=470) to work on /opt/airflow/dags/daily_revenue_etl_dag.py
[2026-04-28T03:22:50.450+0000] {processor.py:830} INFO - Processing file /opt/airflow/dags/daily_revenue_etl_dag.py for tasks to queue
[2026-04-28T03:22:50.451+0000] {logging_mixin.py:188} INFO - [2026-04-28T03:22:50.450+0000] {dagbag.py:538} INFO - Filling up the DagBag from /opt/airflow/dags/daily_revenue_etl_dag.py
[2026-04-28T03:22:50.469+0000] {processor.py:840} INFO - DAG(s) 'daily_revenue_etl_dag' retrieved from /opt/airflow/dags/daily_revenue_etl_dag.py
[2026-04-28T03:22:50.494+0000] {logging_mixin.py:188} INFO - [2026-04-28T03:22:50.494+0000] {dag.py:3036} INFO - Sync 1 DAGs
[2026-04-28T03:22:50.516+0000] {logging_mixin.py:188} INFO - [2026-04-28T03:22:50.516+0000] {dag.py:3823} INFO - Setting next_dagrun for daily_revenue_etl_dag to 2026-04-28 00:00:00+00:00, run_after=2026-04-29 00:00:00+00:00
[2026-04-28T03:22:50.534+0000] {processor.py:183} INFO - Processing /opt/airflow/dags/daily_revenue_etl_dag.py took 0.088 seconds
[2026-04-28T03:47:16.019+0000] {processor.py:161} INFO - Started process (PID=475) to work on /opt/airflow/dags/daily_revenue_etl_dag.py
[2026-04-28T03:47:16.020+0000] {processor.py:830} INFO - Processing file /opt/airflow/dags/daily_revenue_etl_dag.py for tasks to queue
[2026-04-28T03:47:16.020+0000] {logging_mixin.py:188} INFO - [2026-04-28T03:47:16.020+0000] {dagbag.py:538} INFO - Filling up the DagBag from /opt/airflow/dags/daily_revenue_etl_dag.py
[2026-04-28T03:47:16.038+0000] {processor.py:840} INFO - DAG(s) 'daily_revenue_etl_dag' retrieved from /opt/airflow/dags/daily_revenue_etl_dag.py
[2026-04-28T03:47:16.066+0000] {logging_mixin.py:188} INFO - [2026-04-28T03:47:16.066+0000] {dag.py:3036} INFO - Sync 1 DAGs
[2026-04-28T03:47:16.090+0000] {logging_mixin.py:188} INFO - [2026-04-28T03:47:16.090+0000] {dag.py:3823} INFO - Setting next_dagrun for daily_revenue_etl_dag to 2026-04-28 00:00:00+00:00, run_after=2026-04-29 00:00:00+00:00
[2026-04-28T03:47:16.106+0000] {processor.py:183} INFO - Processing /opt/airflow/dags/daily_revenue_etl_dag.py took 0.091 seconds
[2026-04-28T03:47:46.310+0000] {processor.py:161} INFO - Started process (PID=480) to work on /opt/airflow/dags/daily_revenue_etl_dag.py
[2026-04-28T03:47:46.311+0000] {processor.py:830} INFO - Processing file /opt/airflow/dags/daily_revenue_etl_dag.py for tasks to queue
[2026-04-28T03:47:46.312+0000] {logging_mixin.py:188} INFO - [2026-04-28T03:47:46.311+0000] {dagbag.py:538} INFO - Filling up the DagBag from /opt/airflow/dags/daily_revenue_etl_dag.py
[2026-04-28T03:47:46.330+0000] {processor.py:840} INFO - DAG(s) 'daily_revenue_etl_dag' retrieved from /opt/airflow/dags/daily_revenue_etl_dag.py
[2026-04-28T03:47:46.358+0000] {logging_mixin.py:188} INFO - [2026-04-28T03:47:46.357+0000] {dag.py:3036} INFO - Sync 1 DAGs
[2026-04-28T03:47:46.379+0000] {logging_mixin.py:188} INFO - [2026-04-28T03:47:46.378+0000] {dag.py:3823} INFO - Setting next_dagrun for daily_revenue_etl_dag to 2026-04-28 00:00:00+00:00, run_after=2026-04-29 00:00:00+00:00
[2026-04-28T03:47:46.396+0000] {processor.py:183} INFO - Processing /opt/airflow/dags/daily_revenue_etl_dag.py took 0.089 seconds
[2026-04-28T03:48:21.568+0000] {processor.py:161} INFO - Started process (PID=485) to work on /opt/airflow/dags/daily_revenue_etl_dag.py
[2026-04-28T03:48:21.570+0000] {processor.py:830} INFO - Processing file /opt/airflow/dags/daily_revenue_etl_dag.py for tasks to queue
[2026-04-28T03:48:21.571+0000] {logging_mixin.py:188} INFO - [2026-04-28T03:48:21.571+0000] {dagbag.py:538} INFO - Filling up the DagBag from /opt/airflow/dags/daily_revenue_etl_dag.py
[2026-04-28T03:24:00.069+0000] {processor.py:840} INFO - DAG(s) 'daily_revenue_etl_dag' retrieved from /opt/airflow/dags/daily_revenue_etl_dag.py
[2026-04-28T03:24:00.099+0000] {logging_mixin.py:188} INFO - [2026-04-28T03:24:00.099+0000] {dag.py:3036} INFO - Sync 1 DAGs
[2026-04-28T03:24:00.125+0000] {logging_mixin.py:188} INFO - [2026-04-28T03:24:00.125+0000] {dag.py:3823} INFO - Setting next_dagrun for daily_revenue_etl_dag to 2026-04-28 00:00:00+00:00, run_after=2026-04-29 00:00:00+00:00
[2026-04-28T03:24:00.146+0000] {processor.py:183} INFO - Processing /opt/airflow/dags/daily_revenue_etl_dag.py took 0.111 seconds
[2026-04-28T08:03:29.617+0000] {processor.py:161} INFO - Started process (PID=490) to work on /opt/airflow/dags/daily_revenue_etl_dag.py
[2026-04-28T08:03:29.638+0000] {processor.py:830} INFO - Processing file /opt/airflow/dags/daily_revenue_etl_dag.py for tasks to queue
[2026-04-28T08:03:29.683+0000] {logging_mixin.py:188} INFO - [2026-04-28T08:03:29.681+0000] {dagbag.py:538} INFO - Filling up the DagBag from /opt/airflow/dags/daily_revenue_etl_dag.py
[2026-04-28T08:03:29.873+0000] {processor.py:840} INFO - DAG(s) 'daily_revenue_etl_dag' retrieved from /opt/airflow/dags/daily_revenue_etl_dag.py
[2026-04-28T08:03:30.073+0000] {logging_mixin.py:188} INFO - [2026-04-28T08:03:30.064+0000] {dag.py:3036} INFO - Sync 1 DAGs
[2026-04-28T08:03:30.297+0000] {logging_mixin.py:188} INFO - [2026-04-28T08:03:30.297+0000] {dag.py:3823} INFO - Setting next_dagrun for daily_revenue_etl_dag to 2026-04-28 00:00:00+00:00, run_after=2026-04-29 00:00:00+00:00
[2026-04-28T08:03:30.587+0000] {processor.py:183} INFO - Processing /opt/airflow/dags/daily_revenue_etl_dag.py took 1.026 seconds
[2026-04-28T08:28:20.187+0000] {processor.py:161} INFO - Started process (PID=497) to work on /opt/airflow/dags/daily_revenue_etl_dag.py
[2026-04-28T08:28:20.188+0000] {processor.py:830} INFO - Processing file /opt/airflow/dags/daily_revenue_etl_dag.py for tasks to queue
[2026-04-28T08:28:20.189+0000] {logging_mixin.py:188} INFO - [2026-04-28T08:28:20.189+0000] {dagbag.py:538} INFO - Filling up the DagBag from /opt/airflow/dags/daily_revenue_etl_dag.py
[2026-04-28T08:28:20.215+0000] {processor.py:840} INFO - DAG(s) 'daily_revenue_etl_dag' retrieved from /opt/airflow/dags/daily_revenue_etl_dag.py
[2026-04-28T08:28:20.239+0000] {logging_mixin.py:188} INFO - [2026-04-28T08:28:20.239+0000] {dag.py:3036} INFO - Sync 1 DAGs
[2026-04-28T08:28:20.259+0000] {logging_mixin.py:188} INFO - [2026-04-28T08:28:20.259+0000] {dag.py:3823} INFO - Setting next_dagrun for daily_revenue_etl_dag to 2026-04-28 00:00:00+00:00, run_after=2026-04-29 00:00:00+00:00
[2026-04-28T08:28:20.275+0000] {processor.py:183} INFO - Processing /opt/airflow/dags/daily_revenue_etl_dag.py took 0.092 seconds
