[2026-03-24T07:24:36.842+0000] {taskinstance.py:1956} INFO - Dependencies all met for dep_context=non-requeueable deps ti=<TaskInstance: Financial_risk_assessment_to_dw.run_etl manual__2026-03-24T07:21:22.126726+00:00 [queued]>
[2026-03-24T07:24:36.856+0000] {taskinstance.py:1956} INFO - Dependencies all met for dep_context=requeueable deps ti=<TaskInstance: Financial_risk_assessment_to_dw.run_etl manual__2026-03-24T07:21:22.126726+00:00 [queued]>
[2026-03-24T07:24:36.857+0000] {taskinstance.py:2170} INFO - Starting attempt 3 of 5
[2026-03-24T07:24:36.879+0000] {taskinstance.py:2191} INFO - Executing <Task(BashOperator): run_etl> on 2026-03-24 07:21:22.126726+00:00
[2026-03-24T07:24:36.890+0000] {standard_task_runner.py:60} INFO - Started process 1815 to run task
[2026-03-24T07:24:36.897+0000] {standard_task_runner.py:87} INFO - Running: ['airflow', 'tasks', 'run', 'Financial_risk_assessment_to_dw', 'run_etl', 'manual__2026-03-24T07:21:22.126726+00:00', '--job-id', '22', '--raw', '--subdir', 'DAGS_FOLDER/etl_dags.py', '--cfg-path', '/tmp/tmpw9ml7qwk']
[2026-03-24T07:24:36.900+0000] {standard_task_runner.py:88} INFO - Job 22: Subtask run_etl
[2026-03-24T07:24:37.002+0000] {task_command.py:423} INFO - Running <TaskInstance: Financial_risk_assessment_to_dw.run_etl manual__2026-03-24T07:21:22.126726+00:00 [running]> on host 4da2f79085cf
[2026-03-24T07:24:37.154+0000] {taskinstance.py:2480} INFO - Exporting env vars: AIRFLOW_CTX_DAG_OWNER='hieubtt' AIRFLOW_CTX_DAG_ID='Financial_risk_assessment_to_dw' AIRFLOW_CTX_TASK_ID='run_etl' AIRFLOW_CTX_EXECUTION_DATE='2026-03-24T07:21:22.126726+00:00' AIRFLOW_CTX_TRY_NUMBER='3' AIRFLOW_CTX_DAG_RUN_ID='manual__2026-03-24T07:21:22.126726+00:00'
[2026-03-24T07:24:37.156+0000] {subprocess.py:63} INFO - Tmp dir root location: /tmp
[2026-03-24T07:24:37.157+0000] {subprocess.py:75} INFO - Running command: ['/usr/bin/bash', '-c', 'python /opt/airflow/scripts/extract_fin_risk_csv.py']
[2026-03-24T07:24:37.171+0000] {subprocess.py:86} INFO - Output:
[2026-03-24T07:24:45.569+0000] {subprocess.py:93} INFO - Đã chạy được lần 1 1000 dòng dữ liệu và hiện đang tiếp tục ...
[2026-03-24T07:24:45.570+0000] {subprocess.py:93} INFO - Đã chạy được lần 2 1000 dòng dữ liệu và hiện đang tiếp tục ...
[2026-03-24T07:24:45.571+0000] {subprocess.py:93} INFO - Đã chạy được lần 3 1000 dòng dữ liệu và hiện đang tiếp tục ...
[2026-03-24T07:24:45.571+0000] {subprocess.py:93} INFO - Đã chạy được lần 4 1000 dòng dữ liệu và hiện đang tiếp tục ...
[2026-03-24T07:24:45.571+0000] {subprocess.py:93} INFO - Đã chạy được lần 5 1000 dòng dữ liệu và hiện đang tiếp tục ...
[2026-03-24T07:24:45.572+0000] {subprocess.py:93} INFO - Đã chạy được lần 6 1000 dòng dữ liệu và hiện đang tiếp tục ...
[2026-03-24T07:24:45.572+0000] {subprocess.py:93} INFO - Đã chạy được lần 7 1000 dòng dữ liệu và hiện đang tiếp tục ...
[2026-03-24T07:24:45.572+0000] {subprocess.py:93} INFO - Đã chạy được lần 8 1000 dòng dữ liệu và hiện đang tiếp tục ...
[2026-03-24T07:24:45.573+0000] {subprocess.py:93} INFO - Đã chạy được lần 9 1000 dòng dữ liệu và hiện đang tiếp tục ...
[2026-03-24T07:24:45.573+0000] {subprocess.py:93} INFO - Đã chạy được lần 10 1000 dòng dữ liệu và hiện đang tiếp tục ...
[2026-03-24T07:24:45.573+0000] {subprocess.py:93} INFO - Đã chạy được lần 11 1000 dòng dữ liệu và hiện đang tiếp tục ...
[2026-03-24T07:24:45.574+0000] {subprocess.py:93} INFO - Đã chạy được lần 12 1000 dòng dữ liệu và hiện đang tiếp tục ...
[2026-03-24T07:24:45.574+0000] {subprocess.py:93} INFO - Đã chạy được lần 13 1000 dòng dữ liệu và hiện đang tiếp tục ...
[2026-03-24T07:24:45.574+0000] {subprocess.py:93} INFO - Đã chạy được lần 14 1000 dòng dữ liệu và hiện đang tiếp tục ...
[2026-03-24T07:24:45.575+0000] {subprocess.py:93} INFO - Đã chạy được lần 15 1000 dòng dữ liệu và hiện đang tiếp tục ...
[2026-03-24T07:24:45.575+0000] {subprocess.py:93} INFO - ETL PASSED | RUN_ID=RUN_a3d9899c
[2026-03-24T07:24:45.675+0000] {subprocess.py:97} INFO - Command exited with return code 0
[2026-03-24T07:24:45.709+0000] {taskinstance.py:1138} INFO - Marking task as SUCCESS. dag_id=Financial_risk_assessment_to_dw, task_id=run_etl, execution_date=20260324T072122, start_date=20260324T072436, end_date=20260324T072445
[2026-03-24T07:24:45.766+0000] {local_task_job_runner.py:234} INFO - Task exited with return code 0
[2026-03-24T07:24:45.788+0000] {taskinstance.py:3280} INFO - 0 downstream tasks scheduled from follow-on schedule check
