[2026-03-24T06:55:19.448+0000] {taskinstance.py:1956} INFO - Dependencies all met for dep_context=non-requeueable deps ti=<TaskInstance: Financial_risk_assessment_to_dw.run_clean_data manual__2026-03-24T06:55:03.806111+00:00 [queued]>
[2026-03-24T06:55:19.459+0000] {taskinstance.py:1956} INFO - Dependencies all met for dep_context=requeueable deps ti=<TaskInstance: Financial_risk_assessment_to_dw.run_clean_data manual__2026-03-24T06:55:03.806111+00:00 [queued]>
[2026-03-24T06:55:19.461+0000] {taskinstance.py:2170} INFO - Starting attempt 1 of 3
[2026-03-24T06:55:19.475+0000] {taskinstance.py:2191} INFO - Executing <Task(BashOperator): run_clean_data> on 2026-03-24 06:55:03.806111+00:00
[2026-03-24T06:55:19.482+0000] {standard_task_runner.py:60} INFO - Started process 536 to run task
[2026-03-24T06:55:19.487+0000] {standard_task_runner.py:87} INFO - Running: ['airflow', 'tasks', 'run', 'Financial_risk_assessment_to_dw', 'run_clean_data', 'manual__2026-03-24T06:55:03.806111+00:00', '--job-id', '4', '--raw', '--subdir', 'DAGS_FOLDER/etl_dags.py', '--cfg-path', '/tmp/tmp2pjysh8s']
[2026-03-24T06:55:19.490+0000] {standard_task_runner.py:88} INFO - Job 4: Subtask run_clean_data
[2026-03-24T06:55:19.581+0000] {task_command.py:423} INFO - Running <TaskInstance: Financial_risk_assessment_to_dw.run_clean_data manual__2026-03-24T06:55:03.806111+00:00 [running]> on host 657778fdf91f
[2026-03-24T06:55:19.685+0000] {taskinstance.py:2480} INFO - Exporting env vars: AIRFLOW_CTX_DAG_OWNER='hieubtt' AIRFLOW_CTX_DAG_ID='Financial_risk_assessment_to_dw' AIRFLOW_CTX_TASK_ID='run_clean_data' AIRFLOW_CTX_EXECUTION_DATE='2026-03-24T06:55:03.806111+00:00' AIRFLOW_CTX_TRY_NUMBER='1' AIRFLOW_CTX_DAG_RUN_ID='manual__2026-03-24T06:55:03.806111+00:00'
[2026-03-24T06:55:19.687+0000] {subprocess.py:63} INFO - Tmp dir root location: /tmp
[2026-03-24T06:55:19.688+0000] {subprocess.py:75} INFO - Running command: ['/usr/bin/bash', '-c', 'python /opt/airflow/scripts/clean_data_fin.py']
[2026-03-24T06:55:19.703+0000] {subprocess.py:86} INFO - Output:
[2026-03-24T06:55:20.431+0000] {subprocess.py:93} INFO - /opt/airflow/scripts/clean_data_fin.py:32: UserWarning: pandas only supports SQLAlchemy connectable (engine/connection) or database string URI or sqlite3 DBAPI2 connection. Other DBAPI2 objects are not tested. Please consider using SQLAlchemy.
[2026-03-24T06:55:20.432+0000] {subprocess.py:93} INFO -   df_errors = pd.read_sql(SQL_NULL_DATA, conn)
[2026-03-24T06:55:20.432+0000] {subprocess.py:93} INFO - Lỗi: Execution failed on sql '
[2026-03-24T06:55:20.433+0000] {subprocess.py:93} INFO -     select credit_score,loan_amount,id from fin_risk_assessment
[2026-03-24T06:55:20.433+0000] {subprocess.py:93} INFO -     where credit_score IS NULL OR loan_amount IS NULL
[2026-03-24T06:55:20.434+0000] {subprocess.py:93} INFO -     OR credit_score = 'NaN' OR loan_amount = 'NaN'
[2026-03-24T06:55:20.434+0000] {subprocess.py:93} INFO - ': relation "fin_risk_assessment" does not exist
[2026-03-24T06:55:20.435+0000] {subprocess.py:93} INFO - LINE 2:     select credit_score,loan_amount,id from fin_risk_assessm...
[2026-03-24T06:55:20.435+0000] {subprocess.py:93} INFO -                                                     ^
[2026-03-24T06:55:20.435+0000] {subprocess.py:93} INFO - 
[2026-03-24T06:55:20.435+0000] {subprocess.py:93} INFO - ETL FAILED | RUN_ID=RUN_fa1c2586 | ERROR=Execution failed on sql '
[2026-03-24T06:55:20.436+0000] {subprocess.py:93} INFO -     select credit_score,loan_amount,id from fin_risk_assessment
[2026-03-24T06:55:20.436+0000] {subprocess.py:93} INFO -     where credit_score IS NULL OR loan_amount IS NULL
[2026-03-24T06:55:20.436+0000] {subprocess.py:93} INFO -     OR credit_score = 'NaN' OR loan_amount = 'NaN'
[2026-03-24T06:55:20.436+0000] {subprocess.py:93} INFO - ': relation "fin_risk_assessment" does not exist
[2026-03-24T06:55:20.437+0000] {subprocess.py:93} INFO - LINE 2:     select credit_score,loan_amount,id from fin_risk_assessm...
[2026-03-24T06:55:20.437+0000] {subprocess.py:93} INFO -                                                     ^
[2026-03-24T06:55:20.438+0000] {subprocess.py:93} INFO - 
[2026-03-24T06:55:20.550+0000] {subprocess.py:97} INFO - Command exited with return code 0
[2026-03-24T06:55:20.582+0000] {taskinstance.py:1138} INFO - Marking task as SUCCESS. dag_id=Financial_risk_assessment_to_dw, task_id=run_clean_data, execution_date=20260324T065503, start_date=20260324T065519, end_date=20260324T065520
[2026-03-24T06:55:20.633+0000] {local_task_job_runner.py:234} INFO - Task exited with return code 0
[2026-03-24T06:55:20.671+0000] {taskinstance.py:3280} INFO - 1 downstream tasks scheduled from follow-on schedule check
