[2026-04-23T06:37:45.860+0000] {taskinstance.py:1956} INFO - Dependencies all met for dep_context=non-requeueable deps ti=<TaskInstance: daily_revenue_etl_dag.run_daily_revenue_etl scheduled__2026-04-22T00:00:00+00:00 [queued]>
[2026-04-23T06:37:45.873+0000] {taskinstance.py:1956} INFO - Dependencies all met for dep_context=requeueable deps ti=<TaskInstance: daily_revenue_etl_dag.run_daily_revenue_etl scheduled__2026-04-22T00:00:00+00:00 [queued]>
[2026-04-23T06:37:45.874+0000] {taskinstance.py:2170} INFO - Starting attempt 2 of 3
[2026-04-23T06:37:45.893+0000] {taskinstance.py:2191} INFO - Executing <Task(BashOperator): run_daily_revenue_etl> on 2026-04-22 00:00:00+00:00
[2026-04-23T06:37:45.902+0000] {standard_task_runner.py:60} INFO - Started process 222 to run task
[2026-04-23T06:37:45.906+0000] {standard_task_runner.py:87} INFO - Running: ['airflow', 'tasks', 'run', 'daily_revenue_etl_dag', 'run_daily_revenue_etl', 'scheduled__2026-04-22T00:00:00+00:00', '--job-id', '97', '--raw', '--subdir', 'DAGS_FOLDER/daily_revenue_etl_dag.py', '--cfg-path', '/tmp/tmpeuhv4wv8']
[2026-04-23T06:37:45.909+0000] {standard_task_runner.py:88} INFO - Job 97: Subtask run_daily_revenue_etl
[2026-04-23T06:37:46.017+0000] {task_command.py:423} INFO - Running <TaskInstance: daily_revenue_etl_dag.run_daily_revenue_etl scheduled__2026-04-22T00:00:00+00:00 [running]> on host 7b2f29a9447f
[2026-04-23T06:37:46.165+0000] {taskinstance.py:2480} INFO - Exporting env vars: AIRFLOW_CTX_DAG_OWNER='data_engineer_hieubtt' AIRFLOW_CTX_DAG_ID='daily_revenue_etl_dag' AIRFLOW_CTX_TASK_ID='run_daily_revenue_etl' AIRFLOW_CTX_EXECUTION_DATE='2026-04-22T00:00:00+00:00' AIRFLOW_CTX_TRY_NUMBER='2' AIRFLOW_CTX_DAG_RUN_ID='scheduled__2026-04-22T00:00:00+00:00'
[2026-04-23T06:37:46.167+0000] {subprocess.py:63} INFO - Tmp dir root location: /tmp
[2026-04-23T06:37:46.172+0000] {subprocess.py:75} INFO - Running command: ['/usr/bin/bash', '-c', 'python /opt/airflow/scripts/daily_revenue_etl.py']
[2026-04-23T06:37:46.203+0000] {subprocess.py:86} INFO - Output:
[2026-04-23T07:02:07.871+0000] {local_task_job_runner.py:211} ERROR - Heartbeat time limit exceeded!
[2026-04-23T07:02:07.875+0000] {process_utils.py:131} INFO - Sending 15 to group 222. PIDs of all processes in the group: [223, 222]
[2026-04-23T07:02:07.880+0000] {process_utils.py:86} INFO - Sending the signal 15 to group 222
[2026-04-23T07:02:07.881+0000] {taskinstance.py:2450} ERROR - Received SIGTERM. Terminating subprocesses.
[2026-04-23T07:02:07.883+0000] {subprocess.py:104} INFO - Sending SIGTERM signal to process group
[2026-04-23T07:02:07.906+0000] {taskinstance.py:2698} ERROR - Task failed with exception
Traceback (most recent call last):
  File "/home/airflow/.local/lib/python3.8/site-packages/airflow/models/taskinstance.py", line 433, in _execute_task
    result = execute_callable(context=context, **execute_callable_kwargs)
  File "/home/airflow/.local/lib/python3.8/site-packages/airflow/operators/bash.py", line 203, in execute
    result = self.subprocess_hook.run_command(
  File "/home/airflow/.local/lib/python3.8/site-packages/airflow/hooks/subprocess.py", line 91, in run_command
    for raw_line in iter(self.sub_process.stdout.readline, b""):
  File "/home/airflow/.local/lib/python3.8/site-packages/airflow/models/taskinstance.py", line 2452, in signal_handler
    raise AirflowException("Task received SIGTERM signal")
airflow.exceptions.AirflowException: Task received SIGTERM signal
[2026-04-23T07:02:07.916+0000] {taskinstance.py:1138} INFO - Marking task as UP_FOR_RETRY. dag_id=daily_revenue_etl_dag, task_id=run_daily_revenue_etl, execution_date=20260422T000000, start_date=20260423T063745, end_date=20260423T070207
[2026-04-23T07:02:07.942+0000] {standard_task_runner.py:107} ERROR - Failed to execute job 97 for task run_daily_revenue_etl (Task received SIGTERM signal; 222)
[2026-04-23T07:02:07.974+0000] {process_utils.py:79} INFO - Process psutil.Process(pid=223, status='terminated', started='06:37:45') (223) terminated with exit code None
[2026-04-23T07:02:07.977+0000] {process_utils.py:79} INFO - Process psutil.Process(pid=222, status='terminated', exitcode=1, started='06:37:45') (222) terminated with exit code 1
