[2026-04-06T09:04:38.609+0000] {taskinstance.py:1956} INFO - Dependencies all met for dep_context=non-requeueable deps ti=<TaskInstance: Financial_risk_assessment_to_dw.run_clean_data manual__2026-04-06T08:40:39.541809+00:00 [queued]>
[2026-04-06T09:04:38.632+0000] {taskinstance.py:1956} INFO - Dependencies all met for dep_context=requeueable deps ti=<TaskInstance: Financial_risk_assessment_to_dw.run_clean_data manual__2026-04-06T08:40:39.541809+00:00 [queued]>
[2026-04-06T09:04:38.634+0000] {taskinstance.py:2170} INFO - Starting attempt 1 of 3
[2026-04-06T09:04:38.666+0000] {taskinstance.py:2191} INFO - Executing <Task(BashOperator): run_clean_data> on 2026-04-06 08:40:39.541809+00:00
[2026-04-06T09:04:38.674+0000] {standard_task_runner.py:60} INFO - Started process 263 to run task
[2026-04-06T09:04:38.679+0000] {standard_task_runner.py:87} INFO - Running: ['airflow', 'tasks', 'run', 'Financial_risk_assessment_to_dw', 'run_clean_data', 'manual__2026-04-06T08:40:39.541809+00:00', '--job-id', '3', '--raw', '--subdir', 'DAGS_FOLDER/etl_dags.py', '--cfg-path', '/tmp/tmpmzg6e8c3']
[2026-04-06T09:04:38.683+0000] {standard_task_runner.py:88} INFO - Job 3: Subtask run_clean_data
[2026-04-06T09:04:38.757+0000] {task_command.py:423} INFO - Running <TaskInstance: Financial_risk_assessment_to_dw.run_clean_data manual__2026-04-06T08:40:39.541809+00:00 [running]> on host edf6b9ff387c
[2026-04-06T09:04:38.849+0000] {taskinstance.py:2480} INFO - Exporting env vars: AIRFLOW_CTX_DAG_OWNER='hieubtt' AIRFLOW_CTX_DAG_ID='Financial_risk_assessment_to_dw' AIRFLOW_CTX_TASK_ID='run_clean_data' AIRFLOW_CTX_EXECUTION_DATE='2026-04-06T08:40:39.541809+00:00' AIRFLOW_CTX_TRY_NUMBER='1' AIRFLOW_CTX_DAG_RUN_ID='manual__2026-04-06T08:40:39.541809+00:00'
[2026-04-06T09:04:38.851+0000] {subprocess.py:63} INFO - Tmp dir root location: /tmp
[2026-04-06T09:04:38.852+0000] {subprocess.py:75} INFO - Running command: ['/usr/bin/bash', '-c', 'python /opt/airflow/scripts/clean_data_fin.py']
[2026-04-06T09:04:38.865+0000] {subprocess.py:86} INFO - Output:
[2026-04-06T08:41:07.735+0000] {subprocess.py:93} INFO - /opt/airflow/scripts/clean_data_fin.py:32: UserWarning: pandas only supports SQLAlchemy connectable (engine/connection) or database string URI or sqlite3 DBAPI2 connection. Other DBAPI2 objects are not tested. Please consider using SQLAlchemy.
[2026-04-06T08:41:07.736+0000] {subprocess.py:93} INFO -   df_errors = pd.read_sql(SQL_NULL_DATA, conn)
[2026-04-06T08:41:07.737+0000] {subprocess.py:93} INFO - Số dòng cần xử lý: 4136
[2026-04-06T08:41:07.737+0000] {subprocess.py:93} INFO - ETL PASSED | RUN_ID=RUN_53d56354
[2026-04-06T08:41:07.738+0000] {subprocess.py:93} INFO - Đã cập nhật thành công 4136 dòng về giá trị 0.
[2026-04-06T08:41:07.866+0000] {subprocess.py:97} INFO - Command exited with return code 0
[2026-04-06T08:41:07.919+0000] {taskinstance.py:1138} INFO - Marking task as SUCCESS. dag_id=Financial_risk_assessment_to_dw, task_id=run_clean_data, execution_date=20260406T084039, start_date=20260406T090438, end_date=20260406T084107
[2026-04-06T08:43:17.143+0000] {local_task_job_runner.py:121} ERROR - Received SIGTERM. Terminating subprocesses
[2026-04-06T08:43:17.157+0000] {local_task_job_runner.py:234} INFO - Task exited with return code 143
[2026-04-06T08:43:17.186+0000] {taskinstance.py:3280} INFO - 0 downstream tasks scheduled from follow-on schedule check
