[2026-03-31T06:03:43.158+0000] {taskinstance.py:1956} INFO - Dependencies all met for dep_context=non-requeueable deps ti=<TaskInstance: Financial_risk_assessment_to_dw.run_clean_data manual__2026-03-31T06:03:04.261837+00:00 [queued]>
[2026-03-31T06:03:43.165+0000] {taskinstance.py:1956} INFO - Dependencies all met for dep_context=requeueable deps ti=<TaskInstance: Financial_risk_assessment_to_dw.run_clean_data manual__2026-03-31T06:03:04.261837+00:00 [queued]>
[2026-03-31T06:03:43.165+0000] {taskinstance.py:2170} INFO - Starting attempt 1 of 3
[2026-03-31T06:03:43.174+0000] {taskinstance.py:2191} INFO - Executing <Task(BashOperator): run_clean_data> on 2026-03-31 06:03:04.261837+00:00
[2026-03-31T06:03:43.179+0000] {standard_task_runner.py:60} INFO - Started process 248 to run task
[2026-03-31T06:03:43.181+0000] {standard_task_runner.py:87} INFO - Running: ['airflow', 'tasks', 'run', 'Financial_risk_assessment_to_dw', 'run_clean_data', 'manual__2026-03-31T06:03:04.261837+00:00', '--job-id', '3', '--raw', '--subdir', 'DAGS_FOLDER/etl_dags.py', '--cfg-path', '/tmp/tmp9g6iung_']
[2026-03-31T06:03:43.183+0000] {standard_task_runner.py:88} INFO - Job 3: Subtask run_clean_data
[2026-03-31T06:03:43.232+0000] {task_command.py:423} INFO - Running <TaskInstance: Financial_risk_assessment_to_dw.run_clean_data manual__2026-03-31T06:03:04.261837+00:00 [running]> on host 45faba57c981
[2026-03-31T06:03:43.287+0000] {taskinstance.py:2480} INFO - Exporting env vars: AIRFLOW_CTX_DAG_OWNER='hieubtt' AIRFLOW_CTX_DAG_ID='Financial_risk_assessment_to_dw' AIRFLOW_CTX_TASK_ID='run_clean_data' AIRFLOW_CTX_EXECUTION_DATE='2026-03-31T06:03:04.261837+00:00' AIRFLOW_CTX_TRY_NUMBER='1' AIRFLOW_CTX_DAG_RUN_ID='manual__2026-03-31T06:03:04.261837+00:00'
[2026-03-31T06:03:43.288+0000] {subprocess.py:63} INFO - Tmp dir root location: /tmp
[2026-03-31T06:03:43.289+0000] {subprocess.py:75} INFO - Running command: ['/usr/bin/bash', '-c', 'python /opt/airflow/scripts/clean_data_fin.py']
[2026-03-31T06:03:43.297+0000] {subprocess.py:86} INFO - Output:
[2026-03-31T06:03:43.830+0000] {subprocess.py:93} INFO - /opt/airflow/scripts/clean_data_fin.py:32: UserWarning: pandas only supports SQLAlchemy connectable (engine/connection) or database string URI or sqlite3 DBAPI2 connection. Other DBAPI2 objects are not tested. Please consider using SQLAlchemy.
[2026-03-31T06:03:43.830+0000] {subprocess.py:93} INFO -   df_errors = pd.read_sql(SQL_NULL_DATA, conn)
[2026-03-31T06:03:43.831+0000] {subprocess.py:93} INFO - Lỗi: Execution failed on sql '
[2026-03-31T06:03:43.831+0000] {subprocess.py:93} INFO -     select credit_score,loan_amount,id from fin_risk_assessment
[2026-03-31T06:03:43.831+0000] {subprocess.py:93} INFO -     where credit_score IS NULL OR loan_amount IS NULL
[2026-03-31T06:03:43.832+0000] {subprocess.py:93} INFO -     OR credit_score = 'NaN' OR loan_amount = 'NaN'
[2026-03-31T06:03:43.832+0000] {subprocess.py:93} INFO - ': relation "fin_risk_assessment" does not exist
[2026-03-31T06:03:43.833+0000] {subprocess.py:93} INFO - LINE 2:     select credit_score,loan_amount,id from fin_risk_assessm...
[2026-03-31T06:03:43.833+0000] {subprocess.py:93} INFO -                                                     ^
[2026-03-31T06:03:43.833+0000] {subprocess.py:93} INFO - 
[2026-03-31T06:03:43.834+0000] {subprocess.py:93} INFO - ETL FAILED | RUN_ID=RUN_c3b98939 | ERROR=Execution failed on sql '
[2026-03-31T06:03:43.834+0000] {subprocess.py:93} INFO -     select credit_score,loan_amount,id from fin_risk_assessment
[2026-03-31T06:03:43.834+0000] {subprocess.py:93} INFO -     where credit_score IS NULL OR loan_amount IS NULL
[2026-03-31T06:03:43.835+0000] {subprocess.py:93} INFO -     OR credit_score = 'NaN' OR loan_amount = 'NaN'
[2026-03-31T06:03:43.835+0000] {subprocess.py:93} INFO - ': relation "fin_risk_assessment" does not exist
[2026-03-31T06:03:43.835+0000] {subprocess.py:93} INFO - LINE 2:     select credit_score,loan_amount,id from fin_risk_assessm...
[2026-03-31T06:03:43.836+0000] {subprocess.py:93} INFO -                                                     ^
[2026-03-31T06:03:43.836+0000] {subprocess.py:93} INFO - 
[2026-03-31T06:03:43.916+0000] {subprocess.py:97} INFO - Command exited with return code 0
[2026-03-31T06:03:43.950+0000] {taskinstance.py:1138} INFO - Marking task as SUCCESS. dag_id=Financial_risk_assessment_to_dw, task_id=run_clean_data, execution_date=20260331T060304, start_date=20260331T060343, end_date=20260331T060343
[2026-03-31T06:03:43.997+0000] {local_task_job_runner.py:234} INFO - Task exited with return code 0
[2026-03-31T06:03:44.020+0000] {taskinstance.py:3280} INFO - 1 downstream tasks scheduled from follow-on schedule check
