[2026-03-25T02:24:53.290+0000] {taskinstance.py:1956} INFO - Dependencies all met for dep_context=non-requeueable deps ti=<TaskInstance: Financial_risk_assessment_to_dw.run_etl manual__2026-03-25T02:24:51.446938+00:00 [queued]>
[2026-03-25T02:24:53.300+0000] {taskinstance.py:1956} INFO - Dependencies all met for dep_context=requeueable deps ti=<TaskInstance: Financial_risk_assessment_to_dw.run_etl manual__2026-03-25T02:24:51.446938+00:00 [queued]>
[2026-03-25T02:24:53.301+0000] {taskinstance.py:2170} INFO - Starting attempt 1 of 3
[2026-03-25T02:24:53.317+0000] {taskinstance.py:2191} INFO - Executing <Task(BashOperator): run_etl> on 2026-03-25 02:24:51.446938+00:00
[2026-03-25T02:24:53.323+0000] {standard_task_runner.py:60} INFO - Started process 186 to run task
[2026-03-25T02:24:53.329+0000] {standard_task_runner.py:87} INFO - Running: ['airflow', 'tasks', 'run', 'Financial_risk_assessment_to_dw', 'run_etl', 'manual__2026-03-25T02:24:51.446938+00:00', '--job-id', '2', '--raw', '--subdir', 'DAGS_FOLDER/etl_dags.py', '--cfg-path', '/tmp/tmp8v8ezjba']
[2026-03-25T02:24:53.333+0000] {standard_task_runner.py:88} INFO - Job 2: Subtask run_etl
[2026-03-25T02:24:53.405+0000] {task_command.py:423} INFO - Running <TaskInstance: Financial_risk_assessment_to_dw.run_etl manual__2026-03-25T02:24:51.446938+00:00 [running]> on host 54e7eae0b1a8
[2026-03-25T02:24:53.497+0000] {taskinstance.py:2480} INFO - Exporting env vars: AIRFLOW_CTX_DAG_OWNER='hieubtt' AIRFLOW_CTX_DAG_ID='Financial_risk_assessment_to_dw' AIRFLOW_CTX_TASK_ID='run_etl' AIRFLOW_CTX_EXECUTION_DATE='2026-03-25T02:24:51.446938+00:00' AIRFLOW_CTX_TRY_NUMBER='1' AIRFLOW_CTX_DAG_RUN_ID='manual__2026-03-25T02:24:51.446938+00:00'
[2026-03-25T02:24:53.499+0000] {subprocess.py:63} INFO - Tmp dir root location: /tmp
[2026-03-25T02:24:53.500+0000] {subprocess.py:75} INFO - Running command: ['/usr/bin/bash', '-c', 'python /opt/airflow/scripts/extract_fin_risk_csv.py']
[2026-03-25T02:24:53.510+0000] {subprocess.py:86} INFO - Output:
[2026-03-25T02:24:59.653+0000] {subprocess.py:93} INFO - Đã chạy được lần 1 1000 dòng dữ liệu và hiện đang tiếp tục ...
[2026-03-25T02:24:59.654+0000] {subprocess.py:93} INFO - Đã chạy được lần 2 1000 dòng dữ liệu và hiện đang tiếp tục ...
[2026-03-25T02:24:59.655+0000] {subprocess.py:93} INFO - Đã chạy được lần 3 1000 dòng dữ liệu và hiện đang tiếp tục ...
[2026-03-25T02:24:59.655+0000] {subprocess.py:93} INFO - Đã chạy được lần 4 1000 dòng dữ liệu và hiện đang tiếp tục ...
[2026-03-25T02:24:59.656+0000] {subprocess.py:93} INFO - Đã chạy được lần 5 1000 dòng dữ liệu và hiện đang tiếp tục ...
[2026-03-25T02:24:59.656+0000] {subprocess.py:93} INFO - Đã chạy được lần 6 1000 dòng dữ liệu và hiện đang tiếp tục ...
[2026-03-25T02:24:59.657+0000] {subprocess.py:93} INFO - Đã chạy được lần 7 1000 dòng dữ liệu và hiện đang tiếp tục ...
[2026-03-25T02:24:59.657+0000] {subprocess.py:93} INFO - Đã chạy được lần 8 1000 dòng dữ liệu và hiện đang tiếp tục ...
[2026-03-25T02:24:59.658+0000] {subprocess.py:93} INFO - Đã chạy được lần 9 1000 dòng dữ liệu và hiện đang tiếp tục ...
[2026-03-25T02:24:59.659+0000] {subprocess.py:93} INFO - Đã chạy được lần 10 1000 dòng dữ liệu và hiện đang tiếp tục ...
[2026-03-25T02:24:59.659+0000] {subprocess.py:93} INFO - Đã chạy được lần 11 1000 dòng dữ liệu và hiện đang tiếp tục ...
[2026-03-25T02:24:59.660+0000] {subprocess.py:93} INFO - Đã chạy được lần 12 1000 dòng dữ liệu và hiện đang tiếp tục ...
[2026-03-25T02:24:59.660+0000] {subprocess.py:93} INFO - Đã chạy được lần 13 1000 dòng dữ liệu và hiện đang tiếp tục ...
[2026-03-25T02:24:59.661+0000] {subprocess.py:93} INFO - Đã chạy được lần 14 1000 dòng dữ liệu và hiện đang tiếp tục ...
[2026-03-25T02:24:59.661+0000] {subprocess.py:93} INFO - Đã chạy được lần 15 1000 dòng dữ liệu và hiện đang tiếp tục ...
[2026-03-25T02:24:59.662+0000] {subprocess.py:93} INFO - Database 'fin_etl_db' created.
[2026-03-25T02:24:59.662+0000] {subprocess.py:93} INFO - ETL PASSED | RUN_ID=RUN_0c6fe0cf
[2026-03-25T02:24:59.714+0000] {subprocess.py:97} INFO - Command exited with return code 0
[2026-03-25T02:24:59.740+0000] {taskinstance.py:1138} INFO - Marking task as SUCCESS. dag_id=Financial_risk_assessment_to_dw, task_id=run_etl, execution_date=20260325T022451, start_date=20260325T022453, end_date=20260325T022459
[2026-03-25T02:24:59.776+0000] {local_task_job_runner.py:234} INFO - Task exited with return code 0
[2026-03-25T02:24:59.798+0000] {taskinstance.py:3280} INFO - 1 downstream tasks scheduled from follow-on schedule check
