[2026-03-17T02:27:28.952+0000] {taskinstance.py:1956} INFO - Dependencies all met for dep_context=non-requeueable deps ti=<TaskInstance: daily_revenue_etl_dag.run_daily_revenue_etl manual__2026-03-17T02:27:27.325776+00:00 [queued]>
[2026-03-17T02:27:28.961+0000] {taskinstance.py:1956} INFO - Dependencies all met for dep_context=requeueable deps ti=<TaskInstance: daily_revenue_etl_dag.run_daily_revenue_etl manual__2026-03-17T02:27:27.325776+00:00 [queued]>
[2026-03-17T02:27:28.962+0000] {taskinstance.py:2170} INFO - Starting attempt 1 of 3
[2026-03-17T02:27:28.972+0000] {taskinstance.py:2191} INFO - Executing <Task(BashOperator): run_daily_revenue_etl> on 2026-03-17 02:27:27.325776+00:00
[2026-03-17T02:27:28.977+0000] {standard_task_runner.py:60} INFO - Started process 313 to run task
[2026-03-17T02:27:28.980+0000] {standard_task_runner.py:87} INFO - Running: ['***', 'tasks', 'run', 'daily_revenue_etl_dag', 'run_daily_revenue_etl', 'manual__2026-03-17T02:27:27.325776+00:00', '--job-id', '5', '--raw', '--subdir', 'DAGS_FOLDER/daily_revenue_etl_dag.py', '--cfg-path', '/tmp/tmpssy9_c7t']
[2026-03-17T02:27:28.983+0000] {standard_task_runner.py:88} INFO - Job 5: Subtask run_daily_revenue_etl
[2026-03-17T02:27:29.043+0000] {task_command.py:423} INFO - Running <TaskInstance: daily_revenue_etl_dag.run_daily_revenue_etl manual__2026-03-17T02:27:27.325776+00:00 [running]> on host afb06d2b3284
[2026-03-17T02:27:29.116+0000] {taskinstance.py:2480} INFO - Exporting env vars: AIRFLOW_CTX_DAG_OWNER='data_engineer_hieubtt' AIRFLOW_CTX_DAG_ID='daily_revenue_etl_dag' AIRFLOW_CTX_TASK_ID='run_daily_revenue_etl' AIRFLOW_CTX_EXECUTION_DATE='2026-03-17T02:27:27.325776+00:00' AIRFLOW_CTX_TRY_NUMBER='1' AIRFLOW_CTX_DAG_RUN_ID='manual__2026-03-17T02:27:27.325776+00:00'
[2026-03-17T02:27:29.118+0000] {subprocess.py:63} INFO - Tmp dir root location: /tmp
[2026-03-17T02:27:29.119+0000] {subprocess.py:75} INFO - Running command: ['/usr/bin/bash', '-c', 'python /opt/***/scripts/daily_revenue_etl.py']
[2026-03-17T02:27:29.128+0000] {subprocess.py:86} INFO - Output:
[2026-03-17T02:27:54.848+0000] {subprocess.py:93} INFO - Retry connect DB...
[2026-03-17T02:27:54.849+0000] {subprocess.py:93} INFO - Retry connect DB...
[2026-03-17T02:27:54.850+0000] {subprocess.py:93} INFO - Retry connect DB...
[2026-03-17T02:27:54.850+0000] {subprocess.py:93} INFO - Retry connect DB...
[2026-03-17T02:27:54.851+0000] {subprocess.py:93} INFO - Retry connect DB...
[2026-03-17T02:27:54.851+0000] {subprocess.py:93} INFO - Da co loi xay ra: 'NoneType' object has no attribute 'cursor'
[2026-03-17T02:27:54.938+0000] {subprocess.py:97} INFO - Command exited with return code 0
[2026-03-17T02:27:54.978+0000] {taskinstance.py:1138} INFO - Marking task as SUCCESS. dag_id=daily_revenue_etl_dag, task_id=run_daily_revenue_etl, execution_date=20260317T022727, start_date=20260317T022728, end_date=20260317T022754
[2026-03-17T02:27:55.015+0000] {local_task_job_runner.py:234} INFO - Task exited with return code 0
[2026-03-17T02:27:55.031+0000] {taskinstance.py:3280} INFO - 0 downstream tasks scheduled from follow-on schedule check
