[2026-03-31T05:50:35.728+0000] {taskinstance.py:1956} INFO - Dependencies all met for dep_context=non-requeueable deps ti=<TaskInstance: Financial_risk_assessment_to_dw.run_clean_data manual__2026-03-31T05:50:27.038065+00:00 [queued]>
[2026-03-31T05:50:35.734+0000] {taskinstance.py:1956} INFO - Dependencies all met for dep_context=requeueable deps ti=<TaskInstance: Financial_risk_assessment_to_dw.run_clean_data manual__2026-03-31T05:50:27.038065+00:00 [queued]>
[2026-03-31T05:50:35.735+0000] {taskinstance.py:2170} INFO - Starting attempt 1 of 3
[2026-03-31T05:50:35.744+0000] {taskinstance.py:2191} INFO - Executing <Task(BashOperator): run_clean_data> on 2026-03-31 05:50:27.038065+00:00
[2026-03-31T05:50:35.748+0000] {standard_task_runner.py:60} INFO - Started process 236 to run task
[2026-03-31T05:50:35.751+0000] {standard_task_runner.py:87} INFO - Running: ['airflow', 'tasks', 'run', 'Financial_risk_assessment_to_dw', 'run_clean_data', 'manual__2026-03-31T05:50:27.038065+00:00', '--job-id', '3', '--raw', '--subdir', 'DAGS_FOLDER/etl_dags.py', '--cfg-path', '/tmp/tmp254fgit3']
[2026-03-31T05:50:35.753+0000] {standard_task_runner.py:88} INFO - Job 3: Subtask run_clean_data
[2026-03-31T05:50:35.805+0000] {task_command.py:423} INFO - Running <TaskInstance: Financial_risk_assessment_to_dw.run_clean_data manual__2026-03-31T05:50:27.038065+00:00 [running]> on host d96761ba82ac
[2026-03-31T05:50:35.866+0000] {taskinstance.py:2480} INFO - Exporting env vars: AIRFLOW_CTX_DAG_OWNER='hieubtt' AIRFLOW_CTX_DAG_ID='Financial_risk_assessment_to_dw' AIRFLOW_CTX_TASK_ID='run_clean_data' AIRFLOW_CTX_EXECUTION_DATE='2026-03-31T05:50:27.038065+00:00' AIRFLOW_CTX_TRY_NUMBER='1' AIRFLOW_CTX_DAG_RUN_ID='manual__2026-03-31T05:50:27.038065+00:00'
[2026-03-31T05:50:35.867+0000] {subprocess.py:63} INFO - Tmp dir root location: /tmp
[2026-03-31T05:50:35.868+0000] {subprocess.py:75} INFO - Running command: ['/usr/bin/bash', '-c', 'python /opt/airflow/scripts/clean_data_fin.py']
[2026-03-31T05:50:35.876+0000] {subprocess.py:86} INFO - Output:
[2026-03-31T05:50:36.393+0000] {subprocess.py:93} INFO - /opt/airflow/scripts/clean_data_fin.py:32: UserWarning: pandas only supports SQLAlchemy connectable (engine/connection) or database string URI or sqlite3 DBAPI2 connection. Other DBAPI2 objects are not tested. Please consider using SQLAlchemy.
[2026-03-31T05:50:36.394+0000] {subprocess.py:93} INFO -   df_errors = pd.read_sql(SQL_NULL_DATA, conn)
[2026-03-31T05:50:36.395+0000] {subprocess.py:93} INFO - Lỗi: Execution failed on sql '
[2026-03-31T05:50:36.395+0000] {subprocess.py:93} INFO -     select credit_score,loan_amount,id from fin_risk_assessment
[2026-03-31T05:50:36.396+0000] {subprocess.py:93} INFO -     where credit_score IS NULL OR loan_amount IS NULL
[2026-03-31T05:50:36.396+0000] {subprocess.py:93} INFO -     OR credit_score = 'NaN' OR loan_amount = 'NaN'
[2026-03-31T05:50:36.397+0000] {subprocess.py:93} INFO - ': relation "fin_risk_assessment" does not exist
[2026-03-31T05:50:36.397+0000] {subprocess.py:93} INFO - LINE 2:     select credit_score,loan_amount,id from fin_risk_assessm...
[2026-03-31T05:50:36.397+0000] {subprocess.py:93} INFO -                                                     ^
[2026-03-31T05:50:36.398+0000] {subprocess.py:93} INFO - 
[2026-03-31T05:50:36.398+0000] {subprocess.py:93} INFO - ETL FAILED | RUN_ID=RUN_85d4d68e | ERROR=Execution failed on sql '
[2026-03-31T05:50:36.398+0000] {subprocess.py:93} INFO -     select credit_score,loan_amount,id from fin_risk_assessment
[2026-03-31T05:50:36.398+0000] {subprocess.py:93} INFO -     where credit_score IS NULL OR loan_amount IS NULL
[2026-03-31T05:50:36.399+0000] {subprocess.py:93} INFO -     OR credit_score = 'NaN' OR loan_amount = 'NaN'
[2026-03-31T05:50:36.399+0000] {subprocess.py:93} INFO - ': relation "fin_risk_assessment" does not exist
[2026-03-31T05:50:36.399+0000] {subprocess.py:93} INFO - LINE 2:     select credit_score,loan_amount,id from fin_risk_assessm...
[2026-03-31T05:50:36.399+0000] {subprocess.py:93} INFO -                                                     ^
[2026-03-31T05:50:36.399+0000] {subprocess.py:93} INFO - 
[2026-03-31T06:14:15.181+0000] {subprocess.py:97} INFO - Command exited with return code 0
[2026-03-31T06:14:15.203+0000] {taskinstance.py:1138} INFO - Marking task as SUCCESS. dag_id=Financial_risk_assessment_to_dw, task_id=run_clean_data, execution_date=20260331T055027, start_date=20260331T055035, end_date=20260331T061415
[2026-03-31T06:14:15.224+0000] {local_task_job_runner.py:234} INFO - Task exited with return code 0
[2026-03-31T06:14:15.251+0000] {taskinstance.py:3280} INFO - 1 downstream tasks scheduled from follow-on schedule check
