[2026-03-24T07:21:54.486+0000] {taskinstance.py:1956} INFO - Dependencies all met for dep_context=non-requeueable deps ti=<TaskInstance: Financial_risk_assessment_to_dw.ml_risk-data manual__2026-03-24T07:21:22.126726+00:00 [queued]>
[2026-03-24T07:21:54.510+0000] {taskinstance.py:1956} INFO - Dependencies all met for dep_context=requeueable deps ti=<TaskInstance: Financial_risk_assessment_to_dw.ml_risk-data manual__2026-03-24T07:21:22.126726+00:00 [queued]>
[2026-03-24T07:21:54.511+0000] {taskinstance.py:2170} INFO - Starting attempt 3 of 3
[2026-03-24T07:21:54.536+0000] {taskinstance.py:2191} INFO - Executing <Task(BashOperator): ml_risk-data> on 2026-03-24 07:21:22.126726+00:00
[2026-03-24T07:21:54.544+0000] {standard_task_runner.py:60} INFO - Started process 895 to run task
[2026-03-24T07:21:54.549+0000] {standard_task_runner.py:87} INFO - Running: ['airflow', 'tasks', 'run', 'Financial_risk_assessment_to_dw', 'ml_risk-data', 'manual__2026-03-24T07:21:22.126726+00:00', '--job-id', '12', '--raw', '--subdir', 'DAGS_FOLDER/etl_dags.py', '--cfg-path', '/tmp/tmpc1f7ie92']
[2026-03-24T07:21:54.552+0000] {standard_task_runner.py:88} INFO - Job 12: Subtask ml_risk-data
[2026-03-24T07:21:54.646+0000] {task_command.py:423} INFO - Running <TaskInstance: Financial_risk_assessment_to_dw.ml_risk-data manual__2026-03-24T07:21:22.126726+00:00 [running]> on host 4da2f79085cf
[2026-03-24T07:21:54.808+0000] {taskinstance.py:2480} INFO - Exporting env vars: AIRFLOW_CTX_DAG_OWNER='hieubtt' AIRFLOW_CTX_DAG_ID='Financial_risk_assessment_to_dw' AIRFLOW_CTX_TASK_ID='ml_risk-data' AIRFLOW_CTX_EXECUTION_DATE='2026-03-24T07:21:22.126726+00:00' AIRFLOW_CTX_TRY_NUMBER='3' AIRFLOW_CTX_DAG_RUN_ID='manual__2026-03-24T07:21:22.126726+00:00'
[2026-03-24T07:21:54.812+0000] {subprocess.py:63} INFO - Tmp dir root location: /tmp
[2026-03-24T07:21:54.815+0000] {subprocess.py:75} INFO - Running command: ['/usr/bin/bash', '-c', 'python /opt/airflow/scripts/train_risk_model.py']
[2026-03-24T07:21:54.837+0000] {subprocess.py:86} INFO - Output:
[2026-03-24T07:21:55.781+0000] {subprocess.py:93} INFO - Traceback (most recent call last):
[2026-03-24T07:21:55.783+0000] {subprocess.py:93} INFO -   File "/opt/airflow/scripts/train_risk_model.py", line 5, in <module>
[2026-03-24T07:21:55.786+0000] {subprocess.py:93} INFO -     from sklearn.ensemble import RandomForestRegressor
[2026-03-24T07:21:55.786+0000] {subprocess.py:93} INFO - ModuleNotFoundError: No module named 'sklearn'
[2026-03-24T07:21:56.036+0000] {subprocess.py:97} INFO - Command exited with return code 1
[2026-03-24T07:21:56.059+0000] {taskinstance.py:2698} ERROR - Task failed with exception
Traceback (most recent call last):
  File "/home/airflow/.local/lib/python3.8/site-packages/airflow/models/taskinstance.py", line 433, in _execute_task
    result = execute_callable(context=context, **execute_callable_kwargs)
  File "/home/airflow/.local/lib/python3.8/site-packages/airflow/operators/bash.py", line 212, in execute
    raise AirflowException(
airflow.exceptions.AirflowException: Bash command failed. The command returned a non-zero exit code 1.
[2026-03-24T07:21:56.071+0000] {taskinstance.py:1138} INFO - Marking task as FAILED. dag_id=Financial_risk_assessment_to_dw, task_id=ml_risk-data, execution_date=20260324T072122, start_date=20260324T072154, end_date=20260324T072156
[2026-03-24T07:21:56.125+0000] {standard_task_runner.py:107} ERROR - Failed to execute job 12 for task ml_risk-data (Bash command failed. The command returned a non-zero exit code 1.; 895)
[2026-03-24T07:21:56.181+0000] {local_task_job_runner.py:234} INFO - Task exited with return code 1
[2026-03-24T07:21:56.259+0000] {taskinstance.py:3280} INFO - 0 downstream tasks scheduled from follow-on schedule check
