[2026-03-27T07:51:13.050+0000] {taskinstance.py:1956} INFO - Dependencies all met for dep_context=non-requeueable deps ti=<TaskInstance: Financial_risk_assessment_to_dw.run_mail_risk_data manual__2026-03-27T07:50:54.198249+00:00 [queued]>
[2026-03-27T07:51:13.066+0000] {taskinstance.py:1956} INFO - Dependencies all met for dep_context=requeueable deps ti=<TaskInstance: Financial_risk_assessment_to_dw.run_mail_risk_data manual__2026-03-27T07:50:54.198249+00:00 [queued]>
[2026-03-27T07:51:13.068+0000] {taskinstance.py:2170} INFO - Starting attempt 1 of 3
[2026-03-27T07:51:13.092+0000] {taskinstance.py:2191} INFO - Executing <Task(BashOperator): run_mail_risk_data> on 2026-03-27 07:50:54.198249+00:00
[2026-03-27T07:51:13.107+0000] {standard_task_runner.py:60} INFO - Started process 316 to run task
[2026-03-27T07:51:13.112+0000] {standard_task_runner.py:87} INFO - Running: ['airflow', 'tasks', 'run', 'Financial_risk_assessment_to_dw', 'run_mail_risk_data', 'manual__2026-03-27T07:50:54.198249+00:00', '--job-id', '6', '--raw', '--subdir', 'DAGS_FOLDER/etl_dags.py', '--cfg-path', '/tmp/tmpmcf34_p0']
[2026-03-27T07:51:13.115+0000] {standard_task_runner.py:88} INFO - Job 6: Subtask run_mail_risk_data
[2026-03-27T07:51:13.202+0000] {task_command.py:423} INFO - Running <TaskInstance: Financial_risk_assessment_to_dw.run_mail_risk_data manual__2026-03-27T07:50:54.198249+00:00 [running]> on host 6697414260b9
[2026-03-27T07:51:13.271+0000] {taskinstance.py:2480} INFO - Exporting env vars: AIRFLOW_CTX_DAG_OWNER='hieubtt' AIRFLOW_CTX_DAG_ID='Financial_risk_assessment_to_dw' AIRFLOW_CTX_TASK_ID='run_mail_risk_data' AIRFLOW_CTX_EXECUTION_DATE='2026-03-27T07:50:54.198249+00:00' AIRFLOW_CTX_TRY_NUMBER='1' AIRFLOW_CTX_DAG_RUN_ID='manual__2026-03-27T07:50:54.198249+00:00'
[2026-03-27T07:51:13.273+0000] {subprocess.py:63} INFO - Tmp dir root location: /tmp
[2026-03-27T07:51:13.274+0000] {subprocess.py:75} INFO - Running command: ['/usr/bin/bash', '-c', 'python /opt/airflow/scripts/Mail_Risk_Score.py']
[2026-03-27T07:51:13.283+0000] {subprocess.py:86} INFO - Output:
[2026-03-27T07:51:17.281+0000] {subprocess.py:93} INFO - /opt/airflow/scripts/Mail_Risk_Score.py:22: FutureWarning:
[2026-03-27T07:51:17.282+0000] {subprocess.py:93} INFO - 
[2026-03-27T07:51:17.283+0000] {subprocess.py:93} INFO - Passing `palette` without assigning `hue` is deprecated and will be removed in v0.14.0. Assign the `y` variable to `hue` and set `legend=False` for the same effect.
[2026-03-27T07:51:17.283+0000] {subprocess.py:93} INFO - 
[2026-03-27T07:51:17.284+0000] {subprocess.py:93} INFO -   ax = sns.barplot(x='risk_score', y='ID', data=df, palette='Reds_r')
[2026-03-27T07:51:17.285+0000] {subprocess.py:93} INFO - --- Bắt đầu tiến trình vẽ biểu đồ ---
[2026-03-27T07:51:17.285+0000] {subprocess.py:93} INFO - --- Đã lưu ảnh tại: /opt/airflow/data/daily_risk_chart.png ---
[2026-03-27T07:51:17.285+0000] {subprocess.py:93} INFO - --- Đang kết nối Gmail SMTP ---
[2026-03-27T07:51:17.286+0000] {subprocess.py:93} INFO - !!! LỖI GỬI MAIL: 'NoneType' object has no attribute 'encode'
[2026-03-27T07:51:17.456+0000] {subprocess.py:97} INFO - Command exited with return code 1
[2026-03-27T07:51:17.467+0000] {taskinstance.py:2698} ERROR - Task failed with exception
Traceback (most recent call last):
  File "/home/airflow/.local/lib/python3.8/site-packages/airflow/models/taskinstance.py", line 433, in _execute_task
    result = execute_callable(context=context, **execute_callable_kwargs)
  File "/home/airflow/.local/lib/python3.8/site-packages/airflow/operators/bash.py", line 212, in execute
    raise AirflowException(
airflow.exceptions.AirflowException: Bash command failed. The command returned a non-zero exit code 1.
[2026-03-27T07:51:17.470+0000] {taskinstance.py:1138} INFO - Marking task as UP_FOR_RETRY. dag_id=Financial_risk_assessment_to_dw, task_id=run_mail_risk_data, execution_date=20260327T075054, start_date=20260327T075113, end_date=20260327T075117
[2026-03-27T07:51:17.482+0000] {standard_task_runner.py:107} ERROR - Failed to execute job 6 for task run_mail_risk_data (Bash command failed. The command returned a non-zero exit code 1.; 316)
[2026-03-27T07:51:17.513+0000] {local_task_job_runner.py:234} INFO - Task exited with return code 1
[2026-03-27T07:51:17.534+0000] {taskinstance.py:3280} INFO - 0 downstream tasks scheduled from follow-on schedule check
