[2026-03-23T02:35:25.876+0000] {taskinstance.py:1956} INFO - Dependencies all met for dep_context=non-requeueable deps ti=<TaskInstance: saleFinancial_risk_assessment_to_dw.run_etl manual__2026-03-23T02:35:24.559400+00:00 [queued]>
[2026-03-23T02:35:25.888+0000] {taskinstance.py:1956} INFO - Dependencies all met for dep_context=requeueable deps ti=<TaskInstance: saleFinancial_risk_assessment_to_dw.run_etl manual__2026-03-23T02:35:24.559400+00:00 [queued]>
[2026-03-23T02:35:25.889+0000] {taskinstance.py:2170} INFO - Starting attempt 1 of 3
[2026-03-23T02:35:25.908+0000] {taskinstance.py:2191} INFO - Executing <Task(BashOperator): run_etl> on 2026-03-23 02:35:24.559400+00:00
[2026-03-23T02:35:25.916+0000] {standard_task_runner.py:60} INFO - Started process 293 to run task
[2026-03-23T02:35:25.922+0000] {standard_task_runner.py:87} INFO - Running: ['airflow', 'tasks', 'run', 'saleFinancial_risk_assessment_to_dw', 'run_etl', 'manual__2026-03-23T02:35:24.559400+00:00', '--job-id', '5', '--raw', '--subdir', 'DAGS_FOLDER/etl_dags.py', '--cfg-path', '/tmp/tmp43asid8g']
[2026-03-23T02:35:25.927+0000] {standard_task_runner.py:88} INFO - Job 5: Subtask run_etl
[2026-03-23T02:35:26.013+0000] {task_command.py:423} INFO - Running <TaskInstance: saleFinancial_risk_assessment_to_dw.run_etl manual__2026-03-23T02:35:24.559400+00:00 [running]> on host cec9e692a8e8
[2026-03-23T02:35:26.139+0000] {taskinstance.py:2480} INFO - Exporting env vars: AIRFLOW_CTX_DAG_OWNER='hieubtt' AIRFLOW_CTX_DAG_ID='saleFinancial_risk_assessment_to_dw' AIRFLOW_CTX_TASK_ID='run_etl' AIRFLOW_CTX_EXECUTION_DATE='2026-03-23T02:35:24.559400+00:00' AIRFLOW_CTX_TRY_NUMBER='1' AIRFLOW_CTX_DAG_RUN_ID='manual__2026-03-23T02:35:24.559400+00:00'
[2026-03-23T02:35:26.143+0000] {subprocess.py:63} INFO - Tmp dir root location: /tmp
[2026-03-23T02:35:26.144+0000] {subprocess.py:75} INFO - Running command: ['/usr/bin/bash', '-c', 'python /opt/airflow/scripts/extract_fin_risk_csv.py']
[2026-03-23T02:35:26.170+0000] {subprocess.py:86} INFO - Output:
[2026-03-23T02:35:34.710+0000] {subprocess.py:93} INFO - Đã chạy được lần 1 1000 dòng dữ liệu và hiện đang tiếp tục ...
[2026-03-23T02:35:34.711+0000] {subprocess.py:93} INFO - Đã chạy được lần 2 1000 dòng dữ liệu và hiện đang tiếp tục ...
[2026-03-23T02:35:34.712+0000] {subprocess.py:93} INFO - Đã chạy được lần 3 1000 dòng dữ liệu và hiện đang tiếp tục ...
[2026-03-23T02:35:34.713+0000] {subprocess.py:93} INFO - Đã chạy được lần 4 1000 dòng dữ liệu và hiện đang tiếp tục ...
[2026-03-23T02:35:34.713+0000] {subprocess.py:93} INFO - Đã chạy được lần 5 1000 dòng dữ liệu và hiện đang tiếp tục ...
[2026-03-23T02:35:34.713+0000] {subprocess.py:93} INFO - Đã chạy được lần 6 1000 dòng dữ liệu và hiện đang tiếp tục ...
[2026-03-23T02:35:34.714+0000] {subprocess.py:93} INFO - Đã chạy được lần 7 1000 dòng dữ liệu và hiện đang tiếp tục ...
[2026-03-23T02:35:34.714+0000] {subprocess.py:93} INFO - Đã chạy được lần 8 1000 dòng dữ liệu và hiện đang tiếp tục ...
[2026-03-23T02:35:34.715+0000] {subprocess.py:93} INFO - Đã chạy được lần 9 1000 dòng dữ liệu và hiện đang tiếp tục ...
[2026-03-23T02:35:34.715+0000] {subprocess.py:93} INFO - Đã chạy được lần 10 1000 dòng dữ liệu và hiện đang tiếp tục ...
[2026-03-23T02:35:34.715+0000] {subprocess.py:93} INFO - Đã chạy được lần 11 1000 dòng dữ liệu và hiện đang tiếp tục ...
[2026-03-23T02:35:34.716+0000] {subprocess.py:93} INFO - Đã chạy được lần 12 1000 dòng dữ liệu và hiện đang tiếp tục ...
[2026-03-23T02:35:34.716+0000] {subprocess.py:93} INFO - Đã chạy được lần 13 1000 dòng dữ liệu và hiện đang tiếp tục ...
[2026-03-23T02:35:34.716+0000] {subprocess.py:93} INFO - Đã chạy được lần 14 1000 dòng dữ liệu và hiện đang tiếp tục ...
[2026-03-23T02:35:34.716+0000] {subprocess.py:93} INFO - Đã chạy được lần 15 1000 dòng dữ liệu và hiện đang tiếp tục ...
[2026-03-23T02:35:34.717+0000] {subprocess.py:93} INFO - ETL PASSED | RUN_ID=RUN_0dc31d6b
[2026-03-23T02:35:34.807+0000] {subprocess.py:97} INFO - Command exited with return code 0
[2026-03-23T02:35:34.842+0000] {taskinstance.py:1138} INFO - Marking task as SUCCESS. dag_id=saleFinancial_risk_assessment_to_dw, task_id=run_etl, execution_date=20260323T023524, start_date=20260323T023525, end_date=20260323T023534
[2026-03-23T02:35:34.876+0000] {local_task_job_runner.py:234} INFO - Task exited with return code 0
[2026-03-23T02:35:34.905+0000] {taskinstance.py:3280} INFO - 1 downstream tasks scheduled from follow-on schedule check
