[2026-03-17T03:10:56.937+0000] {taskinstance.py:1956} INFO - Dependencies all met for dep_context=non-requeueable deps ti=<TaskInstance: daily_revenue_etl_dag.run_daily_revenue_etl scheduled__2026-03-16T00:00:00+00:00 [queued]>
[2026-03-17T03:10:56.945+0000] {taskinstance.py:1956} INFO - Dependencies all met for dep_context=requeueable deps ti=<TaskInstance: daily_revenue_etl_dag.run_daily_revenue_etl scheduled__2026-03-16T00:00:00+00:00 [queued]>
[2026-03-17T03:10:56.945+0000] {taskinstance.py:2170} INFO - Starting attempt 3 of 3
[2026-03-17T03:10:56.957+0000] {taskinstance.py:2191} INFO - Executing <Task(BashOperator): run_daily_revenue_etl> on 2026-03-16 00:00:00+00:00
[2026-03-17T03:10:56.962+0000] {standard_task_runner.py:60} INFO - Started process 214 to run task
[2026-03-17T03:10:56.966+0000] {standard_task_runner.py:87} INFO - Running: ['airflow', 'tasks', 'run', 'daily_revenue_etl_dag', 'run_daily_revenue_etl', 'scheduled__2026-03-16T00:00:00+00:00', '--job-id', '7', '--raw', '--subdir', 'DAGS_FOLDER/daily_revenue_etl_dag.py', '--cfg-path', '/tmp/tmpb0w02szw']
[2026-03-17T03:10:56.969+0000] {standard_task_runner.py:88} INFO - Job 7: Subtask run_daily_revenue_etl
[2026-03-17T02:47:39.135+0000] {task_command.py:423} INFO - Running <TaskInstance: daily_revenue_etl_dag.run_daily_revenue_etl scheduled__2026-03-16T00:00:00+00:00 [running]> on host 93924721eda1
[2026-03-17T02:47:39.200+0000] {taskinstance.py:2480} INFO - Exporting env vars: AIRFLOW_CTX_DAG_OWNER='data_engineer_hieubtt' AIRFLOW_CTX_DAG_ID='daily_revenue_etl_dag' AIRFLOW_CTX_TASK_ID='run_daily_revenue_etl' AIRFLOW_CTX_EXECUTION_DATE='2026-03-16T00:00:00+00:00' AIRFLOW_CTX_TRY_NUMBER='3' AIRFLOW_CTX_DAG_RUN_ID='scheduled__2026-03-16T00:00:00+00:00'
[2026-03-17T02:47:39.201+0000] {subprocess.py:63} INFO - Tmp dir root location: /tmp
[2026-03-17T02:47:39.202+0000] {subprocess.py:75} INFO - Running command: ['/usr/bin/bash', '-c', 'python /opt/airflow/scripts/daily_revenue_etl.py']
[2026-03-17T02:47:39.212+0000] {subprocess.py:86} INFO - Output:
[2026-03-17T02:47:39.298+0000] {subprocess.py:93} INFO - Ket noi database thanh cong
[2026-03-17T02:47:39.298+0000] {subprocess.py:93} INFO - Tao bang report_revenue neu chua ton tai
[2026-03-17T02:47:39.299+0000] {subprocess.py:93} INFO - Extract du lieu
[2026-03-17T02:47:39.303+0000] {subprocess.py:93} INFO - Traceback (most recent call last):
[2026-03-17T02:47:39.304+0000] {subprocess.py:93} INFO -   File "/opt/airflow/scripts/daily_revenue_etl.py", line 60, in run_etl
[2026-03-17T02:47:39.304+0000] {subprocess.py:93} INFO -     cur.execute(query)
[2026-03-17T02:47:39.305+0000] {subprocess.py:93} INFO - psycopg2.errors.UndefinedTable: relation "category" does not exist
[2026-03-17T02:47:39.305+0000] {subprocess.py:93} INFO - LINE 5:         FROM category c
[2026-03-17T02:47:39.306+0000] {subprocess.py:93} INFO -                      ^
[2026-03-17T02:47:39.306+0000] {subprocess.py:93} INFO - 
[2026-03-17T02:47:39.307+0000] {subprocess.py:93} INFO - 
[2026-03-17T02:47:39.307+0000] {subprocess.py:93} INFO - During handling of the above exception, another exception occurred:
[2026-03-17T02:47:39.307+0000] {subprocess.py:93} INFO - 
[2026-03-17T02:47:39.308+0000] {subprocess.py:93} INFO - Traceback (most recent call last):
[2026-03-17T02:47:39.308+0000] {subprocess.py:93} INFO -   File "/opt/airflow/scripts/daily_revenue_etl.py", line 94, in <module>
[2026-03-17T02:47:39.308+0000] {subprocess.py:93} INFO -     run_etl()
[2026-03-17T02:47:39.309+0000] {subprocess.py:93} INFO -   File "/opt/airflow/scripts/daily_revenue_etl.py", line 83, in run_etl
[2026-03-17T02:47:39.309+0000] {subprocess.py:93} INFO -     raise Exception(f"ETL pipeline loi: {e}")
[2026-03-17T02:47:39.309+0000] {subprocess.py:93} INFO - Exception: ETL pipeline loi: relation "category" does not exist
[2026-03-17T02:47:39.309+0000] {subprocess.py:93} INFO - LINE 5:         FROM category c
[2026-03-17T02:47:39.310+0000] {subprocess.py:93} INFO -                      ^
[2026-03-17T02:47:39.310+0000] {subprocess.py:93} INFO - 
[2026-03-17T02:47:39.310+0000] {subprocess.py:97} INFO - Command exited with return code 1
[2026-03-17T02:47:39.319+0000] {taskinstance.py:2698} ERROR - Task failed with exception
Traceback (most recent call last):
  File "/home/airflow/.local/lib/python3.8/site-packages/airflow/models/taskinstance.py", line 433, in _execute_task
    result = execute_callable(context=context, **execute_callable_kwargs)
  File "/home/airflow/.local/lib/python3.8/site-packages/airflow/operators/bash.py", line 212, in execute
    raise AirflowException(
airflow.exceptions.AirflowException: Bash command failed. The command returned a non-zero exit code 1.
[2026-03-17T02:47:39.322+0000] {taskinstance.py:1138} INFO - Marking task as FAILED. dag_id=daily_revenue_etl_dag, task_id=run_daily_revenue_etl, execution_date=20260316T000000, start_date=20260317T031056, end_date=20260317T024739
[2026-03-17T02:47:39.331+0000] {standard_task_runner.py:107} ERROR - Failed to execute job 7 for task run_daily_revenue_etl (Bash command failed. The command returned a non-zero exit code 1.; 214)
[2026-03-17T02:47:39.360+0000] {local_task_job_runner.py:234} INFO - Task exited with return code 1
[2026-03-17T02:47:39.384+0000] {taskinstance.py:3280} INFO - 0 downstream tasks scheduled from follow-on schedule check
