[2026-04-06T08:44:46.847+0000] {taskinstance.py:1956} INFO - Dependencies all met for dep_context=non-requeueable deps ti=<TaskInstance: Financial_risk_assessment_to_dw.run_clean_data manual__2026-04-06T08:44:36.317404+00:00 [queued]>
[2026-04-06T08:44:46.858+0000] {taskinstance.py:1956} INFO - Dependencies all met for dep_context=requeueable deps ti=<TaskInstance: Financial_risk_assessment_to_dw.run_clean_data manual__2026-04-06T08:44:36.317404+00:00 [queued]>
[2026-04-06T08:44:46.859+0000] {taskinstance.py:2170} INFO - Starting attempt 1 of 3
[2026-04-06T08:44:46.881+0000] {taskinstance.py:2191} INFO - Executing <Task(BashOperator): run_clean_data> on 2026-04-06 08:44:36.317404+00:00
[2026-04-06T08:44:46.891+0000] {standard_task_runner.py:60} INFO - Started process 244 to run task
[2026-04-06T08:44:46.895+0000] {standard_task_runner.py:87} INFO - Running: ['airflow', 'tasks', 'run', 'Financial_risk_assessment_to_dw', 'run_clean_data', 'manual__2026-04-06T08:44:36.317404+00:00', '--job-id', '3', '--raw', '--subdir', 'DAGS_FOLDER/etl_dags.py', '--cfg-path', '/tmp/tmp3rh4fm6c']
[2026-04-06T08:44:46.899+0000] {standard_task_runner.py:88} INFO - Job 3: Subtask run_clean_data
[2026-04-06T08:44:47.013+0000] {task_command.py:423} INFO - Running <TaskInstance: Financial_risk_assessment_to_dw.run_clean_data manual__2026-04-06T08:44:36.317404+00:00 [running]> on host 65ed2eabf3dd
[2026-04-06T08:44:47.127+0000] {taskinstance.py:2480} INFO - Exporting env vars: AIRFLOW_CTX_DAG_OWNER='hieubtt' AIRFLOW_CTX_DAG_ID='Financial_risk_assessment_to_dw' AIRFLOW_CTX_TASK_ID='run_clean_data' AIRFLOW_CTX_EXECUTION_DATE='2026-04-06T08:44:36.317404+00:00' AIRFLOW_CTX_TRY_NUMBER='1' AIRFLOW_CTX_DAG_RUN_ID='manual__2026-04-06T08:44:36.317404+00:00'
[2026-04-06T08:44:47.129+0000] {subprocess.py:63} INFO - Tmp dir root location: /tmp
[2026-04-06T08:44:47.130+0000] {subprocess.py:75} INFO - Running command: ['/usr/bin/bash', '-c', 'python /opt/airflow/scripts/clean_data_fin.py']
[2026-04-06T08:44:47.147+0000] {subprocess.py:86} INFO - Output:
[2026-04-06T08:45:05.453+0000] {subprocess.py:93} INFO - /opt/airflow/scripts/clean_data_fin.py:32: UserWarning: pandas only supports SQLAlchemy connectable (engine/connection) or database string URI or sqlite3 DBAPI2 connection. Other DBAPI2 objects are not tested. Please consider using SQLAlchemy.
[2026-04-06T08:45:05.456+0000] {subprocess.py:93} INFO -   df_errors = pd.read_sql(SQL_NULL_DATA, conn)
[2026-04-06T08:45:05.457+0000] {subprocess.py:93} INFO - Số dòng cần xử lý: 4136
[2026-04-06T08:45:05.458+0000] {subprocess.py:93} INFO - ETL PASSED | RUN_ID=RUN_f10d77f8
[2026-04-06T08:45:05.458+0000] {subprocess.py:93} INFO - Đã cập nhật thành công 4136 dòng về giá trị 0.
[2026-04-06T09:08:53.275+0000] {subprocess.py:97} INFO - Command exited with return code 0
[2026-04-06T09:08:53.313+0000] {taskinstance.py:1138} INFO - Marking task as SUCCESS. dag_id=Financial_risk_assessment_to_dw, task_id=run_clean_data, execution_date=20260406T084436, start_date=20260406T084446, end_date=20260406T090853
[2026-04-06T09:08:53.357+0000] {local_task_job_runner.py:234} INFO - Task exited with return code 0
[2026-04-06T09:08:53.390+0000] {taskinstance.py:3280} INFO - 1 downstream tasks scheduled from follow-on schedule check
