[2026-03-18T11:07:08.404+0000] {taskinstance.py:1956} INFO - Dependencies all met for dep_context=non-requeueable deps ti=<TaskInstance: saleFinancial_risk_assessment_to_dw.run_etl manual__2026-03-18T10:42:28.044215+00:00 [queued]>
[2026-03-18T11:07:08.414+0000] {taskinstance.py:1956} INFO - Dependencies all met for dep_context=requeueable deps ti=<TaskInstance: saleFinancial_risk_assessment_to_dw.run_etl manual__2026-03-18T10:42:28.044215+00:00 [queued]>
[2026-03-18T11:07:08.415+0000] {taskinstance.py:2170} INFO - Starting attempt 3 of 3
[2026-03-18T10:43:49.058+0000] {taskinstance.py:2191} INFO - Executing <Task(BashOperator): run_etl> on 2026-03-18 10:42:28.044215+00:00
[2026-03-18T10:43:49.065+0000] {standard_task_runner.py:60} INFO - Started process 431 to run task
[2026-03-18T10:43:49.069+0000] {standard_task_runner.py:87} INFO - Running: ['airflow', 'tasks', 'run', 'saleFinancial_risk_assessment_to_dw', 'run_etl', 'manual__2026-03-18T10:42:28.044215+00:00', '--job-id', '4', '--raw', '--subdir', 'DAGS_FOLDER/etl_dags.py', '--cfg-path', '/tmp/tmp71bs486x']
[2026-03-18T10:43:49.071+0000] {standard_task_runner.py:88} INFO - Job 4: Subtask run_etl
[2026-03-18T10:43:49.143+0000] {task_command.py:423} INFO - Running <TaskInstance: saleFinancial_risk_assessment_to_dw.run_etl manual__2026-03-18T10:42:28.044215+00:00 [running]> on host fc6a73a93b6e
[2026-03-18T10:43:49.234+0000] {taskinstance.py:2480} INFO - Exporting env vars: AIRFLOW_CTX_DAG_OWNER='hieubtt' AIRFLOW_CTX_DAG_ID='saleFinancial_risk_assessment_to_dw' AIRFLOW_CTX_TASK_ID='run_etl' AIRFLOW_CTX_EXECUTION_DATE='2026-03-18T10:42:28.044215+00:00' AIRFLOW_CTX_TRY_NUMBER='3' AIRFLOW_CTX_DAG_RUN_ID='manual__2026-03-18T10:42:28.044215+00:00'
[2026-03-18T10:43:49.235+0000] {subprocess.py:63} INFO - Tmp dir root location: /tmp
[2026-03-18T10:43:49.237+0000] {subprocess.py:75} INFO - Running command: ['/usr/bin/bash', '-c', 'python /opt/airflow/scripts/extract_fin_risk_csv.py']
[2026-03-18T10:43:49.247+0000] {subprocess.py:86} INFO - Output:
[2026-03-18T10:43:54.557+0000] {subprocess.py:93} INFO - Đã chạy được lần 1 1000 dòng dữ liệu và hiện đang tiếp tục ...
[2026-03-18T10:43:54.558+0000] {subprocess.py:93} INFO - Đã chạy được lần 2 1000 dòng dữ liệu và hiện đang tiếp tục ...
[2026-03-18T10:43:54.559+0000] {subprocess.py:93} INFO - Đã chạy được lần 3 1000 dòng dữ liệu và hiện đang tiếp tục ...
[2026-03-18T10:43:54.559+0000] {subprocess.py:93} INFO - Đã chạy được lần 4 1000 dòng dữ liệu và hiện đang tiếp tục ...
[2026-03-18T10:43:54.560+0000] {subprocess.py:93} INFO - Đã chạy được lần 5 1000 dòng dữ liệu và hiện đang tiếp tục ...
[2026-03-18T10:43:54.561+0000] {subprocess.py:93} INFO - Đã chạy được lần 6 1000 dòng dữ liệu và hiện đang tiếp tục ...
[2026-03-18T10:43:54.561+0000] {subprocess.py:93} INFO - Đã chạy được lần 7 1000 dòng dữ liệu và hiện đang tiếp tục ...
[2026-03-18T10:43:54.561+0000] {subprocess.py:93} INFO - Đã chạy được lần 8 1000 dòng dữ liệu và hiện đang tiếp tục ...
[2026-03-18T10:43:54.562+0000] {subprocess.py:93} INFO - Đã chạy được lần 9 1000 dòng dữ liệu và hiện đang tiếp tục ...
[2026-03-18T10:43:54.562+0000] {subprocess.py:93} INFO - Đã chạy được lần 10 1000 dòng dữ liệu và hiện đang tiếp tục ...
[2026-03-18T10:43:54.562+0000] {subprocess.py:93} INFO - Đã chạy được lần 11 1000 dòng dữ liệu và hiện đang tiếp tục ...
[2026-03-18T10:43:54.563+0000] {subprocess.py:93} INFO - Đã chạy được lần 12 1000 dòng dữ liệu và hiện đang tiếp tục ...
[2026-03-18T10:43:54.563+0000] {subprocess.py:93} INFO - Đã chạy được lần 13 1000 dòng dữ liệu và hiện đang tiếp tục ...
[2026-03-18T10:43:54.563+0000] {subprocess.py:93} INFO - Đã chạy được lần 14 1000 dòng dữ liệu và hiện đang tiếp tục ...
[2026-03-18T10:43:54.564+0000] {subprocess.py:93} INFO - Đã chạy được lần 15 1000 dòng dữ liệu và hiện đang tiếp tục ...
[2026-03-18T10:43:54.564+0000] {subprocess.py:93} INFO - Traceback (most recent call last):
[2026-03-18T10:43:54.564+0000] {subprocess.py:93} INFO -   File "/opt/airflow/scripts/extract_fin_risk_csv.py", line 176, in <module>
[2026-03-18T10:43:54.565+0000] {subprocess.py:93} INFO -     main()
[2026-03-18T10:43:54.565+0000] {subprocess.py:93} INFO -   File "/opt/airflow/scripts/extract_fin_risk_csv.py", line 124, in main
[2026-03-18T10:43:54.565+0000] {subprocess.py:93} INFO -     conn = psycopg2.connect(**DB)
[2026-03-18T10:43:54.566+0000] {subprocess.py:93} INFO -   File "/home/airflow/.local/lib/python3.8/site-packages/psycopg2/__init__.py", line 122, in connect
[2026-03-18T10:43:54.566+0000] {subprocess.py:93} INFO -     conn = _connect(dsn, connection_factory=connection_factory, **kwasync)
[2026-03-18T10:43:54.567+0000] {subprocess.py:93} INFO - psycopg2.OperationalError: could not translate host name "fin_risk_assessment_db" to address: Name or service not known
[2026-03-18T10:43:54.567+0000] {subprocess.py:93} INFO - 
[2026-03-18T10:43:54.636+0000] {subprocess.py:97} INFO - Command exited with return code 1
[2026-03-18T10:43:54.649+0000] {taskinstance.py:2698} ERROR - Task failed with exception
Traceback (most recent call last):
  File "/home/airflow/.local/lib/python3.8/site-packages/airflow/models/taskinstance.py", line 433, in _execute_task
    result = execute_callable(context=context, **execute_callable_kwargs)
  File "/home/airflow/.local/lib/python3.8/site-packages/airflow/operators/bash.py", line 212, in execute
    raise AirflowException(
airflow.exceptions.AirflowException: Bash command failed. The command returned a non-zero exit code 1.
[2026-03-18T10:43:54.655+0000] {taskinstance.py:1138} INFO - Marking task as FAILED. dag_id=saleFinancial_risk_assessment_to_dw, task_id=run_etl, execution_date=20260318T104228, start_date=20260318T110708, end_date=20260318T104354
[2026-03-18T10:43:54.669+0000] {standard_task_runner.py:107} ERROR - Failed to execute job 4 for task run_etl (Bash command failed. The command returned a non-zero exit code 1.; 431)
