[2026-03-18T10:43:37.928+0000] {taskinstance.py:1956} INFO - Dependencies all met for dep_context=non-requeueable deps ti=<TaskInstance: saleFinancial_risk_assessment_to_dw.run_etl manual__2026-03-18T10:42:28.044215+00:00 [queued]>
[2026-03-18T10:43:37.941+0000] {taskinstance.py:1956} INFO - Dependencies all met for dep_context=requeueable deps ti=<TaskInstance: saleFinancial_risk_assessment_to_dw.run_etl manual__2026-03-18T10:42:28.044215+00:00 [queued]>
[2026-03-18T10:43:37.942+0000] {taskinstance.py:2170} INFO - Starting attempt 2 of 3
[2026-03-18T10:43:37.973+0000] {taskinstance.py:2191} INFO - Executing <Task(BashOperator): run_etl> on 2026-03-18 10:42:28.044215+00:00
[2026-03-18T10:43:37.980+0000] {standard_task_runner.py:60} INFO - Started process 406 to run task
[2026-03-18T10:43:37.985+0000] {standard_task_runner.py:87} INFO - Running: ['airflow', 'tasks', 'run', 'saleFinancial_risk_assessment_to_dw', 'run_etl', 'manual__2026-03-18T10:42:28.044215+00:00', '--job-id', '3', '--raw', '--subdir', 'DAGS_FOLDER/etl_dags.py', '--cfg-path', '/tmp/tmp2_qoj7_o']
[2026-03-18T10:43:37.989+0000] {standard_task_runner.py:88} INFO - Job 3: Subtask run_etl
[2026-03-18T10:43:38.066+0000] {task_command.py:423} INFO - Running <TaskInstance: saleFinancial_risk_assessment_to_dw.run_etl manual__2026-03-18T10:42:28.044215+00:00 [running]> on host fc6a73a93b6e
[2026-03-18T10:43:38.157+0000] {taskinstance.py:2480} INFO - Exporting env vars: AIRFLOW_CTX_DAG_OWNER='hieubtt' AIRFLOW_CTX_DAG_ID='saleFinancial_risk_assessment_to_dw' AIRFLOW_CTX_TASK_ID='run_etl' AIRFLOW_CTX_EXECUTION_DATE='2026-03-18T10:42:28.044215+00:00' AIRFLOW_CTX_TRY_NUMBER='2' AIRFLOW_CTX_DAG_RUN_ID='manual__2026-03-18T10:42:28.044215+00:00'
[2026-03-18T10:43:38.159+0000] {subprocess.py:63} INFO - Tmp dir root location: /tmp
[2026-03-18T10:43:38.161+0000] {subprocess.py:75} INFO - Running command: ['/usr/bin/bash', '-c', 'python /opt/airflow/scripts/extract_fin_risk_csv.py']
[2026-03-18T10:43:38.176+0000] {subprocess.py:86} INFO - Output:
[2026-03-18T10:43:43.401+0000] {subprocess.py:93} INFO - Đã chạy được lần 1 1000 dòng dữ liệu và hiện đang tiếp tục ...
[2026-03-18T10:43:43.402+0000] {subprocess.py:93} INFO - Đã chạy được lần 2 1000 dòng dữ liệu và hiện đang tiếp tục ...
[2026-03-18T10:43:43.403+0000] {subprocess.py:93} INFO - Đã chạy được lần 3 1000 dòng dữ liệu và hiện đang tiếp tục ...
[2026-03-18T10:43:43.403+0000] {subprocess.py:93} INFO - Đã chạy được lần 4 1000 dòng dữ liệu và hiện đang tiếp tục ...
[2026-03-18T10:43:43.404+0000] {subprocess.py:93} INFO - Đã chạy được lần 5 1000 dòng dữ liệu và hiện đang tiếp tục ...
[2026-03-18T10:43:43.404+0000] {subprocess.py:93} INFO - Đã chạy được lần 6 1000 dòng dữ liệu và hiện đang tiếp tục ...
[2026-03-18T10:43:43.405+0000] {subprocess.py:93} INFO - Đã chạy được lần 7 1000 dòng dữ liệu và hiện đang tiếp tục ...
[2026-03-18T10:43:43.405+0000] {subprocess.py:93} INFO - Đã chạy được lần 8 1000 dòng dữ liệu và hiện đang tiếp tục ...
[2026-03-18T10:43:43.406+0000] {subprocess.py:93} INFO - Đã chạy được lần 9 1000 dòng dữ liệu và hiện đang tiếp tục ...
[2026-03-18T10:43:43.406+0000] {subprocess.py:93} INFO - Đã chạy được lần 10 1000 dòng dữ liệu và hiện đang tiếp tục ...
[2026-03-18T10:43:43.407+0000] {subprocess.py:93} INFO - Đã chạy được lần 11 1000 dòng dữ liệu và hiện đang tiếp tục ...
[2026-03-18T10:43:43.407+0000] {subprocess.py:93} INFO - Đã chạy được lần 12 1000 dòng dữ liệu và hiện đang tiếp tục ...
[2026-03-18T10:43:43.407+0000] {subprocess.py:93} INFO - Đã chạy được lần 13 1000 dòng dữ liệu và hiện đang tiếp tục ...
[2026-03-18T10:43:43.408+0000] {subprocess.py:93} INFO - Đã chạy được lần 14 1000 dòng dữ liệu và hiện đang tiếp tục ...
[2026-03-18T10:43:43.408+0000] {subprocess.py:93} INFO - Đã chạy được lần 15 1000 dòng dữ liệu và hiện đang tiếp tục ...
[2026-03-18T10:43:43.409+0000] {subprocess.py:93} INFO - Traceback (most recent call last):
[2026-03-18T10:43:43.409+0000] {subprocess.py:93} INFO -   File "/opt/airflow/scripts/extract_fin_risk_csv.py", line 176, in <module>
[2026-03-18T10:43:43.409+0000] {subprocess.py:93} INFO -     main()
[2026-03-18T10:43:43.410+0000] {subprocess.py:93} INFO -   File "/opt/airflow/scripts/extract_fin_risk_csv.py", line 124, in main
[2026-03-18T10:43:43.410+0000] {subprocess.py:93} INFO -     conn = psycopg2.connect(**DB)
[2026-03-18T10:43:43.410+0000] {subprocess.py:93} INFO -   File "/home/airflow/.local/lib/python3.8/site-packages/psycopg2/__init__.py", line 122, in connect
[2026-03-18T10:43:43.410+0000] {subprocess.py:93} INFO -     conn = _connect(dsn, connection_factory=connection_factory, **kwasync)
[2026-03-18T10:43:43.411+0000] {subprocess.py:93} INFO - psycopg2.OperationalError: could not translate host name "fin_risk_assessment_db" to address: Name or service not known
[2026-03-18T10:43:43.411+0000] {subprocess.py:93} INFO - 
[2026-03-18T10:43:43.465+0000] {subprocess.py:97} INFO - Command exited with return code 1
[2026-03-18T10:43:43.495+0000] {taskinstance.py:2698} ERROR - Task failed with exception
Traceback (most recent call last):
  File "/home/airflow/.local/lib/python3.8/site-packages/airflow/models/taskinstance.py", line 433, in _execute_task
    result = execute_callable(context=context, **execute_callable_kwargs)
  File "/home/airflow/.local/lib/python3.8/site-packages/airflow/operators/bash.py", line 212, in execute
    raise AirflowException(
airflow.exceptions.AirflowException: Bash command failed. The command returned a non-zero exit code 1.
[2026-03-18T10:43:43.499+0000] {taskinstance.py:1138} INFO - Marking task as UP_FOR_RETRY. dag_id=saleFinancial_risk_assessment_to_dw, task_id=run_etl, execution_date=20260318T104228, start_date=20260318T104337, end_date=20260318T104343
[2026-03-18T10:43:43.515+0000] {standard_task_runner.py:107} ERROR - Failed to execute job 3 for task run_etl (Bash command failed. The command returned a non-zero exit code 1.; 406)
[2026-03-18T10:43:43.535+0000] {local_task_job_runner.py:234} INFO - Task exited with return code 1
[2026-03-18T10:43:43.554+0000] {taskinstance.py:3280} INFO - 0 downstream tasks scheduled from follow-on schedule check
