[2026-01-07T14:50:09.494+0000] {taskinstance.py:1956} INFO - Dependencies all met for dep_context=non-requeueable deps ti=<TaskInstance: daily_revenue_etl_dag.run_daily_revenue_etl manual__2026-01-07T14:43:37.219022+00:00 [queued]>
[2026-01-07T14:50:09.499+0000] {taskinstance.py:1956} INFO - Dependencies all met for dep_context=requeueable deps ti=<TaskInstance: daily_revenue_etl_dag.run_daily_revenue_etl manual__2026-01-07T14:43:37.219022+00:00 [queued]>
[2026-01-07T14:50:09.499+0000] {taskinstance.py:2170} INFO - Starting attempt 3 of 4
[2026-01-07T14:50:09.507+0000] {taskinstance.py:2191} INFO - Executing <Task(BashOperator): run_daily_revenue_etl> on 2026-01-07 14:43:37.219022+00:00
[2026-01-07T14:50:09.510+0000] {standard_task_runner.py:60} INFO - Started process 612 to run task
[2026-01-07T14:50:09.512+0000] {standard_task_runner.py:87} INFO - Running: ['***', 'tasks', 'run', 'daily_revenue_etl_dag', 'run_daily_revenue_etl', 'manual__2026-01-07T14:43:37.219022+00:00', '--job-id', '6', '--raw', '--subdir', 'DAGS_FOLDER/daily_revenue_etl_dag.py', '--cfg-path', '/tmp/tmpftuqjp9t']
[2026-01-07T14:50:09.513+0000] {standard_task_runner.py:88} INFO - Job 6: Subtask run_daily_revenue_etl
[2026-01-07T14:50:09.541+0000] {task_command.py:423} INFO - Running <TaskInstance: daily_revenue_etl_dag.run_daily_revenue_etl manual__2026-01-07T14:43:37.219022+00:00 [running]> on host 9cc5c046994b
[2026-01-07T14:50:09.581+0000] {taskinstance.py:2480} INFO - Exporting env vars: AIRFLOW_CTX_DAG_OWNER='data_engineer' AIRFLOW_CTX_DAG_ID='daily_revenue_etl_dag' AIRFLOW_CTX_TASK_ID='run_daily_revenue_etl' AIRFLOW_CTX_EXECUTION_DATE='2026-01-07T14:43:37.219022+00:00' AIRFLOW_CTX_TRY_NUMBER='3' AIRFLOW_CTX_DAG_RUN_ID='manual__2026-01-07T14:43:37.219022+00:00'
[2026-01-07T14:50:09.581+0000] {subprocess.py:63} INFO - Tmp dir root location: /tmp
[2026-01-07T14:50:09.582+0000] {subprocess.py:75} INFO - Running command: ['/usr/bin/bash', '-c', 'python /opt/***/scripts/daily_revenue_etl.py 2026-01-07']
[2026-01-07T14:50:09.588+0000] {subprocess.py:86} INFO - Output:
[2026-01-07T14:50:10.104+0000] {subprocess.py:93} INFO - Usage: python script.py <target_date>
[2026-01-07T14:50:10.157+0000] {subprocess.py:97} INFO - Command exited with return code 1
[2026-01-07T14:50:10.167+0000] {taskinstance.py:2698} ERROR - Task failed with exception
Traceback (most recent call last):
  File "/home/airflow/.local/lib/python3.8/site-packages/airflow/models/taskinstance.py", line 433, in _execute_task
    result = execute_callable(context=context, **execute_callable_kwargs)
  File "/home/airflow/.local/lib/python3.8/site-packages/airflow/operators/bash.py", line 212, in execute
    raise AirflowException(
airflow.exceptions.AirflowException: Bash command failed. The command returned a non-zero exit code 1.
[2026-01-07T14:50:10.170+0000] {taskinstance.py:1138} INFO - Marking task as UP_FOR_RETRY. dag_id=daily_revenue_etl_dag, task_id=run_daily_revenue_etl, execution_date=20260107T144337, start_date=20260107T145009, end_date=20260107T145010
[2026-01-07T14:50:10.177+0000] {standard_task_runner.py:107} ERROR - Failed to execute job 6 for task run_daily_revenue_etl (Bash command failed. The command returned a non-zero exit code 1.; 612)
[2026-01-07T14:50:10.196+0000] {local_task_job_runner.py:234} INFO - Task exited with return code 1
[2026-01-07T14:50:10.208+0000] {taskinstance.py:3280} INFO - 0 downstream tasks scheduled from follow-on schedule check
