[2026-01-07T14:53:14.622+0000] {taskinstance.py:1956} INFO - Dependencies all met for dep_context=non-requeueable deps ti=<TaskInstance: daily_revenue_etl_dag.run_daily_revenue_etl manual__2026-01-07T14:43:37.219022+00:00 [queued]>
[2026-01-07T14:53:14.628+0000] {taskinstance.py:1956} INFO - Dependencies all met for dep_context=requeueable deps ti=<TaskInstance: daily_revenue_etl_dag.run_daily_revenue_etl manual__2026-01-07T14:43:37.219022+00:00 [queued]>
[2026-01-07T14:53:14.629+0000] {taskinstance.py:2170} INFO - Starting attempt 4 of 4
[2026-01-07T14:53:14.638+0000] {taskinstance.py:2191} INFO - Executing <Task(BashOperator): run_daily_revenue_etl> on 2026-01-07 14:43:37.219022+00:00
[2026-01-07T14:53:14.641+0000] {standard_task_runner.py:60} INFO - Started process 641 to run task
[2026-01-07T14:53:14.645+0000] {standard_task_runner.py:87} INFO - Running: ['***', 'tasks', 'run', 'daily_revenue_etl_dag', 'run_daily_revenue_etl', 'manual__2026-01-07T14:43:37.219022+00:00', '--job-id', '7', '--raw', '--subdir', 'DAGS_FOLDER/daily_revenue_etl_dag.py', '--cfg-path', '/tmp/tmp0w8gc4j_']
[2026-01-07T14:53:14.648+0000] {standard_task_runner.py:88} INFO - Job 7: Subtask run_daily_revenue_etl
[2026-01-07T14:53:14.683+0000] {task_command.py:423} INFO - Running <TaskInstance: daily_revenue_etl_dag.run_daily_revenue_etl manual__2026-01-07T14:43:37.219022+00:00 [running]> on host 9cc5c046994b
[2026-01-07T14:50:49.967+0000] {taskinstance.py:2480} INFO - Exporting env vars: AIRFLOW_CTX_DAG_OWNER='data_engineer' AIRFLOW_CTX_DAG_ID='daily_revenue_etl_dag' AIRFLOW_CTX_TASK_ID='run_daily_revenue_etl' AIRFLOW_CTX_EXECUTION_DATE='2026-01-07T14:43:37.219022+00:00' AIRFLOW_CTX_TRY_NUMBER='4' AIRFLOW_CTX_DAG_RUN_ID='manual__2026-01-07T14:43:37.219022+00:00'
[2026-01-07T14:50:49.968+0000] {subprocess.py:63} INFO - Tmp dir root location: /tmp
[2026-01-07T14:50:49.968+0000] {subprocess.py:75} INFO - Running command: ['/usr/bin/bash', '-c', 'python /opt/***/scripts/daily_revenue_etl.py 2026-01-07']
[2026-01-07T14:50:49.974+0000] {subprocess.py:86} INFO - Output:
[2026-01-07T14:50:50.371+0000] {subprocess.py:93} INFO - Usage: python script.py <target_date>
[2026-01-07T14:50:50.422+0000] {subprocess.py:97} INFO - Command exited with return code 1
[2026-01-07T14:50:50.430+0000] {taskinstance.py:2698} ERROR - Task failed with exception
Traceback (most recent call last):
  File "/home/airflow/.local/lib/python3.8/site-packages/airflow/models/taskinstance.py", line 433, in _execute_task
    result = execute_callable(context=context, **execute_callable_kwargs)
  File "/home/airflow/.local/lib/python3.8/site-packages/airflow/operators/bash.py", line 212, in execute
    raise AirflowException(
airflow.exceptions.AirflowException: Bash command failed. The command returned a non-zero exit code 1.
[2026-01-07T14:50:50.434+0000] {taskinstance.py:1138} INFO - Marking task as FAILED. dag_id=daily_revenue_etl_dag, task_id=run_daily_revenue_etl, execution_date=20260107T144337, start_date=20260107T145314, end_date=20260107T145050
[2026-01-07T14:50:50.447+0000] {standard_task_runner.py:107} ERROR - Failed to execute job 7 for task run_daily_revenue_etl (Bash command failed. The command returned a non-zero exit code 1.; 641)
[2026-01-07T14:50:50.453+0000] {local_task_job_runner.py:234} INFO - Task exited with return code 1
[2026-01-07T14:50:50.469+0000] {taskinstance.py:3280} INFO - 0 downstream tasks scheduled from follow-on schedule check
