[2026-01-07T14:43:37.706+0000] {taskinstance.py:1956} INFO - Dependencies all met for dep_context=non-requeueable deps ti=<TaskInstance: daily_revenue_etl_dag.run_daily_revenue_etl manual__2026-01-07T14:43:37.219022+00:00 [queued]>
[2026-01-07T14:43:37.713+0000] {taskinstance.py:1956} INFO - Dependencies all met for dep_context=requeueable deps ti=<TaskInstance: daily_revenue_etl_dag.run_daily_revenue_etl manual__2026-01-07T14:43:37.219022+00:00 [queued]>
[2026-01-07T14:43:37.713+0000] {taskinstance.py:2170} INFO - Starting attempt 1 of 2
[2026-01-07T14:43:37.725+0000] {taskinstance.py:2191} INFO - Executing <Task(BashOperator): run_daily_revenue_etl> on 2026-01-07 14:43:37.219022+00:00
[2026-01-07T14:43:37.729+0000] {standard_task_runner.py:60} INFO - Started process 368 to run task
[2026-01-07T14:43:37.732+0000] {standard_task_runner.py:87} INFO - Running: ['***', 'tasks', 'run', 'daily_revenue_etl_dag', 'run_daily_revenue_etl', 'manual__2026-01-07T14:43:37.219022+00:00', '--job-id', '2', '--raw', '--subdir', 'DAGS_FOLDER/daily_revenue_etl_dag.py', '--cfg-path', '/tmp/tmprre0qyb_']
[2026-01-07T14:43:37.733+0000] {standard_task_runner.py:88} INFO - Job 2: Subtask run_daily_revenue_etl
[2026-01-07T14:43:37.768+0000] {task_command.py:423} INFO - Running <TaskInstance: daily_revenue_etl_dag.run_daily_revenue_etl manual__2026-01-07T14:43:37.219022+00:00 [running]> on host 9cc5c046994b
[2026-01-07T14:43:37.818+0000] {taskinstance.py:2480} INFO - Exporting env vars: AIRFLOW_CTX_DAG_OWNER='data_engineer' AIRFLOW_CTX_DAG_ID='daily_revenue_etl_dag' AIRFLOW_CTX_TASK_ID='run_daily_revenue_etl' AIRFLOW_CTX_EXECUTION_DATE='2026-01-07T14:43:37.219022+00:00' AIRFLOW_CTX_TRY_NUMBER='1' AIRFLOW_CTX_DAG_RUN_ID='manual__2026-01-07T14:43:37.219022+00:00'
[2026-01-07T14:43:37.819+0000] {subprocess.py:63} INFO - Tmp dir root location: /tmp
[2026-01-07T14:43:37.820+0000] {subprocess.py:75} INFO - Running command: ['/usr/bin/bash', '-c', 'python /opt/***/scripts/daily_revenue_etl.py 2026-01-07']
[2026-01-07T14:43:37.827+0000] {subprocess.py:86} INFO - Output:
[2026-01-07T14:43:38.833+0000] {subprocess.py:93} INFO - Usage: python script.py <target_date>
[2026-01-07T14:43:38.890+0000] {subprocess.py:97} INFO - Command exited with return code 1
[2026-01-07T14:43:38.897+0000] {taskinstance.py:2698} ERROR - Task failed with exception
Traceback (most recent call last):
  File "/home/airflow/.local/lib/python3.8/site-packages/airflow/models/taskinstance.py", line 433, in _execute_task
    result = execute_callable(context=context, **execute_callable_kwargs)
  File "/home/airflow/.local/lib/python3.8/site-packages/airflow/operators/bash.py", line 212, in execute
    raise AirflowException(
airflow.exceptions.AirflowException: Bash command failed. The command returned a non-zero exit code 1.
[2026-01-07T14:43:38.903+0000] {taskinstance.py:1138} INFO - Marking task as UP_FOR_RETRY. dag_id=daily_revenue_etl_dag, task_id=run_daily_revenue_etl, execution_date=20260107T144337, start_date=20260107T144337, end_date=20260107T144338
[2026-01-07T14:43:38.916+0000] {standard_task_runner.py:107} ERROR - Failed to execute job 2 for task run_daily_revenue_etl (Bash command failed. The command returned a non-zero exit code 1.; 368)
[2026-01-07T14:46:03.716+0000] {local_task_job_runner.py:234} INFO - Task exited with return code 1
[2026-01-07T14:46:03.732+0000] {taskinstance.py:3280} INFO - 0 downstream tasks scheduled from follow-on schedule check
