[2026-03-31T02:38:46.245+0000] {taskinstance.py:1956} INFO - Dependencies all met for dep_context=non-requeueable deps ti=<TaskInstance: Financial_risk_assessment_to_dw.run_mail_risk_data manual__2026-03-31T02:38:14.333851+00:00 [queued]>
[2026-03-31T02:38:46.255+0000] {taskinstance.py:1956} INFO - Dependencies all met for dep_context=requeueable deps ti=<TaskInstance: Financial_risk_assessment_to_dw.run_mail_risk_data manual__2026-03-31T02:38:14.333851+00:00 [queued]>
[2026-03-31T02:38:46.256+0000] {taskinstance.py:2170} INFO - Starting attempt 1 of 3
[2026-03-31T02:38:46.268+0000] {taskinstance.py:2191} INFO - Executing <Task(BashOperator): run_mail_risk_data> on 2026-03-31 02:38:14.333851+00:00
[2026-03-31T02:38:46.275+0000] {standard_task_runner.py:60} INFO - Started process 343 to run task
[2026-03-31T02:38:46.279+0000] {standard_task_runner.py:87} INFO - Running: ['airflow', 'tasks', 'run', 'Financial_risk_assessment_to_dw', 'run_mail_risk_data', 'manual__2026-03-31T02:38:14.333851+00:00', '--job-id', '14', '--raw', '--subdir', 'DAGS_FOLDER/etl_dags.py', '--cfg-path', '/tmp/tmpvzgc0cxe']
[2026-03-31T02:38:46.281+0000] {standard_task_runner.py:88} INFO - Job 14: Subtask run_mail_risk_data
[2026-03-31T02:38:46.376+0000] {task_command.py:423} INFO - Running <TaskInstance: Financial_risk_assessment_to_dw.run_mail_risk_data manual__2026-03-31T02:38:14.333851+00:00 [running]> on host c98c3409e32b
[2026-03-31T02:38:46.457+0000] {taskinstance.py:2480} INFO - Exporting env vars: AIRFLOW_CTX_DAG_OWNER='hieubtt' AIRFLOW_CTX_DAG_ID='Financial_risk_assessment_to_dw' AIRFLOW_CTX_TASK_ID='run_mail_risk_data' AIRFLOW_CTX_EXECUTION_DATE='2026-03-31T02:38:14.333851+00:00' AIRFLOW_CTX_TRY_NUMBER='1' AIRFLOW_CTX_DAG_RUN_ID='manual__2026-03-31T02:38:14.333851+00:00'
[2026-03-31T02:38:46.459+0000] {subprocess.py:63} INFO - Tmp dir root location: /tmp
[2026-03-31T02:38:46.460+0000] {subprocess.py:75} INFO - Running command: ['/usr/bin/bash', '-c', 'python /opt/airflow/scripts/Mail_Risk_Score.py']
[2026-03-31T02:38:46.472+0000] {subprocess.py:86} INFO - Output:
[2026-03-31T03:02:26.038+0000] {subprocess.py:93} INFO - Matplotlib is building the font cache; this may take a moment.
[2026-03-31T02:38:53.094+0000] {subprocess.py:93} INFO - /opt/airflow/scripts/Mail_Risk_Score.py:22: FutureWarning:
[2026-03-31T02:38:53.095+0000] {subprocess.py:93} INFO - 
[2026-03-31T02:38:53.095+0000] {subprocess.py:93} INFO - Passing `palette` without assigning `hue` is deprecated and will be removed in v0.14.0. Assign the `y` variable to `hue` and set `legend=False` for the same effect.
[2026-03-31T02:38:53.096+0000] {subprocess.py:93} INFO - 
[2026-03-31T02:38:53.096+0000] {subprocess.py:93} INFO -   ax = sns.barplot(x='risk_score', y='ID', data=df, palette='Reds_r')
[2026-03-31T02:38:53.097+0000] {subprocess.py:93} INFO - --- Bắt đầu tiến trình vẽ biểu đồ ---
[2026-03-31T02:38:53.097+0000] {subprocess.py:93} INFO - --- Đã lưu ảnh tại: /opt/airflow/data/daily_risk_chart.png ---
[2026-03-31T02:38:53.098+0000] {subprocess.py:93} INFO - --- Đang kết nối Gmail SMTP ---
[2026-03-31T02:38:53.098+0000] {subprocess.py:93} INFO - --- EMAIL ĐÃ GỬI THÀNH CÔNG! ---
[2026-03-31T02:38:53.303+0000] {subprocess.py:97} INFO - Command exited with return code 0
[2026-03-31T02:38:53.330+0000] {taskinstance.py:1138} INFO - Marking task as SUCCESS. dag_id=Financial_risk_assessment_to_dw, task_id=run_mail_risk_data, execution_date=20260331T023814, start_date=20260331T023846, end_date=20260331T023853
[2026-03-31T02:38:53.392+0000] {local_task_job_runner.py:234} INFO - Task exited with return code 0
[2026-03-31T02:38:53.413+0000] {taskinstance.py:3280} INFO - 0 downstream tasks scheduled from follow-on schedule check
