[2026-04-06T08:32:39.517+0000] {taskinstance.py:1956} INFO - Dependencies all met for dep_context=non-requeueable deps ti=<TaskInstance: Financial_risk_assessment_to_dw.run_mail_risk_data manual__2026-04-06T08:29:51.447895+00:00 [queued]>
[2026-04-06T08:32:39.531+0000] {taskinstance.py:1956} INFO - Dependencies all met for dep_context=requeueable deps ti=<TaskInstance: Financial_risk_assessment_to_dw.run_mail_risk_data manual__2026-04-06T08:29:51.447895+00:00 [queued]>
[2026-04-06T08:32:39.531+0000] {taskinstance.py:2170} INFO - Starting attempt 6 of 6
[2026-04-06T08:32:39.555+0000] {taskinstance.py:2191} INFO - Executing <Task(BashOperator): run_mail_risk_data> on 2026-04-06 08:29:51.447895+00:00
[2026-04-06T08:32:39.568+0000] {standard_task_runner.py:60} INFO - Started process 600 to run task
[2026-04-06T08:32:39.573+0000] {standard_task_runner.py:87} INFO - Running: ['airflow', 'tasks', 'run', 'Financial_risk_assessment_to_dw', 'run_mail_risk_data', 'manual__2026-04-06T08:29:51.447895+00:00', '--job-id', '11', '--raw', '--subdir', 'DAGS_FOLDER/etl_dags.py', '--cfg-path', '/tmp/tmpqsl96in3']
[2026-04-06T08:32:39.577+0000] {standard_task_runner.py:88} INFO - Job 11: Subtask run_mail_risk_data
[2026-04-06T08:32:39.722+0000] {task_command.py:423} INFO - Running <TaskInstance: Financial_risk_assessment_to_dw.run_mail_risk_data manual__2026-04-06T08:29:51.447895+00:00 [running]> on host daca910135df
[2026-04-06T08:32:39.824+0000] {taskinstance.py:2480} INFO - Exporting env vars: AIRFLOW_CTX_DAG_OWNER='hieubtt' AIRFLOW_CTX_DAG_ID='Financial_risk_assessment_to_dw' AIRFLOW_CTX_TASK_ID='run_mail_risk_data' AIRFLOW_CTX_EXECUTION_DATE='2026-04-06T08:29:51.447895+00:00' AIRFLOW_CTX_TRY_NUMBER='6' AIRFLOW_CTX_DAG_RUN_ID='manual__2026-04-06T08:29:51.447895+00:00'
[2026-04-06T08:32:39.827+0000] {subprocess.py:63} INFO - Tmp dir root location: /tmp
[2026-04-06T08:32:39.828+0000] {subprocess.py:75} INFO - Running command: ['/usr/bin/bash', '-c', 'python /opt/airflow/scripts/Mail_Risk_Score.py']
[2026-04-06T08:32:39.844+0000] {subprocess.py:86} INFO - Output:
[2026-04-06T08:32:42.472+0000] {subprocess.py:93} INFO - --- Bắt đầu tiến trình kết nối Database ---
[2026-04-06T08:32:42.474+0000] {subprocess.py:93} INFO - --- Đang thực thi query: SELECT DISTINCT ON (risk_score) id, risk_score FROM public.fin_risk_ml_result ORDER BY risk_score DESC LIMIT 10 ---
[2026-04-06T08:32:42.482+0000] {subprocess.py:93} INFO - Traceback (most recent call last):
[2026-04-06T08:32:42.483+0000] {subprocess.py:93} INFO -   File "/opt/airflow/scripts/Mail_Risk_Score.py", line 124, in <module>
[2026-04-06T08:32:42.484+0000] {subprocess.py:93} INFO -     export_and_email_risk_report()
[2026-04-06T08:32:42.485+0000] {subprocess.py:93} INFO -   File "/opt/airflow/scripts/Mail_Risk_Score.py", line 93, in export_and_email_risk_report
[2026-04-06T08:32:42.485+0000] {subprocess.py:93} INFO -     raise ValueError("!!! LỖI: Container không có biến EMAIL_USER. Kiểm tra lại docker-compose và .env")
[2026-04-06T08:32:42.486+0000] {subprocess.py:93} INFO - ValueError: !!! LỖI: Container không có biến EMAIL_USER. Kiểm tra lại docker-compose và .env
[2026-04-06T08:32:42.843+0000] {subprocess.py:97} INFO - Command exited with return code 1
[2026-04-06T08:32:42.853+0000] {taskinstance.py:2698} ERROR - Task failed with exception
Traceback (most recent call last):
  File "/home/airflow/.local/lib/python3.8/site-packages/airflow/models/taskinstance.py", line 433, in _execute_task
    result = execute_callable(context=context, **execute_callable_kwargs)
  File "/home/airflow/.local/lib/python3.8/site-packages/airflow/operators/bash.py", line 212, in execute
    raise AirflowException(
airflow.exceptions.AirflowException: Bash command failed. The command returned a non-zero exit code 1.
[2026-04-06T08:32:42.857+0000] {taskinstance.py:1138} INFO - Marking task as FAILED. dag_id=Financial_risk_assessment_to_dw, task_id=run_mail_risk_data, execution_date=20260406T082951, start_date=20260406T083239, end_date=20260406T083242
[2026-04-06T08:32:42.869+0000] {standard_task_runner.py:107} ERROR - Failed to execute job 11 for task run_mail_risk_data (Bash command failed. The command returned a non-zero exit code 1.; 600)
[2026-04-06T08:32:42.890+0000] {local_task_job_runner.py:234} INFO - Task exited with return code 1
[2026-04-06T08:32:42.919+0000] {taskinstance.py:3280} INFO - 0 downstream tasks scheduled from follow-on schedule check
