[2026-03-24T08:10:30.409+0000] {taskinstance.py:1956} INFO - Dependencies all met for dep_context=non-requeueable deps ti=<TaskInstance: Financial_risk_assessment_to_dw.run_ml_risk_data manual__2026-03-24T08:10:17.726966+00:00 [queued]>
[2026-03-24T08:10:30.420+0000] {taskinstance.py:1956} INFO - Dependencies all met for dep_context=requeueable deps ti=<TaskInstance: Financial_risk_assessment_to_dw.run_ml_risk_data manual__2026-03-24T08:10:17.726966+00:00 [queued]>
[2026-03-24T08:10:30.422+0000] {taskinstance.py:2170} INFO - Starting attempt 1 of 3
[2026-03-24T08:10:30.439+0000] {taskinstance.py:2191} INFO - Executing <Task(BashOperator): run_ml_risk_data> on 2026-03-24 08:10:17.726966+00:00
[2026-03-24T08:10:30.445+0000] {standard_task_runner.py:60} INFO - Started process 246 to run task
[2026-03-24T08:10:30.449+0000] {standard_task_runner.py:87} INFO - Running: ['airflow', 'tasks', 'run', 'Financial_risk_assessment_to_dw', 'run_ml_risk_data', 'manual__2026-03-24T08:10:17.726966+00:00', '--job-id', '5', '--raw', '--subdir', 'DAGS_FOLDER/etl_dags.py', '--cfg-path', '/tmp/tmpc9ojlxoc']
[2026-03-24T08:10:30.452+0000] {standard_task_runner.py:88} INFO - Job 5: Subtask run_ml_risk_data
[2026-03-24T08:10:30.541+0000] {task_command.py:423} INFO - Running <TaskInstance: Financial_risk_assessment_to_dw.run_ml_risk_data manual__2026-03-24T08:10:17.726966+00:00 [running]> on host 8529dc9e7963
[2026-03-24T08:10:30.623+0000] {taskinstance.py:2480} INFO - Exporting env vars: AIRFLOW_CTX_DAG_OWNER='hieubtt' AIRFLOW_CTX_DAG_ID='Financial_risk_assessment_to_dw' AIRFLOW_CTX_TASK_ID='run_ml_risk_data' AIRFLOW_CTX_EXECUTION_DATE='2026-03-24T08:10:17.726966+00:00' AIRFLOW_CTX_TRY_NUMBER='1' AIRFLOW_CTX_DAG_RUN_ID='manual__2026-03-24T08:10:17.726966+00:00'
[2026-03-24T08:10:30.625+0000] {subprocess.py:63} INFO - Tmp dir root location: /tmp
[2026-03-24T08:10:30.626+0000] {subprocess.py:75} INFO - Running command: ['/usr/bin/bash', '-c', 'python /opt/airflow/scripts/train_risk_model.py']
[2026-03-24T08:10:30.637+0000] {subprocess.py:86} INFO - Output:
[2026-03-24T08:10:31.272+0000] {subprocess.py:93} INFO - Traceback (most recent call last):
[2026-03-24T08:10:31.273+0000] {subprocess.py:93} INFO -   File "/opt/airflow/scripts/train_risk_model.py", line 5, in <module>
[2026-03-24T08:10:31.273+0000] {subprocess.py:93} INFO -     from sklearn.ensemble import RandomForestRegressor
[2026-03-24T08:10:31.274+0000] {subprocess.py:93} INFO - ModuleNotFoundError: No module named 'sklearn'
[2026-03-24T08:10:31.360+0000] {subprocess.py:97} INFO - Command exited with return code 1
[2026-03-24T08:10:31.372+0000] {taskinstance.py:2698} ERROR - Task failed with exception
Traceback (most recent call last):
  File "/home/airflow/.local/lib/python3.8/site-packages/airflow/models/taskinstance.py", line 433, in _execute_task
    result = execute_callable(context=context, **execute_callable_kwargs)
  File "/home/airflow/.local/lib/python3.8/site-packages/airflow/operators/bash.py", line 212, in execute
    raise AirflowException(
airflow.exceptions.AirflowException: Bash command failed. The command returned a non-zero exit code 1.
[2026-03-24T08:10:31.376+0000] {taskinstance.py:1138} INFO - Marking task as UP_FOR_RETRY. dag_id=Financial_risk_assessment_to_dw, task_id=run_ml_risk_data, execution_date=20260324T081017, start_date=20260324T081030, end_date=20260324T081031
[2026-03-24T08:10:31.391+0000] {standard_task_runner.py:107} ERROR - Failed to execute job 5 for task run_ml_risk_data (Bash command failed. The command returned a non-zero exit code 1.; 246)
[2026-03-24T08:10:31.429+0000] {local_task_job_runner.py:234} INFO - Task exited with return code 1
[2026-03-24T08:10:31.455+0000] {taskinstance.py:3280} INFO - 0 downstream tasks scheduled from follow-on schedule check
