[2026-03-31T05:50:41.807+0000] {taskinstance.py:1956} INFO - Dependencies all met for dep_context=non-requeueable deps ti=<TaskInstance: Financial_risk_assessment_to_dw.run_mail_risk_data manual__2026-03-31T05:50:27.038065+00:00 [queued]>
[2026-03-31T05:50:41.813+0000] {taskinstance.py:1956} INFO - Dependencies all met for dep_context=requeueable deps ti=<TaskInstance: Financial_risk_assessment_to_dw.run_mail_risk_data manual__2026-03-31T05:50:27.038065+00:00 [queued]>
[2026-03-31T05:50:41.814+0000] {taskinstance.py:2170} INFO - Starting attempt 1 of 3
[2026-03-31T05:50:41.823+0000] {taskinstance.py:2191} INFO - Executing <Task(BashOperator): run_mail_risk_data> on 2026-03-31 05:50:27.038065+00:00
[2026-03-31T05:50:41.828+0000] {standard_task_runner.py:60} INFO - Started process 316 to run task
[2026-03-31T05:50:41.831+0000] {standard_task_runner.py:87} INFO - Running: ['airflow', 'tasks', 'run', 'Financial_risk_assessment_to_dw', 'run_mail_risk_data', 'manual__2026-03-31T05:50:27.038065+00:00', '--job-id', '6', '--raw', '--subdir', 'DAGS_FOLDER/etl_dags.py', '--cfg-path', '/tmp/tmplmqnf9ki']
[2026-03-31T05:50:41.832+0000] {standard_task_runner.py:88} INFO - Job 6: Subtask run_mail_risk_data
[2026-03-31T05:50:41.879+0000] {task_command.py:423} INFO - Running <TaskInstance: Financial_risk_assessment_to_dw.run_mail_risk_data manual__2026-03-31T05:50:27.038065+00:00 [running]> on host d96761ba82ac
[2026-03-31T05:50:41.933+0000] {taskinstance.py:2480} INFO - Exporting env vars: AIRFLOW_CTX_DAG_OWNER='hieubtt' AIRFLOW_CTX_DAG_ID='Financial_risk_assessment_to_dw' AIRFLOW_CTX_TASK_ID='run_mail_risk_data' AIRFLOW_CTX_EXECUTION_DATE='2026-03-31T05:50:27.038065+00:00' AIRFLOW_CTX_TRY_NUMBER='1' AIRFLOW_CTX_DAG_RUN_ID='manual__2026-03-31T05:50:27.038065+00:00'
[2026-03-31T05:50:41.934+0000] {subprocess.py:63} INFO - Tmp dir root location: /tmp
[2026-03-31T05:50:41.936+0000] {subprocess.py:75} INFO - Running command: ['/usr/bin/bash', '-c', 'python /opt/airflow/scripts/Mail_Risk_Score.py']
[2026-03-31T05:50:41.943+0000] {subprocess.py:86} INFO - Output:
[2026-03-31T05:50:47.527+0000] {subprocess.py:93} INFO - --- Bắt đầu tiến trình kết nối Database ---
[2026-03-31T05:50:47.528+0000] {subprocess.py:93} INFO - --- Đang thực thi query: SELECT id, risk_score FROM fin_risk_ml_result ---
[2026-03-31T05:50:47.529+0000] {subprocess.py:93} INFO - --- EMAIL ĐÃ GỬI THÀNH CÔNG! ---
[2026-03-31T05:50:47.654+0000] {subprocess.py:97} INFO - Command exited with return code 0
[2026-03-31T05:50:47.676+0000] {taskinstance.py:1138} INFO - Marking task as SUCCESS. dag_id=Financial_risk_assessment_to_dw, task_id=run_mail_risk_data, execution_date=20260331T055027, start_date=20260331T055041, end_date=20260331T055047
[2026-03-31T06:02:35.168+0000] {local_task_job_runner.py:121} ERROR - Received SIGTERM. Terminating subprocesses
[2026-03-31T06:02:35.174+0000] {local_task_job_runner.py:234} INFO - Task exited with return code 143
[2026-03-31T06:02:35.199+0000] {taskinstance.py:3280} INFO - 0 downstream tasks scheduled from follow-on schedule check
