[2026-03-27T08:38:22.240+0000] {taskinstance.py:1956} INFO - Dependencies all met for dep_context=non-requeueable deps ti=<TaskInstance: Financial_risk_assessment_to_dw.run_mail_risk_data manual__2026-03-27T08:14:34.612437+00:00 [queued]>
[2026-03-27T08:38:22.273+0000] {taskinstance.py:1956} INFO - Dependencies all met for dep_context=requeueable deps ti=<TaskInstance: Financial_risk_assessment_to_dw.run_mail_risk_data manual__2026-03-27T08:14:34.612437+00:00 [queued]>
[2026-03-27T08:38:22.274+0000] {taskinstance.py:2170} INFO - Starting attempt 1 of 3
[2026-03-27T08:38:22.302+0000] {taskinstance.py:2191} INFO - Executing <Task(BashOperator): run_mail_risk_data> on 2026-03-27 08:14:34.612437+00:00
[2026-03-27T08:38:22.312+0000] {standard_task_runner.py:60} INFO - Started process 325 to run task
[2026-03-27T08:38:22.316+0000] {standard_task_runner.py:87} INFO - Running: ['airflow', 'tasks', 'run', 'Financial_risk_assessment_to_dw', 'run_mail_risk_data', 'manual__2026-03-27T08:14:34.612437+00:00', '--job-id', '6', '--raw', '--subdir', 'DAGS_FOLDER/etl_dags.py', '--cfg-path', '/tmp/tmpguji0iyq']
[2026-03-27T08:38:22.319+0000] {standard_task_runner.py:88} INFO - Job 6: Subtask run_mail_risk_data
[2026-03-27T08:38:22.408+0000] {task_command.py:423} INFO - Running <TaskInstance: Financial_risk_assessment_to_dw.run_mail_risk_data manual__2026-03-27T08:14:34.612437+00:00 [running]> on host a6122231bf32
[2026-03-27T08:38:22.474+0000] {taskinstance.py:2480} INFO - Exporting env vars: AIRFLOW_CTX_DAG_OWNER='hieubtt' AIRFLOW_CTX_DAG_ID='Financial_risk_assessment_to_dw' AIRFLOW_CTX_TASK_ID='run_mail_risk_data' AIRFLOW_CTX_EXECUTION_DATE='2026-03-27T08:14:34.612437+00:00' AIRFLOW_CTX_TRY_NUMBER='1' AIRFLOW_CTX_DAG_RUN_ID='manual__2026-03-27T08:14:34.612437+00:00'
[2026-03-27T08:38:22.476+0000] {subprocess.py:63} INFO - Tmp dir root location: /tmp
[2026-03-27T08:38:22.477+0000] {subprocess.py:75} INFO - Running command: ['/usr/bin/bash', '-c', 'python /opt/airflow/scripts/Mail_Risk_Score.py']
[2026-03-27T08:38:22.487+0000] {subprocess.py:86} INFO - Output:
[2026-03-27T08:14:55.856+0000] {subprocess.py:93} INFO - /opt/airflow/scripts/Mail_Risk_Score.py:22: FutureWarning:
[2026-03-27T08:14:55.859+0000] {subprocess.py:93} INFO - 
[2026-03-27T08:14:55.860+0000] {subprocess.py:93} INFO - Passing `palette` without assigning `hue` is deprecated and will be removed in v0.14.0. Assign the `y` variable to `hue` and set `legend=False` for the same effect.
[2026-03-27T08:14:55.860+0000] {subprocess.py:93} INFO - 
[2026-03-27T08:14:55.861+0000] {subprocess.py:93} INFO -   ax = sns.barplot(x='risk_score', y='ID', data=df, palette='Reds_r')
[2026-03-27T08:14:55.862+0000] {subprocess.py:93} INFO - --- Bắt đầu tiến trình vẽ biểu đồ ---
[2026-03-27T08:14:55.862+0000] {subprocess.py:93} INFO - --- Đã lưu ảnh tại: /opt/airflow/data/daily_risk_chart.png ---
[2026-03-27T08:14:55.863+0000] {subprocess.py:93} INFO - --- Đang kết nối Gmail SMTP ---
[2026-03-27T08:14:55.863+0000] {subprocess.py:93} INFO - !!! LỖI GỬI MAIL: (535, b'5.7.8 Username and Password not accepted. For more information, go to\n5.7.8  https://support.google.com/mail/?p=BadCredentials 98e67ed59e1d1-35c22ce693csm3867900a91.14 - gsmtp')
[2026-03-27T08:14:56.026+0000] {subprocess.py:97} INFO - Command exited with return code 1
[2026-03-27T08:14:56.039+0000] {taskinstance.py:2698} ERROR - Task failed with exception
Traceback (most recent call last):
  File "/home/airflow/.local/lib/python3.8/site-packages/airflow/models/taskinstance.py", line 433, in _execute_task
    result = execute_callable(context=context, **execute_callable_kwargs)
  File "/home/airflow/.local/lib/python3.8/site-packages/airflow/operators/bash.py", line 212, in execute
    raise AirflowException(
airflow.exceptions.AirflowException: Bash command failed. The command returned a non-zero exit code 1.
[2026-03-27T08:14:56.043+0000] {taskinstance.py:1138} INFO - Marking task as UP_FOR_RETRY. dag_id=Financial_risk_assessment_to_dw, task_id=run_mail_risk_data, execution_date=20260327T081434, start_date=20260327T083822, end_date=20260327T081456
[2026-03-27T08:14:56.055+0000] {standard_task_runner.py:107} ERROR - Failed to execute job 6 for task run_mail_risk_data (Bash command failed. The command returned a non-zero exit code 1.; 325)
[2026-03-27T08:18:00.214+0000] {local_task_job_runner.py:121} ERROR - Received SIGTERM. Terminating subprocesses
[2026-03-27T08:18:00.216+0000] {local_task_job_runner.py:234} INFO - Task exited with return code 143
[2026-03-27T08:18:00.236+0000] {taskinstance.py:3280} INFO - 0 downstream tasks scheduled from follow-on schedule check
