[2026-04-06T08:41:14.605+0000] {taskinstance.py:1956} INFO - Dependencies all met for dep_context=non-requeueable deps ti=<TaskInstance: Financial_risk_assessment_to_dw.run_etl manual__2026-04-06T08:41:12.747265+00:00 [queued]>
[2026-04-06T08:41:14.617+0000] {taskinstance.py:1956} INFO - Dependencies all met for dep_context=requeueable deps ti=<TaskInstance: Financial_risk_assessment_to_dw.run_etl manual__2026-04-06T08:41:12.747265+00:00 [queued]>
[2026-04-06T08:41:14.618+0000] {taskinstance.py:2170} INFO - Starting attempt 1 of 3
[2026-04-06T08:41:14.635+0000] {taskinstance.py:2191} INFO - Executing <Task(BashOperator): run_etl> on 2026-04-06 08:41:12.747265+00:00
[2026-04-06T08:41:14.641+0000] {standard_task_runner.py:60} INFO - Started process 338 to run task
[2026-04-06T08:41:14.649+0000] {standard_task_runner.py:87} INFO - Running: ['airflow', 'tasks', 'run', 'Financial_risk_assessment_to_dw', 'run_etl', 'manual__2026-04-06T08:41:12.747265+00:00', '--job-id', '6', '--raw', '--subdir', 'DAGS_FOLDER/etl_dags.py', '--cfg-path', '/tmp/tmp_0krbm2g']
[2026-04-06T08:41:14.652+0000] {standard_task_runner.py:88} INFO - Job 6: Subtask run_etl
[2026-04-06T08:41:14.775+0000] {task_command.py:423} INFO - Running <TaskInstance: Financial_risk_assessment_to_dw.run_etl manual__2026-04-06T08:41:12.747265+00:00 [running]> on host edf6b9ff387c
[2026-04-06T08:41:14.927+0000] {taskinstance.py:2480} INFO - Exporting env vars: AIRFLOW_CTX_DAG_OWNER='hieubtt' AIRFLOW_CTX_DAG_ID='Financial_risk_assessment_to_dw' AIRFLOW_CTX_TASK_ID='run_etl' AIRFLOW_CTX_EXECUTION_DATE='2026-04-06T08:41:12.747265+00:00' AIRFLOW_CTX_TRY_NUMBER='1' AIRFLOW_CTX_DAG_RUN_ID='manual__2026-04-06T08:41:12.747265+00:00'
[2026-04-06T08:41:14.930+0000] {subprocess.py:63} INFO - Tmp dir root location: /tmp
[2026-04-06T08:41:14.931+0000] {subprocess.py:75} INFO - Running command: ['/usr/bin/bash', '-c', 'python /opt/airflow/scripts/extract_fin_risk_csv.py']
[2026-04-06T08:41:14.997+0000] {subprocess.py:86} INFO - Output:
[2026-04-06T09:05:11.682+0000] {subprocess.py:93} INFO - Đã chạy được lần 1 1000 dòng dữ liệu và hiện đang tiếp tục ...
[2026-04-06T09:05:11.684+0000] {subprocess.py:93} INFO - Đã chạy được lần 2 1000 dòng dữ liệu và hiện đang tiếp tục ...
[2026-04-06T09:05:11.686+0000] {subprocess.py:93} INFO - Đã chạy được lần 3 1000 dòng dữ liệu và hiện đang tiếp tục ...
[2026-04-06T09:05:11.687+0000] {subprocess.py:93} INFO - Đã chạy được lần 4 1000 dòng dữ liệu và hiện đang tiếp tục ...
[2026-04-06T09:05:11.688+0000] {subprocess.py:93} INFO - Đã chạy được lần 5 1000 dòng dữ liệu và hiện đang tiếp tục ...
[2026-04-06T09:05:11.688+0000] {subprocess.py:93} INFO - Đã chạy được lần 6 1000 dòng dữ liệu và hiện đang tiếp tục ...
[2026-04-06T09:05:11.689+0000] {subprocess.py:93} INFO - Đã chạy được lần 7 1000 dòng dữ liệu và hiện đang tiếp tục ...
[2026-04-06T09:05:11.689+0000] {subprocess.py:93} INFO - Đã chạy được lần 8 1000 dòng dữ liệu và hiện đang tiếp tục ...
[2026-04-06T09:05:11.689+0000] {subprocess.py:93} INFO - Đã chạy được lần 9 1000 dòng dữ liệu và hiện đang tiếp tục ...
[2026-04-06T09:05:11.690+0000] {subprocess.py:93} INFO - Đã chạy được lần 10 1000 dòng dữ liệu và hiện đang tiếp tục ...
[2026-04-06T09:05:11.690+0000] {subprocess.py:93} INFO - Đã chạy được lần 11 1000 dòng dữ liệu và hiện đang tiếp tục ...
[2026-04-06T09:05:11.691+0000] {subprocess.py:93} INFO - Đã chạy được lần 12 1000 dòng dữ liệu và hiện đang tiếp tục ...
[2026-04-06T09:05:11.691+0000] {subprocess.py:93} INFO - Đã chạy được lần 13 1000 dòng dữ liệu và hiện đang tiếp tục ...
[2026-04-06T09:05:11.691+0000] {subprocess.py:93} INFO - Đã chạy được lần 14 1000 dòng dữ liệu và hiện đang tiếp tục ...
[2026-04-06T09:05:11.692+0000] {subprocess.py:93} INFO - Đã chạy được lần 15 1000 dòng dữ liệu và hiện đang tiếp tục ...
[2026-04-06T09:05:11.692+0000] {subprocess.py:93} INFO - ETL PASSED | RUN_ID=RUN_6120440e
[2026-04-06T09:05:11.807+0000] {subprocess.py:97} INFO - Command exited with return code 0
[2026-04-06T09:05:11.831+0000] {taskinstance.py:1138} INFO - Marking task as SUCCESS. dag_id=Financial_risk_assessment_to_dw, task_id=run_etl, execution_date=20260406T084112, start_date=20260406T084114, end_date=20260406T090511
[2026-04-06T09:05:11.858+0000] {local_task_job_runner.py:234} INFO - Task exited with return code 0
[2026-04-06T09:05:11.890+0000] {taskinstance.py:3280} INFO - 1 downstream tasks scheduled from follow-on schedule check
