[2026-03-20T09:47:13.360+0000] {processor.py:161} INFO - Started process (PID=174) to work on /opt/airflow/dags/daily_revenue_etl_dag.py
[2026-03-20T09:47:13.363+0000] {processor.py:830} INFO - Processing file /opt/airflow/dags/daily_revenue_etl_dag.py for tasks to queue
[2026-03-20T09:47:13.365+0000] {logging_mixin.py:188} INFO - [2026-03-20T09:47:13.364+0000] {dagbag.py:538} INFO - Filling up the DagBag from /opt/airflow/dags/daily_revenue_etl_dag.py
[2026-03-20T09:47:13.411+0000] {processor.py:840} INFO - DAG(s) 'daily_revenue_etl_dag' retrieved from /opt/airflow/dags/daily_revenue_etl_dag.py
[2026-03-20T09:47:13.495+0000] {logging_mixin.py:188} INFO - [2026-03-20T09:47:13.495+0000] {dag.py:3036} INFO - Sync 1 DAGs
[2026-03-20T09:47:13.534+0000] {logging_mixin.py:188} INFO - [2026-03-20T09:47:13.533+0000] {dag.py:3823} INFO - Setting next_dagrun for daily_revenue_etl_dag to 2026-03-20 00:00:00+00:00, run_after=2026-03-21 00:00:00+00:00
[2026-03-20T09:47:13.564+0000] {processor.py:183} INFO - Processing /opt/airflow/dags/daily_revenue_etl_dag.py took 0.212 seconds
[2026-03-20T09:47:43.856+0000] {processor.py:161} INFO - Started process (PID=183) to work on /opt/airflow/dags/daily_revenue_etl_dag.py
[2026-03-20T09:47:43.858+0000] {processor.py:830} INFO - Processing file /opt/airflow/dags/daily_revenue_etl_dag.py for tasks to queue
[2026-03-20T09:47:43.861+0000] {logging_mixin.py:188} INFO - [2026-03-20T09:47:43.860+0000] {dagbag.py:538} INFO - Filling up the DagBag from /opt/airflow/dags/daily_revenue_etl_dag.py
[2026-03-20T09:47:43.908+0000] {processor.py:840} INFO - DAG(s) 'daily_revenue_etl_dag' retrieved from /opt/airflow/dags/daily_revenue_etl_dag.py
[2026-03-20T09:47:43.974+0000] {logging_mixin.py:188} INFO - [2026-03-20T09:47:43.973+0000] {dag.py:3036} INFO - Sync 1 DAGs
[2026-03-20T09:47:44.015+0000] {logging_mixin.py:188} INFO - [2026-03-20T09:47:44.014+0000] {dag.py:3823} INFO - Setting next_dagrun for daily_revenue_etl_dag to 2026-03-20 00:00:00+00:00, run_after=2026-03-21 00:00:00+00:00
[2026-03-20T09:47:44.056+0000] {processor.py:183} INFO - Processing /opt/airflow/dags/daily_revenue_etl_dag.py took 0.217 seconds
[2026-03-20T10:11:07.240+0000] {processor.py:161} INFO - Started process (PID=188) to work on /opt/airflow/dags/daily_revenue_etl_dag.py
[2026-03-20T10:11:07.243+0000] {processor.py:830} INFO - Processing file /opt/airflow/dags/daily_revenue_etl_dag.py for tasks to queue
[2026-03-20T10:11:07.248+0000] {logging_mixin.py:188} INFO - [2026-03-20T10:11:07.247+0000] {dagbag.py:538} INFO - Filling up the DagBag from /opt/airflow/dags/daily_revenue_etl_dag.py
[2026-03-20T10:11:07.288+0000] {processor.py:840} INFO - DAG(s) 'daily_revenue_etl_dag' retrieved from /opt/airflow/dags/daily_revenue_etl_dag.py
[2026-03-20T10:11:07.335+0000] {logging_mixin.py:188} INFO - [2026-03-20T10:11:07.335+0000] {dag.py:3036} INFO - Sync 1 DAGs
[2026-03-20T10:11:07.420+0000] {logging_mixin.py:188} INFO - [2026-03-20T10:11:07.420+0000] {dag.py:3823} INFO - Setting next_dagrun for daily_revenue_etl_dag to 2026-03-20 00:00:00+00:00, run_after=2026-03-21 00:00:00+00:00
[2026-03-20T09:47:45.151+0000] {processor.py:183} INFO - Processing /opt/airflow/dags/daily_revenue_etl_dag.py took 0.266 seconds
[2026-03-20T09:48:15.376+0000] {processor.py:161} INFO - Started process (PID=196) to work on /opt/airflow/dags/daily_revenue_etl_dag.py
[2026-03-20T09:48:15.378+0000] {processor.py:830} INFO - Processing file /opt/airflow/dags/daily_revenue_etl_dag.py for tasks to queue
[2026-03-20T09:48:15.381+0000] {logging_mixin.py:188} INFO - [2026-03-20T09:48:15.380+0000] {dagbag.py:538} INFO - Filling up the DagBag from /opt/airflow/dags/daily_revenue_etl_dag.py
[2026-03-20T09:48:15.419+0000] {processor.py:840} INFO - DAG(s) 'daily_revenue_etl_dag' retrieved from /opt/airflow/dags/daily_revenue_etl_dag.py
[2026-03-20T09:48:15.454+0000] {logging_mixin.py:188} INFO - [2026-03-20T09:48:15.454+0000] {dag.py:3036} INFO - Sync 1 DAGs
[2026-03-20T09:48:15.488+0000] {logging_mixin.py:188} INFO - [2026-03-20T09:48:15.487+0000] {dag.py:3823} INFO - Setting next_dagrun for daily_revenue_etl_dag to 2026-03-20 00:00:00+00:00, run_after=2026-03-21 00:00:00+00:00
[2026-03-20T09:48:15.507+0000] {processor.py:183} INFO - Processing /opt/airflow/dags/daily_revenue_etl_dag.py took 0.139 seconds
[2026-03-20T10:11:40.792+0000] {processor.py:161} INFO - Started process (PID=201) to work on /opt/airflow/dags/daily_revenue_etl_dag.py
[2026-03-20T10:11:40.794+0000] {processor.py:830} INFO - Processing file /opt/airflow/dags/daily_revenue_etl_dag.py for tasks to queue
[2026-03-20T10:11:40.796+0000] {logging_mixin.py:188} INFO - [2026-03-20T10:11:40.796+0000] {dagbag.py:538} INFO - Filling up the DagBag from /opt/airflow/dags/daily_revenue_etl_dag.py
[2026-03-20T09:48:18.480+0000] {processor.py:840} INFO - DAG(s) 'daily_revenue_etl_dag' retrieved from /opt/airflow/dags/daily_revenue_etl_dag.py
[2026-03-20T09:48:18.544+0000] {logging_mixin.py:188} INFO - [2026-03-20T09:48:18.543+0000] {dag.py:3036} INFO - Sync 1 DAGs
[2026-03-20T09:48:18.586+0000] {logging_mixin.py:188} INFO - [2026-03-20T09:48:18.586+0000] {dag.py:3823} INFO - Setting next_dagrun for daily_revenue_etl_dag to 2026-03-20 00:00:00+00:00, run_after=2026-03-21 00:00:00+00:00
[2026-03-20T09:48:18.630+0000] {processor.py:183} INFO - Processing /opt/airflow/dags/daily_revenue_etl_dag.py took 0.191 seconds
[2026-03-20T09:48:48.860+0000] {processor.py:161} INFO - Started process (PID=209) to work on /opt/airflow/dags/daily_revenue_etl_dag.py
[2026-03-20T09:48:48.862+0000] {processor.py:830} INFO - Processing file /opt/airflow/dags/daily_revenue_etl_dag.py for tasks to queue
[2026-03-20T09:48:48.865+0000] {logging_mixin.py:188} INFO - [2026-03-20T09:48:48.864+0000] {dagbag.py:538} INFO - Filling up the DagBag from /opt/airflow/dags/daily_revenue_etl_dag.py
[2026-03-20T09:48:48.906+0000] {processor.py:840} INFO - DAG(s) 'daily_revenue_etl_dag' retrieved from /opt/airflow/dags/daily_revenue_etl_dag.py
[2026-03-20T09:48:48.967+0000] {logging_mixin.py:188} INFO - [2026-03-20T09:48:48.967+0000] {dag.py:3036} INFO - Sync 1 DAGs
[2026-03-20T09:48:49.053+0000] {logging_mixin.py:188} INFO - [2026-03-20T09:48:49.052+0000] {dag.py:3823} INFO - Setting next_dagrun for daily_revenue_etl_dag to 2026-03-20 00:00:00+00:00, run_after=2026-03-21 00:00:00+00:00
[2026-03-20T09:48:49.132+0000] {processor.py:183} INFO - Processing /opt/airflow/dags/daily_revenue_etl_dag.py took 0.278 seconds
[2026-03-20T09:48:50.262+0000] {processor.py:161} INFO - Started process (PID=214) to work on /opt/airflow/dags/daily_revenue_etl_dag.py
[2026-03-20T09:48:50.272+0000] {processor.py:830} INFO - Processing file /opt/airflow/dags/daily_revenue_etl_dag.py for tasks to queue
[2026-03-20T09:48:50.280+0000] {logging_mixin.py:188} INFO - [2026-03-20T09:48:50.277+0000] {dagbag.py:538} INFO - Filling up the DagBag from /opt/airflow/dags/daily_revenue_etl_dag.py
[2026-03-20T09:48:50.397+0000] {processor.py:840} INFO - DAG(s) 'daily_revenue_etl_dag' retrieved from /opt/airflow/dags/daily_revenue_etl_dag.py
[2026-03-20T09:48:50.478+0000] {logging_mixin.py:188} INFO - [2026-03-20T09:48:50.478+0000] {dag.py:3036} INFO - Sync 1 DAGs
[2026-03-20T09:48:50.544+0000] {logging_mixin.py:188} INFO - [2026-03-20T09:48:50.543+0000] {dag.py:3823} INFO - Setting next_dagrun for daily_revenue_etl_dag to 2026-03-20 00:00:00+00:00, run_after=2026-03-21 00:00:00+00:00
[2026-03-20T09:48:50.576+0000] {processor.py:183} INFO - Processing /opt/airflow/dags/daily_revenue_etl_dag.py took 0.328 seconds
[2026-03-20T10:12:40.780+0000] {processor.py:161} INFO - Started process (PID=219) to work on /opt/airflow/dags/daily_revenue_etl_dag.py
[2026-03-20T10:12:40.782+0000] {processor.py:830} INFO - Processing file /opt/airflow/dags/daily_revenue_etl_dag.py for tasks to queue
[2026-03-20T10:12:40.783+0000] {logging_mixin.py:188} INFO - [2026-03-20T10:12:40.783+0000] {dagbag.py:538} INFO - Filling up the DagBag from /opt/airflow/dags/daily_revenue_etl_dag.py
[2026-03-20T10:12:40.822+0000] {processor.py:840} INFO - DAG(s) 'daily_revenue_etl_dag' retrieved from /opt/airflow/dags/daily_revenue_etl_dag.py
[2026-03-20T09:49:18.522+0000] {logging_mixin.py:188} INFO - [2026-03-20T09:49:18.522+0000] {dag.py:3036} INFO - Sync 1 DAGs
[2026-03-20T09:49:18.555+0000] {logging_mixin.py:188} INFO - [2026-03-20T09:49:18.554+0000] {dag.py:3823} INFO - Setting next_dagrun for daily_revenue_etl_dag to 2026-03-20 00:00:00+00:00, run_after=2026-03-21 00:00:00+00:00
[2026-03-20T09:49:18.576+0000] {processor.py:183} INFO - Processing /opt/airflow/dags/daily_revenue_etl_dag.py took 0.143 seconds
[2026-03-20T09:49:48.691+0000] {processor.py:161} INFO - Started process (PID=224) to work on /opt/airflow/dags/daily_revenue_etl_dag.py
[2026-03-20T09:49:48.693+0000] {processor.py:830} INFO - Processing file /opt/airflow/dags/daily_revenue_etl_dag.py for tasks to queue
[2026-03-20T09:49:48.695+0000] {logging_mixin.py:188} INFO - [2026-03-20T09:49:48.695+0000] {dagbag.py:538} INFO - Filling up the DagBag from /opt/airflow/dags/daily_revenue_etl_dag.py
[2026-03-20T09:49:48.729+0000] {processor.py:840} INFO - DAG(s) 'daily_revenue_etl_dag' retrieved from /opt/airflow/dags/daily_revenue_etl_dag.py
[2026-03-20T09:49:48.793+0000] {logging_mixin.py:188} INFO - [2026-03-20T09:49:48.792+0000] {dag.py:3036} INFO - Sync 1 DAGs
[2026-03-20T09:49:48.833+0000] {logging_mixin.py:188} INFO - [2026-03-20T09:49:48.832+0000] {dag.py:3823} INFO - Setting next_dagrun for daily_revenue_etl_dag to 2026-03-20 00:00:00+00:00, run_after=2026-03-21 00:00:00+00:00
[2026-03-20T09:49:48.866+0000] {processor.py:183} INFO - Processing /opt/airflow/dags/daily_revenue_etl_dag.py took 0.180 seconds
[2026-03-20T09:50:19.080+0000] {processor.py:161} INFO - Started process (PID=229) to work on /opt/airflow/dags/daily_revenue_etl_dag.py
[2026-03-20T09:50:19.082+0000] {processor.py:830} INFO - Processing file /opt/airflow/dags/daily_revenue_etl_dag.py for tasks to queue
[2026-03-20T09:50:19.083+0000] {logging_mixin.py:188} INFO - [2026-03-20T09:50:19.083+0000] {dagbag.py:538} INFO - Filling up the DagBag from /opt/airflow/dags/daily_revenue_etl_dag.py
[2026-03-20T09:50:19.111+0000] {processor.py:840} INFO - DAG(s) 'daily_revenue_etl_dag' retrieved from /opt/airflow/dags/daily_revenue_etl_dag.py
[2026-03-20T09:50:19.146+0000] {logging_mixin.py:188} INFO - [2026-03-20T09:50:19.146+0000] {dag.py:3036} INFO - Sync 1 DAGs
[2026-03-20T09:50:19.201+0000] {logging_mixin.py:188} INFO - [2026-03-20T09:50:19.200+0000] {dag.py:3823} INFO - Setting next_dagrun for daily_revenue_etl_dag to 2026-03-20 00:00:00+00:00, run_after=2026-03-21 00:00:00+00:00
[2026-03-20T09:50:19.234+0000] {processor.py:183} INFO - Processing /opt/airflow/dags/daily_revenue_etl_dag.py took 0.159 seconds
[2026-03-20T10:13:42.459+0000] {processor.py:161} INFO - Started process (PID=234) to work on /opt/airflow/dags/daily_revenue_etl_dag.py
[2026-03-20T10:13:42.460+0000] {processor.py:830} INFO - Processing file /opt/airflow/dags/daily_revenue_etl_dag.py for tasks to queue
[2026-03-20T10:13:42.461+0000] {logging_mixin.py:188} INFO - [2026-03-20T10:13:42.461+0000] {dagbag.py:538} INFO - Filling up the DagBag from /opt/airflow/dags/daily_revenue_etl_dag.py
[2026-03-20T10:13:42.481+0000] {processor.py:840} INFO - DAG(s) 'daily_revenue_etl_dag' retrieved from /opt/airflow/dags/daily_revenue_etl_dag.py
[2026-03-20T10:13:42.503+0000] {logging_mixin.py:188} INFO - [2026-03-20T10:13:42.503+0000] {dag.py:3036} INFO - Sync 1 DAGs
[2026-03-20T10:13:42.523+0000] {logging_mixin.py:188} INFO - [2026-03-20T10:13:42.522+0000] {dag.py:3823} INFO - Setting next_dagrun for daily_revenue_etl_dag to 2026-03-20 00:00:00+00:00, run_after=2026-03-21 00:00:00+00:00
[2026-03-20T10:13:42.545+0000] {processor.py:183} INFO - Processing /opt/airflow/dags/daily_revenue_etl_dag.py took 0.088 seconds
[2026-03-20T10:14:12.667+0000] {processor.py:161} INFO - Started process (PID=239) to work on /opt/airflow/dags/daily_revenue_etl_dag.py
[2026-03-20T10:14:12.668+0000] {processor.py:830} INFO - Processing file /opt/airflow/dags/daily_revenue_etl_dag.py for tasks to queue
[2026-03-20T10:14:12.669+0000] {logging_mixin.py:188} INFO - [2026-03-20T10:14:12.669+0000] {dagbag.py:538} INFO - Filling up the DagBag from /opt/airflow/dags/daily_revenue_etl_dag.py
[2026-03-20T10:14:12.694+0000] {processor.py:840} INFO - DAG(s) 'daily_revenue_etl_dag' retrieved from /opt/airflow/dags/daily_revenue_etl_dag.py
[2026-03-20T09:50:50.376+0000] {logging_mixin.py:188} INFO - [2026-03-20T09:50:50.376+0000] {dag.py:3036} INFO - Sync 1 DAGs
[2026-03-20T09:50:50.407+0000] {logging_mixin.py:188} INFO - [2026-03-20T09:50:50.407+0000] {dag.py:3823} INFO - Setting next_dagrun for daily_revenue_etl_dag to 2026-03-20 00:00:00+00:00, run_after=2026-03-21 00:00:00+00:00
[2026-03-20T09:50:50.453+0000] {processor.py:183} INFO - Processing /opt/airflow/dags/daily_revenue_etl_dag.py took 0.142 seconds
[2026-03-20T09:51:20.620+0000] {processor.py:161} INFO - Started process (PID=244) to work on /opt/airflow/dags/daily_revenue_etl_dag.py
[2026-03-20T09:51:20.621+0000] {processor.py:830} INFO - Processing file /opt/airflow/dags/daily_revenue_etl_dag.py for tasks to queue
[2026-03-20T09:51:20.622+0000] {logging_mixin.py:188} INFO - [2026-03-20T09:51:20.622+0000] {dagbag.py:538} INFO - Filling up the DagBag from /opt/airflow/dags/daily_revenue_etl_dag.py
[2026-03-20T09:51:20.639+0000] {processor.py:840} INFO - DAG(s) 'daily_revenue_etl_dag' retrieved from /opt/airflow/dags/daily_revenue_etl_dag.py
[2026-03-20T09:51:20.661+0000] {logging_mixin.py:188} INFO - [2026-03-20T09:51:20.661+0000] {dag.py:3036} INFO - Sync 1 DAGs
[2026-03-20T09:51:20.689+0000] {logging_mixin.py:188} INFO - [2026-03-20T09:51:20.688+0000] {dag.py:3823} INFO - Setting next_dagrun for daily_revenue_etl_dag to 2026-03-20 00:00:00+00:00, run_after=2026-03-21 00:00:00+00:00
[2026-03-20T09:51:20.709+0000] {processor.py:183} INFO - Processing /opt/airflow/dags/daily_revenue_etl_dag.py took 0.092 seconds
[2026-03-20T09:51:50.865+0000] {processor.py:161} INFO - Started process (PID=249) to work on /opt/airflow/dags/daily_revenue_etl_dag.py
[2026-03-20T09:51:50.869+0000] {processor.py:830} INFO - Processing file /opt/airflow/dags/daily_revenue_etl_dag.py for tasks to queue
[2026-03-20T09:51:50.874+0000] {logging_mixin.py:188} INFO - [2026-03-20T09:51:50.873+0000] {dagbag.py:538} INFO - Filling up the DagBag from /opt/airflow/dags/daily_revenue_etl_dag.py
[2026-03-20T09:51:50.969+0000] {processor.py:840} INFO - DAG(s) 'daily_revenue_etl_dag' retrieved from /opt/airflow/dags/daily_revenue_etl_dag.py
[2026-03-20T09:51:51.027+0000] {logging_mixin.py:188} INFO - [2026-03-20T09:51:51.027+0000] {dag.py:3036} INFO - Sync 1 DAGs
[2026-03-20T09:51:51.130+0000] {logging_mixin.py:188} INFO - [2026-03-20T09:51:51.129+0000] {dag.py:3823} INFO - Setting next_dagrun for daily_revenue_etl_dag to 2026-03-20 00:00:00+00:00, run_after=2026-03-21 00:00:00+00:00
[2026-03-20T09:51:51.229+0000] {processor.py:183} INFO - Processing /opt/airflow/dags/daily_revenue_etl_dag.py took 0.373 seconds
[2026-03-20T10:15:17.656+0000] {processor.py:161} INFO - Started process (PID=254) to work on /opt/airflow/dags/daily_revenue_etl_dag.py
[2026-03-20T10:15:17.658+0000] {processor.py:830} INFO - Processing file /opt/airflow/dags/daily_revenue_etl_dag.py for tasks to queue
[2026-03-20T10:15:17.660+0000] {logging_mixin.py:188} INFO - [2026-03-20T10:15:17.659+0000] {dagbag.py:538} INFO - Filling up the DagBag from /opt/airflow/dags/daily_revenue_etl_dag.py
[2026-03-20T10:15:17.692+0000] {processor.py:840} INFO - DAG(s) 'daily_revenue_etl_dag' retrieved from /opt/airflow/dags/daily_revenue_etl_dag.py
[2026-03-20T10:15:17.731+0000] {logging_mixin.py:188} INFO - [2026-03-20T10:15:17.730+0000] {dag.py:3036} INFO - Sync 1 DAGs
[2026-03-20T10:15:17.760+0000] {logging_mixin.py:188} INFO - [2026-03-20T10:15:17.760+0000] {dag.py:3823} INFO - Setting next_dagrun for daily_revenue_etl_dag to 2026-03-20 00:00:00+00:00, run_after=2026-03-21 00:00:00+00:00
[2026-03-20T10:15:17.801+0000] {processor.py:183} INFO - Processing /opt/airflow/dags/daily_revenue_etl_dag.py took 0.149 seconds
[2026-03-20T09:52:25.544+0000] {processor.py:161} INFO - Started process (PID=263) to work on /opt/airflow/dags/daily_revenue_etl_dag.py
[2026-03-20T09:52:25.546+0000] {processor.py:830} INFO - Processing file /opt/airflow/dags/daily_revenue_etl_dag.py for tasks to queue
[2026-03-20T09:52:25.547+0000] {logging_mixin.py:188} INFO - [2026-03-20T09:52:25.547+0000] {dagbag.py:538} INFO - Filling up the DagBag from /opt/airflow/dags/daily_revenue_etl_dag.py
[2026-03-20T09:52:25.578+0000] {processor.py:840} INFO - DAG(s) 'daily_revenue_etl_dag' retrieved from /opt/airflow/dags/daily_revenue_etl_dag.py
[2026-03-20T09:52:25.611+0000] {logging_mixin.py:188} INFO - [2026-03-20T09:52:25.611+0000] {dag.py:3036} INFO - Sync 1 DAGs
[2026-03-20T09:52:25.631+0000] {logging_mixin.py:188} INFO - [2026-03-20T09:52:25.631+0000] {dag.py:3823} INFO - Setting next_dagrun for daily_revenue_etl_dag to 2026-03-20 00:00:00+00:00, run_after=2026-03-21 00:00:00+00:00
[2026-03-20T09:52:25.649+0000] {processor.py:183} INFO - Processing /opt/airflow/dags/daily_revenue_etl_dag.py took 0.111 seconds
[2026-03-20T09:52:30.586+0000] {processor.py:161} INFO - Started process (PID=268) to work on /opt/airflow/dags/daily_revenue_etl_dag.py
[2026-03-20T09:52:30.588+0000] {processor.py:830} INFO - Processing file /opt/airflow/dags/daily_revenue_etl_dag.py for tasks to queue
[2026-03-20T09:52:30.589+0000] {logging_mixin.py:188} INFO - [2026-03-20T09:52:30.589+0000] {dagbag.py:538} INFO - Filling up the DagBag from /opt/airflow/dags/daily_revenue_etl_dag.py
[2026-03-20T09:52:30.617+0000] {processor.py:840} INFO - DAG(s) 'daily_revenue_etl_dag' retrieved from /opt/airflow/dags/daily_revenue_etl_dag.py
[2026-03-20T09:52:30.660+0000] {logging_mixin.py:188} INFO - [2026-03-20T09:52:30.659+0000] {dag.py:3036} INFO - Sync 1 DAGs
[2026-03-20T09:52:30.692+0000] {logging_mixin.py:188} INFO - [2026-03-20T09:52:30.691+0000] {dag.py:3823} INFO - Setting next_dagrun for daily_revenue_etl_dag to 2026-03-20 00:00:00+00:00, run_after=2026-03-21 00:00:00+00:00
[2026-03-20T09:52:30.732+0000] {processor.py:183} INFO - Processing /opt/airflow/dags/daily_revenue_etl_dag.py took 0.150 seconds
[2026-03-20T09:53:00.925+0000] {processor.py:161} INFO - Started process (PID=274) to work on /opt/airflow/dags/daily_revenue_etl_dag.py
[2026-03-20T09:53:00.930+0000] {processor.py:830} INFO - Processing file /opt/airflow/dags/daily_revenue_etl_dag.py for tasks to queue
[2026-03-20T09:53:00.935+0000] {logging_mixin.py:188} INFO - [2026-03-20T09:53:00.933+0000] {dagbag.py:538} INFO - Filling up the DagBag from /opt/airflow/dags/daily_revenue_etl_dag.py
[2026-03-20T09:53:01.005+0000] {processor.py:840} INFO - DAG(s) 'daily_revenue_etl_dag' retrieved from /opt/airflow/dags/daily_revenue_etl_dag.py
[2026-03-20T09:53:01.078+0000] {logging_mixin.py:188} INFO - [2026-03-20T09:53:01.077+0000] {dag.py:3036} INFO - Sync 1 DAGs
[2026-03-20T09:53:01.126+0000] {logging_mixin.py:188} INFO - [2026-03-20T09:53:01.125+0000] {dag.py:3823} INFO - Setting next_dagrun for daily_revenue_etl_dag to 2026-03-20 00:00:00+00:00, run_after=2026-03-21 00:00:00+00:00
[2026-03-20T09:53:01.163+0000] {processor.py:183} INFO - Processing /opt/airflow/dags/daily_revenue_etl_dag.py took 0.246 seconds
[2026-03-20T10:16:40.723+0000] {processor.py:161} INFO - Started process (PID=279) to work on /opt/airflow/dags/daily_revenue_etl_dag.py
[2026-03-20T10:16:40.726+0000] {processor.py:830} INFO - Processing file /opt/airflow/dags/daily_revenue_etl_dag.py for tasks to queue
[2026-03-20T10:16:40.727+0000] {logging_mixin.py:188} INFO - [2026-03-20T10:16:40.727+0000] {dagbag.py:538} INFO - Filling up the DagBag from /opt/airflow/dags/daily_revenue_etl_dag.py
[2026-03-20T10:16:40.753+0000] {processor.py:840} INFO - DAG(s) 'daily_revenue_etl_dag' retrieved from /opt/airflow/dags/daily_revenue_etl_dag.py
[2026-03-20T10:16:40.791+0000] {logging_mixin.py:188} INFO - [2026-03-20T10:16:40.790+0000] {dag.py:3036} INFO - Sync 1 DAGs
[2026-03-20T10:16:40.818+0000] {logging_mixin.py:188} INFO - [2026-03-20T10:16:40.818+0000] {dag.py:3823} INFO - Setting next_dagrun for daily_revenue_etl_dag to 2026-03-20 00:00:00+00:00, run_after=2026-03-21 00:00:00+00:00
[2026-03-20T10:16:40.847+0000] {processor.py:183} INFO - Processing /opt/airflow/dags/daily_revenue_etl_dag.py took 0.129 seconds
[2026-03-20T10:17:12.992+0000] {processor.py:161} INFO - Started process (PID=284) to work on /opt/airflow/dags/daily_revenue_etl_dag.py
[2026-03-20T10:17:12.994+0000] {processor.py:830} INFO - Processing file /opt/airflow/dags/daily_revenue_etl_dag.py for tasks to queue
[2026-03-20T10:17:12.996+0000] {logging_mixin.py:188} INFO - [2026-03-20T10:17:12.996+0000] {dagbag.py:538} INFO - Filling up the DagBag from /opt/airflow/dags/daily_revenue_etl_dag.py
[2026-03-20T09:53:50.682+0000] {processor.py:840} INFO - DAG(s) 'daily_revenue_etl_dag' retrieved from /opt/airflow/dags/daily_revenue_etl_dag.py
[2026-03-20T09:53:50.718+0000] {logging_mixin.py:188} INFO - [2026-03-20T09:53:50.718+0000] {dag.py:3036} INFO - Sync 1 DAGs
[2026-03-20T09:53:50.745+0000] {logging_mixin.py:188} INFO - [2026-03-20T09:53:50.745+0000] {dag.py:3823} INFO - Setting next_dagrun for daily_revenue_etl_dag to 2026-03-20 00:00:00+00:00, run_after=2026-03-21 00:00:00+00:00
[2026-03-20T09:53:50.769+0000] {processor.py:183} INFO - Processing /opt/airflow/dags/daily_revenue_etl_dag.py took 0.129 seconds
[2026-03-20T09:54:20.950+0000] {processor.py:161} INFO - Started process (PID=289) to work on /opt/airflow/dags/daily_revenue_etl_dag.py
[2026-03-20T09:54:20.951+0000] {processor.py:830} INFO - Processing file /opt/airflow/dags/daily_revenue_etl_dag.py for tasks to queue
[2026-03-20T09:54:20.951+0000] {logging_mixin.py:188} INFO - [2026-03-20T09:54:20.951+0000] {dagbag.py:538} INFO - Filling up the DagBag from /opt/airflow/dags/daily_revenue_etl_dag.py
[2026-03-20T09:54:20.970+0000] {processor.py:840} INFO - DAG(s) 'daily_revenue_etl_dag' retrieved from /opt/airflow/dags/daily_revenue_etl_dag.py
[2026-03-20T09:54:20.997+0000] {logging_mixin.py:188} INFO - [2026-03-20T09:54:20.997+0000] {dag.py:3036} INFO - Sync 1 DAGs
[2026-03-20T09:54:21.022+0000] {logging_mixin.py:188} INFO - [2026-03-20T09:54:21.022+0000] {dag.py:3823} INFO - Setting next_dagrun for daily_revenue_etl_dag to 2026-03-20 00:00:00+00:00, run_after=2026-03-21 00:00:00+00:00
[2026-03-20T09:54:21.041+0000] {processor.py:183} INFO - Processing /opt/airflow/dags/daily_revenue_etl_dag.py took 0.096 seconds
[2026-03-20T09:54:51.215+0000] {processor.py:161} INFO - Started process (PID=294) to work on /opt/airflow/dags/daily_revenue_etl_dag.py
[2026-03-20T09:54:51.217+0000] {processor.py:830} INFO - Processing file /opt/airflow/dags/daily_revenue_etl_dag.py for tasks to queue
[2026-03-20T09:54:51.219+0000] {logging_mixin.py:188} INFO - [2026-03-20T09:54:51.218+0000] {dagbag.py:538} INFO - Filling up the DagBag from /opt/airflow/dags/daily_revenue_etl_dag.py
[2026-03-20T09:54:51.276+0000] {processor.py:840} INFO - DAG(s) 'daily_revenue_etl_dag' retrieved from /opt/airflow/dags/daily_revenue_etl_dag.py
[2026-03-20T09:54:51.310+0000] {logging_mixin.py:188} INFO - [2026-03-20T09:54:51.310+0000] {dag.py:3036} INFO - Sync 1 DAGs
[2026-03-20T09:54:51.340+0000] {logging_mixin.py:188} INFO - [2026-03-20T09:54:51.339+0000] {dag.py:3823} INFO - Setting next_dagrun for daily_revenue_etl_dag to 2026-03-20 00:00:00+00:00, run_after=2026-03-21 00:00:00+00:00
[2026-03-20T09:54:51.384+0000] {processor.py:183} INFO - Processing /opt/airflow/dags/daily_revenue_etl_dag.py took 0.173 seconds
[2026-03-20T10:18:28.041+0000] {processor.py:161} INFO - Started process (PID=300) to work on /opt/airflow/dags/daily_revenue_etl_dag.py
[2026-03-20T10:18:28.043+0000] {processor.py:830} INFO - Processing file /opt/airflow/dags/daily_revenue_etl_dag.py for tasks to queue
[2026-03-20T10:18:28.045+0000] {logging_mixin.py:188} INFO - [2026-03-20T10:18:28.045+0000] {dagbag.py:538} INFO - Filling up the DagBag from /opt/airflow/dags/daily_revenue_etl_dag.py
[2026-03-20T10:18:28.111+0000] {processor.py:840} INFO - DAG(s) 'daily_revenue_etl_dag' retrieved from /opt/airflow/dags/daily_revenue_etl_dag.py
[2026-03-20T10:18:28.176+0000] {logging_mixin.py:188} INFO - [2026-03-20T10:18:28.175+0000] {dag.py:3036} INFO - Sync 1 DAGs
[2026-03-20T09:55:05.885+0000] {logging_mixin.py:188} INFO - [2026-03-20T09:55:05.885+0000] {dag.py:3823} INFO - Setting next_dagrun for daily_revenue_etl_dag to 2026-03-20 00:00:00+00:00, run_after=2026-03-21 00:00:00+00:00
[2026-03-20T09:55:05.918+0000] {processor.py:183} INFO - Processing /opt/airflow/dags/daily_revenue_etl_dag.py took 0.228 seconds
[2026-03-20T10:18:33.116+0000] {processor.py:161} INFO - Started process (PID=305) to work on /opt/airflow/dags/daily_revenue_etl_dag.py
[2026-03-20T10:18:33.119+0000] {processor.py:830} INFO - Processing file /opt/airflow/dags/daily_revenue_etl_dag.py for tasks to queue
[2026-03-20T10:18:33.121+0000] {logging_mixin.py:188} INFO - [2026-03-20T10:18:33.121+0000] {dagbag.py:538} INFO - Filling up the DagBag from /opt/airflow/dags/daily_revenue_etl_dag.py
[2026-03-20T10:18:33.156+0000] {processor.py:840} INFO - DAG(s) 'daily_revenue_etl_dag' retrieved from /opt/airflow/dags/daily_revenue_etl_dag.py
[2026-03-20T09:55:10.874+0000] {logging_mixin.py:188} INFO - [2026-03-20T09:55:10.874+0000] {dag.py:3036} INFO - Sync 1 DAGs
[2026-03-20T09:55:10.943+0000] {logging_mixin.py:188} INFO - [2026-03-20T09:55:10.942+0000] {dag.py:3823} INFO - Setting next_dagrun for daily_revenue_etl_dag to 2026-03-20 00:00:00+00:00, run_after=2026-03-21 00:00:00+00:00
[2026-03-20T09:55:10.979+0000] {processor.py:183} INFO - Processing /opt/airflow/dags/daily_revenue_etl_dag.py took 0.203 seconds
[2026-03-20T09:55:41.321+0000] {processor.py:161} INFO - Started process (PID=310) to work on /opt/airflow/dags/daily_revenue_etl_dag.py
[2026-03-20T09:55:41.322+0000] {processor.py:830} INFO - Processing file /opt/airflow/dags/daily_revenue_etl_dag.py for tasks to queue
[2026-03-20T09:55:41.324+0000] {logging_mixin.py:188} INFO - [2026-03-20T09:55:41.323+0000] {dagbag.py:538} INFO - Filling up the DagBag from /opt/airflow/dags/daily_revenue_etl_dag.py
[2026-03-20T09:55:41.343+0000] {processor.py:840} INFO - DAG(s) 'daily_revenue_etl_dag' retrieved from /opt/airflow/dags/daily_revenue_etl_dag.py
[2026-03-20T09:55:41.369+0000] {logging_mixin.py:188} INFO - [2026-03-20T09:55:41.369+0000] {dag.py:3036} INFO - Sync 1 DAGs
[2026-03-20T09:55:41.391+0000] {logging_mixin.py:188} INFO - [2026-03-20T09:55:41.391+0000] {dag.py:3823} INFO - Setting next_dagrun for daily_revenue_etl_dag to 2026-03-20 00:00:00+00:00, run_after=2026-03-21 00:00:00+00:00
[2026-03-20T09:55:41.407+0000] {processor.py:183} INFO - Processing /opt/airflow/dags/daily_revenue_etl_dag.py took 0.089 seconds
[2026-03-20T10:19:10.734+0000] {processor.py:161} INFO - Started process (PID=315) to work on /opt/airflow/dags/daily_revenue_etl_dag.py
[2026-03-20T10:19:10.735+0000] {processor.py:830} INFO - Processing file /opt/airflow/dags/daily_revenue_etl_dag.py for tasks to queue
[2026-03-20T10:19:10.737+0000] {logging_mixin.py:188} INFO - [2026-03-20T10:19:10.737+0000] {dagbag.py:538} INFO - Filling up the DagBag from /opt/airflow/dags/daily_revenue_etl_dag.py
[2026-03-20T10:19:10.773+0000] {processor.py:840} INFO - DAG(s) 'daily_revenue_etl_dag' retrieved from /opt/airflow/dags/daily_revenue_etl_dag.py
[2026-03-20T10:19:10.825+0000] {logging_mixin.py:188} INFO - [2026-03-20T10:19:10.824+0000] {dag.py:3036} INFO - Sync 1 DAGs
[2026-03-20T10:19:10.881+0000] {logging_mixin.py:188} INFO - [2026-03-20T10:19:10.880+0000] {dag.py:3823} INFO - Setting next_dagrun for daily_revenue_etl_dag to 2026-03-20 00:00:00+00:00, run_after=2026-03-21 00:00:00+00:00
[2026-03-20T09:55:48.602+0000] {processor.py:183} INFO - Processing /opt/airflow/dags/daily_revenue_etl_dag.py took 0.215 seconds
[2026-03-20T10:19:18.107+0000] {processor.py:161} INFO - Started process (PID=320) to work on /opt/airflow/dags/daily_revenue_etl_dag.py
[2026-03-20T10:19:18.110+0000] {processor.py:830} INFO - Processing file /opt/airflow/dags/daily_revenue_etl_dag.py for tasks to queue
[2026-03-20T10:19:18.114+0000] {logging_mixin.py:188} INFO - [2026-03-20T10:19:18.113+0000] {dagbag.py:538} INFO - Filling up the DagBag from /opt/airflow/dags/daily_revenue_etl_dag.py
[2026-03-20T10:19:18.183+0000] {processor.py:840} INFO - DAG(s) 'daily_revenue_etl_dag' retrieved from /opt/airflow/dags/daily_revenue_etl_dag.py
[2026-03-20T10:19:18.263+0000] {logging_mixin.py:188} INFO - [2026-03-20T10:19:18.263+0000] {dag.py:3036} INFO - Sync 1 DAGs
[2026-03-20T09:55:56.024+0000] {logging_mixin.py:188} INFO - [2026-03-20T09:55:56.023+0000] {dag.py:3823} INFO - Setting next_dagrun for daily_revenue_etl_dag to 2026-03-20 00:00:00+00:00, run_after=2026-03-21 00:00:00+00:00
[2026-03-20T09:55:56.146+0000] {processor.py:183} INFO - Processing /opt/airflow/dags/daily_revenue_etl_dag.py took 0.392 seconds
[2026-03-20T10:19:23.165+0000] {processor.py:161} INFO - Started process (PID=325) to work on /opt/airflow/dags/daily_revenue_etl_dag.py
[2026-03-20T10:19:23.166+0000] {processor.py:830} INFO - Processing file /opt/airflow/dags/daily_revenue_etl_dag.py for tasks to queue
[2026-03-20T10:19:23.168+0000] {logging_mixin.py:188} INFO - [2026-03-20T10:19:23.167+0000] {dagbag.py:538} INFO - Filling up the DagBag from /opt/airflow/dags/daily_revenue_etl_dag.py
[2026-03-20T10:19:23.214+0000] {processor.py:840} INFO - DAG(s) 'daily_revenue_etl_dag' retrieved from /opt/airflow/dags/daily_revenue_etl_dag.py
[2026-03-20T10:19:23.247+0000] {logging_mixin.py:188} INFO - [2026-03-20T10:19:23.246+0000] {dag.py:3036} INFO - Sync 1 DAGs
[2026-03-20T10:19:23.272+0000] {logging_mixin.py:188} INFO - [2026-03-20T10:19:23.272+0000] {dag.py:3823} INFO - Setting next_dagrun for daily_revenue_etl_dag to 2026-03-20 00:00:00+00:00, run_after=2026-03-21 00:00:00+00:00
[2026-03-20T09:56:00.958+0000] {processor.py:183} INFO - Processing /opt/airflow/dags/daily_revenue_etl_dag.py took 0.140 seconds
[2026-03-20T10:19:28.196+0000] {processor.py:161} INFO - Started process (PID=330) to work on /opt/airflow/dags/daily_revenue_etl_dag.py
[2026-03-20T10:19:28.197+0000] {processor.py:830} INFO - Processing file /opt/airflow/dags/daily_revenue_etl_dag.py for tasks to queue
[2026-03-20T10:19:28.198+0000] {logging_mixin.py:188} INFO - [2026-03-20T10:19:28.198+0000] {dagbag.py:538} INFO - Filling up the DagBag from /opt/airflow/dags/daily_revenue_etl_dag.py
[2026-03-20T10:19:28.224+0000] {processor.py:840} INFO - DAG(s) 'daily_revenue_etl_dag' retrieved from /opt/airflow/dags/daily_revenue_etl_dag.py
[2026-03-20T10:19:28.286+0000] {logging_mixin.py:188} INFO - [2026-03-20T10:19:28.285+0000] {dag.py:3036} INFO - Sync 1 DAGs
[2026-03-20T09:56:05.984+0000] {logging_mixin.py:188} INFO - [2026-03-20T09:56:05.983+0000] {dag.py:3823} INFO - Setting next_dagrun for daily_revenue_etl_dag to 2026-03-20 00:00:00+00:00, run_after=2026-03-21 00:00:00+00:00
[2026-03-20T09:56:06.013+0000] {processor.py:183} INFO - Processing /opt/airflow/dags/daily_revenue_etl_dag.py took 0.160 seconds
[2026-03-20T09:56:36.204+0000] {processor.py:161} INFO - Started process (PID=335) to work on /opt/airflow/dags/daily_revenue_etl_dag.py
[2026-03-20T09:56:36.205+0000] {processor.py:830} INFO - Processing file /opt/airflow/dags/daily_revenue_etl_dag.py for tasks to queue
[2026-03-20T09:56:36.206+0000] {logging_mixin.py:188} INFO - [2026-03-20T09:56:36.206+0000] {dagbag.py:538} INFO - Filling up the DagBag from /opt/airflow/dags/daily_revenue_etl_dag.py
[2026-03-20T09:56:36.226+0000] {processor.py:840} INFO - DAG(s) 'daily_revenue_etl_dag' retrieved from /opt/airflow/dags/daily_revenue_etl_dag.py
[2026-03-20T09:56:36.257+0000] {logging_mixin.py:188} INFO - [2026-03-20T09:56:36.256+0000] {dag.py:3036} INFO - Sync 1 DAGs
[2026-03-20T09:56:36.281+0000] {logging_mixin.py:188} INFO - [2026-03-20T09:56:36.281+0000] {dag.py:3823} INFO - Setting next_dagrun for daily_revenue_etl_dag to 2026-03-20 00:00:00+00:00, run_after=2026-03-21 00:00:00+00:00
[2026-03-20T09:56:36.319+0000] {processor.py:183} INFO - Processing /opt/airflow/dags/daily_revenue_etl_dag.py took 0.119 seconds
[2026-03-20T10:20:10.757+0000] {processor.py:161} INFO - Started process (PID=340) to work on /opt/airflow/dags/daily_revenue_etl_dag.py
[2026-03-20T10:20:10.759+0000] {processor.py:830} INFO - Processing file /opt/airflow/dags/daily_revenue_etl_dag.py for tasks to queue
[2026-03-20T10:20:10.760+0000] {logging_mixin.py:188} INFO - [2026-03-20T10:20:10.759+0000] {dagbag.py:538} INFO - Filling up the DagBag from /opt/airflow/dags/daily_revenue_etl_dag.py
[2026-03-20T10:20:10.777+0000] {processor.py:840} INFO - DAG(s) 'daily_revenue_etl_dag' retrieved from /opt/airflow/dags/daily_revenue_etl_dag.py
[2026-03-20T10:20:10.803+0000] {logging_mixin.py:188} INFO - [2026-03-20T10:20:10.803+0000] {dag.py:3036} INFO - Sync 1 DAGs
[2026-03-20T10:20:10.829+0000] {logging_mixin.py:188} INFO - [2026-03-20T10:20:10.829+0000] {dag.py:3823} INFO - Setting next_dagrun for daily_revenue_etl_dag to 2026-03-20 00:00:00+00:00, run_after=2026-03-21 00:00:00+00:00
[2026-03-20T10:20:10.848+0000] {processor.py:183} INFO - Processing /opt/airflow/dags/daily_revenue_etl_dag.py took 0.094 seconds
[2026-03-20T10:20:48.295+0000] {processor.py:161} INFO - Started process (PID=345) to work on /opt/airflow/dags/daily_revenue_etl_dag.py
[2026-03-20T10:20:48.297+0000] {processor.py:830} INFO - Processing file /opt/airflow/dags/daily_revenue_etl_dag.py for tasks to queue
[2026-03-20T10:20:48.299+0000] {logging_mixin.py:188} INFO - [2026-03-20T10:20:48.298+0000] {dagbag.py:538} INFO - Filling up the DagBag from /opt/airflow/dags/daily_revenue_etl_dag.py
[2026-03-20T10:20:48.334+0000] {processor.py:840} INFO - DAG(s) 'daily_revenue_etl_dag' retrieved from /opt/airflow/dags/daily_revenue_etl_dag.py
[2026-03-20T09:57:26.121+0000] {logging_mixin.py:188} INFO - [2026-03-20T09:57:26.119+0000] {dag.py:3036} INFO - Sync 1 DAGs
[2026-03-20T09:57:26.208+0000] {logging_mixin.py:188} INFO - [2026-03-20T09:57:26.208+0000] {dag.py:3823} INFO - Setting next_dagrun for daily_revenue_etl_dag to 2026-03-20 00:00:00+00:00, run_after=2026-03-21 00:00:00+00:00
[2026-03-20T09:57:26.250+0000] {processor.py:183} INFO - Processing /opt/airflow/dags/daily_revenue_etl_dag.py took 0.309 seconds
[2026-03-20T10:20:53.365+0000] {processor.py:161} INFO - Started process (PID=350) to work on /opt/airflow/dags/daily_revenue_etl_dag.py
[2026-03-20T10:20:53.367+0000] {processor.py:830} INFO - Processing file /opt/airflow/dags/daily_revenue_etl_dag.py for tasks to queue
[2026-03-20T10:20:53.369+0000] {logging_mixin.py:188} INFO - [2026-03-20T10:20:53.368+0000] {dagbag.py:538} INFO - Filling up the DagBag from /opt/airflow/dags/daily_revenue_etl_dag.py
[2026-03-20T10:20:53.436+0000] {processor.py:840} INFO - DAG(s) 'daily_revenue_etl_dag' retrieved from /opt/airflow/dags/daily_revenue_etl_dag.py
[2026-03-20T09:57:31.165+0000] {logging_mixin.py:188} INFO - [2026-03-20T09:57:31.164+0000] {dag.py:3036} INFO - Sync 1 DAGs
[2026-03-20T09:57:31.224+0000] {logging_mixin.py:188} INFO - [2026-03-20T09:57:31.223+0000] {dag.py:3823} INFO - Setting next_dagrun for daily_revenue_etl_dag to 2026-03-20 00:00:00+00:00, run_after=2026-03-21 00:00:00+00:00
[2026-03-20T09:57:31.274+0000] {processor.py:183} INFO - Processing /opt/airflow/dags/daily_revenue_etl_dag.py took 0.247 seconds
[2026-03-20T10:20:58.401+0000] {processor.py:161} INFO - Started process (PID=355) to work on /opt/airflow/dags/daily_revenue_etl_dag.py
[2026-03-20T10:20:58.403+0000] {processor.py:830} INFO - Processing file /opt/airflow/dags/daily_revenue_etl_dag.py for tasks to queue
[2026-03-20T10:20:58.404+0000] {logging_mixin.py:188} INFO - [2026-03-20T10:20:58.403+0000] {dagbag.py:538} INFO - Filling up the DagBag from /opt/airflow/dags/daily_revenue_etl_dag.py
[2026-03-20T10:20:58.446+0000] {processor.py:840} INFO - DAG(s) 'daily_revenue_etl_dag' retrieved from /opt/airflow/dags/daily_revenue_etl_dag.py
[2026-03-20T09:57:36.146+0000] {logging_mixin.py:188} INFO - [2026-03-20T09:57:36.146+0000] {dag.py:3036} INFO - Sync 1 DAGs
[2026-03-20T09:57:36.187+0000] {logging_mixin.py:188} INFO - [2026-03-20T09:57:36.186+0000] {dag.py:3823} INFO - Setting next_dagrun for daily_revenue_etl_dag to 2026-03-20 00:00:00+00:00, run_after=2026-03-21 00:00:00+00:00
[2026-03-20T09:57:36.211+0000] {processor.py:183} INFO - Processing /opt/airflow/dags/daily_revenue_etl_dag.py took 0.151 seconds
[2026-03-20T09:57:41.135+0000] {processor.py:161} INFO - Started process (PID=360) to work on /opt/airflow/dags/daily_revenue_etl_dag.py
[2026-03-20T09:57:41.138+0000] {processor.py:830} INFO - Processing file /opt/airflow/dags/daily_revenue_etl_dag.py for tasks to queue
[2026-03-20T09:57:41.141+0000] {logging_mixin.py:188} INFO - [2026-03-20T09:57:41.140+0000] {dagbag.py:538} INFO - Filling up the DagBag from /opt/airflow/dags/daily_revenue_etl_dag.py
[2026-03-20T09:57:41.180+0000] {processor.py:840} INFO - DAG(s) 'daily_revenue_etl_dag' retrieved from /opt/airflow/dags/daily_revenue_etl_dag.py
[2026-03-20T09:57:41.220+0000] {logging_mixin.py:188} INFO - [2026-03-20T09:57:41.219+0000] {dag.py:3036} INFO - Sync 1 DAGs
[2026-03-20T09:57:41.252+0000] {logging_mixin.py:188} INFO - [2026-03-20T09:57:41.252+0000] {dag.py:3823} INFO - Setting next_dagrun for daily_revenue_etl_dag to 2026-03-20 00:00:00+00:00, run_after=2026-03-21 00:00:00+00:00
[2026-03-20T09:57:41.281+0000] {processor.py:183} INFO - Processing /opt/airflow/dags/daily_revenue_etl_dag.py took 0.161 seconds
[2026-03-20T10:21:10.699+0000] {processor.py:161} INFO - Started process (PID=365) to work on /opt/airflow/dags/daily_revenue_etl_dag.py
[2026-03-20T10:21:10.702+0000] {processor.py:830} INFO - Processing file /opt/airflow/dags/daily_revenue_etl_dag.py for tasks to queue
[2026-03-20T10:21:10.704+0000] {logging_mixin.py:188} INFO - [2026-03-20T10:21:10.703+0000] {dagbag.py:538} INFO - Filling up the DagBag from /opt/airflow/dags/daily_revenue_etl_dag.py
[2026-03-20T10:21:10.749+0000] {processor.py:840} INFO - DAG(s) 'daily_revenue_etl_dag' retrieved from /opt/airflow/dags/daily_revenue_etl_dag.py
[2026-03-20T10:21:10.821+0000] {logging_mixin.py:188} INFO - [2026-03-20T10:21:10.819+0000] {dag.py:3036} INFO - Sync 1 DAGs
[2026-03-20T09:57:48.605+0000] {logging_mixin.py:188} INFO - [2026-03-20T09:57:48.604+0000] {dag.py:3823} INFO - Setting next_dagrun for daily_revenue_etl_dag to 2026-03-20 00:00:00+00:00, run_after=2026-03-21 00:00:00+00:00
[2026-03-20T09:57:48.673+0000] {processor.py:183} INFO - Processing /opt/airflow/dags/daily_revenue_etl_dag.py took 0.328 seconds
[2026-03-20T10:21:38.286+0000] {processor.py:161} INFO - Started process (PID=370) to work on /opt/airflow/dags/daily_revenue_etl_dag.py
[2026-03-20T10:21:38.287+0000] {processor.py:830} INFO - Processing file /opt/airflow/dags/daily_revenue_etl_dag.py for tasks to queue
[2026-03-20T10:21:38.287+0000] {logging_mixin.py:188} INFO - [2026-03-20T10:21:38.287+0000] {dagbag.py:538} INFO - Filling up the DagBag from /opt/airflow/dags/daily_revenue_etl_dag.py
[2026-03-20T10:21:38.306+0000] {processor.py:840} INFO - DAG(s) 'daily_revenue_etl_dag' retrieved from /opt/airflow/dags/daily_revenue_etl_dag.py
[2026-03-20T10:21:38.333+0000] {logging_mixin.py:188} INFO - [2026-03-20T10:21:38.332+0000] {dag.py:3036} INFO - Sync 1 DAGs
[2026-03-20T10:21:38.362+0000] {logging_mixin.py:188} INFO - [2026-03-20T10:21:38.362+0000] {dag.py:3823} INFO - Setting next_dagrun for daily_revenue_etl_dag to 2026-03-20 00:00:00+00:00, run_after=2026-03-21 00:00:00+00:00
[2026-03-20T10:21:38.395+0000] {processor.py:183} INFO - Processing /opt/airflow/dags/daily_revenue_etl_dag.py took 0.113 seconds
[2026-03-20T10:22:08.494+0000] {processor.py:161} INFO - Started process (PID=375) to work on /opt/airflow/dags/daily_revenue_etl_dag.py
[2026-03-20T10:22:08.496+0000] {processor.py:830} INFO - Processing file /opt/airflow/dags/daily_revenue_etl_dag.py for tasks to queue
[2026-03-20T10:22:08.497+0000] {logging_mixin.py:188} INFO - [2026-03-20T10:22:08.496+0000] {dagbag.py:538} INFO - Filling up the DagBag from /opt/airflow/dags/daily_revenue_etl_dag.py
[2026-03-20T10:22:08.516+0000] {processor.py:840} INFO - DAG(s) 'daily_revenue_etl_dag' retrieved from /opt/airflow/dags/daily_revenue_etl_dag.py
[2026-03-20T10:22:08.544+0000] {logging_mixin.py:188} INFO - [2026-03-20T10:22:08.544+0000] {dag.py:3036} INFO - Sync 1 DAGs
[2026-03-20T09:58:46.237+0000] {logging_mixin.py:188} INFO - [2026-03-20T09:58:46.237+0000] {dag.py:3823} INFO - Setting next_dagrun for daily_revenue_etl_dag to 2026-03-20 00:00:00+00:00, run_after=2026-03-21 00:00:00+00:00
[2026-03-20T09:58:46.267+0000] {processor.py:183} INFO - Processing /opt/airflow/dags/daily_revenue_etl_dag.py took 0.114 seconds
[2026-03-20T09:59:16.628+0000] {processor.py:161} INFO - Started process (PID=380) to work on /opt/airflow/dags/daily_revenue_etl_dag.py
[2026-03-20T09:59:16.631+0000] {processor.py:830} INFO - Processing file /opt/airflow/dags/daily_revenue_etl_dag.py for tasks to queue
[2026-03-20T09:59:16.632+0000] {logging_mixin.py:188} INFO - [2026-03-20T09:59:16.632+0000] {dagbag.py:538} INFO - Filling up the DagBag from /opt/airflow/dags/daily_revenue_etl_dag.py
[2026-03-20T09:59:16.660+0000] {processor.py:840} INFO - DAG(s) 'daily_revenue_etl_dag' retrieved from /opt/airflow/dags/daily_revenue_etl_dag.py
[2026-03-20T09:59:16.705+0000] {logging_mixin.py:188} INFO - [2026-03-20T09:59:16.704+0000] {dag.py:3036} INFO - Sync 1 DAGs
[2026-03-20T09:59:16.734+0000] {logging_mixin.py:188} INFO - [2026-03-20T09:59:16.734+0000] {dag.py:3823} INFO - Setting next_dagrun for daily_revenue_etl_dag to 2026-03-20 00:00:00+00:00, run_after=2026-03-21 00:00:00+00:00
[2026-03-20T09:59:16.762+0000] {processor.py:183} INFO - Processing /opt/airflow/dags/daily_revenue_etl_dag.py took 0.138 seconds
[2026-03-20T10:23:08.448+0000] {processor.py:161} INFO - Started process (PID=386) to work on /opt/airflow/dags/daily_revenue_etl_dag.py
[2026-03-20T10:23:08.451+0000] {processor.py:830} INFO - Processing file /opt/airflow/dags/daily_revenue_etl_dag.py for tasks to queue
[2026-03-20T10:23:08.454+0000] {logging_mixin.py:188} INFO - [2026-03-20T10:23:08.453+0000] {dagbag.py:538} INFO - Filling up the DagBag from /opt/airflow/dags/daily_revenue_etl_dag.py
[2026-03-20T10:23:08.495+0000] {processor.py:840} INFO - DAG(s) 'daily_revenue_etl_dag' retrieved from /opt/airflow/dags/daily_revenue_etl_dag.py
[2026-03-20T10:23:08.542+0000] {logging_mixin.py:188} INFO - [2026-03-20T10:23:08.542+0000] {dag.py:3036} INFO - Sync 1 DAGs
[2026-03-20T10:23:08.576+0000] {logging_mixin.py:188} INFO - [2026-03-20T10:23:08.576+0000] {dag.py:3823} INFO - Setting next_dagrun for daily_revenue_etl_dag to 2026-03-20 00:00:00+00:00, run_after=2026-03-21 00:00:00+00:00
[2026-03-20T10:23:08.608+0000] {processor.py:183} INFO - Processing /opt/airflow/dags/daily_revenue_etl_dag.py took 0.169 seconds
[2026-03-20T10:00:18.593+0000] {processor.py:161} INFO - Started process (PID=391) to work on /opt/airflow/dags/daily_revenue_etl_dag.py
[2026-03-20T10:00:18.598+0000] {processor.py:830} INFO - Processing file /opt/airflow/dags/daily_revenue_etl_dag.py for tasks to queue
[2026-03-20T10:00:18.601+0000] {logging_mixin.py:188} INFO - [2026-03-20T10:00:18.600+0000] {dagbag.py:538} INFO - Filling up the DagBag from /opt/airflow/dags/daily_revenue_etl_dag.py
[2026-03-20T10:00:18.654+0000] {processor.py:840} INFO - DAG(s) 'daily_revenue_etl_dag' retrieved from /opt/airflow/dags/daily_revenue_etl_dag.py
[2026-03-20T10:00:18.719+0000] {logging_mixin.py:188} INFO - [2026-03-20T10:00:18.719+0000] {dag.py:3036} INFO - Sync 1 DAGs
[2026-03-20T10:00:18.774+0000] {logging_mixin.py:188} INFO - [2026-03-20T10:00:18.773+0000] {dag.py:3823} INFO - Setting next_dagrun for daily_revenue_etl_dag to 2026-03-20 00:00:00+00:00, run_after=2026-03-21 00:00:00+00:00
[2026-03-20T10:00:18.807+0000] {processor.py:183} INFO - Processing /opt/airflow/dags/daily_revenue_etl_dag.py took 0.226 seconds
[2026-03-20T10:00:48.905+0000] {processor.py:161} INFO - Started process (PID=396) to work on /opt/airflow/dags/daily_revenue_etl_dag.py
[2026-03-20T10:00:48.908+0000] {processor.py:830} INFO - Processing file /opt/airflow/dags/daily_revenue_etl_dag.py for tasks to queue
[2026-03-20T10:00:48.909+0000] {logging_mixin.py:188} INFO - [2026-03-20T10:00:48.909+0000] {dagbag.py:538} INFO - Filling up the DagBag from /opt/airflow/dags/daily_revenue_etl_dag.py
[2026-03-20T10:00:48.939+0000] {processor.py:840} INFO - DAG(s) 'daily_revenue_etl_dag' retrieved from /opt/airflow/dags/daily_revenue_etl_dag.py
[2026-03-20T10:00:48.983+0000] {logging_mixin.py:188} INFO - [2026-03-20T10:00:48.983+0000] {dag.py:3036} INFO - Sync 1 DAGs
[2026-03-20T10:00:49.016+0000] {logging_mixin.py:188} INFO - [2026-03-20T10:00:49.016+0000] {dag.py:3823} INFO - Setting next_dagrun for daily_revenue_etl_dag to 2026-03-20 00:00:00+00:00, run_after=2026-03-21 00:00:00+00:00
[2026-03-20T10:00:49.039+0000] {processor.py:183} INFO - Processing /opt/airflow/dags/daily_revenue_etl_dag.py took 0.139 seconds
[2026-03-20T10:24:33.604+0000] {processor.py:161} INFO - Started process (PID=401) to work on /opt/airflow/dags/daily_revenue_etl_dag.py
[2026-03-20T10:24:33.606+0000] {processor.py:830} INFO - Processing file /opt/airflow/dags/daily_revenue_etl_dag.py for tasks to queue
[2026-03-20T10:24:33.609+0000] {logging_mixin.py:188} INFO - [2026-03-20T10:24:33.608+0000] {dagbag.py:538} INFO - Filling up the DagBag from /opt/airflow/dags/daily_revenue_etl_dag.py
[2026-03-20T10:24:33.648+0000] {processor.py:840} INFO - DAG(s) 'daily_revenue_etl_dag' retrieved from /opt/airflow/dags/daily_revenue_etl_dag.py
[2026-03-20T10:24:33.705+0000] {logging_mixin.py:188} INFO - [2026-03-20T10:24:33.704+0000] {dag.py:3036} INFO - Sync 1 DAGs
[2026-03-20T10:24:33.783+0000] {logging_mixin.py:188} INFO - [2026-03-20T10:24:33.782+0000] {dag.py:3823} INFO - Setting next_dagrun for daily_revenue_etl_dag to 2026-03-20 00:00:00+00:00, run_after=2026-03-21 00:00:00+00:00
[2026-03-20T10:24:33.849+0000] {processor.py:183} INFO - Processing /opt/airflow/dags/daily_revenue_etl_dag.py took 0.252 seconds
[2026-03-20T10:25:08.816+0000] {processor.py:161} INFO - Started process (PID=407) to work on /opt/airflow/dags/daily_revenue_etl_dag.py
[2026-03-20T10:25:08.817+0000] {processor.py:830} INFO - Processing file /opt/airflow/dags/daily_revenue_etl_dag.py for tasks to queue
[2026-03-20T10:25:08.818+0000] {logging_mixin.py:188} INFO - [2026-03-20T10:25:08.818+0000] {dagbag.py:538} INFO - Filling up the DagBag from /opt/airflow/dags/daily_revenue_etl_dag.py
[2026-03-20T10:01:46.512+0000] {processor.py:840} INFO - DAG(s) 'daily_revenue_etl_dag' retrieved from /opt/airflow/dags/daily_revenue_etl_dag.py
[2026-03-20T10:01:46.536+0000] {logging_mixin.py:188} INFO - [2026-03-20T10:01:46.535+0000] {dag.py:3036} INFO - Sync 1 DAGs
[2026-03-20T10:01:46.554+0000] {logging_mixin.py:188} INFO - [2026-03-20T10:01:46.553+0000] {dag.py:3823} INFO - Setting next_dagrun for daily_revenue_etl_dag to 2026-03-20 00:00:00+00:00, run_after=2026-03-21 00:00:00+00:00
[2026-03-20T10:01:46.570+0000] {processor.py:183} INFO - Processing /opt/airflow/dags/daily_revenue_etl_dag.py took 0.082 seconds
[2026-03-20T10:25:10.840+0000] {processor.py:161} INFO - Started process (PID=412) to work on /opt/airflow/dags/daily_revenue_etl_dag.py
[2026-03-20T10:25:10.842+0000] {processor.py:830} INFO - Processing file /opt/airflow/dags/daily_revenue_etl_dag.py for tasks to queue
[2026-03-20T10:25:10.843+0000] {logging_mixin.py:188} INFO - [2026-03-20T10:25:10.842+0000] {dagbag.py:538} INFO - Filling up the DagBag from /opt/airflow/dags/daily_revenue_etl_dag.py
[2026-03-20T10:25:10.860+0000] {processor.py:840} INFO - DAG(s) 'daily_revenue_etl_dag' retrieved from /opt/airflow/dags/daily_revenue_etl_dag.py
[2026-03-20T10:25:10.886+0000] {logging_mixin.py:188} INFO - [2026-03-20T10:25:10.885+0000] {dag.py:3036} INFO - Sync 1 DAGs
[2026-03-20T10:25:10.908+0000] {logging_mixin.py:188} INFO - [2026-03-20T10:25:10.908+0000] {dag.py:3823} INFO - Setting next_dagrun for daily_revenue_etl_dag to 2026-03-20 00:00:00+00:00, run_after=2026-03-21 00:00:00+00:00
[2026-03-20T10:25:10.924+0000] {processor.py:183} INFO - Processing /opt/airflow/dags/daily_revenue_etl_dag.py took 0.088 seconds
[2026-03-20T10:27:10.812+0000] {processor.py:161} INFO - Started process (PID=417) to work on /opt/airflow/dags/daily_revenue_etl_dag.py
[2026-03-20T10:27:10.814+0000] {processor.py:830} INFO - Processing file /opt/airflow/dags/daily_revenue_etl_dag.py for tasks to queue
[2026-03-20T10:27:10.815+0000] {logging_mixin.py:188} INFO - [2026-03-20T10:27:10.814+0000] {dagbag.py:538} INFO - Filling up the DagBag from /opt/airflow/dags/daily_revenue_etl_dag.py
[2026-03-20T10:27:10.841+0000] {processor.py:840} INFO - DAG(s) 'daily_revenue_etl_dag' retrieved from /opt/airflow/dags/daily_revenue_etl_dag.py
[2026-03-20T10:27:10.883+0000] {logging_mixin.py:188} INFO - [2026-03-20T10:27:10.882+0000] {dag.py:3036} INFO - Sync 1 DAGs
[2026-03-20T10:27:10.908+0000] {logging_mixin.py:188} INFO - [2026-03-20T10:27:10.908+0000] {dag.py:3823} INFO - Setting next_dagrun for daily_revenue_etl_dag to 2026-03-20 00:00:00+00:00, run_after=2026-03-21 00:00:00+00:00
[2026-03-20T10:27:10.932+0000] {processor.py:183} INFO - Processing /opt/airflow/dags/daily_revenue_etl_dag.py took 0.124 seconds
[2026-03-20T10:27:44.038+0000] {processor.py:161} INFO - Started process (PID=422) to work on /opt/airflow/dags/daily_revenue_etl_dag.py
[2026-03-20T10:27:44.039+0000] {processor.py:830} INFO - Processing file /opt/airflow/dags/daily_revenue_etl_dag.py for tasks to queue
[2026-03-20T10:27:44.040+0000] {logging_mixin.py:188} INFO - [2026-03-20T10:27:44.040+0000] {dagbag.py:538} INFO - Filling up the DagBag from /opt/airflow/dags/daily_revenue_etl_dag.py
[2026-03-20T10:27:44.063+0000] {processor.py:840} INFO - DAG(s) 'daily_revenue_etl_dag' retrieved from /opt/airflow/dags/daily_revenue_etl_dag.py
[2026-03-20T10:27:44.102+0000] {logging_mixin.py:188} INFO - [2026-03-20T10:27:44.102+0000] {dag.py:3036} INFO - Sync 1 DAGs
[2026-03-20T10:27:44.145+0000] {logging_mixin.py:188} INFO - [2026-03-20T10:27:44.145+0000] {dag.py:3823} INFO - Setting next_dagrun for daily_revenue_etl_dag to 2026-03-20 00:00:00+00:00, run_after=2026-03-21 00:00:00+00:00
[2026-03-20T10:04:21.828+0000] {processor.py:183} INFO - Processing /opt/airflow/dags/daily_revenue_etl_dag.py took 0.162 seconds
[2026-03-20T10:04:52.089+0000] {processor.py:161} INFO - Started process (PID=427) to work on /opt/airflow/dags/daily_revenue_etl_dag.py
[2026-03-20T10:04:52.091+0000] {processor.py:830} INFO - Processing file /opt/airflow/dags/daily_revenue_etl_dag.py for tasks to queue
[2026-03-20T10:04:52.092+0000] {logging_mixin.py:188} INFO - [2026-03-20T10:04:52.092+0000] {dagbag.py:538} INFO - Filling up the DagBag from /opt/airflow/dags/daily_revenue_etl_dag.py
[2026-03-20T10:04:52.127+0000] {processor.py:840} INFO - DAG(s) 'daily_revenue_etl_dag' retrieved from /opt/airflow/dags/daily_revenue_etl_dag.py
[2026-03-20T10:04:52.159+0000] {logging_mixin.py:188} INFO - [2026-03-20T10:04:52.159+0000] {dag.py:3036} INFO - Sync 1 DAGs
[2026-03-20T10:04:52.184+0000] {logging_mixin.py:188} INFO - [2026-03-20T10:04:52.183+0000] {dag.py:3823} INFO - Setting next_dagrun for daily_revenue_etl_dag to 2026-03-20 00:00:00+00:00, run_after=2026-03-21 00:00:00+00:00
[2026-03-20T10:04:52.202+0000] {processor.py:183} INFO - Processing /opt/airflow/dags/daily_revenue_etl_dag.py took 0.119 seconds
[2026-03-20T10:28:40.735+0000] {processor.py:161} INFO - Started process (PID=432) to work on /opt/airflow/dags/daily_revenue_etl_dag.py
[2026-03-20T10:28:40.736+0000] {processor.py:830} INFO - Processing file /opt/airflow/dags/daily_revenue_etl_dag.py for tasks to queue
[2026-03-20T10:28:40.737+0000] {logging_mixin.py:188} INFO - [2026-03-20T10:28:40.736+0000] {dagbag.py:538} INFO - Filling up the DagBag from /opt/airflow/dags/daily_revenue_etl_dag.py
[2026-03-20T10:28:40.754+0000] {processor.py:840} INFO - DAG(s) 'daily_revenue_etl_dag' retrieved from /opt/airflow/dags/daily_revenue_etl_dag.py
[2026-03-20T10:28:40.777+0000] {logging_mixin.py:188} INFO - [2026-03-20T10:28:40.777+0000] {dag.py:3036} INFO - Sync 1 DAGs
[2026-03-20T10:28:40.797+0000] {logging_mixin.py:188} INFO - [2026-03-20T10:28:40.797+0000] {dag.py:3823} INFO - Setting next_dagrun for daily_revenue_etl_dag to 2026-03-20 00:00:00+00:00, run_after=2026-03-21 00:00:00+00:00
[2026-03-20T10:28:40.813+0000] {processor.py:183} INFO - Processing /opt/airflow/dags/daily_revenue_etl_dag.py took 0.082 seconds
[2026-03-20T10:29:10.945+0000] {processor.py:161} INFO - Started process (PID=437) to work on /opt/airflow/dags/daily_revenue_etl_dag.py
[2026-03-20T10:29:10.947+0000] {processor.py:830} INFO - Processing file /opt/airflow/dags/daily_revenue_etl_dag.py for tasks to queue
[2026-03-20T10:29:10.948+0000] {logging_mixin.py:188} INFO - [2026-03-20T10:29:10.948+0000] {dagbag.py:538} INFO - Filling up the DagBag from /opt/airflow/dags/daily_revenue_etl_dag.py
[2026-03-20T10:05:48.648+0000] {processor.py:840} INFO - DAG(s) 'daily_revenue_etl_dag' retrieved from /opt/airflow/dags/daily_revenue_etl_dag.py
[2026-03-20T10:05:48.675+0000] {logging_mixin.py:188} INFO - [2026-03-20T10:05:48.675+0000] {dag.py:3036} INFO - Sync 1 DAGs
[2026-03-20T10:05:48.695+0000] {logging_mixin.py:188} INFO - [2026-03-20T10:05:48.695+0000] {dag.py:3823} INFO - Setting next_dagrun for daily_revenue_etl_dag to 2026-03-20 00:00:00+00:00, run_after=2026-03-21 00:00:00+00:00
[2026-03-20T10:05:48.720+0000] {processor.py:183} INFO - Processing /opt/airflow/dags/daily_revenue_etl_dag.py took 0.098 seconds
[2026-03-20T10:29:14.034+0000] {processor.py:161} INFO - Started process (PID=442) to work on /opt/airflow/dags/daily_revenue_etl_dag.py
[2026-03-20T10:29:14.036+0000] {processor.py:830} INFO - Processing file /opt/airflow/dags/daily_revenue_etl_dag.py for tasks to queue
[2026-03-20T10:29:14.037+0000] {logging_mixin.py:188} INFO - [2026-03-20T10:29:14.036+0000] {dagbag.py:538} INFO - Filling up the DagBag from /opt/airflow/dags/daily_revenue_etl_dag.py
[2026-03-20T10:29:14.056+0000] {processor.py:840} INFO - DAG(s) 'daily_revenue_etl_dag' retrieved from /opt/airflow/dags/daily_revenue_etl_dag.py
[2026-03-20T10:29:14.078+0000] {logging_mixin.py:188} INFO - [2026-03-20T10:29:14.078+0000] {dag.py:3036} INFO - Sync 1 DAGs
[2026-03-20T10:29:14.102+0000] {logging_mixin.py:188} INFO - [2026-03-20T10:29:14.102+0000] {dag.py:3823} INFO - Setting next_dagrun for daily_revenue_etl_dag to 2026-03-20 00:00:00+00:00, run_after=2026-03-21 00:00:00+00:00
[2026-03-20T10:29:14.124+0000] {processor.py:183} INFO - Processing /opt/airflow/dags/daily_revenue_etl_dag.py took 0.093 seconds
[2026-03-20T10:29:44.294+0000] {processor.py:161} INFO - Started process (PID=447) to work on /opt/airflow/dags/daily_revenue_etl_dag.py
[2026-03-20T10:29:44.296+0000] {processor.py:830} INFO - Processing file /opt/airflow/dags/daily_revenue_etl_dag.py for tasks to queue
[2026-03-20T10:29:44.297+0000] {logging_mixin.py:188} INFO - [2026-03-20T10:29:44.296+0000] {dagbag.py:538} INFO - Filling up the DagBag from /opt/airflow/dags/daily_revenue_etl_dag.py
[2026-03-20T10:06:22.005+0000] {processor.py:840} INFO - DAG(s) 'daily_revenue_etl_dag' retrieved from /opt/airflow/dags/daily_revenue_etl_dag.py
[2026-03-20T10:06:22.033+0000] {logging_mixin.py:188} INFO - [2026-03-20T10:06:22.033+0000] {dag.py:3036} INFO - Sync 1 DAGs
[2026-03-20T10:06:22.055+0000] {logging_mixin.py:188} INFO - [2026-03-20T10:06:22.055+0000] {dag.py:3823} INFO - Setting next_dagrun for daily_revenue_etl_dag to 2026-03-20 00:00:00+00:00, run_after=2026-03-21 00:00:00+00:00
[2026-03-20T10:06:22.077+0000] {processor.py:183} INFO - Processing /opt/airflow/dags/daily_revenue_etl_dag.py took 0.106 seconds
[2026-03-20T10:06:52.213+0000] {processor.py:161} INFO - Started process (PID=453) to work on /opt/airflow/dags/daily_revenue_etl_dag.py
[2026-03-20T10:06:52.219+0000] {processor.py:830} INFO - Processing file /opt/airflow/dags/daily_revenue_etl_dag.py for tasks to queue
[2026-03-20T10:06:52.226+0000] {logging_mixin.py:188} INFO - [2026-03-20T10:06:52.225+0000] {dagbag.py:538} INFO - Filling up the DagBag from /opt/airflow/dags/daily_revenue_etl_dag.py
[2026-03-20T10:06:52.280+0000] {processor.py:840} INFO - DAG(s) 'daily_revenue_etl_dag' retrieved from /opt/airflow/dags/daily_revenue_etl_dag.py
[2026-03-20T10:06:52.336+0000] {logging_mixin.py:188} INFO - [2026-03-20T10:06:52.335+0000] {dag.py:3036} INFO - Sync 1 DAGs
[2026-03-20T10:06:52.383+0000] {logging_mixin.py:188} INFO - [2026-03-20T10:06:52.383+0000] {dag.py:3823} INFO - Setting next_dagrun for daily_revenue_etl_dag to 2026-03-20 00:00:00+00:00, run_after=2026-03-21 00:00:00+00:00
[2026-03-20T10:06:52.407+0000] {processor.py:183} INFO - Processing /opt/airflow/dags/daily_revenue_etl_dag.py took 0.202 seconds
[2026-03-20T10:30:40.828+0000] {processor.py:161} INFO - Started process (PID=458) to work on /opt/airflow/dags/daily_revenue_etl_dag.py
[2026-03-20T10:30:40.829+0000] {processor.py:830} INFO - Processing file /opt/airflow/dags/daily_revenue_etl_dag.py for tasks to queue
[2026-03-20T10:30:40.830+0000] {logging_mixin.py:188} INFO - [2026-03-20T10:30:40.830+0000] {dagbag.py:538} INFO - Filling up the DagBag from /opt/airflow/dags/daily_revenue_etl_dag.py
[2026-03-20T10:30:40.854+0000] {processor.py:840} INFO - DAG(s) 'daily_revenue_etl_dag' retrieved from /opt/airflow/dags/daily_revenue_etl_dag.py
[2026-03-20T10:30:40.879+0000] {logging_mixin.py:188} INFO - [2026-03-20T10:30:40.878+0000] {dag.py:3036} INFO - Sync 1 DAGs
[2026-03-20T10:30:40.901+0000] {logging_mixin.py:188} INFO - [2026-03-20T10:30:40.900+0000] {dag.py:3823} INFO - Setting next_dagrun for daily_revenue_etl_dag to 2026-03-20 00:00:00+00:00, run_after=2026-03-21 00:00:00+00:00
[2026-03-20T10:30:40.930+0000] {processor.py:183} INFO - Processing /opt/airflow/dags/daily_revenue_etl_dag.py took 0.106 seconds
[2026-03-20T10:31:14.344+0000] {processor.py:161} INFO - Started process (PID=463) to work on /opt/airflow/dags/daily_revenue_etl_dag.py
[2026-03-20T10:31:14.352+0000] {processor.py:830} INFO - Processing file /opt/airflow/dags/daily_revenue_etl_dag.py for tasks to queue
[2026-03-20T10:31:14.363+0000] {logging_mixin.py:188} INFO - [2026-03-20T10:31:14.360+0000] {dagbag.py:538} INFO - Filling up the DagBag from /opt/airflow/dags/daily_revenue_etl_dag.py
[2026-03-20T10:31:14.442+0000] {processor.py:840} INFO - DAG(s) 'daily_revenue_etl_dag' retrieved from /opt/airflow/dags/daily_revenue_etl_dag.py
[2026-03-20T10:07:52.205+0000] {logging_mixin.py:188} INFO - [2026-03-20T10:07:52.204+0000] {dag.py:3036} INFO - Sync 1 DAGs
[2026-03-20T10:07:52.261+0000] {logging_mixin.py:188} INFO - [2026-03-20T10:07:52.261+0000] {dag.py:3823} INFO - Setting next_dagrun for daily_revenue_etl_dag to 2026-03-20 00:00:00+00:00, run_after=2026-03-21 00:00:00+00:00
[2026-03-20T10:07:52.293+0000] {processor.py:183} INFO - Processing /opt/airflow/dags/daily_revenue_etl_dag.py took 0.306 seconds
[2026-03-20T10:31:19.370+0000] {processor.py:161} INFO - Started process (PID=468) to work on /opt/airflow/dags/daily_revenue_etl_dag.py
[2026-03-20T10:31:19.373+0000] {processor.py:830} INFO - Processing file /opt/airflow/dags/daily_revenue_etl_dag.py for tasks to queue
[2026-03-20T10:31:19.375+0000] {logging_mixin.py:188} INFO - [2026-03-20T10:31:19.374+0000] {dagbag.py:538} INFO - Filling up the DagBag from /opt/airflow/dags/daily_revenue_etl_dag.py
[2026-03-20T10:31:19.412+0000] {processor.py:840} INFO - DAG(s) 'daily_revenue_etl_dag' retrieved from /opt/airflow/dags/daily_revenue_etl_dag.py
[2026-03-20T10:31:19.470+0000] {logging_mixin.py:188} INFO - [2026-03-20T10:31:19.469+0000] {dag.py:3036} INFO - Sync 1 DAGs
[2026-03-20T10:07:57.230+0000] {logging_mixin.py:188} INFO - [2026-03-20T10:07:57.225+0000] {dag.py:3823} INFO - Setting next_dagrun for daily_revenue_etl_dag to 2026-03-20 00:00:00+00:00, run_after=2026-03-21 00:00:00+00:00
[2026-03-20T10:07:57.333+0000] {processor.py:183} INFO - Processing /opt/airflow/dags/daily_revenue_etl_dag.py took 0.293 seconds
[2026-03-20T10:31:40.878+0000] {processor.py:161} INFO - Started process (PID=473) to work on /opt/airflow/dags/daily_revenue_etl_dag.py
[2026-03-20T10:31:40.879+0000] {processor.py:830} INFO - Processing file /opt/airflow/dags/daily_revenue_etl_dag.py for tasks to queue
[2026-03-20T10:31:40.882+0000] {logging_mixin.py:188} INFO - [2026-03-20T10:31:40.880+0000] {dagbag.py:538} INFO - Filling up the DagBag from /opt/airflow/dags/daily_revenue_etl_dag.py
[2026-03-20T10:31:40.912+0000] {processor.py:840} INFO - DAG(s) 'daily_revenue_etl_dag' retrieved from /opt/airflow/dags/daily_revenue_etl_dag.py
[2026-03-20T10:31:40.943+0000] {logging_mixin.py:188} INFO - [2026-03-20T10:31:40.943+0000] {dag.py:3036} INFO - Sync 1 DAGs
[2026-03-20T10:31:40.971+0000] {logging_mixin.py:188} INFO - [2026-03-20T10:31:40.971+0000] {dag.py:3823} INFO - Setting next_dagrun for daily_revenue_etl_dag to 2026-03-20 00:00:00+00:00, run_after=2026-03-21 00:00:00+00:00
[2026-03-20T10:08:18.674+0000] {processor.py:183} INFO - Processing /opt/airflow/dags/daily_revenue_etl_dag.py took 0.122 seconds
[2026-03-20T10:08:48.762+0000] {processor.py:161} INFO - Started process (PID=478) to work on /opt/airflow/dags/daily_revenue_etl_dag.py
[2026-03-20T10:08:48.763+0000] {processor.py:830} INFO - Processing file /opt/airflow/dags/daily_revenue_etl_dag.py for tasks to queue
[2026-03-20T10:08:48.765+0000] {logging_mixin.py:188} INFO - [2026-03-20T10:08:48.764+0000] {dagbag.py:538} INFO - Filling up the DagBag from /opt/airflow/dags/daily_revenue_etl_dag.py
[2026-03-20T10:08:48.782+0000] {processor.py:840} INFO - DAG(s) 'daily_revenue_etl_dag' retrieved from /opt/airflow/dags/daily_revenue_etl_dag.py
[2026-03-20T10:08:48.810+0000] {logging_mixin.py:188} INFO - [2026-03-20T10:08:48.810+0000] {dag.py:3036} INFO - Sync 1 DAGs
[2026-03-20T10:08:48.832+0000] {logging_mixin.py:188} INFO - [2026-03-20T10:08:48.832+0000] {dag.py:3823} INFO - Setting next_dagrun for daily_revenue_etl_dag to 2026-03-20 00:00:00+00:00, run_after=2026-03-21 00:00:00+00:00
[2026-03-20T10:08:48.852+0000] {processor.py:183} INFO - Processing /opt/airflow/dags/daily_revenue_etl_dag.py took 0.094 seconds
[2026-03-20T10:09:19.052+0000] {processor.py:161} INFO - Started process (PID=483) to work on /opt/airflow/dags/daily_revenue_etl_dag.py
[2026-03-20T10:09:19.053+0000] {processor.py:830} INFO - Processing file /opt/airflow/dags/daily_revenue_etl_dag.py for tasks to queue
[2026-03-20T10:09:19.055+0000] {logging_mixin.py:188} INFO - [2026-03-20T10:09:19.054+0000] {dagbag.py:538} INFO - Filling up the DagBag from /opt/airflow/dags/daily_revenue_etl_dag.py
[2026-03-20T10:09:19.079+0000] {processor.py:840} INFO - DAG(s) 'daily_revenue_etl_dag' retrieved from /opt/airflow/dags/daily_revenue_etl_dag.py
[2026-03-20T10:09:19.110+0000] {logging_mixin.py:188} INFO - [2026-03-20T10:09:19.110+0000] {dag.py:3036} INFO - Sync 1 DAGs
[2026-03-20T10:09:19.134+0000] {logging_mixin.py:188} INFO - [2026-03-20T10:09:19.134+0000] {dag.py:3823} INFO - Setting next_dagrun for daily_revenue_etl_dag to 2026-03-20 00:00:00+00:00, run_after=2026-03-21 00:00:00+00:00
[2026-03-20T10:09:19.152+0000] {processor.py:183} INFO - Processing /opt/airflow/dags/daily_revenue_etl_dag.py took 0.103 seconds
[2026-03-20T10:32:44.563+0000] {processor.py:161} INFO - Started process (PID=488) to work on /opt/airflow/dags/daily_revenue_etl_dag.py
[2026-03-20T10:32:44.564+0000] {processor.py:830} INFO - Processing file /opt/airflow/dags/daily_revenue_etl_dag.py for tasks to queue
[2026-03-20T10:32:44.565+0000] {logging_mixin.py:188} INFO - [2026-03-20T10:32:44.565+0000] {dagbag.py:538} INFO - Filling up the DagBag from /opt/airflow/dags/daily_revenue_etl_dag.py
[2026-03-20T10:32:44.585+0000] {processor.py:840} INFO - DAG(s) 'daily_revenue_etl_dag' retrieved from /opt/airflow/dags/daily_revenue_etl_dag.py
[2026-03-20T10:32:44.614+0000] {logging_mixin.py:188} INFO - [2026-03-20T10:32:44.614+0000] {dag.py:3036} INFO - Sync 1 DAGs
[2026-03-20T10:32:44.636+0000] {logging_mixin.py:188} INFO - [2026-03-20T10:32:44.636+0000] {dag.py:3823} INFO - Setting next_dagrun for daily_revenue_etl_dag to 2026-03-20 00:00:00+00:00, run_after=2026-03-21 00:00:00+00:00
[2026-03-20T10:32:44.655+0000] {processor.py:183} INFO - Processing /opt/airflow/dags/daily_revenue_etl_dag.py took 0.096 seconds
[2026-03-20T10:32:49.602+0000] {processor.py:161} INFO - Started process (PID=493) to work on /opt/airflow/dags/daily_revenue_etl_dag.py
[2026-03-20T10:32:49.604+0000] {processor.py:830} INFO - Processing file /opt/airflow/dags/daily_revenue_etl_dag.py for tasks to queue
[2026-03-20T10:32:49.606+0000] {logging_mixin.py:188} INFO - [2026-03-20T10:32:49.605+0000] {dagbag.py:538} INFO - Filling up the DagBag from /opt/airflow/dags/daily_revenue_etl_dag.py
[2026-03-20T10:32:49.626+0000] {processor.py:840} INFO - DAG(s) 'daily_revenue_etl_dag' retrieved from /opt/airflow/dags/daily_revenue_etl_dag.py
[2026-03-20T10:32:49.648+0000] {logging_mixin.py:188} INFO - [2026-03-20T10:32:49.648+0000] {dag.py:3036} INFO - Sync 1 DAGs
[2026-03-20T10:32:49.679+0000] {logging_mixin.py:188} INFO - [2026-03-20T10:32:49.678+0000] {dag.py:3823} INFO - Setting next_dagrun for daily_revenue_etl_dag to 2026-03-20 00:00:00+00:00, run_after=2026-03-21 00:00:00+00:00
[2026-03-20T10:32:49.701+0000] {processor.py:183} INFO - Processing /opt/airflow/dags/daily_revenue_etl_dag.py took 0.103 seconds
[2026-03-20T10:33:10.848+0000] {processor.py:161} INFO - Started process (PID=500) to work on /opt/airflow/dags/daily_revenue_etl_dag.py
[2026-03-20T10:33:10.849+0000] {processor.py:830} INFO - Processing file /opt/airflow/dags/daily_revenue_etl_dag.py for tasks to queue
[2026-03-20T10:33:10.850+0000] {logging_mixin.py:188} INFO - [2026-03-20T10:33:10.850+0000] {dagbag.py:538} INFO - Filling up the DagBag from /opt/airflow/dags/daily_revenue_etl_dag.py
[2026-03-20T10:33:10.872+0000] {processor.py:840} INFO - DAG(s) 'daily_revenue_etl_dag' retrieved from /opt/airflow/dags/daily_revenue_etl_dag.py
[2026-03-20T10:33:10.899+0000] {logging_mixin.py:188} INFO - [2026-03-20T10:33:10.899+0000] {dag.py:3036} INFO - Sync 1 DAGs
[2026-03-20T10:33:10.923+0000] {logging_mixin.py:188} INFO - [2026-03-20T10:33:10.922+0000] {dag.py:3823} INFO - Setting next_dagrun for daily_revenue_etl_dag to 2026-03-20 00:00:00+00:00, run_after=2026-03-21 00:00:00+00:00
[2026-03-20T10:33:10.940+0000] {processor.py:183} INFO - Processing /opt/airflow/dags/daily_revenue_etl_dag.py took 0.094 seconds
[2026-03-20T10:35:14.722+0000] {processor.py:161} INFO - Started process (PID=505) to work on /opt/airflow/dags/daily_revenue_etl_dag.py
[2026-03-20T10:35:14.723+0000] {processor.py:830} INFO - Processing file /opt/airflow/dags/daily_revenue_etl_dag.py for tasks to queue
[2026-03-20T10:35:14.724+0000] {logging_mixin.py:188} INFO - [2026-03-20T10:35:14.724+0000] {dagbag.py:538} INFO - Filling up the DagBag from /opt/airflow/dags/daily_revenue_etl_dag.py
[2026-03-20T10:35:14.746+0000] {processor.py:840} INFO - DAG(s) 'daily_revenue_etl_dag' retrieved from /opt/airflow/dags/daily_revenue_etl_dag.py
[2026-03-20T10:35:14.774+0000] {logging_mixin.py:188} INFO - [2026-03-20T10:35:14.774+0000] {dag.py:3036} INFO - Sync 1 DAGs
[2026-03-20T10:35:14.808+0000] {logging_mixin.py:188} INFO - [2026-03-20T10:35:14.808+0000] {dag.py:3823} INFO - Setting next_dagrun for daily_revenue_etl_dag to 2026-03-20 00:00:00+00:00, run_after=2026-03-21 00:00:00+00:00
[2026-03-20T10:35:14.837+0000] {processor.py:183} INFO - Processing /opt/airflow/dags/daily_revenue_etl_dag.py took 0.119 seconds
[2026-03-20T10:35:44.938+0000] {processor.py:161} INFO - Started process (PID=510) to work on /opt/airflow/dags/daily_revenue_etl_dag.py
[2026-03-20T10:35:44.939+0000] {processor.py:830} INFO - Processing file /opt/airflow/dags/daily_revenue_etl_dag.py for tasks to queue
[2026-03-20T10:35:44.941+0000] {logging_mixin.py:188} INFO - [2026-03-20T10:35:44.941+0000] {dagbag.py:538} INFO - Filling up the DagBag from /opt/airflow/dags/daily_revenue_etl_dag.py
[2026-03-20T10:35:44.959+0000] {processor.py:840} INFO - DAG(s) 'daily_revenue_etl_dag' retrieved from /opt/airflow/dags/daily_revenue_etl_dag.py
[2026-03-20T10:35:44.985+0000] {logging_mixin.py:188} INFO - [2026-03-20T10:35:44.984+0000] {dag.py:3036} INFO - Sync 1 DAGs
[2026-03-20T10:35:45.003+0000] {logging_mixin.py:188} INFO - [2026-03-20T10:35:45.002+0000] {dag.py:3823} INFO - Setting next_dagrun for daily_revenue_etl_dag to 2026-03-20 00:00:00+00:00, run_after=2026-03-21 00:00:00+00:00
[2026-03-20T10:12:22.690+0000] {processor.py:183} INFO - Processing /opt/airflow/dags/daily_revenue_etl_dag.py took 0.087 seconds
[2026-03-20T10:12:52.927+0000] {processor.py:161} INFO - Started process (PID=515) to work on /opt/airflow/dags/daily_revenue_etl_dag.py
[2026-03-20T10:12:52.927+0000] {processor.py:830} INFO - Processing file /opt/airflow/dags/daily_revenue_etl_dag.py for tasks to queue
[2026-03-20T10:12:52.928+0000] {logging_mixin.py:188} INFO - [2026-03-20T10:12:52.928+0000] {dagbag.py:538} INFO - Filling up the DagBag from /opt/airflow/dags/daily_revenue_etl_dag.py
[2026-03-20T10:12:52.944+0000] {processor.py:840} INFO - DAG(s) 'daily_revenue_etl_dag' retrieved from /opt/airflow/dags/daily_revenue_etl_dag.py
[2026-03-20T10:12:52.965+0000] {logging_mixin.py:188} INFO - [2026-03-20T10:12:52.964+0000] {dag.py:3036} INFO - Sync 1 DAGs
[2026-03-20T10:12:52.983+0000] {logging_mixin.py:188} INFO - [2026-03-20T10:12:52.982+0000] {dag.py:3823} INFO - Setting next_dagrun for daily_revenue_etl_dag to 2026-03-20 00:00:00+00:00, run_after=2026-03-21 00:00:00+00:00
[2026-03-20T10:12:52.999+0000] {processor.py:183} INFO - Processing /opt/airflow/dags/daily_revenue_etl_dag.py took 0.075 seconds
[2026-03-20T10:13:23.132+0000] {processor.py:161} INFO - Started process (PID=520) to work on /opt/airflow/dags/daily_revenue_etl_dag.py
[2026-03-20T10:13:23.133+0000] {processor.py:830} INFO - Processing file /opt/airflow/dags/daily_revenue_etl_dag.py for tasks to queue
[2026-03-20T10:13:23.134+0000] {logging_mixin.py:188} INFO - [2026-03-20T10:13:23.134+0000] {dagbag.py:538} INFO - Filling up the DagBag from /opt/airflow/dags/daily_revenue_etl_dag.py
[2026-03-20T10:13:23.152+0000] {processor.py:840} INFO - DAG(s) 'daily_revenue_etl_dag' retrieved from /opt/airflow/dags/daily_revenue_etl_dag.py
[2026-03-20T10:13:23.173+0000] {logging_mixin.py:188} INFO - [2026-03-20T10:13:23.173+0000] {dag.py:3036} INFO - Sync 1 DAGs
[2026-03-20T10:13:23.191+0000] {logging_mixin.py:188} INFO - [2026-03-20T10:13:23.191+0000] {dag.py:3823} INFO - Setting next_dagrun for daily_revenue_etl_dag to 2026-03-20 00:00:00+00:00, run_after=2026-03-21 00:00:00+00:00
[2026-03-20T10:13:23.216+0000] {processor.py:183} INFO - Processing /opt/airflow/dags/daily_revenue_etl_dag.py took 0.087 seconds
[2026-03-20T10:13:53.471+0000] {processor.py:161} INFO - Started process (PID=525) to work on /opt/airflow/dags/daily_revenue_etl_dag.py
[2026-03-20T10:13:53.472+0000] {processor.py:830} INFO - Processing file /opt/airflow/dags/daily_revenue_etl_dag.py for tasks to queue
[2026-03-20T10:13:53.473+0000] {logging_mixin.py:188} INFO - [2026-03-20T10:13:53.473+0000] {dagbag.py:538} INFO - Filling up the DagBag from /opt/airflow/dags/daily_revenue_etl_dag.py
[2026-03-20T10:13:53.493+0000] {processor.py:840} INFO - DAG(s) 'daily_revenue_etl_dag' retrieved from /opt/airflow/dags/daily_revenue_etl_dag.py
[2026-03-20T10:13:53.517+0000] {logging_mixin.py:188} INFO - [2026-03-20T10:13:53.517+0000] {dag.py:3036} INFO - Sync 1 DAGs
[2026-03-20T10:13:53.536+0000] {logging_mixin.py:188} INFO - [2026-03-20T10:13:53.535+0000] {dag.py:3823} INFO - Setting next_dagrun for daily_revenue_etl_dag to 2026-03-20 00:00:00+00:00, run_after=2026-03-21 00:00:00+00:00
[2026-03-20T10:13:53.553+0000] {processor.py:183} INFO - Processing /opt/airflow/dags/daily_revenue_etl_dag.py took 0.085 seconds
[2026-03-20T10:37:20.901+0000] {processor.py:161} INFO - Started process (PID=532) to work on /opt/airflow/dags/daily_revenue_etl_dag.py
[2026-03-20T10:37:20.909+0000] {processor.py:830} INFO - Processing file /opt/airflow/dags/daily_revenue_etl_dag.py for tasks to queue
[2026-03-20T10:37:20.916+0000] {logging_mixin.py:188} INFO - [2026-03-20T10:37:20.914+0000] {dagbag.py:538} INFO - Filling up the DagBag from /opt/airflow/dags/daily_revenue_etl_dag.py
[2026-03-20T10:37:20.985+0000] {processor.py:840} INFO - DAG(s) 'daily_revenue_etl_dag' retrieved from /opt/airflow/dags/daily_revenue_etl_dag.py
[2026-03-20T10:37:21.076+0000] {logging_mixin.py:188} INFO - [2026-03-20T10:37:21.076+0000] {dag.py:3036} INFO - Sync 1 DAGs
[2026-03-20T10:37:21.164+0000] {logging_mixin.py:188} INFO - [2026-03-20T10:37:21.163+0000] {dag.py:3823} INFO - Setting next_dagrun for daily_revenue_etl_dag to 2026-03-20 00:00:00+00:00, run_after=2026-03-21 00:00:00+00:00
[2026-03-20T10:37:21.221+0000] {processor.py:183} INFO - Processing /opt/airflow/dags/daily_revenue_etl_dag.py took 0.333 seconds
[2026-03-20T10:37:55.225+0000] {processor.py:161} INFO - Started process (PID=537) to work on /opt/airflow/dags/daily_revenue_etl_dag.py
[2026-03-20T10:37:55.227+0000] {processor.py:830} INFO - Processing file /opt/airflow/dags/daily_revenue_etl_dag.py for tasks to queue
[2026-03-20T10:37:55.230+0000] {logging_mixin.py:188} INFO - [2026-03-20T10:37:55.229+0000] {dagbag.py:538} INFO - Filling up the DagBag from /opt/airflow/dags/daily_revenue_etl_dag.py
[2026-03-20T10:37:55.261+0000] {processor.py:840} INFO - DAG(s) 'daily_revenue_etl_dag' retrieved from /opt/airflow/dags/daily_revenue_etl_dag.py
[2026-03-20T10:37:55.317+0000] {logging_mixin.py:188} INFO - [2026-03-20T10:37:55.316+0000] {dag.py:3036} INFO - Sync 1 DAGs
[2026-03-20T10:37:55.353+0000] {logging_mixin.py:188} INFO - [2026-03-20T10:37:55.352+0000] {dag.py:3823} INFO - Setting next_dagrun for daily_revenue_etl_dag to 2026-03-20 00:00:00+00:00, run_after=2026-03-21 00:00:00+00:00
[2026-03-20T10:37:55.381+0000] {processor.py:183} INFO - Processing /opt/airflow/dags/daily_revenue_etl_dag.py took 0.160 seconds
[2026-03-20T10:39:10.945+0000] {processor.py:161} INFO - Started process (PID=544) to work on /opt/airflow/dags/daily_revenue_etl_dag.py
[2026-03-20T10:39:10.946+0000] {processor.py:830} INFO - Processing file /opt/airflow/dags/daily_revenue_etl_dag.py for tasks to queue
[2026-03-20T10:39:10.947+0000] {logging_mixin.py:188} INFO - [2026-03-20T10:39:10.946+0000] {dagbag.py:538} INFO - Filling up the DagBag from /opt/airflow/dags/daily_revenue_etl_dag.py
[2026-03-20T10:39:10.965+0000] {processor.py:840} INFO - DAG(s) 'daily_revenue_etl_dag' retrieved from /opt/airflow/dags/daily_revenue_etl_dag.py
[2026-03-20T10:39:10.993+0000] {logging_mixin.py:188} INFO - [2026-03-20T10:39:10.992+0000] {dag.py:3036} INFO - Sync 1 DAGs
[2026-03-20T10:39:11.015+0000] {logging_mixin.py:188} INFO - [2026-03-20T10:39:11.015+0000] {dag.py:3823} INFO - Setting next_dagrun for daily_revenue_etl_dag to 2026-03-20 00:00:00+00:00, run_after=2026-03-21 00:00:00+00:00
[2026-03-20T10:15:48.728+0000] {processor.py:183} INFO - Processing /opt/airflow/dags/daily_revenue_etl_dag.py took 0.093 seconds
[2026-03-20T10:39:20.176+0000] {processor.py:161} INFO - Started process (PID=549) to work on /opt/airflow/dags/daily_revenue_etl_dag.py
[2026-03-20T10:39:20.180+0000] {processor.py:830} INFO - Processing file /opt/airflow/dags/daily_revenue_etl_dag.py for tasks to queue
[2026-03-20T10:39:20.184+0000] {logging_mixin.py:188} INFO - [2026-03-20T10:39:20.182+0000] {dagbag.py:538} INFO - Filling up the DagBag from /opt/airflow/dags/daily_revenue_etl_dag.py
[2026-03-20T10:39:20.235+0000] {processor.py:840} INFO - DAG(s) 'daily_revenue_etl_dag' retrieved from /opt/airflow/dags/daily_revenue_etl_dag.py
[2026-03-20T10:39:20.292+0000] {logging_mixin.py:188} INFO - [2026-03-20T10:39:20.292+0000] {dag.py:3036} INFO - Sync 1 DAGs
[2026-03-20T10:15:58.064+0000] {logging_mixin.py:188} INFO - [2026-03-20T10:15:58.062+0000] {dag.py:3823} INFO - Setting next_dagrun for daily_revenue_etl_dag to 2026-03-20 00:00:00+00:00, run_after=2026-03-21 00:00:00+00:00
[2026-03-20T10:15:58.148+0000] {processor.py:183} INFO - Processing /opt/airflow/dags/daily_revenue_etl_dag.py took 0.292 seconds
[2026-03-20T10:39:25.199+0000] {processor.py:161} INFO - Started process (PID=554) to work on /opt/airflow/dags/daily_revenue_etl_dag.py
[2026-03-20T10:39:25.200+0000] {processor.py:830} INFO - Processing file /opt/airflow/dags/daily_revenue_etl_dag.py for tasks to queue
[2026-03-20T10:39:25.202+0000] {logging_mixin.py:188} INFO - [2026-03-20T10:39:25.201+0000] {dagbag.py:538} INFO - Filling up the DagBag from /opt/airflow/dags/daily_revenue_etl_dag.py
[2026-03-20T10:39:25.225+0000] {processor.py:840} INFO - DAG(s) 'daily_revenue_etl_dag' retrieved from /opt/airflow/dags/daily_revenue_etl_dag.py
[2026-03-20T10:39:25.252+0000] {logging_mixin.py:188} INFO - [2026-03-20T10:39:25.252+0000] {dag.py:3036} INFO - Sync 1 DAGs
[2026-03-20T10:39:25.273+0000] {logging_mixin.py:188} INFO - [2026-03-20T10:39:25.272+0000] {dag.py:3823} INFO - Setting next_dagrun for daily_revenue_etl_dag to 2026-03-20 00:00:00+00:00, run_after=2026-03-21 00:00:00+00:00
[2026-03-20T10:39:25.292+0000] {processor.py:183} INFO - Processing /opt/airflow/dags/daily_revenue_etl_dag.py took 0.098 seconds
[2026-03-20T10:39:55.389+0000] {processor.py:161} INFO - Started process (PID=559) to work on /opt/airflow/dags/daily_revenue_etl_dag.py
[2026-03-20T10:39:55.390+0000] {processor.py:830} INFO - Processing file /opt/airflow/dags/daily_revenue_etl_dag.py for tasks to queue
[2026-03-20T10:39:55.391+0000] {logging_mixin.py:188} INFO - [2026-03-20T10:39:55.391+0000] {dagbag.py:538} INFO - Filling up the DagBag from /opt/airflow/dags/daily_revenue_etl_dag.py
[2026-03-20T10:39:55.408+0000] {processor.py:840} INFO - DAG(s) 'daily_revenue_etl_dag' retrieved from /opt/airflow/dags/daily_revenue_etl_dag.py
[2026-03-20T10:16:33.117+0000] {logging_mixin.py:188} INFO - [2026-03-20T10:39:55.435+0000] {dag.py:3036} INFO - Sync 1 DAGs
[2026-03-20T10:16:33.139+0000] {logging_mixin.py:188} INFO - [2026-03-20T10:16:33.139+0000] {dag.py:3823} INFO - Setting next_dagrun for daily_revenue_etl_dag to 2026-03-20 00:00:00+00:00, run_after=2026-03-21 00:00:00+00:00
[2026-03-20T10:16:33.156+0000] {processor.py:183} INFO - Processing /opt/airflow/dags/daily_revenue_etl_dag.py took 0.089 seconds
[2026-03-20T10:16:38.220+0000] {processor.py:161} INFO - Started process (PID=564) to work on /opt/airflow/dags/daily_revenue_etl_dag.py
[2026-03-20T10:16:38.223+0000] {processor.py:830} INFO - Processing file /opt/airflow/dags/daily_revenue_etl_dag.py for tasks to queue
[2026-03-20T10:16:38.225+0000] {logging_mixin.py:188} INFO - [2026-03-20T10:16:38.224+0000] {dagbag.py:538} INFO - Filling up the DagBag from /opt/airflow/dags/daily_revenue_etl_dag.py
[2026-03-20T10:16:38.274+0000] {processor.py:840} INFO - DAG(s) 'daily_revenue_etl_dag' retrieved from /opt/airflow/dags/daily_revenue_etl_dag.py
[2026-03-20T10:16:38.309+0000] {logging_mixin.py:188} INFO - [2026-03-20T10:16:38.309+0000] {dag.py:3036} INFO - Sync 1 DAGs
[2026-03-20T10:16:38.339+0000] {logging_mixin.py:188} INFO - [2026-03-20T10:16:38.338+0000] {dag.py:3823} INFO - Setting next_dagrun for daily_revenue_etl_dag to 2026-03-20 00:00:00+00:00, run_after=2026-03-21 00:00:00+00:00
[2026-03-20T10:16:38.361+0000] {processor.py:183} INFO - Processing /opt/airflow/dags/daily_revenue_etl_dag.py took 0.147 seconds
[2026-03-20T10:17:08.503+0000] {processor.py:161} INFO - Started process (PID=569) to work on /opt/airflow/dags/daily_revenue_etl_dag.py
[2026-03-20T10:17:08.505+0000] {processor.py:830} INFO - Processing file /opt/airflow/dags/daily_revenue_etl_dag.py for tasks to queue
[2026-03-20T10:17:08.506+0000] {logging_mixin.py:188} INFO - [2026-03-20T10:17:08.506+0000] {dagbag.py:538} INFO - Filling up the DagBag from /opt/airflow/dags/daily_revenue_etl_dag.py
[2026-03-20T10:17:08.528+0000] {processor.py:840} INFO - DAG(s) 'daily_revenue_etl_dag' retrieved from /opt/airflow/dags/daily_revenue_etl_dag.py
[2026-03-20T10:17:08.559+0000] {logging_mixin.py:188} INFO - [2026-03-20T10:17:08.558+0000] {dag.py:3036} INFO - Sync 1 DAGs
[2026-03-20T10:17:08.584+0000] {logging_mixin.py:188} INFO - [2026-03-20T10:17:08.584+0000] {dag.py:3823} INFO - Setting next_dagrun for daily_revenue_etl_dag to 2026-03-20 00:00:00+00:00, run_after=2026-03-21 00:00:00+00:00
[2026-03-20T10:17:08.616+0000] {processor.py:183} INFO - Processing /opt/airflow/dags/daily_revenue_etl_dag.py took 0.117 seconds
[2026-03-20T10:40:55.372+0000] {processor.py:161} INFO - Started process (PID=574) to work on /opt/airflow/dags/daily_revenue_etl_dag.py
[2026-03-20T10:40:55.376+0000] {processor.py:830} INFO - Processing file /opt/airflow/dags/daily_revenue_etl_dag.py for tasks to queue
[2026-03-20T10:40:55.384+0000] {logging_mixin.py:188} INFO - [2026-03-20T10:40:55.382+0000] {dagbag.py:538} INFO - Filling up the DagBag from /opt/airflow/dags/daily_revenue_etl_dag.py
[2026-03-20T10:40:55.440+0000] {processor.py:840} INFO - DAG(s) 'daily_revenue_etl_dag' retrieved from /opt/airflow/dags/daily_revenue_etl_dag.py
[2026-03-20T10:40:55.495+0000] {logging_mixin.py:188} INFO - [2026-03-20T10:40:55.494+0000] {dag.py:3036} INFO - Sync 1 DAGs
[2026-03-20T10:17:33.242+0000] {logging_mixin.py:188} INFO - [2026-03-20T10:17:33.241+0000] {dag.py:3823} INFO - Setting next_dagrun for daily_revenue_etl_dag to 2026-03-20 00:00:00+00:00, run_after=2026-03-21 00:00:00+00:00
[2026-03-20T10:17:33.291+0000] {processor.py:183} INFO - Processing /opt/airflow/dags/daily_revenue_etl_dag.py took 0.241 seconds
[2026-03-20T10:41:00.424+0000] {processor.py:161} INFO - Started process (PID=579) to work on /opt/airflow/dags/daily_revenue_etl_dag.py
[2026-03-20T10:41:00.425+0000] {processor.py:830} INFO - Processing file /opt/airflow/dags/daily_revenue_etl_dag.py for tasks to queue
[2026-03-20T10:41:00.427+0000] {logging_mixin.py:188} INFO - [2026-03-20T10:41:00.426+0000] {dagbag.py:538} INFO - Filling up the DagBag from /opt/airflow/dags/daily_revenue_etl_dag.py
[2026-03-20T10:41:00.467+0000] {processor.py:840} INFO - DAG(s) 'daily_revenue_etl_dag' retrieved from /opt/airflow/dags/daily_revenue_etl_dag.py
[2026-03-20T10:41:00.544+0000] {logging_mixin.py:188} INFO - [2026-03-20T10:41:00.541+0000] {dag.py:3036} INFO - Sync 1 DAGs
[2026-03-20T10:17:38.323+0000] {logging_mixin.py:188} INFO - [2026-03-20T10:17:38.322+0000] {dag.py:3823} INFO - Setting next_dagrun for daily_revenue_etl_dag to 2026-03-20 00:00:00+00:00, run_after=2026-03-21 00:00:00+00:00
[2026-03-20T10:17:38.389+0000] {processor.py:183} INFO - Processing /opt/airflow/dags/daily_revenue_etl_dag.py took 0.283 seconds
[2026-03-20T10:41:10.842+0000] {processor.py:161} INFO - Started process (PID=584) to work on /opt/airflow/dags/daily_revenue_etl_dag.py
[2026-03-20T10:41:10.845+0000] {processor.py:830} INFO - Processing file /opt/airflow/dags/daily_revenue_etl_dag.py for tasks to queue
[2026-03-20T10:41:10.846+0000] {logging_mixin.py:188} INFO - [2026-03-20T10:41:10.846+0000] {dagbag.py:538} INFO - Filling up the DagBag from /opt/airflow/dags/daily_revenue_etl_dag.py
[2026-03-20T10:41:10.873+0000] {processor.py:840} INFO - DAG(s) 'daily_revenue_etl_dag' retrieved from /opt/airflow/dags/daily_revenue_etl_dag.py
[2026-03-20T10:41:10.908+0000] {logging_mixin.py:188} INFO - [2026-03-20T10:41:10.907+0000] {dag.py:3036} INFO - Sync 1 DAGs
[2026-03-20T10:41:10.934+0000] {logging_mixin.py:188} INFO - [2026-03-20T10:41:10.934+0000] {dag.py:3823} INFO - Setting next_dagrun for daily_revenue_etl_dag to 2026-03-20 00:00:00+00:00, run_after=2026-03-21 00:00:00+00:00
[2026-03-20T10:41:10.952+0000] {processor.py:183} INFO - Processing /opt/airflow/dags/daily_revenue_etl_dag.py took 0.115 seconds
[2026-03-20T10:42:30.470+0000] {processor.py:161} INFO - Started process (PID=591) to work on /opt/airflow/dags/daily_revenue_etl_dag.py
[2026-03-20T10:42:30.471+0000] {processor.py:830} INFO - Processing file /opt/airflow/dags/daily_revenue_etl_dag.py for tasks to queue
[2026-03-20T10:42:30.472+0000] {logging_mixin.py:188} INFO - [2026-03-20T10:42:30.472+0000] {dagbag.py:538} INFO - Filling up the DagBag from /opt/airflow/dags/daily_revenue_etl_dag.py
[2026-03-20T10:42:30.493+0000] {processor.py:840} INFO - DAG(s) 'daily_revenue_etl_dag' retrieved from /opt/airflow/dags/daily_revenue_etl_dag.py
[2026-03-20T10:42:30.526+0000] {logging_mixin.py:188} INFO - [2026-03-20T10:42:30.526+0000] {dag.py:3036} INFO - Sync 1 DAGs
[2026-03-20T10:42:30.561+0000] {logging_mixin.py:188} INFO - [2026-03-20T10:42:30.561+0000] {dag.py:3823} INFO - Setting next_dagrun for daily_revenue_etl_dag to 2026-03-20 00:00:00+00:00, run_after=2026-03-21 00:00:00+00:00
[2026-03-20T10:42:30.599+0000] {processor.py:183} INFO - Processing /opt/airflow/dags/daily_revenue_etl_dag.py took 0.132 seconds
[2026-03-20T10:43:00.750+0000] {processor.py:161} INFO - Started process (PID=596) to work on /opt/airflow/dags/daily_revenue_etl_dag.py
[2026-03-20T10:43:00.751+0000] {processor.py:830} INFO - Processing file /opt/airflow/dags/daily_revenue_etl_dag.py for tasks to queue
[2026-03-20T10:43:00.753+0000] {logging_mixin.py:188} INFO - [2026-03-20T10:43:00.753+0000] {dagbag.py:538} INFO - Filling up the DagBag from /opt/airflow/dags/daily_revenue_etl_dag.py
[2026-03-20T10:43:00.785+0000] {processor.py:840} INFO - DAG(s) 'daily_revenue_etl_dag' retrieved from /opt/airflow/dags/daily_revenue_etl_dag.py
[2026-03-20T10:19:38.504+0000] {logging_mixin.py:188} INFO - [2026-03-20T10:19:38.503+0000] {dag.py:3036} INFO - Sync 1 DAGs
[2026-03-20T10:19:38.532+0000] {logging_mixin.py:188} INFO - [2026-03-20T10:19:38.531+0000] {dag.py:3823} INFO - Setting next_dagrun for daily_revenue_etl_dag to 2026-03-20 00:00:00+00:00, run_after=2026-03-21 00:00:00+00:00
[2026-03-20T10:19:38.548+0000] {processor.py:183} INFO - Processing /opt/airflow/dags/daily_revenue_etl_dag.py took 0.127 seconds
