[2026-04-06T08:05:32.399+0000] {taskinstance.py:1956} INFO - Dependencies all met for dep_context=non-requeueable deps ti=<TaskInstance: Financial_risk_assessment_to_dw.run_etl manual__2026-04-06T08:05:29.666391+00:00 [queued]>
[2026-04-06T08:05:32.411+0000] {taskinstance.py:1956} INFO - Dependencies all met for dep_context=requeueable deps ti=<TaskInstance: Financial_risk_assessment_to_dw.run_etl manual__2026-04-06T08:05:29.666391+00:00 [queued]>
[2026-04-06T08:05:32.412+0000] {taskinstance.py:2170} INFO - Starting attempt 1 of 3
[2026-04-06T08:05:32.429+0000] {taskinstance.py:2191} INFO - Executing <Task(BashOperator): run_etl> on 2026-04-06 08:05:29.666391+00:00
[2026-04-06T08:05:32.437+0000] {standard_task_runner.py:60} INFO - Started process 221 to run task
[2026-04-06T08:05:32.441+0000] {standard_task_runner.py:87} INFO - Running: ['airflow', 'tasks', 'run', 'Financial_risk_assessment_to_dw', 'run_etl', 'manual__2026-04-06T08:05:29.666391+00:00', '--job-id', '43', '--raw', '--subdir', 'DAGS_FOLDER/etl_dags.py', '--cfg-path', '/tmp/tmp1rhaxeuq']
[2026-04-06T08:05:32.444+0000] {standard_task_runner.py:88} INFO - Job 43: Subtask run_etl
[2026-04-06T08:05:32.526+0000] {task_command.py:423} INFO - Running <TaskInstance: Financial_risk_assessment_to_dw.run_etl manual__2026-04-06T08:05:29.666391+00:00 [running]> on host e3fb9a66b89a
[2026-04-06T08:05:32.616+0000] {taskinstance.py:2480} INFO - Exporting env vars: AIRFLOW_CTX_DAG_OWNER='hieubtt' AIRFLOW_CTX_DAG_ID='Financial_risk_assessment_to_dw' AIRFLOW_CTX_TASK_ID='run_etl' AIRFLOW_CTX_EXECUTION_DATE='2026-04-06T08:05:29.666391+00:00' AIRFLOW_CTX_TRY_NUMBER='1' AIRFLOW_CTX_DAG_RUN_ID='manual__2026-04-06T08:05:29.666391+00:00'
[2026-04-06T08:05:32.618+0000] {subprocess.py:63} INFO - Tmp dir root location: /tmp
[2026-04-06T08:05:32.619+0000] {subprocess.py:75} INFO - Running command: ['/usr/bin/bash', '-c', 'python /opt/airflow/scripts/extract_fin_risk_csv.py']
[2026-04-06T08:05:32.632+0000] {subprocess.py:86} INFO - Output:
[2026-04-06T08:05:43.472+0000] {subprocess.py:93} INFO - Đã chạy được lần 1 1000 dòng dữ liệu và hiện đang tiếp tục ...
[2026-04-06T08:05:43.473+0000] {subprocess.py:93} INFO - Đã chạy được lần 2 1000 dòng dữ liệu và hiện đang tiếp tục ...
[2026-04-06T08:05:43.474+0000] {subprocess.py:93} INFO - Đã chạy được lần 3 1000 dòng dữ liệu và hiện đang tiếp tục ...
[2026-04-06T08:05:43.474+0000] {subprocess.py:93} INFO - Đã chạy được lần 4 1000 dòng dữ liệu và hiện đang tiếp tục ...
[2026-04-06T08:05:43.475+0000] {subprocess.py:93} INFO - Đã chạy được lần 5 1000 dòng dữ liệu và hiện đang tiếp tục ...
[2026-04-06T08:05:43.475+0000] {subprocess.py:93} INFO - Đã chạy được lần 6 1000 dòng dữ liệu và hiện đang tiếp tục ...
[2026-04-06T08:05:43.476+0000] {subprocess.py:93} INFO - Đã chạy được lần 7 1000 dòng dữ liệu và hiện đang tiếp tục ...
[2026-04-06T08:05:43.476+0000] {subprocess.py:93} INFO - Đã chạy được lần 8 1000 dòng dữ liệu và hiện đang tiếp tục ...
[2026-04-06T08:05:43.476+0000] {subprocess.py:93} INFO - Đã chạy được lần 9 1000 dòng dữ liệu và hiện đang tiếp tục ...
[2026-04-06T08:05:43.477+0000] {subprocess.py:93} INFO - Đã chạy được lần 10 1000 dòng dữ liệu và hiện đang tiếp tục ...
[2026-04-06T08:05:43.478+0000] {subprocess.py:93} INFO - Đã chạy được lần 11 1000 dòng dữ liệu và hiện đang tiếp tục ...
[2026-04-06T08:05:43.478+0000] {subprocess.py:93} INFO - Đã chạy được lần 12 1000 dòng dữ liệu và hiện đang tiếp tục ...
[2026-04-06T08:05:43.479+0000] {subprocess.py:93} INFO - Đã chạy được lần 13 1000 dòng dữ liệu và hiện đang tiếp tục ...
[2026-04-06T08:05:43.479+0000] {subprocess.py:93} INFO - Đã chạy được lần 14 1000 dòng dữ liệu và hiện đang tiếp tục ...
[2026-04-06T08:05:43.480+0000] {subprocess.py:93} INFO - Đã chạy được lần 15 1000 dòng dữ liệu và hiện đang tiếp tục ...
[2026-04-06T08:05:43.480+0000] {subprocess.py:93} INFO - ETL PASSED | RUN_ID=RUN_c675bbb3
[2026-04-06T08:05:43.579+0000] {subprocess.py:97} INFO - Command exited with return code 0
[2026-04-06T08:05:43.619+0000] {taskinstance.py:1138} INFO - Marking task as SUCCESS. dag_id=Financial_risk_assessment_to_dw, task_id=run_etl, execution_date=20260406T080529, start_date=20260406T080532, end_date=20260406T080543
[2026-04-06T08:05:43.650+0000] {local_task_job_runner.py:234} INFO - Task exited with return code 0
[2026-04-06T08:05:43.686+0000] {taskinstance.py:3280} INFO - 1 downstream tasks scheduled from follow-on schedule check
