[2026-03-24T06:58:46.974+0000] {taskinstance.py:1956} INFO - Dependencies all met for dep_context=non-requeueable deps ti=<TaskInstance: Financial_risk_assessment_to_dw.ml_risk-data manual__2026-03-24T06:58:18.519298+00:00 [queued]>
[2026-03-24T06:58:46.985+0000] {taskinstance.py:1956} INFO - Dependencies all met for dep_context=requeueable deps ti=<TaskInstance: Financial_risk_assessment_to_dw.ml_risk-data manual__2026-03-24T06:58:18.519298+00:00 [queued]>
[2026-03-24T06:58:46.986+0000] {taskinstance.py:2170} INFO - Starting attempt 2 of 3
[2026-03-24T06:58:47.001+0000] {taskinstance.py:2191} INFO - Executing <Task(BashOperator): ml_risk-data> on 2026-03-24 06:58:18.519298+00:00
[2026-03-24T06:58:47.009+0000] {standard_task_runner.py:60} INFO - Started process 578 to run task
[2026-03-24T06:58:47.013+0000] {standard_task_runner.py:87} INFO - Running: ['airflow', 'tasks', 'run', 'Financial_risk_assessment_to_dw', 'ml_risk-data', 'manual__2026-03-24T06:58:18.519298+00:00', '--job-id', '6', '--raw', '--subdir', 'DAGS_FOLDER/etl_dags.py', '--cfg-path', '/tmp/tmponctjym_']
[2026-03-24T06:58:47.016+0000] {standard_task_runner.py:88} INFO - Job 6: Subtask ml_risk-data
[2026-03-24T07:22:15.549+0000] {task_command.py:423} INFO - Running <TaskInstance: Financial_risk_assessment_to_dw.ml_risk-data manual__2026-03-24T06:58:18.519298+00:00 [running]> on host 4c3e53826063
[2026-03-24T07:22:15.651+0000] {taskinstance.py:2480} INFO - Exporting env vars: AIRFLOW_CTX_DAG_OWNER='hieubtt' AIRFLOW_CTX_DAG_ID='Financial_risk_assessment_to_dw' AIRFLOW_CTX_TASK_ID='ml_risk-data' AIRFLOW_CTX_EXECUTION_DATE='2026-03-24T06:58:18.519298+00:00' AIRFLOW_CTX_TRY_NUMBER='2' AIRFLOW_CTX_DAG_RUN_ID='manual__2026-03-24T06:58:18.519298+00:00'
[2026-03-24T07:22:15.653+0000] {subprocess.py:63} INFO - Tmp dir root location: /tmp
[2026-03-24T07:22:15.654+0000] {subprocess.py:75} INFO - Running command: ['/usr/bin/bash', '-c', 'python /opt/airflow/scripts/train_risk_model.py']
[2026-03-24T07:22:15.668+0000] {subprocess.py:86} INFO - Output:
[2026-03-24T06:58:48.027+0000] {subprocess.py:93} INFO - Traceback (most recent call last):
[2026-03-24T06:58:48.027+0000] {subprocess.py:93} INFO -   File "/opt/airflow/scripts/train_risk_model.py", line 5, in <module>
[2026-03-24T06:58:48.028+0000] {subprocess.py:93} INFO -     from sklearn.ensemble import RandomForestRegressor
[2026-03-24T06:58:48.029+0000] {subprocess.py:93} INFO - ModuleNotFoundError: No module named 'sklearn'
[2026-03-24T06:58:48.131+0000] {subprocess.py:97} INFO - Command exited with return code 1
[2026-03-24T06:58:48.144+0000] {taskinstance.py:2698} ERROR - Task failed with exception
Traceback (most recent call last):
  File "/home/airflow/.local/lib/python3.8/site-packages/airflow/models/taskinstance.py", line 433, in _execute_task
    result = execute_callable(context=context, **execute_callable_kwargs)
  File "/home/airflow/.local/lib/python3.8/site-packages/airflow/operators/bash.py", line 212, in execute
    raise AirflowException(
airflow.exceptions.AirflowException: Bash command failed. The command returned a non-zero exit code 1.
[2026-03-24T06:58:48.149+0000] {taskinstance.py:1138} INFO - Marking task as UP_FOR_RETRY. dag_id=Financial_risk_assessment_to_dw, task_id=ml_risk-data, execution_date=20260324T065818, start_date=20260324T065846, end_date=20260324T065848
[2026-03-24T06:58:48.162+0000] {standard_task_runner.py:107} ERROR - Failed to execute job 6 for task ml_risk-data (Bash command failed. The command returned a non-zero exit code 1.; 578)
[2026-03-24T06:58:48.195+0000] {local_task_job_runner.py:234} INFO - Task exited with return code 1
[2026-03-24T06:58:48.217+0000] {taskinstance.py:3280} INFO - 0 downstream tasks scheduled from follow-on schedule check
