[2026-03-17T02:22:52.958+0000] {taskinstance.py:1956} INFO - Dependencies all met for dep_context=non-requeueable deps ti=<TaskInstance: daily_revenue_etl_dag.run_daily_revenue_etl manual__2026-03-17T02:22:50.945962+00:00 [queued]>
[2026-03-17T02:22:52.968+0000] {taskinstance.py:1956} INFO - Dependencies all met for dep_context=requeueable deps ti=<TaskInstance: daily_revenue_etl_dag.run_daily_revenue_etl manual__2026-03-17T02:22:50.945962+00:00 [queued]>
[2026-03-17T02:22:52.969+0000] {taskinstance.py:2170} INFO - Starting attempt 1 of 3
[2026-03-17T02:22:52.981+0000] {taskinstance.py:2191} INFO - Executing <Task(BashOperator): run_daily_revenue_etl> on 2026-03-17 02:22:50.945962+00:00
[2026-03-17T02:22:52.986+0000] {standard_task_runner.py:60} INFO - Started process 253 to run task
[2026-03-17T02:22:52.990+0000] {standard_task_runner.py:87} INFO - Running: ['***', 'tasks', 'run', 'daily_revenue_etl_dag', 'run_daily_revenue_etl', 'manual__2026-03-17T02:22:50.945962+00:00', '--job-id', '4', '--raw', '--subdir', 'DAGS_FOLDER/daily_revenue_etl_dag.py', '--cfg-path', '/tmp/tmpc40fac5c']
[2026-03-17T02:22:52.992+0000] {standard_task_runner.py:88} INFO - Job 4: Subtask run_daily_revenue_etl
[2026-03-17T02:22:53.049+0000] {task_command.py:423} INFO - Running <TaskInstance: daily_revenue_etl_dag.run_daily_revenue_etl manual__2026-03-17T02:22:50.945962+00:00 [running]> on host afb06d2b3284
[2026-03-17T02:22:53.203+0000] {taskinstance.py:2480} INFO - Exporting env vars: AIRFLOW_CTX_DAG_OWNER='data_engineer_hieubtt' AIRFLOW_CTX_DAG_ID='daily_revenue_etl_dag' AIRFLOW_CTX_TASK_ID='run_daily_revenue_etl' AIRFLOW_CTX_EXECUTION_DATE='2026-03-17T02:22:50.945962+00:00' AIRFLOW_CTX_TRY_NUMBER='1' AIRFLOW_CTX_DAG_RUN_ID='manual__2026-03-17T02:22:50.945962+00:00'
[2026-03-17T02:22:53.206+0000] {subprocess.py:63} INFO - Tmp dir root location: /tmp
[2026-03-17T02:22:53.209+0000] {subprocess.py:75} INFO - Running command: ['/usr/bin/bash', '-c', 'python /opt/***/scripts/daily_revenue_etl.py']
[2026-03-17T02:22:53.232+0000] {subprocess.py:86} INFO - Output:
[2026-03-17T02:22:54.279+0000] {subprocess.py:93} INFO - Da co loi xay ra: connection to server at "localhost" (::1), port 5432 failed: Connection refused
[2026-03-17T02:22:54.280+0000] {subprocess.py:93} INFO - 	Is the server running on that host and accepting TCP/IP connections?
[2026-03-17T02:22:54.280+0000] {subprocess.py:93} INFO - connection to server at "localhost" (127.0.0.1), port 5432 failed: Connection refused
[2026-03-17T02:22:54.281+0000] {subprocess.py:93} INFO - 	Is the server running on that host and accepting TCP/IP connections?
[2026-03-17T02:22:54.281+0000] {subprocess.py:93} INFO - 
[2026-03-17T02:22:54.447+0000] {subprocess.py:97} INFO - Command exited with return code 0
[2026-03-17T02:22:54.502+0000] {taskinstance.py:1138} INFO - Marking task as SUCCESS. dag_id=daily_revenue_etl_dag, task_id=run_daily_revenue_etl, execution_date=20260317T022250, start_date=20260317T022252, end_date=20260317T022254
[2026-03-17T02:22:54.573+0000] {local_task_job_runner.py:234} INFO - Task exited with return code 0
[2026-03-17T02:22:54.603+0000] {taskinstance.py:3280} INFO - 0 downstream tasks scheduled from follow-on schedule check
