[2026-03-18T10:29:29.548+0000] {taskinstance.py:1956} INFO - Dependencies all met for dep_context=non-requeueable deps ti=<TaskInstance: saleFinancial_risk_assessment_to_dw.run_etl manual__2026-03-18T10:29:27.139275+00:00 [queued]>
[2026-03-18T10:29:29.562+0000] {taskinstance.py:1956} INFO - Dependencies all met for dep_context=requeueable deps ti=<TaskInstance: saleFinancial_risk_assessment_to_dw.run_etl manual__2026-03-18T10:29:27.139275+00:00 [queued]>
[2026-03-18T10:29:29.563+0000] {taskinstance.py:2170} INFO - Starting attempt 1 of 3
[2026-03-18T10:29:29.582+0000] {taskinstance.py:2191} INFO - Executing <Task(BashOperator): run_etl> on 2026-03-18 10:29:27.139275+00:00
[2026-03-18T10:29:29.589+0000] {standard_task_runner.py:60} INFO - Started process 263 to run task
[2026-03-18T10:29:29.594+0000] {standard_task_runner.py:87} INFO - Running: ['airflow', 'tasks', 'run', 'saleFinancial_risk_assessment_to_dw', 'run_etl', 'manual__2026-03-18T10:29:27.139275+00:00', '--job-id', '2', '--raw', '--subdir', 'DAGS_FOLDER/etl_dags.py', '--cfg-path', '/tmp/tmptypf8fjq']
[2026-03-18T10:29:29.597+0000] {standard_task_runner.py:88} INFO - Job 2: Subtask run_etl
[2026-03-18T10:29:29.706+0000] {task_command.py:423} INFO - Running <TaskInstance: saleFinancial_risk_assessment_to_dw.run_etl manual__2026-03-18T10:29:27.139275+00:00 [running]> on host 9a8d0b182d5d
[2026-03-18T10:29:29.911+0000] {taskinstance.py:2480} INFO - Exporting env vars: AIRFLOW_CTX_DAG_OWNER='hieubtt' AIRFLOW_CTX_DAG_ID='saleFinancial_risk_assessment_to_dw' AIRFLOW_CTX_TASK_ID='run_etl' AIRFLOW_CTX_EXECUTION_DATE='2026-03-18T10:29:27.139275+00:00' AIRFLOW_CTX_TRY_NUMBER='1' AIRFLOW_CTX_DAG_RUN_ID='manual__2026-03-18T10:29:27.139275+00:00'
[2026-03-18T10:29:29.914+0000] {subprocess.py:63} INFO - Tmp dir root location: /tmp
[2026-03-18T10:29:29.918+0000] {subprocess.py:75} INFO - Running command: ['/usr/bin/bash', '-c', 'python /opt/airflow/scripts/extract_fin_risk_csv.py']
[2026-03-18T10:29:29.933+0000] {subprocess.py:86} INFO - Output:
[2026-03-18T10:06:12.192+0000] {subprocess.py:93} INFO - Traceback (most recent call last):
[2026-03-18T10:06:12.192+0000] {subprocess.py:93} INFO -   File "/opt/airflow/scripts/extract_fin_risk_csv.py", line 61, in <module>
[2026-03-18T10:06:12.193+0000] {subprocess.py:93} INFO -     pf = pd.read_csv(r'C:\Users\TrungHieu\Documents\GitHub\PROJECT-PYTHON\FINAL_DEMO\data\Financial_risk_assessment.csv')
[2026-03-18T10:06:12.194+0000] {subprocess.py:93} INFO -   File "/home/airflow/.local/lib/python3.8/site-packages/pandas/io/parsers/readers.py", line 912, in read_csv
[2026-03-18T10:06:12.194+0000] {subprocess.py:93} INFO -     return _read(filepath_or_buffer, kwds)
[2026-03-18T10:06:12.195+0000] {subprocess.py:93} INFO -   File "/home/airflow/.local/lib/python3.8/site-packages/pandas/io/parsers/readers.py", line 577, in _read
[2026-03-18T10:06:12.196+0000] {subprocess.py:93} INFO -     parser = TextFileReader(filepath_or_buffer, **kwds)
[2026-03-18T10:06:12.196+0000] {subprocess.py:93} INFO -   File "/home/airflow/.local/lib/python3.8/site-packages/pandas/io/parsers/readers.py", line 1407, in __init__
[2026-03-18T10:06:12.197+0000] {subprocess.py:93} INFO -     self._engine = self._make_engine(f, self.engine)
[2026-03-18T10:06:12.197+0000] {subprocess.py:93} INFO -   File "/home/airflow/.local/lib/python3.8/site-packages/pandas/io/parsers/readers.py", line 1661, in _make_engine
[2026-03-18T10:06:12.198+0000] {subprocess.py:93} INFO -     self.handles = get_handle(
[2026-03-18T10:06:12.198+0000] {subprocess.py:93} INFO -   File "/home/airflow/.local/lib/python3.8/site-packages/pandas/io/common.py", line 859, in get_handle
[2026-03-18T10:06:12.198+0000] {subprocess.py:93} INFO -     handle = open(
[2026-03-18T10:06:12.198+0000] {subprocess.py:93} INFO - FileNotFoundError: [Errno 2] No such file or directory: 'C:\\Users\\TrungHieu\\Documents\\GitHub\\PROJECT-PYTHON\\FINAL_DEMO\\data\\Financial_risk_assessment.csv'
[2026-03-18T10:06:12.257+0000] {subprocess.py:97} INFO - Command exited with return code 1
[2026-03-18T10:06:12.267+0000] {taskinstance.py:2698} ERROR - Task failed with exception
Traceback (most recent call last):
  File "/home/airflow/.local/lib/python3.8/site-packages/airflow/models/taskinstance.py", line 433, in _execute_task
    result = execute_callable(context=context, **execute_callable_kwargs)
  File "/home/airflow/.local/lib/python3.8/site-packages/airflow/operators/bash.py", line 212, in execute
    raise AirflowException(
airflow.exceptions.AirflowException: Bash command failed. The command returned a non-zero exit code 1.
[2026-03-18T10:06:12.271+0000] {taskinstance.py:1138} INFO - Marking task as UP_FOR_RETRY. dag_id=saleFinancial_risk_assessment_to_dw, task_id=run_etl, execution_date=20260318T102927, start_date=20260318T102929, end_date=20260318T100612
[2026-03-18T10:06:12.282+0000] {standard_task_runner.py:107} ERROR - Failed to execute job 2 for task run_etl (Bash command failed. The command returned a non-zero exit code 1.; 263)
[2026-03-18T10:06:12.321+0000] {local_task_job_runner.py:234} INFO - Task exited with return code 1
[2026-03-18T10:06:12.342+0000] {taskinstance.py:3280} INFO - 0 downstream tasks scheduled from follow-on schedule check
