[2026-03-26T06:36:46.680+0000] {taskinstance.py:1956} INFO - Dependencies all met for dep_context=non-requeueable deps ti=<TaskInstance: daily_revenue_etl_dag.run_daily_revenue_etl scheduled__2026-03-25T00:00:00+00:00 [queued]>
[2026-03-26T06:36:46.701+0000] {taskinstance.py:1956} INFO - Dependencies all met for dep_context=requeueable deps ti=<TaskInstance: daily_revenue_etl_dag.run_daily_revenue_etl scheduled__2026-03-25T00:00:00+00:00 [queued]>
[2026-03-26T06:36:46.703+0000] {taskinstance.py:2170} INFO - Starting attempt 1 of 3
[2026-03-26T06:36:46.726+0000] {taskinstance.py:2191} INFO - Executing <Task(BashOperator): run_daily_revenue_etl> on 2026-03-25 00:00:00+00:00
[2026-03-26T06:36:46.741+0000] {standard_task_runner.py:60} INFO - Started process 180 to run task
[2026-03-26T06:36:46.748+0000] {standard_task_runner.py:87} INFO - Running: ['airflow', 'tasks', 'run', 'daily_revenue_etl_dag', 'run_daily_revenue_etl', 'scheduled__2026-03-25T00:00:00+00:00', '--job-id', '37', '--raw', '--subdir', 'DAGS_FOLDER/daily_revenue_etl_dag.py', '--cfg-path', '/tmp/tmpylu5o2ow']
[2026-03-26T06:36:46.752+0000] {standard_task_runner.py:88} INFO - Job 37: Subtask run_daily_revenue_etl
[2026-03-26T06:36:46.897+0000] {task_command.py:423} INFO - Running <TaskInstance: daily_revenue_etl_dag.run_daily_revenue_etl scheduled__2026-03-25T00:00:00+00:00 [running]> on host 7b2f29a9447f
[2026-03-26T06:36:47.091+0000] {taskinstance.py:2480} INFO - Exporting env vars: AIRFLOW_CTX_DAG_OWNER='data_engineer_hieubtt' AIRFLOW_CTX_DAG_ID='daily_revenue_etl_dag' AIRFLOW_CTX_TASK_ID='run_daily_revenue_etl' AIRFLOW_CTX_EXECUTION_DATE='2026-03-25T00:00:00+00:00' AIRFLOW_CTX_TRY_NUMBER='1' AIRFLOW_CTX_DAG_RUN_ID='scheduled__2026-03-25T00:00:00+00:00'
[2026-03-26T06:36:47.095+0000] {subprocess.py:63} INFO - Tmp dir root location: /tmp
[2026-03-26T06:36:47.097+0000] {subprocess.py:75} INFO - Running command: ['/usr/bin/bash', '-c', 'python /opt/airflow/scripts/daily_revenue_etl.py']
[2026-03-26T06:36:47.125+0000] {subprocess.py:86} INFO - Output:
[2026-03-26T06:37:12.389+0000] {subprocess.py:93} INFO - Retry connect DB 1/5 ... connection to server at "postgres_airflow" (172.18.0.2), port 5432 failed: FATAL:  database "dvdrental" does not exist
[2026-03-26T06:37:12.390+0000] {subprocess.py:93} INFO - 
[2026-03-26T06:37:12.391+0000] {subprocess.py:93} INFO - Retry connect DB 2/5 ... connection to server at "postgres_airflow" (172.18.0.2), port 5432 failed: FATAL:  database "dvdrental" does not exist
[2026-03-26T06:37:12.391+0000] {subprocess.py:93} INFO - 
[2026-03-26T06:37:12.392+0000] {subprocess.py:93} INFO - Retry connect DB 3/5 ... connection to server at "postgres_airflow" (172.18.0.2), port 5432 failed: FATAL:  database "dvdrental" does not exist
[2026-03-26T06:37:12.393+0000] {subprocess.py:93} INFO - 
[2026-03-26T06:37:12.393+0000] {subprocess.py:93} INFO - Retry connect DB 4/5 ... connection to server at "postgres_airflow" (172.18.0.2), port 5432 failed: FATAL:  database "dvdrental" does not exist
[2026-03-26T06:37:12.394+0000] {subprocess.py:93} INFO - 
[2026-03-26T06:37:12.394+0000] {subprocess.py:93} INFO - Retry connect DB 5/5 ... connection to server at "postgres_airflow" (172.18.0.2), port 5432 failed: FATAL:  database "dvdrental" does not exist
[2026-03-26T06:37:12.395+0000] {subprocess.py:93} INFO - 
[2026-03-26T06:37:12.400+0000] {subprocess.py:93} INFO - Traceback (most recent call last):
[2026-03-26T06:37:12.401+0000] {subprocess.py:93} INFO -   File "/opt/airflow/scripts/daily_revenue_etl.py", line 31, in run_etl
[2026-03-26T06:37:12.402+0000] {subprocess.py:93} INFO -     conn = connect_db()
[2026-03-26T06:37:12.403+0000] {subprocess.py:93} INFO -   File "/opt/airflow/scripts/daily_revenue_etl.py", line 22, in connect_db
[2026-03-26T06:37:12.403+0000] {subprocess.py:93} INFO -     raise Exception("Khong the ket noi PostgreSQL")
[2026-03-26T06:37:12.404+0000] {subprocess.py:93} INFO - Exception: Khong the ket noi PostgreSQL
[2026-03-26T06:37:12.404+0000] {subprocess.py:93} INFO - 
[2026-03-26T06:37:12.405+0000] {subprocess.py:93} INFO - During handling of the above exception, another exception occurred:
[2026-03-26T06:37:12.405+0000] {subprocess.py:93} INFO - 
[2026-03-26T06:37:12.406+0000] {subprocess.py:93} INFO - Traceback (most recent call last):
[2026-03-26T06:37:12.407+0000] {subprocess.py:93} INFO -   File "/opt/airflow/scripts/daily_revenue_etl.py", line 94, in <module>
[2026-03-26T06:37:12.408+0000] {subprocess.py:93} INFO -     run_etl()
[2026-03-26T06:37:12.409+0000] {subprocess.py:93} INFO -   File "/opt/airflow/scripts/daily_revenue_etl.py", line 83, in run_etl
[2026-03-26T06:37:12.409+0000] {subprocess.py:93} INFO -     raise Exception(f"ETL pipeline loi: {e}")
[2026-03-26T06:37:12.411+0000] {subprocess.py:93} INFO - Exception: ETL pipeline loi: Khong the ket noi PostgreSQL
[2026-03-26T06:37:12.415+0000] {subprocess.py:97} INFO - Command exited with return code 1
[2026-03-26T06:37:12.455+0000] {taskinstance.py:2698} ERROR - Task failed with exception
Traceback (most recent call last):
  File "/home/airflow/.local/lib/python3.8/site-packages/airflow/models/taskinstance.py", line 433, in _execute_task
    result = execute_callable(context=context, **execute_callable_kwargs)
  File "/home/airflow/.local/lib/python3.8/site-packages/airflow/operators/bash.py", line 212, in execute
    raise AirflowException(
airflow.exceptions.AirflowException: Bash command failed. The command returned a non-zero exit code 1.
[2026-03-26T06:37:12.466+0000] {taskinstance.py:1138} INFO - Marking task as UP_FOR_RETRY. dag_id=daily_revenue_etl_dag, task_id=run_daily_revenue_etl, execution_date=20260325T000000, start_date=20260326T063646, end_date=20260326T063712
[2026-03-26T06:37:12.506+0000] {standard_task_runner.py:107} ERROR - Failed to execute job 37 for task run_daily_revenue_etl (Bash command failed. The command returned a non-zero exit code 1.; 180)
[2026-03-26T06:37:12.558+0000] {local_task_job_runner.py:234} INFO - Task exited with return code 1
[2026-03-26T06:37:12.643+0000] {taskinstance.py:3280} INFO - 0 downstream tasks scheduled from follow-on schedule check
